[0.978s] Invoking command in '/home/kishu/roboticslab-technical-project/ros2_ws/build/multi_robot_coop': PYTHONPATH=/home/kishu/roboticslab-technical-project/ros2_ws/build/multi_robot_coop/prefix_override:/usr/lib/python3/dist-packages/colcon_core/task/python/colcon_distutils_commands:/home/kishu/roboticslab-technical-project/ros2_ws/install/multi_robot_coop/lib/python3.10/site-packages:${PYTHONPATH} /usr/bin/python3 -W ignore:setup.py install is deprecated -W ignore:easy_install command is deprecated setup.py develop --editable --build-directory /home/kishu/roboticslab-technical-project/ros2_ws/build/multi_robot_coop/build --no-deps symlink_data
[1.387s] running develop
[1.690s] running egg_info
[1.690s] writing multi_robot_coop.egg-info/PKG-INFO
[1.691s] writing dependency_links to multi_robot_coop.egg-info/dependency_links.txt
[1.691s] writing entry points to multi_robot_coop.egg-info/entry_points.txt
[1.692s] writing requirements to multi_robot_coop.egg-info/requires.txt
[1.692s] writing top-level names to multi_robot_coop.egg-info/top_level.txt
[1.695s] reading manifest file 'multi_robot_coop.egg-info/SOURCES.txt'
[1.696s] writing manifest file 'multi_robot_coop.egg-info/SOURCES.txt'
[1.698s] running build_ext
[1.698s] Creating /home/kishu/roboticslab-technical-project/ros2_ws/install/multi_robot_coop/lib/python3.10/site-packages/multi-robot-coop.egg-link (link to .)
[1.700s] Installing arm_controller script to /home/kishu/roboticslab-technical-project/ros2_ws/install/multi_robot_coop/lib/multi_robot_coop
[1.700s] Installing arm_coordinator script to /home/kishu/roboticslab-technical-project/ros2_ws/install/multi_robot_coop/lib/multi_robot_coop
[1.701s] Installing arm_real_controller script to /home/kishu/roboticslab-technical-project/ros2_ws/install/multi_robot_coop/lib/multi_robot_coop
[1.701s] Installing scenario_coordinator script to /home/kishu/roboticslab-technical-project/ros2_ws/install/multi_robot_coop/lib/multi_robot_coop
[1.701s] Installing tb3_controller script to /home/kishu/roboticslab-technical-project/ros2_ws/install/multi_robot_coop/lib/multi_robot_coop
[1.701s] Installing tb3_coordinator script to /home/kishu/roboticslab-technical-project/ros2_ws/install/multi_robot_coop/lib/multi_robot_coop
[1.702s] 
[1.702s] Installed /home/kishu/roboticslab-technical-project/ros2_ws/build/multi_robot_coop
[1.702s] running symlink_data
[1.745s] Invoked command in '/home/kishu/roboticslab-technical-project/ros2_ws/build/multi_robot_coop' returned '0': PYTHONPATH=/home/kishu/roboticslab-technical-project/ros2_ws/build/multi_robot_coop/prefix_override:/usr/lib/python3/dist-packages/colcon_core/task/python/colcon_distutils_commands:/home/kishu/roboticslab-technical-project/ros2_ws/install/multi_robot_coop/lib/python3.10/site-packages:${PYTHONPATH} /usr/bin/python3 -W ignore:setup.py install is deprecated -W ignore:easy_install command is deprecated setup.py develop --editable --build-directory /home/kishu/roboticslab-technical-project/ros2_ws/build/multi_robot_coop/build --no-deps symlink_data
