[0.897s] Invoking command in '/home/kishu/roboticslab-technical-project/ros2_ws/build/multi_robot_coop': PYTHONPATH=/home/kishu/roboticslab-technical-project/ros2_ws/build/multi_robot_coop/prefix_override:/usr/lib/python3/dist-packages/colcon_core/task/python/colcon_distutils_commands:/home/kishu/roboticslab-technical-project/ros2_ws/install/multi_robot_coop/lib/python3.10/site-packages:${PYTHONPATH} /usr/bin/python3 -W ignore:setup.py install is deprecated -W ignore:easy_install command is deprecated setup.py develop --uninstall --editable --build-directory /home/kishu/roboticslab-technical-project/ros2_ws/build/multi_robot_coop/build
[1.257s] running develop
[1.523s] Removing /home/kishu/roboticslab-technical-project/ros2_ws/install/multi_robot_coop/lib/python3.10/site-packages/multi-robot-coop.egg-link (link to .)
[1.559s] Invoked command in '/home/kishu/roboticslab-technical-project/ros2_ws/build/multi_robot_coop' returned '0': PYTHONPATH=/home/kishu/roboticslab-technical-project/ros2_ws/build/multi_robot_coop/prefix_override:/usr/lib/python3/dist-packages/colcon_core/task/python/colcon_distutils_commands:/home/kishu/roboticslab-technical-project/ros2_ws/install/multi_robot_coop/lib/python3.10/site-packages:${PYTHONPATH} /usr/bin/python3 -W ignore:setup.py install is deprecated -W ignore:easy_install command is deprecated setup.py develop --uninstall --editable --build-directory /home/kishu/roboticslab-technical-project/ros2_ws/build/multi_robot_coop/build
[1.561s] Invoking command in '/home/kishu/roboticslab-technical-project/ros2_ws/src/multi_robot_coop': PYTHONPATH=/home/kishu/roboticslab-technical-project/ros2_ws/build/multi_robot_coop/prefix_override:/usr/lib/python3/dist-packages/colcon_core/task/python/colcon_distutils_commands:/home/kishu/roboticslab-technical-project/ros2_ws/install/multi_robot_coop/lib/python3.10/site-packages:${PYTHONPATH} /usr/bin/python3 -W ignore:setup.py install is deprecated -W ignore:easy_install command is deprecated setup.py egg_info --egg-base ../../build/multi_robot_coop build --build-base /home/kishu/roboticslab-technical-project/ros2_ws/build/multi_robot_coop/build install --record /home/kishu/roboticslab-technical-project/ros2_ws/build/multi_robot_coop/install.log --single-version-externally-managed install_data --force
[1.896s] running egg_info
[1.897s] writing ../../build/multi_robot_coop/multi_robot_coop.egg-info/PKG-INFO
[1.898s] writing dependency_links to ../../build/multi_robot_coop/multi_robot_coop.egg-info/dependency_links.txt
[1.898s] writing entry points to ../../build/multi_robot_coop/multi_robot_coop.egg-info/entry_points.txt
[1.899s] writing requirements to ../../build/multi_robot_coop/multi_robot_coop.egg-info/requires.txt
[1.899s] writing top-level names to ../../build/multi_robot_coop/multi_robot_coop.egg-info/top_level.txt
[1.902s] reading manifest file '../../build/multi_robot_coop/multi_robot_coop.egg-info/SOURCES.txt'
[1.903s] writing manifest file '../../build/multi_robot_coop/multi_robot_coop.egg-info/SOURCES.txt'
[1.903s] running build
[1.904s] running build_py
[1.904s] copying multi_robot_coop/scenario_coordinator.py -> /home/kishu/roboticslab-technical-project/ros2_ws/build/multi_robot_coop/build/lib/multi_robot_coop
[1.905s] running install
[1.906s] running install_lib
[1.907s] creating /home/kishu/roboticslab-technical-project/ros2_ws/install/multi_robot_coop/lib/python3.10/site-packages/multi_robot_coop
[1.907s] copying /home/kishu/roboticslab-technical-project/ros2_ws/build/multi_robot_coop/build/lib/multi_robot_coop/__init__.py -> /home/kishu/roboticslab-technical-project/ros2_ws/install/multi_robot_coop/lib/python3.10/site-packages/multi_robot_coop
[1.907s] copying /home/kishu/roboticslab-technical-project/ros2_ws/build/multi_robot_coop/build/lib/multi_robot_coop/arm_coordinator.py -> /home/kishu/roboticslab-technical-project/ros2_ws/install/multi_robot_coop/lib/python3.10/site-packages/multi_robot_coop
[1.908s] copying /home/kishu/roboticslab-technical-project/ros2_ws/build/multi_robot_coop/build/lib/multi_robot_coop/tb3_controller.py -> /home/kishu/roboticslab-technical-project/ros2_ws/install/multi_robot_coop/lib/python3.10/site-packages/multi_robot_coop
[1.909s] copying /home/kishu/roboticslab-technical-project/ros2_ws/build/multi_robot_coop/build/lib/multi_robot_coop/tb3_coordinator.py -> /home/kishu/roboticslab-technical-project/ros2_ws/install/multi_robot_coop/lib/python3.10/site-packages/multi_robot_coop
[1.910s] copying /home/kishu/roboticslab-technical-project/ros2_ws/build/multi_robot_coop/build/lib/multi_robot_coop/arm_controller.py -> /home/kishu/roboticslab-technical-project/ros2_ws/install/multi_robot_coop/lib/python3.10/site-packages/multi_robot_coop
[1.911s] copying /home/kishu/roboticslab-technical-project/ros2_ws/build/multi_robot_coop/build/lib/multi_robot_coop/scenario_coordinator.py -> /home/kishu/roboticslab-technical-project/ros2_ws/install/multi_robot_coop/lib/python3.10/site-packages/multi_robot_coop
[1.911s] copying /home/kishu/roboticslab-technical-project/ros2_ws/build/multi_robot_coop/build/lib/multi_robot_coop/arm_real_controller.py -> /home/kishu/roboticslab-technical-project/ros2_ws/install/multi_robot_coop/lib/python3.10/site-packages/multi_robot_coop
[1.912s] byte-compiling /home/kishu/roboticslab-technical-project/ros2_ws/install/multi_robot_coop/lib/python3.10/site-packages/multi_robot_coop/__init__.py to __init__.cpython-310.pyc
[1.913s] byte-compiling /home/kishu/roboticslab-technical-project/ros2_ws/install/multi_robot_coop/lib/python3.10/site-packages/multi_robot_coop/arm_coordinator.py to arm_coordinator.cpython-310.pyc
[1.914s] byte-compiling /home/kishu/roboticslab-technical-project/ros2_ws/install/multi_robot_coop/lib/python3.10/site-packages/multi_robot_coop/tb3_controller.py to tb3_controller.cpython-310.pyc
[1.915s] byte-compiling /home/kishu/roboticslab-technical-project/ros2_ws/install/multi_robot_coop/lib/python3.10/site-packages/multi_robot_coop/tb3_coordinator.py to tb3_coordinator.cpython-310.pyc
[1.916s] byte-compiling /home/kishu/roboticslab-technical-project/ros2_ws/install/multi_robot_coop/lib/python3.10/site-packages/multi_robot_coop/arm_controller.py to arm_controller.cpython-310.pyc
[1.917s] byte-compiling /home/kishu/roboticslab-technical-project/ros2_ws/install/multi_robot_coop/lib/python3.10/site-packages/multi_robot_coop/scenario_coordinator.py to scenario_coordinator.cpython-310.pyc
[1.921s] byte-compiling /home/kishu/roboticslab-technical-project/ros2_ws/install/multi_robot_coop/lib/python3.10/site-packages/multi_robot_coop/arm_real_controller.py to arm_real_controller.cpython-310.pyc
[1.922s] running install_data
[1.922s] copying resource/multi_robot_coop -> /home/kishu/roboticslab-technical-project/ros2_ws/install/multi_robot_coop/share/ament_index/resource_index/packages
[1.923s] copying package.xml -> /home/kishu/roboticslab-technical-project/ros2_ws/install/multi_robot_coop/share/multi_robot_coop
[1.923s] copying launch/scenario.launch.py -> /home/kishu/roboticslab-technical-project/ros2_ws/install/multi_robot_coop/share/multi_robot_coop/launch
[1.924s] copying config/iiwa_controllers.yaml -> /home/kishu/roboticslab-technical-project/ros2_ws/install/multi_robot_coop/share/multi_robot_coop/config
[1.924s] copying config/iiwa_rsp.yaml -> /home/kishu/roboticslab-technical-project/ros2_ws/install/multi_robot_coop/share/multi_robot_coop/config
[1.924s] running install_egg_info
[1.926s] Copying ../../build/multi_robot_coop/multi_robot_coop.egg-info to /home/kishu/roboticslab-technical-project/ros2_ws/install/multi_robot_coop/lib/python3.10/site-packages/multi_robot_coop-0.0.0-py3.10.egg-info
[1.928s] running install_scripts
[1.953s] Installing arm_controller script to /home/kishu/roboticslab-technical-project/ros2_ws/install/multi_robot_coop/lib/multi_robot_coop
[1.953s] Installing arm_coordinator script to /home/kishu/roboticslab-technical-project/ros2_ws/install/multi_robot_coop/lib/multi_robot_coop
[1.954s] Installing arm_real_controller script to /home/kishu/roboticslab-technical-project/ros2_ws/install/multi_robot_coop/lib/multi_robot_coop
[1.954s] Installing scenario_coordinator script to /home/kishu/roboticslab-technical-project/ros2_ws/install/multi_robot_coop/lib/multi_robot_coop
[1.954s] Installing tb3_controller script to /home/kishu/roboticslab-technical-project/ros2_ws/install/multi_robot_coop/lib/multi_robot_coop
[1.955s] Installing tb3_coordinator script to /home/kishu/roboticslab-technical-project/ros2_ws/install/multi_robot_coop/lib/multi_robot_coop
[1.955s] writing list of installed files to '/home/kishu/roboticslab-technical-project/ros2_ws/build/multi_robot_coop/install.log'
[1.987s] Invoked command in '/home/kishu/roboticslab-technical-project/ros2_ws/src/multi_robot_coop' returned '0': PYTHONPATH=/home/kishu/roboticslab-technical-project/ros2_ws/build/multi_robot_coop/prefix_override:/usr/lib/python3/dist-packages/colcon_core/task/python/colcon_distutils_commands:/home/kishu/roboticslab-technical-project/ros2_ws/install/multi_robot_coop/lib/python3.10/site-packages:${PYTHONPATH} /usr/bin/python3 -W ignore:setup.py install is deprecated -W ignore:easy_install command is deprecated setup.py egg_info --egg-base ../../build/multi_robot_coop build --build-base /home/kishu/roboticslab-technical-project/ros2_ws/build/multi_robot_coop/build install --record /home/kishu/roboticslab-technical-project/ros2_ws/build/multi_robot_coop/install.log --single-version-externally-managed install_data --force
