[0.253s] DEBUG:colcon:Command line arguments: ['/usr/bin/colcon', 'build', '--symlink-install']
[0.254s] DEBUG:colcon:Parsed command line arguments: Namespace(log_base=None, log_level=None, verb_name='build', build_base='build', install_base='install', merge_install=False, symlink_install=True, test_result_base=None, continue_on_error=False, executor='parallel', parallel_workers=4, event_handlers=None, ignore_user_meta=False, metas=['./colcon.meta'], base_paths=['.'], packages_ignore=None, packages_ignore_regex=None, paths=None, packages_up_to=None, packages_up_to_regex=None, packages_above=None, packages_above_and_dependencies=None, packages_above_depth=None, packages_select_by_dep=None, packages_skip_by_dep=None, packages_skip_up_to=None, packages_select_build_failed=False, packages_skip_build_finished=False, packages_select_test_failures=False, packages_skip_test_passed=False, packages_select=None, packages_skip=None, packages_select_regex=None, packages_skip_regex=None, packages_start=None, packages_end=None, allow_overriding=[], cmake_args=None, cmake_target=None, cmake_target_skip_unavailable=False, cmake_clean_cache=False, cmake_clean_first=False, cmake_force_configure=False, ament_cmake_args=None, catkin_cmake_args=None, catkin_skip_building_tests=False, verb_parser=<colcon_defaults.argument_parser.defaults.DefaultArgumentsDecorator object at 0x71bee586e020>, verb_extension=<colcon_core.verb.build.BuildVerb object at 0x71bee586da50>, main=<bound method BuildVerb.main of <colcon_core.verb.build.BuildVerb object at 0x71bee586da50>>)
[0.534s] Level 1:colcon.colcon_core.package_discovery:discover_packages(colcon_meta) check parameters
[0.534s] Level 1:colcon.colcon_core.package_discovery:discover_packages(recursive) check parameters
[0.534s] Level 1:colcon.colcon_core.package_discovery:discover_packages(ignore) check parameters
[0.534s] Level 1:colcon.colcon_core.package_discovery:discover_packages(path) check parameters
[0.534s] Level 1:colcon.colcon_core.package_discovery:discover_packages(colcon_meta) discover
[0.534s] Level 1:colcon.colcon_core.package_discovery:discover_packages(recursive) discover
[0.534s] INFO:colcon.colcon_core.package_discovery:Crawling recursively for packages in '/home/kishu/roboticslab-technical-project/ros2_ws'
[0.534s] Level 1:colcon.colcon_core.package_identification:_identify(.) by extensions ['ignore', 'ignore_ament_install']
[0.534s] Level 1:colcon.colcon_core.package_identification:_identify(.) by extension 'ignore'
[0.534s] Level 1:colcon.colcon_core.package_identification:_identify(.) by extension 'ignore_ament_install'
[0.534s] Level 1:colcon.colcon_core.package_identification:_identify(.) by extensions ['colcon_pkg']
[0.535s] Level 1:colcon.colcon_core.package_identification:_identify(.) by extension 'colcon_pkg'
[0.535s] Level 1:colcon.colcon_core.package_identification:_identify(.) by extensions ['colcon_meta']
[0.535s] Level 1:colcon.colcon_core.package_identification:_identify(.) by extension 'colcon_meta'
[0.535s] Level 1:colcon.colcon_core.package_identification:_identify(.) by extensions ['ros']
[0.535s] Level 1:colcon.colcon_core.package_identification:_identify(.) by extension 'ros'
[0.551s] Level 1:colcon.colcon_core.package_identification:_identify(.) by extensions ['cmake', 'python']
[0.551s] Level 1:colcon.colcon_core.package_identification:_identify(.) by extension 'cmake'
[0.551s] Level 1:colcon.colcon_core.package_identification:_identify(.) by extension 'python'
[0.552s] Level 1:colcon.colcon_core.package_identification:_identify(.) by extensions ['python_setup_py']
[0.552s] Level 1:colcon.colcon_core.package_identification:_identify(.) by extension 'python_setup_py'
[0.552s] Level 1:colcon.colcon_core.package_identification:_identify(build) by extensions ['ignore', 'ignore_ament_install']
[0.552s] Level 1:colcon.colcon_core.package_identification:_identify(build) by extension 'ignore'
[0.552s] Level 1:colcon.colcon_core.package_identification:_identify(build) ignored
[0.552s] Level 1:colcon.colcon_core.package_identification:_identify(install) by extensions ['ignore', 'ignore_ament_install']
[0.552s] Level 1:colcon.colcon_core.package_identification:_identify(install) by extension 'ignore'
[0.552s] Level 1:colcon.colcon_core.package_identification:_identify(install) ignored
[0.553s] Level 1:colcon.colcon_core.package_identification:_identify(log) by extensions ['ignore', 'ignore_ament_install']
[0.553s] Level 1:colcon.colcon_core.package_identification:_identify(log) by extension 'ignore'
[0.553s] Level 1:colcon.colcon_core.package_identification:_identify(log) ignored
[0.553s] Level 1:colcon.colcon_core.package_identification:_identify(src) by extensions ['ignore', 'ignore_ament_install']
[0.553s] Level 1:colcon.colcon_core.package_identification:_identify(src) by extension 'ignore'
[0.553s] Level 1:colcon.colcon_core.package_identification:_identify(src) by extension 'ignore_ament_install'
[0.553s] Level 1:colcon.colcon_core.package_identification:_identify(src) by extensions ['colcon_pkg']
[0.553s] Level 1:colcon.colcon_core.package_identification:_identify(src) by extension 'colcon_pkg'
[0.553s] Level 1:colcon.colcon_core.package_identification:_identify(src) by extensions ['colcon_meta']
[0.553s] Level 1:colcon.colcon_core.package_identification:_identify(src) by extension 'colcon_meta'
[0.553s] Level 1:colcon.colcon_core.package_identification:_identify(src) by extensions ['ros']
[0.553s] Level 1:colcon.colcon_core.package_identification:_identify(src) by extension 'ros'
[0.553s] Level 1:colcon.colcon_core.package_identification:_identify(src) by extensions ['cmake', 'python']
[0.554s] Level 1:colcon.colcon_core.package_identification:_identify(src) by extension 'cmake'
[0.554s] Level 1:colcon.colcon_core.package_identification:_identify(src) by extension 'python'
[0.554s] Level 1:colcon.colcon_core.package_identification:_identify(src) by extensions ['python_setup_py']
[0.554s] Level 1:colcon.colcon_core.package_identification:_identify(src) by extension 'python_setup_py'
[0.554s] Level 1:colcon.colcon_core.package_identification:_identify(src/gazebo_ros_link_attacher) by extensions ['ignore', 'ignore_ament_install']
[0.554s] Level 1:colcon.colcon_core.package_identification:_identify(src/gazebo_ros_link_attacher) by extension 'ignore'
[0.554s] Level 1:colcon.colcon_core.package_identification:_identify(src/gazebo_ros_link_attacher) by extension 'ignore_ament_install'
[0.554s] Level 1:colcon.colcon_core.package_identification:_identify(src/gazebo_ros_link_attacher) by extensions ['colcon_pkg']
[0.554s] Level 1:colcon.colcon_core.package_identification:_identify(src/gazebo_ros_link_attacher) by extension 'colcon_pkg'
[0.554s] Level 1:colcon.colcon_core.package_identification:_identify(src/gazebo_ros_link_attacher) by extensions ['colcon_meta']
[0.554s] Level 1:colcon.colcon_core.package_identification:_identify(src/gazebo_ros_link_attacher) by extension 'colcon_meta'
[0.554s] Level 1:colcon.colcon_core.package_identification:_identify(src/gazebo_ros_link_attacher) by extensions ['ros']
[0.554s] Level 1:colcon.colcon_core.package_identification:_identify(src/gazebo_ros_link_attacher) by extension 'ros'
[0.558s] DEBUG:colcon.colcon_core.package_identification:Package 'src/gazebo_ros_link_attacher' with type 'ros.ament_cmake' and name 'gazebo_ros_link_attacher'
[0.558s] Level 1:colcon.colcon_core.package_identification:_identify(src/multi_robot_coop) by extensions ['ignore', 'ignore_ament_install']
[0.558s] Level 1:colcon.colcon_core.package_identification:_identify(src/multi_robot_coop) by extension 'ignore'
[0.558s] Level 1:colcon.colcon_core.package_identification:_identify(src/multi_robot_coop) by extension 'ignore_ament_install'
[0.558s] Level 1:colcon.colcon_core.package_identification:_identify(src/multi_robot_coop) by extensions ['colcon_pkg']
[0.558s] Level 1:colcon.colcon_core.package_identification:_identify(src/multi_robot_coop) by extension 'colcon_pkg'
[0.558s] Level 1:colcon.colcon_core.package_identification:_identify(src/multi_robot_coop) by extensions ['colcon_meta']
[0.558s] Level 1:colcon.colcon_core.package_identification:_identify(src/multi_robot_coop) by extension 'colcon_meta'
[0.559s] Level 1:colcon.colcon_core.package_identification:_identify(src/multi_robot_coop) by extensions ['ros']
[0.559s] Level 1:colcon.colcon_core.package_identification:_identify(src/multi_robot_coop) by extension 'ros'
[0.560s] DEBUG:colcon.colcon_core.package_identification:Package 'src/multi_robot_coop' with type 'ros.ament_python' and name 'multi_robot_coop'
[0.560s] Level 1:colcon.colcon_core.package_identification:_identify(src/robotiq_85_gripper) by extensions ['ignore', 'ignore_ament_install']
[0.560s] Level 1:colcon.colcon_core.package_identification:_identify(src/robotiq_85_gripper) by extension 'ignore'
[0.560s] Level 1:colcon.colcon_core.package_identification:_identify(src/robotiq_85_gripper) by extension 'ignore_ament_install'
[0.560s] Level 1:colcon.colcon_core.package_identification:_identify(src/robotiq_85_gripper) by extensions ['colcon_pkg']
[0.560s] Level 1:colcon.colcon_core.package_identification:_identify(src/robotiq_85_gripper) by extension 'colcon_pkg'
[0.560s] Level 1:colcon.colcon_core.package_identification:_identify(src/robotiq_85_gripper) by extensions ['colcon_meta']
[0.560s] Level 1:colcon.colcon_core.package_identification:_identify(src/robotiq_85_gripper) by extension 'colcon_meta'
[0.560s] Level 1:colcon.colcon_core.package_identification:_identify(src/robotiq_85_gripper) by extensions ['ros']
[0.560s] Level 1:colcon.colcon_core.package_identification:_identify(src/robotiq_85_gripper) by extension 'ros'
[0.560s] Level 1:colcon.colcon_core.package_identification:_identify(src/robotiq_85_gripper) by extensions ['cmake', 'python']
[0.560s] Level 1:colcon.colcon_core.package_identification:_identify(src/robotiq_85_gripper) by extension 'cmake'
[0.560s] Level 1:colcon.colcon_core.package_identification:_identify(src/robotiq_85_gripper) by extension 'python'
[0.561s] Level 1:colcon.colcon_core.package_identification:_identify(src/robotiq_85_gripper) by extensions ['python_setup_py']
[0.561s] Level 1:colcon.colcon_core.package_identification:_identify(src/robotiq_85_gripper) by extension 'python_setup_py'
[0.561s] Level 1:colcon.colcon_core.package_identification:_identify(src/robotiq_85_gripper/robotiq_85_description) by extensions ['ignore', 'ignore_ament_install']
[0.561s] Level 1:colcon.colcon_core.package_identification:_identify(src/robotiq_85_gripper/robotiq_85_description) by extension 'ignore'
[0.561s] Level 1:colcon.colcon_core.package_identification:_identify(src/robotiq_85_gripper/robotiq_85_description) by extension 'ignore_ament_install'
[0.561s] Level 1:colcon.colcon_core.package_identification:_identify(src/robotiq_85_gripper/robotiq_85_description) by extensions ['colcon_pkg']
[0.561s] Level 1:colcon.colcon_core.package_identification:_identify(src/robotiq_85_gripper/robotiq_85_description) by extension 'colcon_pkg'
[0.561s] Level 1:colcon.colcon_core.package_identification:_identify(src/robotiq_85_gripper/robotiq_85_description) by extensions ['colcon_meta']
[0.561s] Level 1:colcon.colcon_core.package_identification:_identify(src/robotiq_85_gripper/robotiq_85_description) by extension 'colcon_meta'
[0.561s] Level 1:colcon.colcon_core.package_identification:_identify(src/robotiq_85_gripper/robotiq_85_description) by extensions ['ros']
[0.561s] Level 1:colcon.colcon_core.package_identification:_identify(src/robotiq_85_gripper/robotiq_85_description) by extension 'ros'
[0.562s] DEBUG:colcon.colcon_core.package_identification:Package 'src/robotiq_85_gripper/robotiq_85_description' with type 'ros.ament_cmake' and name 'robotiq_85_description'
[0.562s] Level 1:colcon.colcon_core.package_identification:_identify(src/robotiq_85_gripper/robotiq_85_driver) by extensions ['ignore', 'ignore_ament_install']
[0.562s] Level 1:colcon.colcon_core.package_identification:_identify(src/robotiq_85_gripper/robotiq_85_driver) by extension 'ignore'
[0.562s] Level 1:colcon.colcon_core.package_identification:_identify(src/robotiq_85_gripper/robotiq_85_driver) by extension 'ignore_ament_install'
[0.562s] Level 1:colcon.colcon_core.package_identification:_identify(src/robotiq_85_gripper/robotiq_85_driver) by extensions ['colcon_pkg']
[0.562s] Level 1:colcon.colcon_core.package_identification:_identify(src/robotiq_85_gripper/robotiq_85_driver) by extension 'colcon_pkg'
[0.562s] Level 1:colcon.colcon_core.package_identification:_identify(src/robotiq_85_gripper/robotiq_85_driver) by extensions ['colcon_meta']
[0.562s] Level 1:colcon.colcon_core.package_identification:_identify(src/robotiq_85_gripper/robotiq_85_driver) by extension 'colcon_meta'
[0.563s] Level 1:colcon.colcon_core.package_identification:_identify(src/robotiq_85_gripper/robotiq_85_driver) by extensions ['ros']
[0.563s] Level 1:colcon.colcon_core.package_identification:_identify(src/robotiq_85_gripper/robotiq_85_driver) by extension 'ros'
[0.565s] DEBUG:colcon.colcon_core.package_identification:Package 'src/robotiq_85_gripper/robotiq_85_driver' with type 'ros.ament_python' and name 'robotiq_85_driver'
[0.565s] Level 1:colcon.colcon_core.package_identification:_identify(src/robotiq_85_gripper/robotiq_85_gripper) by extensions ['ignore', 'ignore_ament_install']
[0.565s] Level 1:colcon.colcon_core.package_identification:_identify(src/robotiq_85_gripper/robotiq_85_gripper) by extension 'ignore'
[0.565s] Level 1:colcon.colcon_core.package_identification:_identify(src/robotiq_85_gripper/robotiq_85_gripper) by extension 'ignore_ament_install'
[0.565s] Level 1:colcon.colcon_core.package_identification:_identify(src/robotiq_85_gripper/robotiq_85_gripper) by extensions ['colcon_pkg']
[0.565s] Level 1:colcon.colcon_core.package_identification:_identify(src/robotiq_85_gripper/robotiq_85_gripper) by extension 'colcon_pkg'
[0.565s] Level 1:colcon.colcon_core.package_identification:_identify(src/robotiq_85_gripper/robotiq_85_gripper) by extensions ['colcon_meta']
[0.565s] Level 1:colcon.colcon_core.package_identification:_identify(src/robotiq_85_gripper/robotiq_85_gripper) by extension 'colcon_meta'
[0.566s] Level 1:colcon.colcon_core.package_identification:_identify(src/robotiq_85_gripper/robotiq_85_gripper) by extensions ['ros']
[0.566s] Level 1:colcon.colcon_core.package_identification:_identify(src/robotiq_85_gripper/robotiq_85_gripper) by extension 'ros'
[0.566s] DEBUG:colcon.colcon_core.package_identification:Package 'src/robotiq_85_gripper/robotiq_85_gripper' with type 'ros.ament_cmake' and name 'robotiq_85_gripper'
[0.566s] Level 1:colcon.colcon_core.package_identification:_identify(src/robotiq_85_gripper/robotiq_85_msgs) by extensions ['ignore', 'ignore_ament_install']
[0.566s] Level 1:colcon.colcon_core.package_identification:_identify(src/robotiq_85_gripper/robotiq_85_msgs) by extension 'ignore'
[0.567s] Level 1:colcon.colcon_core.package_identification:_identify(src/robotiq_85_gripper/robotiq_85_msgs) by extension 'ignore_ament_install'
[0.567s] Level 1:colcon.colcon_core.package_identification:_identify(src/robotiq_85_gripper/robotiq_85_msgs) by extensions ['colcon_pkg']
[0.567s] Level 1:colcon.colcon_core.package_identification:_identify(src/robotiq_85_gripper/robotiq_85_msgs) by extension 'colcon_pkg'
[0.567s] Level 1:colcon.colcon_core.package_identification:_identify(src/robotiq_85_gripper/robotiq_85_msgs) by extensions ['colcon_meta']
[0.567s] Level 1:colcon.colcon_core.package_identification:_identify(src/robotiq_85_gripper/robotiq_85_msgs) by extension 'colcon_meta'
[0.567s] Level 1:colcon.colcon_core.package_identification:_identify(src/robotiq_85_gripper/robotiq_85_msgs) by extensions ['ros']
[0.567s] Level 1:colcon.colcon_core.package_identification:_identify(src/robotiq_85_gripper/robotiq_85_msgs) by extension 'ros'
[0.568s] DEBUG:colcon.colcon_core.package_identification:Package 'src/robotiq_85_gripper/robotiq_85_msgs' with type 'ros.ament_cmake' and name 'robotiq_85_msgs'
[0.568s] Level 1:colcon.colcon_core.package_discovery:discover_packages(recursive) using defaults
[0.568s] Level 1:colcon.colcon_core.package_discovery:discover_packages(ignore) discover
[0.568s] Level 1:colcon.colcon_core.package_discovery:discover_packages(ignore) using defaults
[0.568s] Level 1:colcon.colcon_core.package_discovery:discover_packages(path) discover
[0.568s] Level 1:colcon.colcon_core.package_discovery:discover_packages(path) using defaults
[0.612s] Level 1:colcon.colcon_core.package_discovery:discover_packages(prefix_path) check parameters
[0.612s] Level 1:colcon.colcon_core.package_discovery:discover_packages(prefix_path) discover
[0.615s] DEBUG:colcon.colcon_installed_package_information.package_discovery:Found 6 installed packages in /home/kishu/roboticslab-technical-project/ros2_ws/install
[0.617s] DEBUG:colcon.colcon_installed_package_information.package_discovery:Found 481 installed packages in /opt/ros/humble
[0.621s] Level 1:colcon.colcon_core.package_discovery:discover_packages(prefix_path) using defaults
[0.709s] Level 5:colcon.colcon_core.verb:set package 'gazebo_ros_link_attacher' build argument 'cmake_args' from command line to 'None'
[0.709s] Level 5:colcon.colcon_core.verb:set package 'gazebo_ros_link_attacher' build argument 'cmake_target' from command line to 'None'
[0.709s] Level 5:colcon.colcon_core.verb:set package 'gazebo_ros_link_attacher' build argument 'cmake_target_skip_unavailable' from command line to 'False'
[0.709s] Level 5:colcon.colcon_core.verb:set package 'gazebo_ros_link_attacher' build argument 'cmake_clean_cache' from command line to 'False'
[0.709s] Level 5:colcon.colcon_core.verb:set package 'gazebo_ros_link_attacher' build argument 'cmake_clean_first' from command line to 'False'
[0.709s] Level 5:colcon.colcon_core.verb:set package 'gazebo_ros_link_attacher' build argument 'cmake_force_configure' from command line to 'False'
[0.709s] Level 5:colcon.colcon_core.verb:set package 'gazebo_ros_link_attacher' build argument 'ament_cmake_args' from command line to 'None'
[0.709s] Level 5:colcon.colcon_core.verb:set package 'gazebo_ros_link_attacher' build argument 'catkin_cmake_args' from command line to 'None'
[0.709s] Level 5:colcon.colcon_core.verb:set package 'gazebo_ros_link_attacher' build argument 'catkin_skip_building_tests' from command line to 'False'
[0.709s] DEBUG:colcon.colcon_core.verb:Building package 'gazebo_ros_link_attacher' with the following arguments: {'ament_cmake_args': None, 'build_base': '/home/kishu/roboticslab-technical-project/ros2_ws/build/gazebo_ros_link_attacher', 'catkin_cmake_args': None, 'catkin_skip_building_tests': False, 'cmake_args': None, 'cmake_clean_cache': False, 'cmake_clean_first': False, 'cmake_force_configure': False, 'cmake_target': None, 'cmake_target_skip_unavailable': False, 'install_base': '/home/kishu/roboticslab-technical-project/ros2_ws/install/gazebo_ros_link_attacher', 'merge_install': False, 'path': '/home/kishu/roboticslab-technical-project/ros2_ws/src/gazebo_ros_link_attacher', 'symlink_install': True, 'test_result_base': None}
[0.710s] Level 5:colcon.colcon_core.verb:set package 'multi_robot_coop' build argument 'cmake_args' from command line to 'None'
[0.710s] Level 5:colcon.colcon_core.verb:set package 'multi_robot_coop' build argument 'cmake_target' from command line to 'None'
[0.710s] Level 5:colcon.colcon_core.verb:set package 'multi_robot_coop' build argument 'cmake_target_skip_unavailable' from command line to 'False'
[0.710s] Level 5:colcon.colcon_core.verb:set package 'multi_robot_coop' build argument 'cmake_clean_cache' from command line to 'False'
[0.710s] Level 5:colcon.colcon_core.verb:set package 'multi_robot_coop' build argument 'cmake_clean_first' from command line to 'False'
[0.710s] Level 5:colcon.colcon_core.verb:set package 'multi_robot_coop' build argument 'cmake_force_configure' from command line to 'False'
[0.710s] Level 5:colcon.colcon_core.verb:set package 'multi_robot_coop' build argument 'ament_cmake_args' from command line to 'None'
[0.710s] Level 5:colcon.colcon_core.verb:set package 'multi_robot_coop' build argument 'catkin_cmake_args' from command line to 'None'
[0.710s] Level 5:colcon.colcon_core.verb:set package 'multi_robot_coop' build argument 'catkin_skip_building_tests' from command line to 'False'
[0.710s] DEBUG:colcon.colcon_core.verb:Building package 'multi_robot_coop' with the following arguments: {'ament_cmake_args': None, 'build_base': '/home/kishu/roboticslab-technical-project/ros2_ws/build/multi_robot_coop', 'catkin_cmake_args': None, 'catkin_skip_building_tests': False, 'cmake_args': None, 'cmake_clean_cache': False, 'cmake_clean_first': False, 'cmake_force_configure': False, 'cmake_target': None, 'cmake_target_skip_unavailable': False, 'install_base': '/home/kishu/roboticslab-technical-project/ros2_ws/install/multi_robot_coop', 'merge_install': False, 'path': '/home/kishu/roboticslab-technical-project/ros2_ws/src/multi_robot_coop', 'symlink_install': True, 'test_result_base': None}
[0.710s] Level 5:colcon.colcon_core.verb:set package 'robotiq_85_description' build argument 'cmake_args' from command line to 'None'
[0.711s] Level 5:colcon.colcon_core.verb:set package 'robotiq_85_description' build argument 'cmake_target' from command line to 'None'
[0.711s] Level 5:colcon.colcon_core.verb:set package 'robotiq_85_description' build argument 'cmake_target_skip_unavailable' from command line to 'False'
[0.711s] Level 5:colcon.colcon_core.verb:set package 'robotiq_85_description' build argument 'cmake_clean_cache' from command line to 'False'
[0.711s] Level 5:colcon.colcon_core.verb:set package 'robotiq_85_description' build argument 'cmake_clean_first' from command line to 'False'
[0.711s] Level 5:colcon.colcon_core.verb:set package 'robotiq_85_description' build argument 'cmake_force_configure' from command line to 'False'
[0.711s] Level 5:colcon.colcon_core.verb:set package 'robotiq_85_description' build argument 'ament_cmake_args' from command line to 'None'
[0.711s] Level 5:colcon.colcon_core.verb:set package 'robotiq_85_description' build argument 'catkin_cmake_args' from command line to 'None'
[0.711s] Level 5:colcon.colcon_core.verb:set package 'robotiq_85_description' build argument 'catkin_skip_building_tests' from command line to 'False'
[0.711s] DEBUG:colcon.colcon_core.verb:Building package 'robotiq_85_description' with the following arguments: {'ament_cmake_args': None, 'build_base': '/home/kishu/roboticslab-technical-project/ros2_ws/build/robotiq_85_description', 'catkin_cmake_args': None, 'catkin_skip_building_tests': False, 'cmake_args': None, 'cmake_clean_cache': False, 'cmake_clean_first': False, 'cmake_force_configure': False, 'cmake_target': None, 'cmake_target_skip_unavailable': False, 'install_base': '/home/kishu/roboticslab-technical-project/ros2_ws/install/robotiq_85_description', 'merge_install': False, 'path': '/home/kishu/roboticslab-technical-project/ros2_ws/src/robotiq_85_gripper/robotiq_85_description', 'symlink_install': True, 'test_result_base': None}
[0.711s] Level 5:colcon.colcon_core.verb:set package 'robotiq_85_msgs' build argument 'cmake_args' from command line to 'None'
[0.711s] Level 5:colcon.colcon_core.verb:set package 'robotiq_85_msgs' build argument 'cmake_target' from command line to 'None'
[0.711s] Level 5:colcon.colcon_core.verb:set package 'robotiq_85_msgs' build argument 'cmake_target_skip_unavailable' from command line to 'False'
[0.711s] Level 5:colcon.colcon_core.verb:set package 'robotiq_85_msgs' build argument 'cmake_clean_cache' from command line to 'False'
[0.711s] Level 5:colcon.colcon_core.verb:set package 'robotiq_85_msgs' build argument 'cmake_clean_first' from command line to 'False'
[0.711s] Level 5:colcon.colcon_core.verb:set package 'robotiq_85_msgs' build argument 'cmake_force_configure' from command line to 'False'
[0.711s] Level 5:colcon.colcon_core.verb:set package 'robotiq_85_msgs' build argument 'ament_cmake_args' from command line to 'None'
[0.711s] Level 5:colcon.colcon_core.verb:set package 'robotiq_85_msgs' build argument 'catkin_cmake_args' from command line to 'None'
[0.712s] Level 5:colcon.colcon_core.verb:set package 'robotiq_85_msgs' build argument 'catkin_skip_building_tests' from command line to 'False'
[0.712s] DEBUG:colcon.colcon_core.verb:Building package 'robotiq_85_msgs' with the following arguments: {'ament_cmake_args': None, 'build_base': '/home/kishu/roboticslab-technical-project/ros2_ws/build/robotiq_85_msgs', 'catkin_cmake_args': None, 'catkin_skip_building_tests': False, 'cmake_args': None, 'cmake_clean_cache': False, 'cmake_clean_first': False, 'cmake_force_configure': False, 'cmake_target': None, 'cmake_target_skip_unavailable': False, 'install_base': '/home/kishu/roboticslab-technical-project/ros2_ws/install/robotiq_85_msgs', 'merge_install': False, 'path': '/home/kishu/roboticslab-technical-project/ros2_ws/src/robotiq_85_gripper/robotiq_85_msgs', 'symlink_install': True, 'test_result_base': None}
[0.712s] Level 5:colcon.colcon_core.verb:set package 'robotiq_85_driver' build argument 'cmake_args' from command line to 'None'
[0.712s] Level 5:colcon.colcon_core.verb:set package 'robotiq_85_driver' build argument 'cmake_target' from command line to 'None'
[0.712s] Level 5:colcon.colcon_core.verb:set package 'robotiq_85_driver' build argument 'cmake_target_skip_unavailable' from command line to 'False'
[0.712s] Level 5:colcon.colcon_core.verb:set package 'robotiq_85_driver' build argument 'cmake_clean_cache' from command line to 'False'
[0.712s] Level 5:colcon.colcon_core.verb:set package 'robotiq_85_driver' build argument 'cmake_clean_first' from command line to 'False'
[0.712s] Level 5:colcon.colcon_core.verb:set package 'robotiq_85_driver' build argument 'cmake_force_configure' from command line to 'False'
[0.712s] Level 5:colcon.colcon_core.verb:set package 'robotiq_85_driver' build argument 'ament_cmake_args' from command line to 'None'
[0.712s] Level 5:colcon.colcon_core.verb:set package 'robotiq_85_driver' build argument 'catkin_cmake_args' from command line to 'None'
[0.712s] Level 5:colcon.colcon_core.verb:set package 'robotiq_85_driver' build argument 'catkin_skip_building_tests' from command line to 'False'
[0.712s] DEBUG:colcon.colcon_core.verb:Building package 'robotiq_85_driver' with the following arguments: {'ament_cmake_args': None, 'build_base': '/home/kishu/roboticslab-technical-project/ros2_ws/build/robotiq_85_driver', 'catkin_cmake_args': None, 'catkin_skip_building_tests': False, 'cmake_args': None, 'cmake_clean_cache': False, 'cmake_clean_first': False, 'cmake_force_configure': False, 'cmake_target': None, 'cmake_target_skip_unavailable': False, 'install_base': '/home/kishu/roboticslab-technical-project/ros2_ws/install/robotiq_85_driver', 'merge_install': False, 'path': '/home/kishu/roboticslab-technical-project/ros2_ws/src/robotiq_85_gripper/robotiq_85_driver', 'symlink_install': True, 'test_result_base': None}
[0.713s] Level 5:colcon.colcon_core.verb:set package 'robotiq_85_gripper' build argument 'cmake_args' from command line to 'None'
[0.713s] Level 5:colcon.colcon_core.verb:set package 'robotiq_85_gripper' build argument 'cmake_target' from command line to 'None'
[0.713s] Level 5:colcon.colcon_core.verb:set package 'robotiq_85_gripper' build argument 'cmake_target_skip_unavailable' from command line to 'False'
[0.713s] Level 5:colcon.colcon_core.verb:set package 'robotiq_85_gripper' build argument 'cmake_clean_cache' from command line to 'False'
[0.713s] Level 5:colcon.colcon_core.verb:set package 'robotiq_85_gripper' build argument 'cmake_clean_first' from command line to 'False'
[0.713s] Level 5:colcon.colcon_core.verb:set package 'robotiq_85_gripper' build argument 'cmake_force_configure' from command line to 'False'
[0.713s] Level 5:colcon.colcon_core.verb:set package 'robotiq_85_gripper' build argument 'ament_cmake_args' from command line to 'None'
[0.713s] Level 5:colcon.colcon_core.verb:set package 'robotiq_85_gripper' build argument 'catkin_cmake_args' from command line to 'None'
[0.713s] Level 5:colcon.colcon_core.verb:set package 'robotiq_85_gripper' build argument 'catkin_skip_building_tests' from command line to 'False'
[0.713s] DEBUG:colcon.colcon_core.verb:Building package 'robotiq_85_gripper' with the following arguments: {'ament_cmake_args': None, 'build_base': '/home/kishu/roboticslab-technical-project/ros2_ws/build/robotiq_85_gripper', 'catkin_cmake_args': None, 'catkin_skip_building_tests': False, 'cmake_args': None, 'cmake_clean_cache': False, 'cmake_clean_first': False, 'cmake_force_configure': False, 'cmake_target': None, 'cmake_target_skip_unavailable': False, 'install_base': '/home/kishu/roboticslab-technical-project/ros2_ws/install/robotiq_85_gripper', 'merge_install': False, 'path': '/home/kishu/roboticslab-technical-project/ros2_ws/src/robotiq_85_gripper/robotiq_85_gripper', 'symlink_install': True, 'test_result_base': None}
[0.713s] INFO:colcon.colcon_core.executor:Executing jobs using 'parallel' executor
[0.715s] DEBUG:colcon.colcon_parallel_executor.executor.parallel:run_until_complete
[0.715s] INFO:colcon.colcon_ros.task.ament_cmake.build:Building ROS package in '/home/kishu/roboticslab-technical-project/ros2_ws/src/robotiq_85_gripper/robotiq_85_msgs' with build type 'ament_cmake'
[0.716s] INFO:colcon.colcon_cmake.task.cmake.build:Building CMake package in '/home/kishu/roboticslab-technical-project/ros2_ws/src/robotiq_85_gripper/robotiq_85_msgs'
[0.720s] INFO:colcon.colcon_core.plugin_system:Skipping extension 'colcon_core.shell.bat': Not used on non-Windows systems
[0.720s] INFO:colcon.colcon_core.shell:Skip shell extension 'powershell' for command environment: Not usable outside of PowerShell
[0.721s] DEBUG:colcon.colcon_core.shell:Skip shell extension 'dsv' for command environment
[0.727s] INFO:colcon.colcon_ros.task.ament_cmake.build:Building ROS package in '/home/kishu/roboticslab-technical-project/ros2_ws/src/robotiq_85_gripper/robotiq_85_description' with build type 'ament_cmake'
[0.728s] INFO:colcon.colcon_cmake.task.cmake.build:Building CMake package in '/home/kishu/roboticslab-technical-project/ros2_ws/src/robotiq_85_gripper/robotiq_85_description'
[0.728s] INFO:colcon.colcon_core.shell:Skip shell extension 'powershell' for command environment: Not usable outside of PowerShell
[0.728s] DEBUG:colcon.colcon_core.shell:Skip shell extension 'dsv' for command environment
[0.737s] INFO:colcon.colcon_ros.task.ament_cmake.build:Building ROS package in '/home/kishu/roboticslab-technical-project/ros2_ws/src/gazebo_ros_link_attacher' with build type 'ament_cmake'
[0.737s] INFO:colcon.colcon_cmake.task.cmake.build:Building CMake package in '/home/kishu/roboticslab-technical-project/ros2_ws/src/gazebo_ros_link_attacher'
[0.738s] INFO:colcon.colcon_core.shell:Skip shell extension 'powershell' for command environment: Not usable outside of PowerShell
[0.739s] DEBUG:colcon.colcon_core.shell:Skip shell extension 'dsv' for command environment
[0.746s] INFO:colcon.colcon_ros.task.ament_python.build:Building ROS package in '/home/kishu/roboticslab-technical-project/ros2_ws/src/multi_robot_coop' with build type 'ament_python'
[0.747s] Level 1:colcon.colcon_core.shell:create_environment_hook('multi_robot_coop', 'ament_prefix_path')
[0.747s] INFO:colcon.colcon_core.shell:Creating environment hook '/home/kishu/roboticslab-technical-project/ros2_ws/install/multi_robot_coop/share/multi_robot_coop/hook/ament_prefix_path.ps1'
[0.749s] INFO:colcon.colcon_core.shell:Creating environment descriptor '/home/kishu/roboticslab-technical-project/ros2_ws/install/multi_robot_coop/share/multi_robot_coop/hook/ament_prefix_path.dsv'
[0.750s] INFO:colcon.colcon_core.shell:Creating environment hook '/home/kishu/roboticslab-technical-project/ros2_ws/install/multi_robot_coop/share/multi_robot_coop/hook/ament_prefix_path.sh'
[0.752s] INFO:colcon.colcon_core.shell:Skip shell extension 'powershell' for command environment: Not usable outside of PowerShell
[0.752s] DEBUG:colcon.colcon_core.shell:Skip shell extension 'dsv' for command environment
[0.772s] DEBUG:colcon.colcon_core.event_handler.log_command:Invoking command in '/home/kishu/roboticslab-technical-project/ros2_ws/build/robotiq_85_msgs': CMAKE_PREFIX_PATH=${CMAKE_PREFIX_PATH}:/home/kishu/roboticslab-technical-project/ros2_ws/install/robotiq_85_driver:/home/kishu/roboticslab-technical-project/ros2_ws/install/multi_robot_coop:/opt/ros/humble /usr/bin/cmake --build /home/kishu/roboticslab-technical-project/ros2_ws/build/robotiq_85_msgs -- -j4 -l4
[0.781s] DEBUG:colcon.colcon_core.event_handler.log_command:Invoking command in '/home/kishu/roboticslab-technical-project/ros2_ws/build/robotiq_85_description': CMAKE_PREFIX_PATH=${CMAKE_PREFIX_PATH}:/home/kishu/roboticslab-technical-project/ros2_ws/install/robotiq_85_driver:/home/kishu/roboticslab-technical-project/ros2_ws/install/multi_robot_coop:/opt/ros/humble /usr/bin/cmake --build /home/kishu/roboticslab-technical-project/ros2_ws/build/robotiq_85_description -- -j4 -l4
[0.789s] DEBUG:colcon.colcon_core.event_handler.log_command:Invoking command in '/home/kishu/roboticslab-technical-project/ros2_ws/build/gazebo_ros_link_attacher': CMAKE_PREFIX_PATH=${CMAKE_PREFIX_PATH}:/home/kishu/roboticslab-technical-project/ros2_ws/install/robotiq_85_driver:/home/kishu/roboticslab-technical-project/ros2_ws/install/multi_robot_coop:/opt/ros/humble /usr/bin/cmake --build /home/kishu/roboticslab-technical-project/ros2_ws/build/gazebo_ros_link_attacher -- -j4 -l4
[1.925s] INFO:colcon.colcon_core.task.python.build:Building Python package in '/home/kishu/roboticslab-technical-project/ros2_ws/src/multi_robot_coop'
[1.925s] INFO:colcon.colcon_core.shell:Skip shell extension 'powershell' for command environment: Not usable outside of PowerShell
[1.925s] DEBUG:colcon.colcon_core.shell:Skip shell extension 'dsv' for command environment
[1.936s] DEBUG:colcon.colcon_core.event_handler.log_command:Invoked command in '/home/kishu/roboticslab-technical-project/ros2_ws/build/robotiq_85_description' returned '0': CMAKE_PREFIX_PATH=${CMAKE_PREFIX_PATH}:/home/kishu/roboticslab-technical-project/ros2_ws/install/robotiq_85_driver:/home/kishu/roboticslab-technical-project/ros2_ws/install/multi_robot_coop:/opt/ros/humble /usr/bin/cmake --build /home/kishu/roboticslab-technical-project/ros2_ws/build/robotiq_85_description -- -j4 -l4
[1.957s] DEBUG:colcon.colcon_core.event_handler.log_command:Invoking command in '/home/kishu/roboticslab-technical-project/ros2_ws/build/robotiq_85_description': CMAKE_PREFIX_PATH=${CMAKE_PREFIX_PATH}:/home/kishu/roboticslab-technical-project/ros2_ws/install/robotiq_85_driver:/home/kishu/roboticslab-technical-project/ros2_ws/install/multi_robot_coop:/opt/ros/humble /usr/bin/cmake --install /home/kishu/roboticslab-technical-project/ros2_ws/build/robotiq_85_description
[2.018s] Level 1:colcon.colcon_core.environment:create_environment_scripts_only(robotiq_85_description)
[2.019s] DEBUG:colcon.colcon_core.event_handler.log_command:Invoked command in '/home/kishu/roboticslab-technical-project/ros2_ws/build/robotiq_85_description' returned '0': CMAKE_PREFIX_PATH=${CMAKE_PREFIX_PATH}:/home/kishu/roboticslab-technical-project/ros2_ws/install/robotiq_85_driver:/home/kishu/roboticslab-technical-project/ros2_ws/install/multi_robot_coop:/opt/ros/humble /usr/bin/cmake --install /home/kishu/roboticslab-technical-project/ros2_ws/build/robotiq_85_description
[2.026s] Level 1:colcon.colcon_core.environment:checking '/home/kishu/roboticslab-technical-project/ros2_ws/install/robotiq_85_description' for CMake module files
[2.029s] Level 1:colcon.colcon_core.environment:checking '/home/kishu/roboticslab-technical-project/ros2_ws/install/robotiq_85_description' for CMake config files
[2.030s] Level 1:colcon.colcon_core.shell:create_environment_hook('robotiq_85_description', 'cmake_prefix_path')
[2.031s] INFO:colcon.colcon_core.shell:Creating environment hook '/home/kishu/roboticslab-technical-project/ros2_ws/install/robotiq_85_description/share/robotiq_85_description/hook/cmake_prefix_path.ps1'
[2.032s] INFO:colcon.colcon_core.shell:Creating environment descriptor '/home/kishu/roboticslab-technical-project/ros2_ws/install/robotiq_85_description/share/robotiq_85_description/hook/cmake_prefix_path.dsv'
[2.034s] INFO:colcon.colcon_core.shell:Creating environment hook '/home/kishu/roboticslab-technical-project/ros2_ws/install/robotiq_85_description/share/robotiq_85_description/hook/cmake_prefix_path.sh'
[2.037s] Level 1:colcon.colcon_core.environment:checking '/home/kishu/roboticslab-technical-project/ros2_ws/install/robotiq_85_description/bin'
[2.039s] Level 1:colcon.colcon_core.environment:checking '/home/kishu/roboticslab-technical-project/ros2_ws/install/robotiq_85_description/lib/pkgconfig/robotiq_85_description.pc'
[2.039s] Level 1:colcon.colcon_core.environment:checking '/home/kishu/roboticslab-technical-project/ros2_ws/install/robotiq_85_description/lib/python3.10/site-packages'
[2.040s] Level 1:colcon.colcon_core.environment:checking '/home/kishu/roboticslab-technical-project/ros2_ws/install/robotiq_85_description/bin'
[2.041s] INFO:colcon.colcon_core.shell:Creating package script '/home/kishu/roboticslab-technical-project/ros2_ws/install/robotiq_85_description/share/robotiq_85_description/package.ps1'
[2.044s] INFO:colcon.colcon_core.shell:Creating package descriptor '/home/kishu/roboticslab-technical-project/ros2_ws/install/robotiq_85_description/share/robotiq_85_description/package.dsv'
[2.045s] INFO:colcon.colcon_core.shell:Creating package script '/home/kishu/roboticslab-technical-project/ros2_ws/install/robotiq_85_description/share/robotiq_85_description/package.sh'
[2.047s] INFO:colcon.colcon_core.shell:Creating package script '/home/kishu/roboticslab-technical-project/ros2_ws/install/robotiq_85_description/share/robotiq_85_description/package.bash'
[2.050s] INFO:colcon.colcon_core.shell:Creating package script '/home/kishu/roboticslab-technical-project/ros2_ws/install/robotiq_85_description/share/robotiq_85_description/package.zsh'
[2.052s] Level 1:colcon.colcon_core.environment:create_file_with_runtime_dependencies(/home/kishu/roboticslab-technical-project/ros2_ws/install/robotiq_85_description/share/colcon-core/packages/robotiq_85_description)
[2.055s] Level 1:colcon.colcon_core.environment:create_environment_scripts_only(robotiq_85_description)
[2.059s] Level 1:colcon.colcon_core.environment:checking '/home/kishu/roboticslab-technical-project/ros2_ws/install/robotiq_85_description' for CMake module files
[2.061s] Level 1:colcon.colcon_core.environment:checking '/home/kishu/roboticslab-technical-project/ros2_ws/install/robotiq_85_description' for CMake config files
[2.062s] Level 1:colcon.colcon_core.shell:create_environment_hook('robotiq_85_description', 'cmake_prefix_path')
[2.063s] INFO:colcon.colcon_core.shell:Creating environment hook '/home/kishu/roboticslab-technical-project/ros2_ws/install/robotiq_85_description/share/robotiq_85_description/hook/cmake_prefix_path.ps1'
[2.064s] INFO:colcon.colcon_core.shell:Creating environment descriptor '/home/kishu/roboticslab-technical-project/ros2_ws/install/robotiq_85_description/share/robotiq_85_description/hook/cmake_prefix_path.dsv'
[2.073s] INFO:colcon.colcon_core.shell:Creating environment hook '/home/kishu/roboticslab-technical-project/ros2_ws/install/robotiq_85_description/share/robotiq_85_description/hook/cmake_prefix_path.sh'
[2.074s] Level 1:colcon.colcon_core.environment:checking '/home/kishu/roboticslab-technical-project/ros2_ws/install/robotiq_85_description/bin'
[2.075s] Level 1:colcon.colcon_core.environment:checking '/home/kishu/roboticslab-technical-project/ros2_ws/install/robotiq_85_description/lib/pkgconfig/robotiq_85_description.pc'
[2.076s] Level 1:colcon.colcon_core.environment:checking '/home/kishu/roboticslab-technical-project/ros2_ws/install/robotiq_85_description/lib/python3.10/site-packages'
[2.077s] Level 1:colcon.colcon_core.environment:checking '/home/kishu/roboticslab-technical-project/ros2_ws/install/robotiq_85_description/bin'
[2.078s] INFO:colcon.colcon_core.shell:Creating package script '/home/kishu/roboticslab-technical-project/ros2_ws/install/robotiq_85_description/share/robotiq_85_description/package.ps1'
[2.079s] INFO:colcon.colcon_core.shell:Creating package descriptor '/home/kishu/roboticslab-technical-project/ros2_ws/install/robotiq_85_description/share/robotiq_85_description/package.dsv'
[2.081s] INFO:colcon.colcon_core.shell:Creating package script '/home/kishu/roboticslab-technical-project/ros2_ws/install/robotiq_85_description/share/robotiq_85_description/package.sh'
[2.082s] INFO:colcon.colcon_core.shell:Creating package script '/home/kishu/roboticslab-technical-project/ros2_ws/install/robotiq_85_description/share/robotiq_85_description/package.bash'
[2.083s] INFO:colcon.colcon_core.shell:Creating package script '/home/kishu/roboticslab-technical-project/ros2_ws/install/robotiq_85_description/share/robotiq_85_description/package.zsh'
[2.085s] Level 1:colcon.colcon_core.environment:create_file_with_runtime_dependencies(/home/kishu/roboticslab-technical-project/ros2_ws/install/robotiq_85_description/share/colcon-core/packages/robotiq_85_description)
[2.092s] DEBUG:colcon.colcon_core.event_handler.log_command:Invoked command in '/home/kishu/roboticslab-technical-project/ros2_ws/build/robotiq_85_msgs' returned '0': CMAKE_PREFIX_PATH=${CMAKE_PREFIX_PATH}:/home/kishu/roboticslab-technical-project/ros2_ws/install/robotiq_85_driver:/home/kishu/roboticslab-technical-project/ros2_ws/install/multi_robot_coop:/opt/ros/humble /usr/bin/cmake --build /home/kishu/roboticslab-technical-project/ros2_ws/build/robotiq_85_msgs -- -j4 -l4
[2.096s] DEBUG:colcon.colcon_core.event_handler.log_command:Invoking command in '/home/kishu/roboticslab-technical-project/ros2_ws/build/robotiq_85_msgs': CMAKE_PREFIX_PATH=${CMAKE_PREFIX_PATH}:/home/kishu/roboticslab-technical-project/ros2_ws/install/robotiq_85_driver:/home/kishu/roboticslab-technical-project/ros2_ws/install/multi_robot_coop:/opt/ros/humble /usr/bin/cmake --install /home/kishu/roboticslab-technical-project/ros2_ws/build/robotiq_85_msgs
[2.146s] DEBUG:colcon.colcon_core.event_handler.log_command:Invoked command in '/home/kishu/roboticslab-technical-project/ros2_ws/build/gazebo_ros_link_attacher' returned '0': CMAKE_PREFIX_PATH=${CMAKE_PREFIX_PATH}:/home/kishu/roboticslab-technical-project/ros2_ws/install/robotiq_85_driver:/home/kishu/roboticslab-technical-project/ros2_ws/install/multi_robot_coop:/opt/ros/humble /usr/bin/cmake --build /home/kishu/roboticslab-technical-project/ros2_ws/build/gazebo_ros_link_attacher -- -j4 -l4
[2.163s] DEBUG:colcon.colcon_core.event_handler.log_command:Invoking command in '/home/kishu/roboticslab-technical-project/ros2_ws/build/gazebo_ros_link_attacher': CMAKE_PREFIX_PATH=${CMAKE_PREFIX_PATH}:/home/kishu/roboticslab-technical-project/ros2_ws/install/robotiq_85_driver:/home/kishu/roboticslab-technical-project/ros2_ws/install/multi_robot_coop:/opt/ros/humble /usr/bin/cmake --install /home/kishu/roboticslab-technical-project/ros2_ws/build/gazebo_ros_link_attacher
[2.282s] Level 1:colcon.colcon_core.environment:create_environment_scripts_only(robotiq_85_msgs)
[2.282s] Level 1:colcon.colcon_core.environment:checking '/home/kishu/roboticslab-technical-project/ros2_ws/install/robotiq_85_msgs' for CMake module files
[2.284s] DEBUG:colcon.colcon_core.event_handler.log_command:Invoked command in '/home/kishu/roboticslab-technical-project/ros2_ws/build/robotiq_85_msgs' returned '0': CMAKE_PREFIX_PATH=${CMAKE_PREFIX_PATH}:/home/kishu/roboticslab-technical-project/ros2_ws/install/robotiq_85_driver:/home/kishu/roboticslab-technical-project/ros2_ws/install/multi_robot_coop:/opt/ros/humble /usr/bin/cmake --install /home/kishu/roboticslab-technical-project/ros2_ws/build/robotiq_85_msgs
[2.285s] Level 1:colcon.colcon_core.environment:checking '/home/kishu/roboticslab-technical-project/ros2_ws/install/robotiq_85_msgs' for CMake config files
[2.287s] Level 1:colcon.colcon_core.shell:create_environment_hook('robotiq_85_msgs', 'cmake_prefix_path')
[2.288s] INFO:colcon.colcon_core.shell:Creating environment hook '/home/kishu/roboticslab-technical-project/ros2_ws/install/robotiq_85_msgs/share/robotiq_85_msgs/hook/cmake_prefix_path.ps1'
[2.289s] INFO:colcon.colcon_core.shell:Creating environment descriptor '/home/kishu/roboticslab-technical-project/ros2_ws/install/robotiq_85_msgs/share/robotiq_85_msgs/hook/cmake_prefix_path.dsv'
[2.290s] INFO:colcon.colcon_core.shell:Creating environment hook '/home/kishu/roboticslab-technical-project/ros2_ws/install/robotiq_85_msgs/share/robotiq_85_msgs/hook/cmake_prefix_path.sh'
[2.292s] Level 1:colcon.colcon_core.environment:checking '/home/kishu/roboticslab-technical-project/ros2_ws/install/robotiq_85_msgs/lib'
[2.292s] Level 1:colcon.colcon_core.shell:create_environment_hook('robotiq_85_msgs', 'ld_library_path_lib')
[2.293s] INFO:colcon.colcon_core.shell:Creating environment hook '/home/kishu/roboticslab-technical-project/ros2_ws/install/robotiq_85_msgs/share/robotiq_85_msgs/hook/ld_library_path_lib.ps1'
[2.294s] INFO:colcon.colcon_core.shell:Creating environment descriptor '/home/kishu/roboticslab-technical-project/ros2_ws/install/robotiq_85_msgs/share/robotiq_85_msgs/hook/ld_library_path_lib.dsv'
[2.295s] INFO:colcon.colcon_core.shell:Creating environment hook '/home/kishu/roboticslab-technical-project/ros2_ws/install/robotiq_85_msgs/share/robotiq_85_msgs/hook/ld_library_path_lib.sh'
[2.296s] Level 1:colcon.colcon_core.environment:checking '/home/kishu/roboticslab-technical-project/ros2_ws/install/robotiq_85_msgs/bin'
[2.297s] Level 1:colcon.colcon_core.environment:checking '/home/kishu/roboticslab-technical-project/ros2_ws/install/robotiq_85_msgs/lib/pkgconfig/robotiq_85_msgs.pc'
[2.297s] Level 1:colcon.colcon_core.environment:checking '/home/kishu/roboticslab-technical-project/ros2_ws/install/robotiq_85_msgs/lib/python3.10/site-packages'
[2.298s] Level 1:colcon.colcon_core.environment:checking '/home/kishu/roboticslab-technical-project/ros2_ws/install/robotiq_85_msgs/bin'
[2.299s] INFO:colcon.colcon_core.shell:Creating package script '/home/kishu/roboticslab-technical-project/ros2_ws/install/robotiq_85_msgs/share/robotiq_85_msgs/package.ps1'
[2.301s] INFO:colcon.colcon_core.shell:Creating package descriptor '/home/kishu/roboticslab-technical-project/ros2_ws/install/robotiq_85_msgs/share/robotiq_85_msgs/package.dsv'
[2.302s] INFO:colcon.colcon_core.shell:Creating package script '/home/kishu/roboticslab-technical-project/ros2_ws/install/robotiq_85_msgs/share/robotiq_85_msgs/package.sh'
[2.303s] INFO:colcon.colcon_core.shell:Creating package script '/home/kishu/roboticslab-technical-project/ros2_ws/install/robotiq_85_msgs/share/robotiq_85_msgs/package.bash'
[2.304s] INFO:colcon.colcon_core.shell:Creating package script '/home/kishu/roboticslab-technical-project/ros2_ws/install/robotiq_85_msgs/share/robotiq_85_msgs/package.zsh'
[2.305s] Level 1:colcon.colcon_core.environment:create_file_with_runtime_dependencies(/home/kishu/roboticslab-technical-project/ros2_ws/install/robotiq_85_msgs/share/colcon-core/packages/robotiq_85_msgs)
[2.306s] Level 1:colcon.colcon_core.environment:create_environment_scripts_only(robotiq_85_msgs)
[2.307s] Level 1:colcon.colcon_core.environment:checking '/home/kishu/roboticslab-technical-project/ros2_ws/install/robotiq_85_msgs' for CMake module files
[2.308s] Level 1:colcon.colcon_core.environment:checking '/home/kishu/roboticslab-technical-project/ros2_ws/install/robotiq_85_msgs' for CMake config files
[2.310s] Level 1:colcon.colcon_core.shell:create_environment_hook('robotiq_85_msgs', 'cmake_prefix_path')
[2.311s] INFO:colcon.colcon_core.shell:Creating environment hook '/home/kishu/roboticslab-technical-project/ros2_ws/install/robotiq_85_msgs/share/robotiq_85_msgs/hook/cmake_prefix_path.ps1'
[2.312s] INFO:colcon.colcon_core.shell:Creating environment descriptor '/home/kishu/roboticslab-technical-project/ros2_ws/install/robotiq_85_msgs/share/robotiq_85_msgs/hook/cmake_prefix_path.dsv'
[2.313s] INFO:colcon.colcon_core.shell:Creating environment hook '/home/kishu/roboticslab-technical-project/ros2_ws/install/robotiq_85_msgs/share/robotiq_85_msgs/hook/cmake_prefix_path.sh'
[2.315s] Level 1:colcon.colcon_core.environment:checking '/home/kishu/roboticslab-technical-project/ros2_ws/install/robotiq_85_msgs/lib'
[2.315s] Level 1:colcon.colcon_core.shell:create_environment_hook('robotiq_85_msgs', 'ld_library_path_lib')
[2.316s] INFO:colcon.colcon_core.shell:Creating environment hook '/home/kishu/roboticslab-technical-project/ros2_ws/install/robotiq_85_msgs/share/robotiq_85_msgs/hook/ld_library_path_lib.ps1'
[2.316s] INFO:colcon.colcon_core.shell:Creating environment descriptor '/home/kishu/roboticslab-technical-project/ros2_ws/install/robotiq_85_msgs/share/robotiq_85_msgs/hook/ld_library_path_lib.dsv'
[2.317s] INFO:colcon.colcon_core.shell:Creating environment hook '/home/kishu/roboticslab-technical-project/ros2_ws/install/robotiq_85_msgs/share/robotiq_85_msgs/hook/ld_library_path_lib.sh'
[2.318s] Level 1:colcon.colcon_core.environment:checking '/home/kishu/roboticslab-technical-project/ros2_ws/install/robotiq_85_msgs/bin'
[2.318s] Level 1:colcon.colcon_core.environment:checking '/home/kishu/roboticslab-technical-project/ros2_ws/install/robotiq_85_msgs/lib/pkgconfig/robotiq_85_msgs.pc'
[2.319s] Level 1:colcon.colcon_core.environment:checking '/home/kishu/roboticslab-technical-project/ros2_ws/install/robotiq_85_msgs/lib/python3.10/site-packages'
[2.320s] Level 1:colcon.colcon_core.environment:checking '/home/kishu/roboticslab-technical-project/ros2_ws/install/robotiq_85_msgs/bin'
[2.322s] INFO:colcon.colcon_core.shell:Creating package script '/home/kishu/roboticslab-technical-project/ros2_ws/install/robotiq_85_msgs/share/robotiq_85_msgs/package.ps1'
[2.324s] INFO:colcon.colcon_core.shell:Creating package descriptor '/home/kishu/roboticslab-technical-project/ros2_ws/install/robotiq_85_msgs/share/robotiq_85_msgs/package.dsv'
[2.325s] INFO:colcon.colcon_core.shell:Creating package script '/home/kishu/roboticslab-technical-project/ros2_ws/install/robotiq_85_msgs/share/robotiq_85_msgs/package.sh'
[2.327s] INFO:colcon.colcon_core.shell:Creating package script '/home/kishu/roboticslab-technical-project/ros2_ws/install/robotiq_85_msgs/share/robotiq_85_msgs/package.bash'
[2.329s] INFO:colcon.colcon_core.shell:Creating package script '/home/kishu/roboticslab-technical-project/ros2_ws/install/robotiq_85_msgs/share/robotiq_85_msgs/package.zsh'
[2.334s] Level 1:colcon.colcon_core.environment:create_file_with_runtime_dependencies(/home/kishu/roboticslab-technical-project/ros2_ws/install/robotiq_85_msgs/share/colcon-core/packages/robotiq_85_msgs)
[2.335s] INFO:colcon.colcon_ros.task.ament_python.build:Building ROS package in '/home/kishu/roboticslab-technical-project/ros2_ws/src/robotiq_85_gripper/robotiq_85_driver' with build type 'ament_python'
[2.336s] Level 1:colcon.colcon_core.shell:create_environment_hook('robotiq_85_driver', 'ament_prefix_path')
[2.336s] INFO:colcon.colcon_core.shell:Creating environment hook '/home/kishu/roboticslab-technical-project/ros2_ws/install/robotiq_85_driver/share/robotiq_85_driver/hook/ament_prefix_path.ps1'
[2.338s] INFO:colcon.colcon_core.shell:Creating environment descriptor '/home/kishu/roboticslab-technical-project/ros2_ws/install/robotiq_85_driver/share/robotiq_85_driver/hook/ament_prefix_path.dsv'
[2.340s] INFO:colcon.colcon_core.shell:Creating environment hook '/home/kishu/roboticslab-technical-project/ros2_ws/install/robotiq_85_driver/share/robotiq_85_driver/hook/ament_prefix_path.sh'
[2.342s] INFO:colcon.colcon_core.shell:Skip shell extension 'powershell' for command environment: Not usable outside of PowerShell
[2.342s] DEBUG:colcon.colcon_core.shell:Skip shell extension 'dsv' for command environment
[2.350s] Level 1:colcon.colcon_core.environment:create_environment_scripts_only(gazebo_ros_link_attacher)
[2.350s] Level 1:colcon.colcon_core.environment:checking '/home/kishu/roboticslab-technical-project/ros2_ws/install/gazebo_ros_link_attacher' for CMake module files
[2.352s] DEBUG:colcon.colcon_core.event_handler.log_command:Invoked command in '/home/kishu/roboticslab-technical-project/ros2_ws/build/gazebo_ros_link_attacher' returned '0': CMAKE_PREFIX_PATH=${CMAKE_PREFIX_PATH}:/home/kishu/roboticslab-technical-project/ros2_ws/install/robotiq_85_driver:/home/kishu/roboticslab-technical-project/ros2_ws/install/multi_robot_coop:/opt/ros/humble /usr/bin/cmake --install /home/kishu/roboticslab-technical-project/ros2_ws/build/gazebo_ros_link_attacher
[2.354s] Level 1:colcon.colcon_core.environment:checking '/home/kishu/roboticslab-technical-project/ros2_ws/install/gazebo_ros_link_attacher' for CMake config files
[2.356s] Level 1:colcon.colcon_core.shell:create_environment_hook('gazebo_ros_link_attacher', 'cmake_prefix_path')
[2.357s] INFO:colcon.colcon_core.shell:Creating environment hook '/home/kishu/roboticslab-technical-project/ros2_ws/install/gazebo_ros_link_attacher/share/gazebo_ros_link_attacher/hook/cmake_prefix_path.ps1'
[2.358s] INFO:colcon.colcon_core.shell:Creating environment descriptor '/home/kishu/roboticslab-technical-project/ros2_ws/install/gazebo_ros_link_attacher/share/gazebo_ros_link_attacher/hook/cmake_prefix_path.dsv'
[2.359s] INFO:colcon.colcon_core.shell:Creating environment hook '/home/kishu/roboticslab-technical-project/ros2_ws/install/gazebo_ros_link_attacher/share/gazebo_ros_link_attacher/hook/cmake_prefix_path.sh'
[2.360s] Level 1:colcon.colcon_core.environment:checking '/home/kishu/roboticslab-technical-project/ros2_ws/install/gazebo_ros_link_attacher/lib'
[2.361s] Level 1:colcon.colcon_core.shell:create_environment_hook('gazebo_ros_link_attacher', 'ld_library_path_lib')
[2.363s] INFO:colcon.colcon_core.shell:Creating environment hook '/home/kishu/roboticslab-technical-project/ros2_ws/install/gazebo_ros_link_attacher/share/gazebo_ros_link_attacher/hook/ld_library_path_lib.ps1'
[2.365s] INFO:colcon.colcon_core.shell:Creating environment descriptor '/home/kishu/roboticslab-technical-project/ros2_ws/install/gazebo_ros_link_attacher/share/gazebo_ros_link_attacher/hook/ld_library_path_lib.dsv'
[2.366s] INFO:colcon.colcon_core.shell:Creating environment hook '/home/kishu/roboticslab-technical-project/ros2_ws/install/gazebo_ros_link_attacher/share/gazebo_ros_link_attacher/hook/ld_library_path_lib.sh'
[2.367s] Level 1:colcon.colcon_core.environment:checking '/home/kishu/roboticslab-technical-project/ros2_ws/install/gazebo_ros_link_attacher/bin'
[2.367s] Level 1:colcon.colcon_core.environment:checking '/home/kishu/roboticslab-technical-project/ros2_ws/install/gazebo_ros_link_attacher/lib/pkgconfig/gazebo_ros_link_attacher.pc'
[2.368s] Level 1:colcon.colcon_core.environment:checking '/home/kishu/roboticslab-technical-project/ros2_ws/install/gazebo_ros_link_attacher/lib/python3.10/site-packages'
[2.369s] Level 1:colcon.colcon_core.environment:checking '/home/kishu/roboticslab-technical-project/ros2_ws/install/gazebo_ros_link_attacher/bin'
[2.370s] INFO:colcon.colcon_core.shell:Creating package script '/home/kishu/roboticslab-technical-project/ros2_ws/install/gazebo_ros_link_attacher/share/gazebo_ros_link_attacher/package.ps1'
[2.372s] INFO:colcon.colcon_core.shell:Creating package descriptor '/home/kishu/roboticslab-technical-project/ros2_ws/install/gazebo_ros_link_attacher/share/gazebo_ros_link_attacher/package.dsv'
[2.374s] INFO:colcon.colcon_core.shell:Creating package script '/home/kishu/roboticslab-technical-project/ros2_ws/install/gazebo_ros_link_attacher/share/gazebo_ros_link_attacher/package.sh'
[2.375s] INFO:colcon.colcon_core.shell:Creating package script '/home/kishu/roboticslab-technical-project/ros2_ws/install/gazebo_ros_link_attacher/share/gazebo_ros_link_attacher/package.bash'
[2.376s] INFO:colcon.colcon_core.shell:Creating package script '/home/kishu/roboticslab-technical-project/ros2_ws/install/gazebo_ros_link_attacher/share/gazebo_ros_link_attacher/package.zsh'
[2.377s] Level 1:colcon.colcon_core.environment:create_file_with_runtime_dependencies(/home/kishu/roboticslab-technical-project/ros2_ws/install/gazebo_ros_link_attacher/share/colcon-core/packages/gazebo_ros_link_attacher)
[2.379s] Level 1:colcon.colcon_core.environment:create_environment_scripts_only(gazebo_ros_link_attacher)
[2.379s] Level 1:colcon.colcon_core.environment:checking '/home/kishu/roboticslab-technical-project/ros2_ws/install/gazebo_ros_link_attacher' for CMake module files
[2.382s] Level 1:colcon.colcon_core.environment:checking '/home/kishu/roboticslab-technical-project/ros2_ws/install/gazebo_ros_link_attacher' for CMake config files
[2.384s] Level 1:colcon.colcon_core.shell:create_environment_hook('gazebo_ros_link_attacher', 'cmake_prefix_path')
[2.385s] INFO:colcon.colcon_core.shell:Creating environment hook '/home/kishu/roboticslab-technical-project/ros2_ws/install/gazebo_ros_link_attacher/share/gazebo_ros_link_attacher/hook/cmake_prefix_path.ps1'
[2.386s] INFO:colcon.colcon_core.shell:Creating environment descriptor '/home/kishu/roboticslab-technical-project/ros2_ws/install/gazebo_ros_link_attacher/share/gazebo_ros_link_attacher/hook/cmake_prefix_path.dsv'
[2.387s] INFO:colcon.colcon_core.shell:Creating environment hook '/home/kishu/roboticslab-technical-project/ros2_ws/install/gazebo_ros_link_attacher/share/gazebo_ros_link_attacher/hook/cmake_prefix_path.sh'
[2.389s] Level 1:colcon.colcon_core.environment:checking '/home/kishu/roboticslab-technical-project/ros2_ws/install/gazebo_ros_link_attacher/lib'
[2.390s] Level 1:colcon.colcon_core.shell:create_environment_hook('gazebo_ros_link_attacher', 'ld_library_path_lib')
[2.390s] INFO:colcon.colcon_core.shell:Creating environment hook '/home/kishu/roboticslab-technical-project/ros2_ws/install/gazebo_ros_link_attacher/share/gazebo_ros_link_attacher/hook/ld_library_path_lib.ps1'
[2.391s] INFO:colcon.colcon_core.shell:Creating environment descriptor '/home/kishu/roboticslab-technical-project/ros2_ws/install/gazebo_ros_link_attacher/share/gazebo_ros_link_attacher/hook/ld_library_path_lib.dsv'
[2.392s] INFO:colcon.colcon_core.shell:Creating environment hook '/home/kishu/roboticslab-technical-project/ros2_ws/install/gazebo_ros_link_attacher/share/gazebo_ros_link_attacher/hook/ld_library_path_lib.sh'
[2.393s] Level 1:colcon.colcon_core.environment:checking '/home/kishu/roboticslab-technical-project/ros2_ws/install/gazebo_ros_link_attacher/bin'
[2.394s] Level 1:colcon.colcon_core.environment:checking '/home/kishu/roboticslab-technical-project/ros2_ws/install/gazebo_ros_link_attacher/lib/pkgconfig/gazebo_ros_link_attacher.pc'
[2.395s] Level 1:colcon.colcon_core.environment:checking '/home/kishu/roboticslab-technical-project/ros2_ws/install/gazebo_ros_link_attacher/lib/python3.10/site-packages'
[2.396s] Level 1:colcon.colcon_core.environment:checking '/home/kishu/roboticslab-technical-project/ros2_ws/install/gazebo_ros_link_attacher/bin'
[2.396s] INFO:colcon.colcon_core.shell:Creating package script '/home/kishu/roboticslab-technical-project/ros2_ws/install/gazebo_ros_link_attacher/share/gazebo_ros_link_attacher/package.ps1'
[2.398s] INFO:colcon.colcon_core.shell:Creating package descriptor '/home/kishu/roboticslab-technical-project/ros2_ws/install/gazebo_ros_link_attacher/share/gazebo_ros_link_attacher/package.dsv'
[2.400s] INFO:colcon.colcon_core.shell:Creating package script '/home/kishu/roboticslab-technical-project/ros2_ws/install/gazebo_ros_link_attacher/share/gazebo_ros_link_attacher/package.sh'
[2.401s] INFO:colcon.colcon_core.shell:Creating package script '/home/kishu/roboticslab-technical-project/ros2_ws/install/gazebo_ros_link_attacher/share/gazebo_ros_link_attacher/package.bash'
[2.403s] INFO:colcon.colcon_core.shell:Creating package script '/home/kishu/roboticslab-technical-project/ros2_ws/install/gazebo_ros_link_attacher/share/gazebo_ros_link_attacher/package.zsh'
[2.404s] Level 1:colcon.colcon_core.environment:create_file_with_runtime_dependencies(/home/kishu/roboticslab-technical-project/ros2_ws/install/gazebo_ros_link_attacher/share/colcon-core/packages/gazebo_ros_link_attacher)
[2.919s] INFO:colcon.colcon_core.task.python.build:Building Python package in '/home/kishu/roboticslab-technical-project/ros2_ws/src/robotiq_85_gripper/robotiq_85_driver'
[2.919s] INFO:colcon.colcon_core.shell:Skip shell extension 'powershell' for command environment: Not usable outside of PowerShell
[2.919s] DEBUG:colcon.colcon_core.shell:Skip shell extension 'dsv' for command environment
[2.932s] DEBUG:colcon.colcon_core.event_handler.log_command:Invoking command in '/home/kishu/roboticslab-technical-project/ros2_ws/build/multi_robot_coop': PYTHONPATH=/home/kishu/roboticslab-technical-project/ros2_ws/build/multi_robot_coop/prefix_override:/usr/lib/python3/dist-packages/colcon_core/task/python/colcon_distutils_commands:/home/kishu/roboticslab-technical-project/ros2_ws/install/multi_robot_coop/lib/python3.10/site-packages:${PYTHONPATH} /usr/bin/python3 -W ignore:setup.py install is deprecated -W ignore:easy_install command is deprecated setup.py develop --editable --build-directory /home/kishu/roboticslab-technical-project/ros2_ws/build/multi_robot_coop/build --no-deps symlink_data
[3.733s] DEBUG:colcon.colcon_core.event_handler.log_command:Invoking command in '/home/kishu/roboticslab-technical-project/ros2_ws/build/robotiq_85_driver': CMAKE_PREFIX_PATH=/home/kishu/roboticslab-technical-project/ros2_ws/install/robotiq_85_msgs:/home/kishu/roboticslab-technical-project/ros2_ws/install/robotiq_85_gripper:/home/kishu/roboticslab-technical-project/ros2_ws/install/robotiq_85_description:/home/kishu/roboticslab-technical-project/ros2_ws/install/gazebo_ros_link_attacher PYTHONPATH=/home/kishu/roboticslab-technical-project/ros2_ws/build/robotiq_85_driver/prefix_override:/usr/lib/python3/dist-packages/colcon_core/task/python/colcon_distutils_commands:/home/kishu/roboticslab-technical-project/ros2_ws/install/robotiq_85_driver/lib/python3.10/site-packages:${PYTHONPATH} /usr/bin/python3 -W ignore:setup.py install is deprecated -W ignore:easy_install command is deprecated setup.py develop --editable --build-directory /home/kishu/roboticslab-technical-project/ros2_ws/build/robotiq_85_driver/build --no-deps symlink_data
[3.946s] Level 1:colcon.colcon_core.shell:create_environment_hook('multi_robot_coop', 'pythonpath_develop')
[3.946s] INFO:colcon.colcon_core.shell:Creating environment hook '/home/kishu/roboticslab-technical-project/ros2_ws/build/multi_robot_coop/share/multi_robot_coop/hook/pythonpath_develop.ps1'
[3.947s] DEBUG:colcon.colcon_core.event_handler.log_command:Invoked command in '/home/kishu/roboticslab-technical-project/ros2_ws/build/multi_robot_coop' returned '0': PYTHONPATH=/home/kishu/roboticslab-technical-project/ros2_ws/build/multi_robot_coop/prefix_override:/usr/lib/python3/dist-packages/colcon_core/task/python/colcon_distutils_commands:/home/kishu/roboticslab-technical-project/ros2_ws/install/multi_robot_coop/lib/python3.10/site-packages:${PYTHONPATH} /usr/bin/python3 -W ignore:setup.py install is deprecated -W ignore:easy_install command is deprecated setup.py develop --editable --build-directory /home/kishu/roboticslab-technical-project/ros2_ws/build/multi_robot_coop/build --no-deps symlink_data
[3.948s] INFO:colcon.colcon_core.shell:Creating environment descriptor '/home/kishu/roboticslab-technical-project/ros2_ws/build/multi_robot_coop/share/multi_robot_coop/hook/pythonpath_develop.dsv'
[3.949s] INFO:colcon.colcon_core.shell:Creating environment hook '/home/kishu/roboticslab-technical-project/ros2_ws/build/multi_robot_coop/share/multi_robot_coop/hook/pythonpath_develop.sh'
[3.950s] Level 1:colcon.colcon_core.environment:checking '/home/kishu/roboticslab-technical-project/ros2_ws/install/multi_robot_coop' for CMake module files
[3.952s] Level 1:colcon.colcon_core.environment:checking '/home/kishu/roboticslab-technical-project/ros2_ws/install/multi_robot_coop' for CMake config files
[3.953s] Level 1:colcon.colcon_core.environment:checking '/home/kishu/roboticslab-technical-project/ros2_ws/install/multi_robot_coop/lib'
[3.954s] Level 1:colcon.colcon_core.environment:checking '/home/kishu/roboticslab-technical-project/ros2_ws/install/multi_robot_coop/bin'
[3.954s] Level 1:colcon.colcon_core.environment:checking '/home/kishu/roboticslab-technical-project/ros2_ws/install/multi_robot_coop/lib/pkgconfig/multi_robot_coop.pc'
[3.954s] Level 1:colcon.colcon_core.environment:checking '/home/kishu/roboticslab-technical-project/ros2_ws/install/multi_robot_coop/lib/python3.10/site-packages'
[3.954s] Level 1:colcon.colcon_core.shell:create_environment_hook('multi_robot_coop', 'pythonpath')
[3.955s] INFO:colcon.colcon_core.shell:Creating environment hook '/home/kishu/roboticslab-technical-project/ros2_ws/install/multi_robot_coop/share/multi_robot_coop/hook/pythonpath.ps1'
[3.955s] INFO:colcon.colcon_core.shell:Creating environment descriptor '/home/kishu/roboticslab-technical-project/ros2_ws/install/multi_robot_coop/share/multi_robot_coop/hook/pythonpath.dsv'
[3.956s] INFO:colcon.colcon_core.shell:Creating environment hook '/home/kishu/roboticslab-technical-project/ros2_ws/install/multi_robot_coop/share/multi_robot_coop/hook/pythonpath.sh'
[3.957s] Level 1:colcon.colcon_core.environment:checking '/home/kishu/roboticslab-technical-project/ros2_ws/install/multi_robot_coop/bin'
[3.957s] Level 1:colcon.colcon_core.environment:create_environment_scripts_only(multi_robot_coop)
[3.958s] INFO:colcon.colcon_core.shell:Creating package script '/home/kishu/roboticslab-technical-project/ros2_ws/install/multi_robot_coop/share/multi_robot_coop/package.ps1'
[3.959s] INFO:colcon.colcon_core.shell:Creating package descriptor '/home/kishu/roboticslab-technical-project/ros2_ws/install/multi_robot_coop/share/multi_robot_coop/package.dsv'
[3.959s] INFO:colcon.colcon_core.shell:Creating package script '/home/kishu/roboticslab-technical-project/ros2_ws/install/multi_robot_coop/share/multi_robot_coop/package.sh'
[3.960s] INFO:colcon.colcon_core.shell:Creating package script '/home/kishu/roboticslab-technical-project/ros2_ws/install/multi_robot_coop/share/multi_robot_coop/package.bash'
[3.961s] INFO:colcon.colcon_core.shell:Creating package script '/home/kishu/roboticslab-technical-project/ros2_ws/install/multi_robot_coop/share/multi_robot_coop/package.zsh'
[3.961s] Level 1:colcon.colcon_core.environment:create_file_with_runtime_dependencies(/home/kishu/roboticslab-technical-project/ros2_ws/install/multi_robot_coop/share/colcon-core/packages/multi_robot_coop)
[4.579s] Level 1:colcon.colcon_core.shell:create_environment_hook('robotiq_85_driver', 'pythonpath_develop')
[4.579s] INFO:colcon.colcon_core.shell:Creating environment hook '/home/kishu/roboticslab-technical-project/ros2_ws/build/robotiq_85_driver/share/robotiq_85_driver/hook/pythonpath_develop.ps1'
[4.580s] DEBUG:colcon.colcon_core.event_handler.log_command:Invoked command in '/home/kishu/roboticslab-technical-project/ros2_ws/build/robotiq_85_driver' returned '0': CMAKE_PREFIX_PATH=/home/kishu/roboticslab-technical-project/ros2_ws/install/robotiq_85_msgs:/home/kishu/roboticslab-technical-project/ros2_ws/install/robotiq_85_gripper:/home/kishu/roboticslab-technical-project/ros2_ws/install/robotiq_85_description:/home/kishu/roboticslab-technical-project/ros2_ws/install/gazebo_ros_link_attacher PYTHONPATH=/home/kishu/roboticslab-technical-project/ros2_ws/build/robotiq_85_driver/prefix_override:/usr/lib/python3/dist-packages/colcon_core/task/python/colcon_distutils_commands:/home/kishu/roboticslab-technical-project/ros2_ws/install/robotiq_85_driver/lib/python3.10/site-packages:${PYTHONPATH} /usr/bin/python3 -W ignore:setup.py install is deprecated -W ignore:easy_install command is deprecated setup.py develop --editable --build-directory /home/kishu/roboticslab-technical-project/ros2_ws/build/robotiq_85_driver/build --no-deps symlink_data
[4.581s] INFO:colcon.colcon_core.shell:Creating environment descriptor '/home/kishu/roboticslab-technical-project/ros2_ws/build/robotiq_85_driver/share/robotiq_85_driver/hook/pythonpath_develop.dsv'
[4.581s] INFO:colcon.colcon_core.shell:Creating environment hook '/home/kishu/roboticslab-technical-project/ros2_ws/build/robotiq_85_driver/share/robotiq_85_driver/hook/pythonpath_develop.sh'
[4.582s] Level 1:colcon.colcon_core.environment:checking '/home/kishu/roboticslab-technical-project/ros2_ws/install/robotiq_85_driver' for CMake module files
[4.582s] Level 1:colcon.colcon_core.environment:checking '/home/kishu/roboticslab-technical-project/ros2_ws/install/robotiq_85_driver' for CMake config files
[4.583s] Level 1:colcon.colcon_core.environment:checking '/home/kishu/roboticslab-technical-project/ros2_ws/install/robotiq_85_driver/lib'
[4.583s] Level 1:colcon.colcon_core.environment:checking '/home/kishu/roboticslab-technical-project/ros2_ws/install/robotiq_85_driver/bin'
[4.583s] Level 1:colcon.colcon_core.environment:checking '/home/kishu/roboticslab-technical-project/ros2_ws/install/robotiq_85_driver/lib/pkgconfig/robotiq_85_driver.pc'
[4.584s] Level 1:colcon.colcon_core.environment:checking '/home/kishu/roboticslab-technical-project/ros2_ws/install/robotiq_85_driver/lib/python3.10/site-packages'
[4.584s] Level 1:colcon.colcon_core.shell:create_environment_hook('robotiq_85_driver', 'pythonpath')
[4.584s] INFO:colcon.colcon_core.shell:Creating environment hook '/home/kishu/roboticslab-technical-project/ros2_ws/install/robotiq_85_driver/share/robotiq_85_driver/hook/pythonpath.ps1'
[4.585s] INFO:colcon.colcon_core.shell:Creating environment descriptor '/home/kishu/roboticslab-technical-project/ros2_ws/install/robotiq_85_driver/share/robotiq_85_driver/hook/pythonpath.dsv'
[4.585s] INFO:colcon.colcon_core.shell:Creating environment hook '/home/kishu/roboticslab-technical-project/ros2_ws/install/robotiq_85_driver/share/robotiq_85_driver/hook/pythonpath.sh'
[4.586s] Level 1:colcon.colcon_core.environment:checking '/home/kishu/roboticslab-technical-project/ros2_ws/install/robotiq_85_driver/bin'
[4.586s] Level 1:colcon.colcon_core.environment:create_environment_scripts_only(robotiq_85_driver)
[4.586s] INFO:colcon.colcon_core.shell:Creating package script '/home/kishu/roboticslab-technical-project/ros2_ws/install/robotiq_85_driver/share/robotiq_85_driver/package.ps1'
[4.587s] INFO:colcon.colcon_core.shell:Creating package descriptor '/home/kishu/roboticslab-technical-project/ros2_ws/install/robotiq_85_driver/share/robotiq_85_driver/package.dsv'
[4.588s] INFO:colcon.colcon_core.shell:Creating package script '/home/kishu/roboticslab-technical-project/ros2_ws/install/robotiq_85_driver/share/robotiq_85_driver/package.sh'
[4.589s] INFO:colcon.colcon_core.shell:Creating package script '/home/kishu/roboticslab-technical-project/ros2_ws/install/robotiq_85_driver/share/robotiq_85_driver/package.bash'
[4.589s] INFO:colcon.colcon_core.shell:Creating package script '/home/kishu/roboticslab-technical-project/ros2_ws/install/robotiq_85_driver/share/robotiq_85_driver/package.zsh'
[4.590s] Level 1:colcon.colcon_core.environment:create_file_with_runtime_dependencies(/home/kishu/roboticslab-technical-project/ros2_ws/install/robotiq_85_driver/share/colcon-core/packages/robotiq_85_driver)
[4.590s] INFO:colcon.colcon_ros.task.ament_cmake.build:Building ROS package in '/home/kishu/roboticslab-technical-project/ros2_ws/src/robotiq_85_gripper/robotiq_85_gripper' with build type 'ament_cmake'
[4.590s] INFO:colcon.colcon_cmake.task.cmake.build:Building CMake package in '/home/kishu/roboticslab-technical-project/ros2_ws/src/robotiq_85_gripper/robotiq_85_gripper'
[4.591s] INFO:colcon.colcon_core.shell:Skip shell extension 'powershell' for command environment: Not usable outside of PowerShell
[4.591s] DEBUG:colcon.colcon_core.shell:Skip shell extension 'dsv' for command environment
[4.777s] DEBUG:colcon.colcon_core.event_handler.log_command:Invoking command in '/home/kishu/roboticslab-technical-project/ros2_ws/build/robotiq_85_gripper': AMENT_PREFIX_PATH=/home/kishu/roboticslab-technical-project/ros2_ws/install/robotiq_85_driver:/home/kishu/roboticslab-technical-project/ros2_ws/install/robotiq_85_gripper:/home/kishu/roboticslab-technical-project/ros2_ws/install/robotiq_85_msgs:/home/kishu/roboticslab-technical-project/ros2_ws/install/robotiq_85_description:/home/kishu/roboticslab-technical-project/ros2_ws/install/multi_robot_coop:/home/kishu/roboticslab-technical-project/ros2_ws/install/gazebo_ros_link_attacher:/opt/ros/humble CMAKE_PREFIX_PATH=/home/kishu/roboticslab-technical-project/ros2_ws/install/robotiq_85_msgs:/home/kishu/roboticslab-technical-project/ros2_ws/install/robotiq_85_description:/home/kishu/roboticslab-technical-project/ros2_ws/install/robotiq_85_gripper:/home/kishu/roboticslab-technical-project/ros2_ws/install/gazebo_ros_link_attacher:/home/kishu/roboticslab-technical-project/ros2_ws/install/robotiq_85_driver:/home/kishu/roboticslab-technical-project/ros2_ws/install/multi_robot_coop:/opt/ros/humble /usr/bin/cmake --build /home/kishu/roboticslab-technical-project/ros2_ws/build/robotiq_85_gripper -- -j4 -l4
[4.831s] DEBUG:colcon.colcon_core.event_handler.log_command:Invoked command in '/home/kishu/roboticslab-technical-project/ros2_ws/build/robotiq_85_gripper' returned '0': AMENT_PREFIX_PATH=/home/kishu/roboticslab-technical-project/ros2_ws/install/robotiq_85_driver:/home/kishu/roboticslab-technical-project/ros2_ws/install/robotiq_85_gripper:/home/kishu/roboticslab-technical-project/ros2_ws/install/robotiq_85_msgs:/home/kishu/roboticslab-technical-project/ros2_ws/install/robotiq_85_description:/home/kishu/roboticslab-technical-project/ros2_ws/install/multi_robot_coop:/home/kishu/roboticslab-technical-project/ros2_ws/install/gazebo_ros_link_attacher:/opt/ros/humble CMAKE_PREFIX_PATH=/home/kishu/roboticslab-technical-project/ros2_ws/install/robotiq_85_msgs:/home/kishu/roboticslab-technical-project/ros2_ws/install/robotiq_85_description:/home/kishu/roboticslab-technical-project/ros2_ws/install/robotiq_85_gripper:/home/kishu/roboticslab-technical-project/ros2_ws/install/gazebo_ros_link_attacher:/home/kishu/roboticslab-technical-project/ros2_ws/install/robotiq_85_driver:/home/kishu/roboticslab-technical-project/ros2_ws/install/multi_robot_coop:/opt/ros/humble /usr/bin/cmake --build /home/kishu/roboticslab-technical-project/ros2_ws/build/robotiq_85_gripper -- -j4 -l4
[4.834s] DEBUG:colcon.colcon_core.event_handler.log_command:Invoking command in '/home/kishu/roboticslab-technical-project/ros2_ws/build/robotiq_85_gripper': AMENT_PREFIX_PATH=/home/kishu/roboticslab-technical-project/ros2_ws/install/robotiq_85_driver:/home/kishu/roboticslab-technical-project/ros2_ws/install/robotiq_85_gripper:/home/kishu/roboticslab-technical-project/ros2_ws/install/robotiq_85_msgs:/home/kishu/roboticslab-technical-project/ros2_ws/install/robotiq_85_description:/home/kishu/roboticslab-technical-project/ros2_ws/install/multi_robot_coop:/home/kishu/roboticslab-technical-project/ros2_ws/install/gazebo_ros_link_attacher:/opt/ros/humble CMAKE_PREFIX_PATH=/home/kishu/roboticslab-technical-project/ros2_ws/install/robotiq_85_msgs:/home/kishu/roboticslab-technical-project/ros2_ws/install/robotiq_85_description:/home/kishu/roboticslab-technical-project/ros2_ws/install/robotiq_85_gripper:/home/kishu/roboticslab-technical-project/ros2_ws/install/gazebo_ros_link_attacher:/home/kishu/roboticslab-technical-project/ros2_ws/install/robotiq_85_driver:/home/kishu/roboticslab-technical-project/ros2_ws/install/multi_robot_coop:/opt/ros/humble /usr/bin/cmake --install /home/kishu/roboticslab-technical-project/ros2_ws/build/robotiq_85_gripper
[4.866s] Level 1:colcon.colcon_core.environment:create_environment_scripts_only(robotiq_85_gripper)
[4.866s] Level 1:colcon.colcon_core.environment:checking '/home/kishu/roboticslab-technical-project/ros2_ws/install/robotiq_85_gripper' for CMake module files
[4.867s] DEBUG:colcon.colcon_core.event_handler.log_command:Invoked command in '/home/kishu/roboticslab-technical-project/ros2_ws/build/robotiq_85_gripper' returned '0': AMENT_PREFIX_PATH=/home/kishu/roboticslab-technical-project/ros2_ws/install/robotiq_85_driver:/home/kishu/roboticslab-technical-project/ros2_ws/install/robotiq_85_gripper:/home/kishu/roboticslab-technical-project/ros2_ws/install/robotiq_85_msgs:/home/kishu/roboticslab-technical-project/ros2_ws/install/robotiq_85_description:/home/kishu/roboticslab-technical-project/ros2_ws/install/multi_robot_coop:/home/kishu/roboticslab-technical-project/ros2_ws/install/gazebo_ros_link_attacher:/opt/ros/humble CMAKE_PREFIX_PATH=/home/kishu/roboticslab-technical-project/ros2_ws/install/robotiq_85_msgs:/home/kishu/roboticslab-technical-project/ros2_ws/install/robotiq_85_description:/home/kishu/roboticslab-technical-project/ros2_ws/install/robotiq_85_gripper:/home/kishu/roboticslab-technical-project/ros2_ws/install/gazebo_ros_link_attacher:/home/kishu/roboticslab-technical-project/ros2_ws/install/robotiq_85_driver:/home/kishu/roboticslab-technical-project/ros2_ws/install/multi_robot_coop:/opt/ros/humble /usr/bin/cmake --install /home/kishu/roboticslab-technical-project/ros2_ws/build/robotiq_85_gripper
[4.868s] Level 1:colcon.colcon_core.environment:checking '/home/kishu/roboticslab-technical-project/ros2_ws/install/robotiq_85_gripper' for CMake config files
[4.868s] Level 1:colcon.colcon_core.shell:create_environment_hook('robotiq_85_gripper', 'cmake_prefix_path')
[4.868s] INFO:colcon.colcon_core.shell:Creating environment hook '/home/kishu/roboticslab-technical-project/ros2_ws/install/robotiq_85_gripper/share/robotiq_85_gripper/hook/cmake_prefix_path.ps1'
[4.869s] INFO:colcon.colcon_core.shell:Creating environment descriptor '/home/kishu/roboticslab-technical-project/ros2_ws/install/robotiq_85_gripper/share/robotiq_85_gripper/hook/cmake_prefix_path.dsv'
[4.870s] INFO:colcon.colcon_core.shell:Creating environment hook '/home/kishu/roboticslab-technical-project/ros2_ws/install/robotiq_85_gripper/share/robotiq_85_gripper/hook/cmake_prefix_path.sh'
[4.871s] Level 1:colcon.colcon_core.environment:checking '/home/kishu/roboticslab-technical-project/ros2_ws/install/robotiq_85_gripper/bin'
[4.871s] Level 1:colcon.colcon_core.environment:checking '/home/kishu/roboticslab-technical-project/ros2_ws/install/robotiq_85_gripper/lib/pkgconfig/robotiq_85_gripper.pc'
[4.871s] Level 1:colcon.colcon_core.environment:checking '/home/kishu/roboticslab-technical-project/ros2_ws/install/robotiq_85_gripper/lib/python3.10/site-packages'
[4.872s] Level 1:colcon.colcon_core.environment:checking '/home/kishu/roboticslab-technical-project/ros2_ws/install/robotiq_85_gripper/bin'
[4.872s] INFO:colcon.colcon_core.shell:Creating package script '/home/kishu/roboticslab-technical-project/ros2_ws/install/robotiq_85_gripper/share/robotiq_85_gripper/package.ps1'
[4.873s] INFO:colcon.colcon_core.shell:Creating package descriptor '/home/kishu/roboticslab-technical-project/ros2_ws/install/robotiq_85_gripper/share/robotiq_85_gripper/package.dsv'
[4.874s] INFO:colcon.colcon_core.shell:Creating package script '/home/kishu/roboticslab-technical-project/ros2_ws/install/robotiq_85_gripper/share/robotiq_85_gripper/package.sh'
[4.874s] INFO:colcon.colcon_core.shell:Creating package script '/home/kishu/roboticslab-technical-project/ros2_ws/install/robotiq_85_gripper/share/robotiq_85_gripper/package.bash'
[4.875s] INFO:colcon.colcon_core.shell:Creating package script '/home/kishu/roboticslab-technical-project/ros2_ws/install/robotiq_85_gripper/share/robotiq_85_gripper/package.zsh'
[4.875s] Level 1:colcon.colcon_core.environment:create_file_with_runtime_dependencies(/home/kishu/roboticslab-technical-project/ros2_ws/install/robotiq_85_gripper/share/colcon-core/packages/robotiq_85_gripper)
[4.877s] Level 1:colcon.colcon_core.environment:create_environment_scripts_only(robotiq_85_gripper)
[4.877s] Level 1:colcon.colcon_core.environment:checking '/home/kishu/roboticslab-technical-project/ros2_ws/install/robotiq_85_gripper' for CMake module files
[4.878s] Level 1:colcon.colcon_core.environment:checking '/home/kishu/roboticslab-technical-project/ros2_ws/install/robotiq_85_gripper' for CMake config files
[4.878s] Level 1:colcon.colcon_core.shell:create_environment_hook('robotiq_85_gripper', 'cmake_prefix_path')
[4.878s] INFO:colcon.colcon_core.shell:Creating environment hook '/home/kishu/roboticslab-technical-project/ros2_ws/install/robotiq_85_gripper/share/robotiq_85_gripper/hook/cmake_prefix_path.ps1'
[4.879s] INFO:colcon.colcon_core.shell:Creating environment descriptor '/home/kishu/roboticslab-technical-project/ros2_ws/install/robotiq_85_gripper/share/robotiq_85_gripper/hook/cmake_prefix_path.dsv'
[4.880s] INFO:colcon.colcon_core.shell:Creating environment hook '/home/kishu/roboticslab-technical-project/ros2_ws/install/robotiq_85_gripper/share/robotiq_85_gripper/hook/cmake_prefix_path.sh'
[4.881s] Level 1:colcon.colcon_core.environment:checking '/home/kishu/roboticslab-technical-project/ros2_ws/install/robotiq_85_gripper/bin'
[4.881s] Level 1:colcon.colcon_core.environment:checking '/home/kishu/roboticslab-technical-project/ros2_ws/install/robotiq_85_gripper/lib/pkgconfig/robotiq_85_gripper.pc'
[4.881s] Level 1:colcon.colcon_core.environment:checking '/home/kishu/roboticslab-technical-project/ros2_ws/install/robotiq_85_gripper/lib/python3.10/site-packages'
[4.882s] Level 1:colcon.colcon_core.environment:checking '/home/kishu/roboticslab-technical-project/ros2_ws/install/robotiq_85_gripper/bin'
[4.882s] INFO:colcon.colcon_core.shell:Creating package script '/home/kishu/roboticslab-technical-project/ros2_ws/install/robotiq_85_gripper/share/robotiq_85_gripper/package.ps1'
[4.883s] INFO:colcon.colcon_core.shell:Creating package descriptor '/home/kishu/roboticslab-technical-project/ros2_ws/install/robotiq_85_gripper/share/robotiq_85_gripper/package.dsv'
[4.884s] INFO:colcon.colcon_core.shell:Creating package script '/home/kishu/roboticslab-technical-project/ros2_ws/install/robotiq_85_gripper/share/robotiq_85_gripper/package.sh'
[4.885s] INFO:colcon.colcon_core.shell:Creating package script '/home/kishu/roboticslab-technical-project/ros2_ws/install/robotiq_85_gripper/share/robotiq_85_gripper/package.bash'
[4.885s] INFO:colcon.colcon_core.shell:Creating package script '/home/kishu/roboticslab-technical-project/ros2_ws/install/robotiq_85_gripper/share/robotiq_85_gripper/package.zsh'
[4.886s] Level 1:colcon.colcon_core.environment:create_file_with_runtime_dependencies(/home/kishu/roboticslab-technical-project/ros2_ws/install/robotiq_85_gripper/share/colcon-core/packages/robotiq_85_gripper)
[4.886s] DEBUG:colcon.colcon_parallel_executor.executor.parallel:closing loop
[4.887s] DEBUG:colcon.colcon_parallel_executor.executor.parallel:loop closed
[4.888s] DEBUG:colcon.colcon_parallel_executor.executor.parallel:run_until_complete finished with '0'
[4.888s] DEBUG:colcon.colcon_core.event_reactor:joining thread
[4.923s] INFO:colcon.colcon_core.plugin_system:Skipping extension 'colcon_notification.desktop_notification.notify_send': Could not find 'notify-send'
[4.924s] INFO:colcon.colcon_core.plugin_system:Skipping extension 'colcon_notification.desktop_notification.terminal_notifier': Not used on non-Darwin systems
[4.924s] INFO:colcon.colcon_core.plugin_system:Skipping extension 'colcon_notification.desktop_notification.win32': Not used on non-Windows systems
[4.924s] INFO:colcon.colcon_notification.desktop_notification:Sending desktop notification using 'notify2'
[4.924s] DEBUG:colcon.colcon_notification.desktop_notification.notify2:Failed to initialize notify2: org.freedesktop.DBus.Error.FileNotFound: Failed to connect to socket /run/user/1000/bus: No such file or directory
[4.924s] DEBUG:colcon.colcon_core.event_reactor:joined thread
[4.924s] INFO:colcon.colcon_core.shell:Creating prefix script '/home/kishu/roboticslab-technical-project/ros2_ws/install/local_setup.ps1'
[4.926s] INFO:colcon.colcon_core.shell:Creating prefix util module '/home/kishu/roboticslab-technical-project/ros2_ws/install/_local_setup_util_ps1.py'
[4.930s] INFO:colcon.colcon_core.shell:Creating prefix chain script '/home/kishu/roboticslab-technical-project/ros2_ws/install/setup.ps1'
[4.933s] INFO:colcon.colcon_core.shell:Creating prefix script '/home/kishu/roboticslab-technical-project/ros2_ws/install/local_setup.sh'
[4.933s] INFO:colcon.colcon_core.shell:Creating prefix util module '/home/kishu/roboticslab-technical-project/ros2_ws/install/_local_setup_util_sh.py'
[4.934s] INFO:colcon.colcon_core.shell:Creating prefix chain script '/home/kishu/roboticslab-technical-project/ros2_ws/install/setup.sh'
[4.936s] INFO:colcon.colcon_core.shell:Creating prefix script '/home/kishu/roboticslab-technical-project/ros2_ws/install/local_setup.bash'
[4.937s] INFO:colcon.colcon_core.shell:Creating prefix chain script '/home/kishu/roboticslab-technical-project/ros2_ws/install/setup.bash'
[4.939s] INFO:colcon.colcon_core.shell:Creating prefix script '/home/kishu/roboticslab-technical-project/ros2_ws/install/local_setup.zsh'
[4.940s] INFO:colcon.colcon_core.shell:Creating prefix chain script '/home/kishu/roboticslab-technical-project/ros2_ws/install/setup.zsh'
