[0mCMake Deprecation Warning at CMakeLists.txt:1 (cmake_minimum_required):
  Compatibility with CMake < 2.8.12 will be removed from a future version of
  CMake.

  Update the VERSION argument <min> value or use a ...<max> suffix to tell
  CMake that the project does not need compatibility with older versions.

[0m
tar: Removing leading `../' from member names
tar: ../ambulance: Cannot stat: No such file or directory
tar: Removing leading `../' from member names
tar: ../apollo15_landing_site_1000x1000: Cannot stat: No such file or directory
tar: Removing leading `../' from member names
tar: ../apartment: Cannot stat: No such file or directory
tar: Removing leading `../' from member names
tar: ../arm_part: Cannot stat: No such file or directory
tar: Exiting with failure status due to previous errors
gmake[2]: *** [CMakeFiles/ambulance.dir/build.make:71: CMakeFiles/ambulance] Error 2
gmake[1]: *** [CMakeFiles/Makefile2:593: CMakeFiles/ambulance.dir/all] Error 2
gmake[1]: *** Waiting for unfinished jobs....
tar: Exiting with failure status due to previous errors
gmake[2]: *** [CMakeFiles/apartment.dir/build.make:71: CMakeFiles/apartment] Error 2
gmake[1]: *** [CMakeFiles/Makefile2:619: CMakeFiles/apartment.dir/all] Error 2
tar: Exiting with failure status due to previous errorstar: Exiting with failure status due to previous errors

gmake[2]: *** [CMakeFiles/apollo15_landing_site_1000x1000.dir/build.make:71: CMakeFiles/apollo15_landing_site_1000x1000] Error 2
gmake[2]: *** [CMakeFiles/arm_part.dir/build.make:71: CMakeFiles/arm_part] Error 2
gmake[1]: *** [CMakeFiles/Makefile2:645: CMakeFiles/apollo15_landing_site_1000x1000.dir/all] Error 2
gmake[1]: *** [CMakeFiles/Makefile2:671: CMakeFiles/arm_part.dir/all] Error 2
gmake: *** [Makefile:156: all] Error 2
