[0.071s] Invoking command in '/home/kishu/roboticslab-technical-project/build/gazebo_models': /usr/bin/cmake /home/kishu/roboticslab-technical-project/gazebo_models -DCMAKE_INSTALL_PREFIX=/home/kishu/roboticslab-technical-project/install/gazebo_models
[0.896s] -- The C compiler identification is GNU 11.4.0
[0.899s] [0mCMake Deprecation Warning at CMakeLists.txt:1 (cmake_minimum_required):
[0.899s]   Compatibility with CMake < 2.8.12 will be removed from a future version of
[0.900s]   CMake.
[0.900s] 
[0.900s]   Update the VERSION argument <min> value or use a ...<max> suffix to tell
[0.900s]   CMake that the project does not need compatibility with older versions.
[0.900s] 
[0.900s] [0m
[1.195s] -- The CXX compiler identification is GNU 11.4.0
[1.392s] -- Detecting C compiler ABI info
[1.633s] -- Detecting C compiler ABI info - done
[1.656s] -- Check for working C compiler: /usr/bin/cc - skipped
[1.657s] -- Detecting C compile features
[1.660s] -- Detecting C compile features - done
[1.669s] -- Detecting CXX compiler ABI info
[1.955s] -- Detecting CXX compiler ABI info - done
[1.983s] -- Check for working CXX compiler: /usr/bin/c++ - skipped
[1.984s] -- Detecting CXX compile features
[1.987s] -- Detecting CXX compile features - done
[2.180s] -- Install path: /home/kishu/roboticslab-technical-project/install/gazebo_models/models
[2.211s] -- Configuring done
[2.934s] -- Generating done
[3.115s] -- Build files have been written to: /home/kishu/roboticslab-technical-project/build/gazebo_models
[3.128s] Invoked command in '/home/kishu/roboticslab-technical-project/build/gazebo_models' returned '0': /usr/bin/cmake /home/kishu/roboticslab-technical-project/gazebo_models -DCMAKE_INSTALL_PREFIX=/home/kishu/roboticslab-technical-project/install/gazebo_models
[3.136s] Invoking command in '/home/kishu/roboticslab-technical-project/build/gazebo_models': /usr/bin/cmake --build /home/kishu/roboticslab-technical-project/build/gazebo_models -- -j4 -l4
[3.320s] tar: Removing leading `../' from member names
[3.321s] tar: ../ambulance: Cannot stat: No such file or directory
[3.321s] tar: Removing leading `../' from member names
[3.321s] tar: ../apollo15_landing_site_1000x1000: Cannot stat: No such file or directory
[3.321s] tar: Removing leading `../' from member names
[3.321s] tar: ../apartment: Cannot stat: No such file or directory
[3.321s] tar: Removing leading `../' from member names
[3.322s] tar: ../arm_part: Cannot stat: No such file or directory
[3.323s] tar: Exiting with failure status due to previous errors
[3.323s] gmake[2]: *** [CMakeFiles/ambulance.dir/build.make:71: CMakeFiles/ambulance] Error 2
[3.326s] gmake[1]: *** [CMakeFiles/Makefile2:593: CMakeFiles/ambulance.dir/all] Error 2
[3.327s] gmake[1]: *** Waiting for unfinished jobs....
[3.327s] tar: Exiting with failure status due to previous errors
[3.327s] gmake[2]: *** [CMakeFiles/apartment.dir/build.make:71: CMakeFiles/apartment] Error 2
[3.328s] gmake[1]: *** [CMakeFiles/Makefile2:619: CMakeFiles/apartment.dir/all] Error 2
[3.328s] tar: Exiting with failure status due to previous errorstar: Exiting with failure status due to previous errors
[3.328s] 
[3.328s] gmake[2]: *** [CMakeFiles/apollo15_landing_site_1000x1000.dir/build.make:71: CMakeFiles/apollo15_landing_site_1000x1000] Error 2
[3.328s] gmake[2]: *** [CMakeFiles/arm_part.dir/build.make:71: CMakeFiles/arm_part] Error 2
[3.328s] gmake[1]: *** [CMakeFiles/Makefile2:645: CMakeFiles/apollo15_landing_site_1000x1000.dir/all] Error 2
[3.329s] gmake[1]: *** [CMakeFiles/Makefile2:671: CMakeFiles/arm_part.dir/all] Error 2
[3.329s] gmake: *** [Makefile:156: all] Error 2
[3.332s] Invoked command in '/home/kishu/roboticslab-technical-project/build/gazebo_models' returned '2': /usr/bin/cmake --build /home/kishu/roboticslab-technical-project/build/gazebo_models -- -j4 -l4
