[0.197s] DEBUG:colcon:Command line arguments: ['/usr/bin/colcon', 'build', '--symlink-install']
[0.197s] DEBUG:colcon:Parsed command line arguments: Namespace(log_base=None, log_level=None, verb_name='build', build_base='build', install_base='install', merge_install=False, symlink_install=True, test_result_base=None, continue_on_error=False, executor='parallel', parallel_workers=4, event_handlers=None, ignore_user_meta=False, metas=['./colcon.meta'], base_paths=['.'], packages_ignore=None, packages_ignore_regex=None, paths=None, packages_up_to=None, packages_up_to_regex=None, packages_above=None, packages_above_and_dependencies=None, packages_above_depth=None, packages_select_by_dep=None, packages_skip_by_dep=None, packages_skip_up_to=None, packages_select_build_failed=False, packages_skip_build_finished=False, packages_select_test_failures=False, packages_skip_test_passed=False, packages_select=None, packages_skip=None, packages_select_regex=None, packages_skip_regex=None, packages_start=None, packages_end=None, allow_overriding=[], cmake_args=None, cmake_target=None, cmake_target_skip_unavailable=False, cmake_clean_cache=False, cmake_clean_first=False, cmake_force_configure=False, ament_cmake_args=None, catkin_cmake_args=None, catkin_skip_building_tests=False, verb_parser=<colcon_defaults.argument_parser.defaults.DefaultArgumentsDecorator object at 0x709927a5e020>, verb_extension=<colcon_core.verb.build.BuildVerb object at 0x709927a5da50>, main=<bound method BuildVerb.main of <colcon_core.verb.build.BuildVerb object at 0x709927a5da50>>)
[0.489s] Level 1:colcon.colcon_core.package_discovery:discover_packages(colcon_meta) check parameters
[0.489s] Level 1:colcon.colcon_core.package_discovery:discover_packages(recursive) check parameters
[0.489s] Level 1:colcon.colcon_core.package_discovery:discover_packages(ignore) check parameters
[0.489s] Level 1:colcon.colcon_core.package_discovery:discover_packages(path) check parameters
[0.489s] Level 1:colcon.colcon_core.package_discovery:discover_packages(colcon_meta) discover
[0.489s] Level 1:colcon.colcon_core.package_discovery:discover_packages(recursive) discover
[0.489s] INFO:colcon.colcon_core.package_discovery:Crawling recursively for packages in '/home/kishu/roboticslab-technical-project/ros2_ws'
[0.490s] Level 1:colcon.colcon_core.package_identification:_identify(.) by extensions ['ignore', 'ignore_ament_install']
[0.490s] Level 1:colcon.colcon_core.package_identification:_identify(.) by extension 'ignore'
[0.490s] Level 1:colcon.colcon_core.package_identification:_identify(.) by extension 'ignore_ament_install'
[0.490s] Level 1:colcon.colcon_core.package_identification:_identify(.) by extensions ['colcon_pkg']
[0.490s] Level 1:colcon.colcon_core.package_identification:_identify(.) by extension 'colcon_pkg'
[0.490s] Level 1:colcon.colcon_core.package_identification:_identify(.) by extensions ['colcon_meta']
[0.490s] Level 1:colcon.colcon_core.package_identification:_identify(.) by extension 'colcon_meta'
[0.490s] Level 1:colcon.colcon_core.package_identification:_identify(.) by extensions ['ros']
[0.490s] Level 1:colcon.colcon_core.package_identification:_identify(.) by extension 'ros'
[0.506s] Level 1:colcon.colcon_core.package_identification:_identify(.) by extensions ['cmake', 'python']
[0.506s] Level 1:colcon.colcon_core.package_identification:_identify(.) by extension 'cmake'
[0.506s] Level 1:colcon.colcon_core.package_identification:_identify(.) by extension 'python'
[0.506s] Level 1:colcon.colcon_core.package_identification:_identify(.) by extensions ['python_setup_py']
[0.506s] Level 1:colcon.colcon_core.package_identification:_identify(.) by extension 'python_setup_py'
[0.507s] Level 1:colcon.colcon_core.package_identification:_identify(build) by extensions ['ignore', 'ignore_ament_install']
[0.507s] Level 1:colcon.colcon_core.package_identification:_identify(build) by extension 'ignore'
[0.507s] Level 1:colcon.colcon_core.package_identification:_identify(build) ignored
[0.507s] Level 1:colcon.colcon_core.package_identification:_identify(install) by extensions ['ignore', 'ignore_ament_install']
[0.507s] Level 1:colcon.colcon_core.package_identification:_identify(install) by extension 'ignore'
[0.507s] Level 1:colcon.colcon_core.package_identification:_identify(install) ignored
[0.507s] Level 1:colcon.colcon_core.package_identification:_identify(log) by extensions ['ignore', 'ignore_ament_install']
[0.507s] Level 1:colcon.colcon_core.package_identification:_identify(log) by extension 'ignore'
[0.507s] Level 1:colcon.colcon_core.package_identification:_identify(log) ignored
[0.508s] Level 1:colcon.colcon_core.package_identification:_identify(src) by extensions ['ignore', 'ignore_ament_install']
[0.508s] Level 1:colcon.colcon_core.package_identification:_identify(src) by extension 'ignore'
[0.508s] Level 1:colcon.colcon_core.package_identification:_identify(src) by extension 'ignore_ament_install'
[0.508s] Level 1:colcon.colcon_core.package_identification:_identify(src) by extensions ['colcon_pkg']
[0.508s] Level 1:colcon.colcon_core.package_identification:_identify(src) by extension 'colcon_pkg'
[0.508s] Level 1:colcon.colcon_core.package_identification:_identify(src) by extensions ['colcon_meta']
[0.508s] Level 1:colcon.colcon_core.package_identification:_identify(src) by extension 'colcon_meta'
[0.508s] Level 1:colcon.colcon_core.package_identification:_identify(src) by extensions ['ros']
[0.508s] Level 1:colcon.colcon_core.package_identification:_identify(src) by extension 'ros'
[0.508s] Level 1:colcon.colcon_core.package_identification:_identify(src) by extensions ['cmake', 'python']
[0.508s] Level 1:colcon.colcon_core.package_identification:_identify(src) by extension 'cmake'
[0.508s] Level 1:colcon.colcon_core.package_identification:_identify(src) by extension 'python'
[0.508s] Level 1:colcon.colcon_core.package_identification:_identify(src) by extensions ['python_setup_py']
[0.508s] Level 1:colcon.colcon_core.package_identification:_identify(src) by extension 'python_setup_py'
[0.508s] Level 1:colcon.colcon_core.package_identification:_identify(src/gazebo_ros_link_attacher) by extensions ['ignore', 'ignore_ament_install']
[0.509s] Level 1:colcon.colcon_core.package_identification:_identify(src/gazebo_ros_link_attacher) by extension 'ignore'
[0.509s] Level 1:colcon.colcon_core.package_identification:_identify(src/gazebo_ros_link_attacher) by extension 'ignore_ament_install'
[0.509s] Level 1:colcon.colcon_core.package_identification:_identify(src/gazebo_ros_link_attacher) by extensions ['colcon_pkg']
[0.509s] Level 1:colcon.colcon_core.package_identification:_identify(src/gazebo_ros_link_attacher) by extension 'colcon_pkg'
[0.509s] Level 1:colcon.colcon_core.package_identification:_identify(src/gazebo_ros_link_attacher) by extensions ['colcon_meta']
[0.509s] Level 1:colcon.colcon_core.package_identification:_identify(src/gazebo_ros_link_attacher) by extension 'colcon_meta'
[0.509s] Level 1:colcon.colcon_core.package_identification:_identify(src/gazebo_ros_link_attacher) by extensions ['ros']
[0.509s] Level 1:colcon.colcon_core.package_identification:_identify(src/gazebo_ros_link_attacher) by extension 'ros'
[0.512s] DEBUG:colcon.colcon_core.package_identification:Package 'src/gazebo_ros_link_attacher' with type 'ros.ament_cmake' and name 'gazebo_ros_link_attacher'
[0.512s] Level 1:colcon.colcon_core.package_identification:_identify(src/multi_robot_coop) by extensions ['ignore', 'ignore_ament_install']
[0.513s] Level 1:colcon.colcon_core.package_identification:_identify(src/multi_robot_coop) by extension 'ignore'
[0.513s] Level 1:colcon.colcon_core.package_identification:_identify(src/multi_robot_coop) by extension 'ignore_ament_install'
[0.513s] Level 1:colcon.colcon_core.package_identification:_identify(src/multi_robot_coop) by extensions ['colcon_pkg']
[0.513s] Level 1:colcon.colcon_core.package_identification:_identify(src/multi_robot_coop) by extension 'colcon_pkg'
[0.513s] Level 1:colcon.colcon_core.package_identification:_identify(src/multi_robot_coop) by extensions ['colcon_meta']
[0.513s] Level 1:colcon.colcon_core.package_identification:_identify(src/multi_robot_coop) by extension 'colcon_meta'
[0.514s] Level 1:colcon.colcon_core.package_identification:_identify(src/multi_robot_coop) by extensions ['ros']
[0.514s] Level 1:colcon.colcon_core.package_identification:_identify(src/multi_robot_coop) by extension 'ros'
[0.516s] DEBUG:colcon.colcon_core.package_identification:Package 'src/multi_robot_coop' with type 'ros.ament_python' and name 'multi_robot_coop'
[0.516s] Level 1:colcon.colcon_core.package_identification:_identify(src/robotiq_85_gripper) by extensions ['ignore', 'ignore_ament_install']
[0.516s] Level 1:colcon.colcon_core.package_identification:_identify(src/robotiq_85_gripper) by extension 'ignore'
[0.516s] Level 1:colcon.colcon_core.package_identification:_identify(src/robotiq_85_gripper) by extension 'ignore_ament_install'
[0.516s] Level 1:colcon.colcon_core.package_identification:_identify(src/robotiq_85_gripper) by extensions ['colcon_pkg']
[0.516s] Level 1:colcon.colcon_core.package_identification:_identify(src/robotiq_85_gripper) by extension 'colcon_pkg'
[0.517s] Level 1:colcon.colcon_core.package_identification:_identify(src/robotiq_85_gripper) by extensions ['colcon_meta']
[0.517s] Level 1:colcon.colcon_core.package_identification:_identify(src/robotiq_85_gripper) by extension 'colcon_meta'
[0.517s] Level 1:colcon.colcon_core.package_identification:_identify(src/robotiq_85_gripper) by extensions ['ros']
[0.517s] Level 1:colcon.colcon_core.package_identification:_identify(src/robotiq_85_gripper) by extension 'ros'
[0.517s] Level 1:colcon.colcon_core.package_identification:_identify(src/robotiq_85_gripper) by extensions ['cmake', 'python']
[0.517s] Level 1:colcon.colcon_core.package_identification:_identify(src/robotiq_85_gripper) by extension 'cmake'
[0.517s] Level 1:colcon.colcon_core.package_identification:_identify(src/robotiq_85_gripper) by extension 'python'
[0.517s] Level 1:colcon.colcon_core.package_identification:_identify(src/robotiq_85_gripper) by extensions ['python_setup_py']
[0.517s] Level 1:colcon.colcon_core.package_identification:_identify(src/robotiq_85_gripper) by extension 'python_setup_py'
[0.517s] Level 1:colcon.colcon_core.package_identification:_identify(src/robotiq_85_gripper/robotiq_85_description) by extensions ['ignore', 'ignore_ament_install']
[0.517s] Level 1:colcon.colcon_core.package_identification:_identify(src/robotiq_85_gripper/robotiq_85_description) by extension 'ignore'
[0.517s] Level 1:colcon.colcon_core.package_identification:_identify(src/robotiq_85_gripper/robotiq_85_description) by extension 'ignore_ament_install'
[0.517s] Level 1:colcon.colcon_core.package_identification:_identify(src/robotiq_85_gripper/robotiq_85_description) by extensions ['colcon_pkg']
[0.517s] Level 1:colcon.colcon_core.package_identification:_identify(src/robotiq_85_gripper/robotiq_85_description) by extension 'colcon_pkg'
[0.518s] Level 1:colcon.colcon_core.package_identification:_identify(src/robotiq_85_gripper/robotiq_85_description) by extensions ['colcon_meta']
[0.518s] Level 1:colcon.colcon_core.package_identification:_identify(src/robotiq_85_gripper/robotiq_85_description) by extension 'colcon_meta'
[0.518s] Level 1:colcon.colcon_core.package_identification:_identify(src/robotiq_85_gripper/robotiq_85_description) by extensions ['ros']
[0.518s] Level 1:colcon.colcon_core.package_identification:_identify(src/robotiq_85_gripper/robotiq_85_description) by extension 'ros'
[0.519s] DEBUG:colcon.colcon_core.package_identification:Package 'src/robotiq_85_gripper/robotiq_85_description' with type 'ros.ament_cmake' and name 'robotiq_85_description'
[0.519s] Level 1:colcon.colcon_core.package_identification:_identify(src/robotiq_85_gripper/robotiq_85_driver) by extensions ['ignore', 'ignore_ament_install']
[0.519s] Level 1:colcon.colcon_core.package_identification:_identify(src/robotiq_85_gripper/robotiq_85_driver) by extension 'ignore'
[0.519s] Level 1:colcon.colcon_core.package_identification:_identify(src/robotiq_85_gripper/robotiq_85_driver) by extension 'ignore_ament_install'
[0.519s] Level 1:colcon.colcon_core.package_identification:_identify(src/robotiq_85_gripper/robotiq_85_driver) by extensions ['colcon_pkg']
[0.519s] Level 1:colcon.colcon_core.package_identification:_identify(src/robotiq_85_gripper/robotiq_85_driver) by extension 'colcon_pkg'
[0.519s] Level 1:colcon.colcon_core.package_identification:_identify(src/robotiq_85_gripper/robotiq_85_driver) by extensions ['colcon_meta']
[0.519s] Level 1:colcon.colcon_core.package_identification:_identify(src/robotiq_85_gripper/robotiq_85_driver) by extension 'colcon_meta'
[0.519s] Level 1:colcon.colcon_core.package_identification:_identify(src/robotiq_85_gripper/robotiq_85_driver) by extensions ['ros']
[0.519s] Level 1:colcon.colcon_core.package_identification:_identify(src/robotiq_85_gripper/robotiq_85_driver) by extension 'ros'
[0.522s] DEBUG:colcon.colcon_core.package_identification:Package 'src/robotiq_85_gripper/robotiq_85_driver' with type 'ros.ament_python' and name 'robotiq_85_driver'
[0.522s] Level 1:colcon.colcon_core.package_identification:_identify(src/robotiq_85_gripper/robotiq_85_gripper) by extensions ['ignore', 'ignore_ament_install']
[0.522s] Level 1:colcon.colcon_core.package_identification:_identify(src/robotiq_85_gripper/robotiq_85_gripper) by extension 'ignore'
[0.522s] Level 1:colcon.colcon_core.package_identification:_identify(src/robotiq_85_gripper/robotiq_85_gripper) by extension 'ignore_ament_install'
[0.522s] Level 1:colcon.colcon_core.package_identification:_identify(src/robotiq_85_gripper/robotiq_85_gripper) by extensions ['colcon_pkg']
[0.522s] Level 1:colcon.colcon_core.package_identification:_identify(src/robotiq_85_gripper/robotiq_85_gripper) by extension 'colcon_pkg'
[0.522s] Level 1:colcon.colcon_core.package_identification:_identify(src/robotiq_85_gripper/robotiq_85_gripper) by extensions ['colcon_meta']
[0.523s] Level 1:colcon.colcon_core.package_identification:_identify(src/robotiq_85_gripper/robotiq_85_gripper) by extension 'colcon_meta'
[0.523s] Level 1:colcon.colcon_core.package_identification:_identify(src/robotiq_85_gripper/robotiq_85_gripper) by extensions ['ros']
[0.523s] Level 1:colcon.colcon_core.package_identification:_identify(src/robotiq_85_gripper/robotiq_85_gripper) by extension 'ros'
[0.523s] DEBUG:colcon.colcon_core.package_identification:Package 'src/robotiq_85_gripper/robotiq_85_gripper' with type 'ros.ament_cmake' and name 'robotiq_85_gripper'
[0.524s] Level 1:colcon.colcon_core.package_identification:_identify(src/robotiq_85_gripper/robotiq_85_msgs) by extensions ['ignore', 'ignore_ament_install']
[0.524s] Level 1:colcon.colcon_core.package_identification:_identify(src/robotiq_85_gripper/robotiq_85_msgs) by extension 'ignore'
[0.524s] Level 1:colcon.colcon_core.package_identification:_identify(src/robotiq_85_gripper/robotiq_85_msgs) by extension 'ignore_ament_install'
[0.524s] Level 1:colcon.colcon_core.package_identification:_identify(src/robotiq_85_gripper/robotiq_85_msgs) by extensions ['colcon_pkg']
[0.524s] Level 1:colcon.colcon_core.package_identification:_identify(src/robotiq_85_gripper/robotiq_85_msgs) by extension 'colcon_pkg'
[0.524s] Level 1:colcon.colcon_core.package_identification:_identify(src/robotiq_85_gripper/robotiq_85_msgs) by extensions ['colcon_meta']
[0.524s] Level 1:colcon.colcon_core.package_identification:_identify(src/robotiq_85_gripper/robotiq_85_msgs) by extension 'colcon_meta'
[0.524s] Level 1:colcon.colcon_core.package_identification:_identify(src/robotiq_85_gripper/robotiq_85_msgs) by extensions ['ros']
[0.524s] Level 1:colcon.colcon_core.package_identification:_identify(src/robotiq_85_gripper/robotiq_85_msgs) by extension 'ros'
[0.525s] DEBUG:colcon.colcon_core.package_identification:Package 'src/robotiq_85_gripper/robotiq_85_msgs' with type 'ros.ament_cmake' and name 'robotiq_85_msgs'
[0.525s] Level 1:colcon.colcon_core.package_discovery:discover_packages(recursive) using defaults
[0.525s] Level 1:colcon.colcon_core.package_discovery:discover_packages(ignore) discover
[0.525s] Level 1:colcon.colcon_core.package_discovery:discover_packages(ignore) using defaults
[0.525s] Level 1:colcon.colcon_core.package_discovery:discover_packages(path) discover
[0.525s] Level 1:colcon.colcon_core.package_discovery:discover_packages(path) using defaults
[0.571s] Level 1:colcon.colcon_core.package_discovery:discover_packages(prefix_path) check parameters
[0.571s] Level 1:colcon.colcon_core.package_discovery:discover_packages(prefix_path) discover
[0.573s] DEBUG:colcon.colcon_installed_package_information.package_discovery:Found 6 installed packages in /home/kishu/roboticslab-technical-project/ros2_ws/install
[0.577s] DEBUG:colcon.colcon_installed_package_information.package_discovery:Found 481 installed packages in /opt/ros/humble
[0.581s] Level 1:colcon.colcon_core.package_discovery:discover_packages(prefix_path) using defaults
[0.677s] Level 5:colcon.colcon_core.verb:set package 'gazebo_ros_link_attacher' build argument 'cmake_args' from command line to 'None'
[0.677s] Level 5:colcon.colcon_core.verb:set package 'gazebo_ros_link_attacher' build argument 'cmake_target' from command line to 'None'
[0.678s] Level 5:colcon.colcon_core.verb:set package 'gazebo_ros_link_attacher' build argument 'cmake_target_skip_unavailable' from command line to 'False'
[0.678s] Level 5:colcon.colcon_core.verb:set package 'gazebo_ros_link_attacher' build argument 'cmake_clean_cache' from command line to 'False'
[0.678s] Level 5:colcon.colcon_core.verb:set package 'gazebo_ros_link_attacher' build argument 'cmake_clean_first' from command line to 'False'
[0.678s] Level 5:colcon.colcon_core.verb:set package 'gazebo_ros_link_attacher' build argument 'cmake_force_configure' from command line to 'False'
[0.678s] Level 5:colcon.colcon_core.verb:set package 'gazebo_ros_link_attacher' build argument 'ament_cmake_args' from command line to 'None'
[0.678s] Level 5:colcon.colcon_core.verb:set package 'gazebo_ros_link_attacher' build argument 'catkin_cmake_args' from command line to 'None'
[0.678s] Level 5:colcon.colcon_core.verb:set package 'gazebo_ros_link_attacher' build argument 'catkin_skip_building_tests' from command line to 'False'
[0.678s] DEBUG:colcon.colcon_core.verb:Building package 'gazebo_ros_link_attacher' with the following arguments: {'ament_cmake_args': None, 'build_base': '/home/kishu/roboticslab-technical-project/ros2_ws/build/gazebo_ros_link_attacher', 'catkin_cmake_args': None, 'catkin_skip_building_tests': False, 'cmake_args': None, 'cmake_clean_cache': False, 'cmake_clean_first': False, 'cmake_force_configure': False, 'cmake_target': None, 'cmake_target_skip_unavailable': False, 'install_base': '/home/kishu/roboticslab-technical-project/ros2_ws/install/gazebo_ros_link_attacher', 'merge_install': False, 'path': '/home/kishu/roboticslab-technical-project/ros2_ws/src/gazebo_ros_link_attacher', 'symlink_install': True, 'test_result_base': None}
[0.678s] Level 5:colcon.colcon_core.verb:set package 'multi_robot_coop' build argument 'cmake_args' from command line to 'None'
[0.678s] Level 5:colcon.colcon_core.verb:set package 'multi_robot_coop' build argument 'cmake_target' from command line to 'None'
[0.678s] Level 5:colcon.colcon_core.verb:set package 'multi_robot_coop' build argument 'cmake_target_skip_unavailable' from command line to 'False'
[0.678s] Level 5:colcon.colcon_core.verb:set package 'multi_robot_coop' build argument 'cmake_clean_cache' from command line to 'False'
[0.678s] Level 5:colcon.colcon_core.verb:set package 'multi_robot_coop' build argument 'cmake_clean_first' from command line to 'False'
[0.678s] Level 5:colcon.colcon_core.verb:set package 'multi_robot_coop' build argument 'cmake_force_configure' from command line to 'False'
[0.679s] Level 5:colcon.colcon_core.verb:set package 'multi_robot_coop' build argument 'ament_cmake_args' from command line to 'None'
[0.679s] Level 5:colcon.colcon_core.verb:set package 'multi_robot_coop' build argument 'catkin_cmake_args' from command line to 'None'
[0.679s] Level 5:colcon.colcon_core.verb:set package 'multi_robot_coop' build argument 'catkin_skip_building_tests' from command line to 'False'
[0.679s] DEBUG:colcon.colcon_core.verb:Building package 'multi_robot_coop' with the following arguments: {'ament_cmake_args': None, 'build_base': '/home/kishu/roboticslab-technical-project/ros2_ws/build/multi_robot_coop', 'catkin_cmake_args': None, 'catkin_skip_building_tests': False, 'cmake_args': None, 'cmake_clean_cache': False, 'cmake_clean_first': False, 'cmake_force_configure': False, 'cmake_target': None, 'cmake_target_skip_unavailable': False, 'install_base': '/home/kishu/roboticslab-technical-project/ros2_ws/install/multi_robot_coop', 'merge_install': False, 'path': '/home/kishu/roboticslab-technical-project/ros2_ws/src/multi_robot_coop', 'symlink_install': True, 'test_result_base': None}
[0.679s] Level 5:colcon.colcon_core.verb:set package 'robotiq_85_description' build argument 'cmake_args' from command line to 'None'
[0.679s] Level 5:colcon.colcon_core.verb:set package 'robotiq_85_description' build argument 'cmake_target' from command line to 'None'
[0.679s] Level 5:colcon.colcon_core.verb:set package 'robotiq_85_description' build argument 'cmake_target_skip_unavailable' from command line to 'False'
[0.679s] Level 5:colcon.colcon_core.verb:set package 'robotiq_85_description' build argument 'cmake_clean_cache' from command line to 'False'
[0.679s] Level 5:colcon.colcon_core.verb:set package 'robotiq_85_description' build argument 'cmake_clean_first' from command line to 'False'
[0.679s] Level 5:colcon.colcon_core.verb:set package 'robotiq_85_description' build argument 'cmake_force_configure' from command line to 'False'
[0.679s] Level 5:colcon.colcon_core.verb:set package 'robotiq_85_description' build argument 'ament_cmake_args' from command line to 'None'
[0.679s] Level 5:colcon.colcon_core.verb:set package 'robotiq_85_description' build argument 'catkin_cmake_args' from command line to 'None'
[0.679s] Level 5:colcon.colcon_core.verb:set package 'robotiq_85_description' build argument 'catkin_skip_building_tests' from command line to 'False'
[0.679s] DEBUG:colcon.colcon_core.verb:Building package 'robotiq_85_description' with the following arguments: {'ament_cmake_args': None, 'build_base': '/home/kishu/roboticslab-technical-project/ros2_ws/build/robotiq_85_description', 'catkin_cmake_args': None, 'catkin_skip_building_tests': False, 'cmake_args': None, 'cmake_clean_cache': False, 'cmake_clean_first': False, 'cmake_force_configure': False, 'cmake_target': None, 'cmake_target_skip_unavailable': False, 'install_base': '/home/kishu/roboticslab-technical-project/ros2_ws/install/robotiq_85_description', 'merge_install': False, 'path': '/home/kishu/roboticslab-technical-project/ros2_ws/src/robotiq_85_gripper/robotiq_85_description', 'symlink_install': True, 'test_result_base': None}
[0.680s] Level 5:colcon.colcon_core.verb:set package 'robotiq_85_msgs' build argument 'cmake_args' from command line to 'None'
[0.680s] Level 5:colcon.colcon_core.verb:set package 'robotiq_85_msgs' build argument 'cmake_target' from command line to 'None'
[0.680s] Level 5:colcon.colcon_core.verb:set package 'robotiq_85_msgs' build argument 'cmake_target_skip_unavailable' from command line to 'False'
[0.680s] Level 5:colcon.colcon_core.verb:set package 'robotiq_85_msgs' build argument 'cmake_clean_cache' from command line to 'False'
[0.680s] Level 5:colcon.colcon_core.verb:set package 'robotiq_85_msgs' build argument 'cmake_clean_first' from command line to 'False'
[0.680s] Level 5:colcon.colcon_core.verb:set package 'robotiq_85_msgs' build argument 'cmake_force_configure' from command line to 'False'
[0.680s] Level 5:colcon.colcon_core.verb:set package 'robotiq_85_msgs' build argument 'ament_cmake_args' from command line to 'None'
[0.680s] Level 5:colcon.colcon_core.verb:set package 'robotiq_85_msgs' build argument 'catkin_cmake_args' from command line to 'None'
[0.680s] Level 5:colcon.colcon_core.verb:set package 'robotiq_85_msgs' build argument 'catkin_skip_building_tests' from command line to 'False'
[0.680s] DEBUG:colcon.colcon_core.verb:Building package 'robotiq_85_msgs' with the following arguments: {'ament_cmake_args': None, 'build_base': '/home/kishu/roboticslab-technical-project/ros2_ws/build/robotiq_85_msgs', 'catkin_cmake_args': None, 'catkin_skip_building_tests': False, 'cmake_args': None, 'cmake_clean_cache': False, 'cmake_clean_first': False, 'cmake_force_configure': False, 'cmake_target': None, 'cmake_target_skip_unavailable': False, 'install_base': '/home/kishu/roboticslab-technical-project/ros2_ws/install/robotiq_85_msgs', 'merge_install': False, 'path': '/home/kishu/roboticslab-technical-project/ros2_ws/src/robotiq_85_gripper/robotiq_85_msgs', 'symlink_install': True, 'test_result_base': None}
[0.681s] Level 5:colcon.colcon_core.verb:set package 'robotiq_85_driver' build argument 'cmake_args' from command line to 'None'
[0.681s] Level 5:colcon.colcon_core.verb:set package 'robotiq_85_driver' build argument 'cmake_target' from command line to 'None'
[0.681s] Level 5:colcon.colcon_core.verb:set package 'robotiq_85_driver' build argument 'cmake_target_skip_unavailable' from command line to 'False'
[0.681s] Level 5:colcon.colcon_core.verb:set package 'robotiq_85_driver' build argument 'cmake_clean_cache' from command line to 'False'
[0.681s] Level 5:colcon.colcon_core.verb:set package 'robotiq_85_driver' build argument 'cmake_clean_first' from command line to 'False'
[0.681s] Level 5:colcon.colcon_core.verb:set package 'robotiq_85_driver' build argument 'cmake_force_configure' from command line to 'False'
[0.681s] Level 5:colcon.colcon_core.verb:set package 'robotiq_85_driver' build argument 'ament_cmake_args' from command line to 'None'
[0.681s] Level 5:colcon.colcon_core.verb:set package 'robotiq_85_driver' build argument 'catkin_cmake_args' from command line to 'None'
[0.681s] Level 5:colcon.colcon_core.verb:set package 'robotiq_85_driver' build argument 'catkin_skip_building_tests' from command line to 'False'
[0.681s] DEBUG:colcon.colcon_core.verb:Building package 'robotiq_85_driver' with the following arguments: {'ament_cmake_args': None, 'build_base': '/home/kishu/roboticslab-technical-project/ros2_ws/build/robotiq_85_driver', 'catkin_cmake_args': None, 'catkin_skip_building_tests': False, 'cmake_args': None, 'cmake_clean_cache': False, 'cmake_clean_first': False, 'cmake_force_configure': False, 'cmake_target': None, 'cmake_target_skip_unavailable': False, 'install_base': '/home/kishu/roboticslab-technical-project/ros2_ws/install/robotiq_85_driver', 'merge_install': False, 'path': '/home/kishu/roboticslab-technical-project/ros2_ws/src/robotiq_85_gripper/robotiq_85_driver', 'symlink_install': True, 'test_result_base': None}
[0.681s] Level 5:colcon.colcon_core.verb:set package 'robotiq_85_gripper' build argument 'cmake_args' from command line to 'None'
[0.682s] Level 5:colcon.colcon_core.verb:set package 'robotiq_85_gripper' build argument 'cmake_target' from command line to 'None'
[0.682s] Level 5:colcon.colcon_core.verb:set package 'robotiq_85_gripper' build argument 'cmake_target_skip_unavailable' from command line to 'False'
[0.682s] Level 5:colcon.colcon_core.verb:set package 'robotiq_85_gripper' build argument 'cmake_clean_cache' from command line to 'False'
[0.682s] Level 5:colcon.colcon_core.verb:set package 'robotiq_85_gripper' build argument 'cmake_clean_first' from command line to 'False'
[0.682s] Level 5:colcon.colcon_core.verb:set package 'robotiq_85_gripper' build argument 'cmake_force_configure' from command line to 'False'
[0.682s] Level 5:colcon.colcon_core.verb:set package 'robotiq_85_gripper' build argument 'ament_cmake_args' from command line to 'None'
[0.682s] Level 5:colcon.colcon_core.verb:set package 'robotiq_85_gripper' build argument 'catkin_cmake_args' from command line to 'None'
[0.682s] Level 5:colcon.colcon_core.verb:set package 'robotiq_85_gripper' build argument 'catkin_skip_building_tests' from command line to 'False'
[0.682s] DEBUG:colcon.colcon_core.verb:Building package 'robotiq_85_gripper' with the following arguments: {'ament_cmake_args': None, 'build_base': '/home/kishu/roboticslab-technical-project/ros2_ws/build/robotiq_85_gripper', 'catkin_cmake_args': None, 'catkin_skip_building_tests': False, 'cmake_args': None, 'cmake_clean_cache': False, 'cmake_clean_first': False, 'cmake_force_configure': False, 'cmake_target': None, 'cmake_target_skip_unavailable': False, 'install_base': '/home/kishu/roboticslab-technical-project/ros2_ws/install/robotiq_85_gripper', 'merge_install': False, 'path': '/home/kishu/roboticslab-technical-project/ros2_ws/src/robotiq_85_gripper/robotiq_85_gripper', 'symlink_install': True, 'test_result_base': None}
[0.682s] INFO:colcon.colcon_core.executor:Executing jobs using 'parallel' executor
[0.683s] DEBUG:colcon.colcon_parallel_executor.executor.parallel:run_until_complete
[0.684s] INFO:colcon.colcon_ros.task.ament_cmake.build:Building ROS package in '/home/kishu/roboticslab-technical-project/ros2_ws/src/robotiq_85_gripper/robotiq_85_msgs' with build type 'ament_cmake'
[0.684s] INFO:colcon.colcon_cmake.task.cmake.build:Building CMake package in '/home/kishu/roboticslab-technical-project/ros2_ws/src/robotiq_85_gripper/robotiq_85_msgs'
[0.689s] INFO:colcon.colcon_core.plugin_system:Skipping extension 'colcon_core.shell.bat': Not used on non-Windows systems
[0.689s] INFO:colcon.colcon_core.shell:Skip shell extension 'powershell' for command environment: Not usable outside of PowerShell
[0.689s] DEBUG:colcon.colcon_core.shell:Skip shell extension 'dsv' for command environment
[0.696s] INFO:colcon.colcon_ros.task.ament_cmake.build:Building ROS package in '/home/kishu/roboticslab-technical-project/ros2_ws/src/robotiq_85_gripper/robotiq_85_description' with build type 'ament_cmake'
[0.696s] INFO:colcon.colcon_cmake.task.cmake.build:Building CMake package in '/home/kishu/roboticslab-technical-project/ros2_ws/src/robotiq_85_gripper/robotiq_85_description'
[0.698s] INFO:colcon.colcon_core.shell:Skip shell extension 'powershell' for command environment: Not usable outside of PowerShell
[0.699s] DEBUG:colcon.colcon_core.shell:Skip shell extension 'dsv' for command environment
[0.706s] INFO:colcon.colcon_ros.task.ament_cmake.build:Building ROS package in '/home/kishu/roboticslab-technical-project/ros2_ws/src/gazebo_ros_link_attacher' with build type 'ament_cmake'
[0.706s] INFO:colcon.colcon_cmake.task.cmake.build:Building CMake package in '/home/kishu/roboticslab-technical-project/ros2_ws/src/gazebo_ros_link_attacher'
[0.707s] INFO:colcon.colcon_core.shell:Skip shell extension 'powershell' for command environment: Not usable outside of PowerShell
[0.707s] DEBUG:colcon.colcon_core.shell:Skip shell extension 'dsv' for command environment
[0.716s] INFO:colcon.colcon_ros.task.ament_python.build:Building ROS package in '/home/kishu/roboticslab-technical-project/ros2_ws/src/multi_robot_coop' with build type 'ament_python'
[0.717s] Level 1:colcon.colcon_core.shell:create_environment_hook('multi_robot_coop', 'ament_prefix_path')
[0.717s] INFO:colcon.colcon_core.shell:Creating environment hook '/home/kishu/roboticslab-technical-project/ros2_ws/install/multi_robot_coop/share/multi_robot_coop/hook/ament_prefix_path.ps1'
[0.720s] INFO:colcon.colcon_core.shell:Creating environment descriptor '/home/kishu/roboticslab-technical-project/ros2_ws/install/multi_robot_coop/share/multi_robot_coop/hook/ament_prefix_path.dsv'
[0.721s] INFO:colcon.colcon_core.shell:Creating environment hook '/home/kishu/roboticslab-technical-project/ros2_ws/install/multi_robot_coop/share/multi_robot_coop/hook/ament_prefix_path.sh'
[0.723s] INFO:colcon.colcon_core.shell:Skip shell extension 'powershell' for command environment: Not usable outside of PowerShell
[0.723s] DEBUG:colcon.colcon_core.shell:Skip shell extension 'dsv' for command environment
[0.741s] DEBUG:colcon.colcon_core.event_handler.log_command:Invoking command in '/home/kishu/roboticslab-technical-project/ros2_ws/build/robotiq_85_msgs': CMAKE_PREFIX_PATH=${CMAKE_PREFIX_PATH}:/home/kishu/roboticslab-technical-project/ros2_ws/install/robotiq_85_driver:/home/kishu/roboticslab-technical-project/ros2_ws/install/multi_robot_coop:/opt/ros/humble /usr/bin/cmake --build /home/kishu/roboticslab-technical-project/ros2_ws/build/robotiq_85_msgs -- -j4 -l4
[0.747s] DEBUG:colcon.colcon_core.event_handler.log_command:Invoking command in '/home/kishu/roboticslab-technical-project/ros2_ws/build/robotiq_85_description': CMAKE_PREFIX_PATH=${CMAKE_PREFIX_PATH}:/home/kishu/roboticslab-technical-project/ros2_ws/install/robotiq_85_driver:/home/kishu/roboticslab-technical-project/ros2_ws/install/multi_robot_coop:/opt/ros/humble /usr/bin/cmake --build /home/kishu/roboticslab-technical-project/ros2_ws/build/robotiq_85_description -- -j4 -l4
[0.754s] DEBUG:colcon.colcon_core.event_handler.log_command:Invoking command in '/home/kishu/roboticslab-technical-project/ros2_ws/build/gazebo_ros_link_attacher': CMAKE_PREFIX_PATH=${CMAKE_PREFIX_PATH}:/home/kishu/roboticslab-technical-project/ros2_ws/install/robotiq_85_driver:/home/kishu/roboticslab-technical-project/ros2_ws/install/multi_robot_coop:/opt/ros/humble /usr/bin/cmake --build /home/kishu/roboticslab-technical-project/ros2_ws/build/gazebo_ros_link_attacher -- -j4 -l4
[1.783s] INFO:colcon.colcon_core.task.python.build:Building Python package in '/home/kishu/roboticslab-technical-project/ros2_ws/src/multi_robot_coop'
[1.784s] INFO:colcon.colcon_core.shell:Skip shell extension 'powershell' for command environment: Not usable outside of PowerShell
[1.784s] DEBUG:colcon.colcon_core.shell:Skip shell extension 'dsv' for command environment
[1.795s] DEBUG:colcon.colcon_core.event_handler.log_command:Invoked command in '/home/kishu/roboticslab-technical-project/ros2_ws/build/robotiq_85_description' returned '0': CMAKE_PREFIX_PATH=${CMAKE_PREFIX_PATH}:/home/kishu/roboticslab-technical-project/ros2_ws/install/robotiq_85_driver:/home/kishu/roboticslab-technical-project/ros2_ws/install/multi_robot_coop:/opt/ros/humble /usr/bin/cmake --build /home/kishu/roboticslab-technical-project/ros2_ws/build/robotiq_85_description -- -j4 -l4
[1.815s] DEBUG:colcon.colcon_core.event_handler.log_command:Invoking command in '/home/kishu/roboticslab-technical-project/ros2_ws/build/robotiq_85_description': CMAKE_PREFIX_PATH=${CMAKE_PREFIX_PATH}:/home/kishu/roboticslab-technical-project/ros2_ws/install/robotiq_85_driver:/home/kishu/roboticslab-technical-project/ros2_ws/install/multi_robot_coop:/opt/ros/humble /usr/bin/cmake --install /home/kishu/roboticslab-technical-project/ros2_ws/build/robotiq_85_description
[1.873s] Level 1:colcon.colcon_core.environment:create_environment_scripts_only(robotiq_85_description)
[1.873s] DEBUG:colcon.colcon_core.event_handler.log_command:Invoked command in '/home/kishu/roboticslab-technical-project/ros2_ws/build/robotiq_85_description' returned '0': CMAKE_PREFIX_PATH=${CMAKE_PREFIX_PATH}:/home/kishu/roboticslab-technical-project/ros2_ws/install/robotiq_85_driver:/home/kishu/roboticslab-technical-project/ros2_ws/install/multi_robot_coop:/opt/ros/humble /usr/bin/cmake --install /home/kishu/roboticslab-technical-project/ros2_ws/build/robotiq_85_description
[1.880s] Level 1:colcon.colcon_core.environment:checking '/home/kishu/roboticslab-technical-project/ros2_ws/install/robotiq_85_description' for CMake module files
[1.881s] Level 1:colcon.colcon_core.environment:checking '/home/kishu/roboticslab-technical-project/ros2_ws/install/robotiq_85_description' for CMake config files
[1.882s] Level 1:colcon.colcon_core.shell:create_environment_hook('robotiq_85_description', 'cmake_prefix_path')
[1.883s] INFO:colcon.colcon_core.shell:Creating environment hook '/home/kishu/roboticslab-technical-project/ros2_ws/install/robotiq_85_description/share/robotiq_85_description/hook/cmake_prefix_path.ps1'
[1.884s] INFO:colcon.colcon_core.shell:Creating environment descriptor '/home/kishu/roboticslab-technical-project/ros2_ws/install/robotiq_85_description/share/robotiq_85_description/hook/cmake_prefix_path.dsv'
[1.885s] INFO:colcon.colcon_core.shell:Creating environment hook '/home/kishu/roboticslab-technical-project/ros2_ws/install/robotiq_85_description/share/robotiq_85_description/hook/cmake_prefix_path.sh'
[1.890s] Level 1:colcon.colcon_core.environment:checking '/home/kishu/roboticslab-technical-project/ros2_ws/install/robotiq_85_description/bin'
[1.890s] Level 1:colcon.colcon_core.environment:checking '/home/kishu/roboticslab-technical-project/ros2_ws/install/robotiq_85_description/lib/pkgconfig/robotiq_85_description.pc'
[1.891s] Level 1:colcon.colcon_core.environment:checking '/home/kishu/roboticslab-technical-project/ros2_ws/install/robotiq_85_description/lib/python3.10/site-packages'
[1.892s] Level 1:colcon.colcon_core.environment:checking '/home/kishu/roboticslab-technical-project/ros2_ws/install/robotiq_85_description/bin'
[1.892s] INFO:colcon.colcon_core.shell:Creating package script '/home/kishu/roboticslab-technical-project/ros2_ws/install/robotiq_85_description/share/robotiq_85_description/package.ps1'
[1.895s] INFO:colcon.colcon_core.shell:Creating package descriptor '/home/kishu/roboticslab-technical-project/ros2_ws/install/robotiq_85_description/share/robotiq_85_description/package.dsv'
[1.896s] INFO:colcon.colcon_core.shell:Creating package script '/home/kishu/roboticslab-technical-project/ros2_ws/install/robotiq_85_description/share/robotiq_85_description/package.sh'
[1.899s] INFO:colcon.colcon_core.shell:Creating package script '/home/kishu/roboticslab-technical-project/ros2_ws/install/robotiq_85_description/share/robotiq_85_description/package.bash'
[1.902s] INFO:colcon.colcon_core.shell:Creating package script '/home/kishu/roboticslab-technical-project/ros2_ws/install/robotiq_85_description/share/robotiq_85_description/package.zsh'
[1.907s] Level 1:colcon.colcon_core.environment:create_file_with_runtime_dependencies(/home/kishu/roboticslab-technical-project/ros2_ws/install/robotiq_85_description/share/colcon-core/packages/robotiq_85_description)
[1.908s] Level 1:colcon.colcon_core.environment:create_environment_scripts_only(robotiq_85_description)
[1.909s] Level 1:colcon.colcon_core.environment:checking '/home/kishu/roboticslab-technical-project/ros2_ws/install/robotiq_85_description' for CMake module files
[1.910s] Level 1:colcon.colcon_core.environment:checking '/home/kishu/roboticslab-technical-project/ros2_ws/install/robotiq_85_description' for CMake config files
[1.911s] Level 1:colcon.colcon_core.shell:create_environment_hook('robotiq_85_description', 'cmake_prefix_path')
[1.912s] INFO:colcon.colcon_core.shell:Creating environment hook '/home/kishu/roboticslab-technical-project/ros2_ws/install/robotiq_85_description/share/robotiq_85_description/hook/cmake_prefix_path.ps1'
[1.914s] INFO:colcon.colcon_core.shell:Creating environment descriptor '/home/kishu/roboticslab-technical-project/ros2_ws/install/robotiq_85_description/share/robotiq_85_description/hook/cmake_prefix_path.dsv'
[1.916s] INFO:colcon.colcon_core.shell:Creating environment hook '/home/kishu/roboticslab-technical-project/ros2_ws/install/robotiq_85_description/share/robotiq_85_description/hook/cmake_prefix_path.sh'
[1.921s] Level 1:colcon.colcon_core.environment:checking '/home/kishu/roboticslab-technical-project/ros2_ws/install/robotiq_85_description/bin'
[1.921s] Level 1:colcon.colcon_core.environment:checking '/home/kishu/roboticslab-technical-project/ros2_ws/install/robotiq_85_description/lib/pkgconfig/robotiq_85_description.pc'
[1.922s] Level 1:colcon.colcon_core.environment:checking '/home/kishu/roboticslab-technical-project/ros2_ws/install/robotiq_85_description/lib/python3.10/site-packages'
[1.923s] Level 1:colcon.colcon_core.environment:checking '/home/kishu/roboticslab-technical-project/ros2_ws/install/robotiq_85_description/bin'
[1.924s] INFO:colcon.colcon_core.shell:Creating package script '/home/kishu/roboticslab-technical-project/ros2_ws/install/robotiq_85_description/share/robotiq_85_description/package.ps1'
[1.925s] INFO:colcon.colcon_core.shell:Creating package descriptor '/home/kishu/roboticslab-technical-project/ros2_ws/install/robotiq_85_description/share/robotiq_85_description/package.dsv'
[1.927s] INFO:colcon.colcon_core.shell:Creating package script '/home/kishu/roboticslab-technical-project/ros2_ws/install/robotiq_85_description/share/robotiq_85_description/package.sh'
[1.928s] INFO:colcon.colcon_core.shell:Creating package script '/home/kishu/roboticslab-technical-project/ros2_ws/install/robotiq_85_description/share/robotiq_85_description/package.bash'
[1.929s] INFO:colcon.colcon_core.shell:Creating package script '/home/kishu/roboticslab-technical-project/ros2_ws/install/robotiq_85_description/share/robotiq_85_description/package.zsh'
[1.930s] Level 1:colcon.colcon_core.environment:create_file_with_runtime_dependencies(/home/kishu/roboticslab-technical-project/ros2_ws/install/robotiq_85_description/share/colcon-core/packages/robotiq_85_description)
[2.050s] DEBUG:colcon.colcon_core.event_handler.log_command:Invoked command in '/home/kishu/roboticslab-technical-project/ros2_ws/build/robotiq_85_msgs' returned '0': CMAKE_PREFIX_PATH=${CMAKE_PREFIX_PATH}:/home/kishu/roboticslab-technical-project/ros2_ws/install/robotiq_85_driver:/home/kishu/roboticslab-technical-project/ros2_ws/install/multi_robot_coop:/opt/ros/humble /usr/bin/cmake --build /home/kishu/roboticslab-technical-project/ros2_ws/build/robotiq_85_msgs -- -j4 -l4
[2.053s] DEBUG:colcon.colcon_core.event_handler.log_command:Invoking command in '/home/kishu/roboticslab-technical-project/ros2_ws/build/robotiq_85_msgs': CMAKE_PREFIX_PATH=${CMAKE_PREFIX_PATH}:/home/kishu/roboticslab-technical-project/ros2_ws/install/robotiq_85_driver:/home/kishu/roboticslab-technical-project/ros2_ws/install/multi_robot_coop:/opt/ros/humble /usr/bin/cmake --install /home/kishu/roboticslab-technical-project/ros2_ws/build/robotiq_85_msgs
[2.104s] DEBUG:colcon.colcon_core.event_handler.log_command:Invoked command in '/home/kishu/roboticslab-technical-project/ros2_ws/build/gazebo_ros_link_attacher' returned '0': CMAKE_PREFIX_PATH=${CMAKE_PREFIX_PATH}:/home/kishu/roboticslab-technical-project/ros2_ws/install/robotiq_85_driver:/home/kishu/roboticslab-technical-project/ros2_ws/install/multi_robot_coop:/opt/ros/humble /usr/bin/cmake --build /home/kishu/roboticslab-technical-project/ros2_ws/build/gazebo_ros_link_attacher -- -j4 -l4
[2.114s] DEBUG:colcon.colcon_core.event_handler.log_command:Invoking command in '/home/kishu/roboticslab-technical-project/ros2_ws/build/gazebo_ros_link_attacher': CMAKE_PREFIX_PATH=${CMAKE_PREFIX_PATH}:/home/kishu/roboticslab-technical-project/ros2_ws/install/robotiq_85_driver:/home/kishu/roboticslab-technical-project/ros2_ws/install/multi_robot_coop:/opt/ros/humble /usr/bin/cmake --install /home/kishu/roboticslab-technical-project/ros2_ws/build/gazebo_ros_link_attacher
[2.237s] Level 1:colcon.colcon_core.environment:create_environment_scripts_only(robotiq_85_msgs)
[2.238s] Level 1:colcon.colcon_core.environment:checking '/home/kishu/roboticslab-technical-project/ros2_ws/install/robotiq_85_msgs' for CMake module files
[2.240s] DEBUG:colcon.colcon_core.event_handler.log_command:Invoked command in '/home/kishu/roboticslab-technical-project/ros2_ws/build/robotiq_85_msgs' returned '0': CMAKE_PREFIX_PATH=${CMAKE_PREFIX_PATH}:/home/kishu/roboticslab-technical-project/ros2_ws/install/robotiq_85_driver:/home/kishu/roboticslab-technical-project/ros2_ws/install/multi_robot_coop:/opt/ros/humble /usr/bin/cmake --install /home/kishu/roboticslab-technical-project/ros2_ws/build/robotiq_85_msgs
[2.241s] Level 1:colcon.colcon_core.environment:checking '/home/kishu/roboticslab-technical-project/ros2_ws/install/robotiq_85_msgs' for CMake config files
[2.243s] Level 1:colcon.colcon_core.shell:create_environment_hook('robotiq_85_msgs', 'cmake_prefix_path')
[2.244s] INFO:colcon.colcon_core.shell:Creating environment hook '/home/kishu/roboticslab-technical-project/ros2_ws/install/robotiq_85_msgs/share/robotiq_85_msgs/hook/cmake_prefix_path.ps1'
[2.246s] INFO:colcon.colcon_core.shell:Creating environment descriptor '/home/kishu/roboticslab-technical-project/ros2_ws/install/robotiq_85_msgs/share/robotiq_85_msgs/hook/cmake_prefix_path.dsv'
[2.247s] INFO:colcon.colcon_core.shell:Creating environment hook '/home/kishu/roboticslab-technical-project/ros2_ws/install/robotiq_85_msgs/share/robotiq_85_msgs/hook/cmake_prefix_path.sh'
[2.249s] Level 1:colcon.colcon_core.environment:checking '/home/kishu/roboticslab-technical-project/ros2_ws/install/robotiq_85_msgs/lib'
[2.249s] Level 1:colcon.colcon_core.shell:create_environment_hook('robotiq_85_msgs', 'ld_library_path_lib')
[2.250s] INFO:colcon.colcon_core.shell:Creating environment hook '/home/kishu/roboticslab-technical-project/ros2_ws/install/robotiq_85_msgs/share/robotiq_85_msgs/hook/ld_library_path_lib.ps1'
[2.250s] INFO:colcon.colcon_core.shell:Creating environment descriptor '/home/kishu/roboticslab-technical-project/ros2_ws/install/robotiq_85_msgs/share/robotiq_85_msgs/hook/ld_library_path_lib.dsv'
[2.251s] INFO:colcon.colcon_core.shell:Creating environment hook '/home/kishu/roboticslab-technical-project/ros2_ws/install/robotiq_85_msgs/share/robotiq_85_msgs/hook/ld_library_path_lib.sh'
[2.252s] Level 1:colcon.colcon_core.environment:checking '/home/kishu/roboticslab-technical-project/ros2_ws/install/robotiq_85_msgs/bin'
[2.252s] Level 1:colcon.colcon_core.environment:checking '/home/kishu/roboticslab-technical-project/ros2_ws/install/robotiq_85_msgs/lib/pkgconfig/robotiq_85_msgs.pc'
[2.252s] Level 1:colcon.colcon_core.environment:checking '/home/kishu/roboticslab-technical-project/ros2_ws/install/robotiq_85_msgs/lib/python3.10/site-packages'
[2.253s] Level 1:colcon.colcon_core.environment:checking '/home/kishu/roboticslab-technical-project/ros2_ws/install/robotiq_85_msgs/bin'
[2.253s] INFO:colcon.colcon_core.shell:Creating package script '/home/kishu/roboticslab-technical-project/ros2_ws/install/robotiq_85_msgs/share/robotiq_85_msgs/package.ps1'
[2.254s] INFO:colcon.colcon_core.shell:Creating package descriptor '/home/kishu/roboticslab-technical-project/ros2_ws/install/robotiq_85_msgs/share/robotiq_85_msgs/package.dsv'
[2.255s] INFO:colcon.colcon_core.shell:Creating package script '/home/kishu/roboticslab-technical-project/ros2_ws/install/robotiq_85_msgs/share/robotiq_85_msgs/package.sh'
[2.256s] INFO:colcon.colcon_core.shell:Creating package script '/home/kishu/roboticslab-technical-project/ros2_ws/install/robotiq_85_msgs/share/robotiq_85_msgs/package.bash'
[2.257s] INFO:colcon.colcon_core.shell:Creating package script '/home/kishu/roboticslab-technical-project/ros2_ws/install/robotiq_85_msgs/share/robotiq_85_msgs/package.zsh'
[2.257s] Level 1:colcon.colcon_core.environment:create_file_with_runtime_dependencies(/home/kishu/roboticslab-technical-project/ros2_ws/install/robotiq_85_msgs/share/colcon-core/packages/robotiq_85_msgs)
[2.259s] Level 1:colcon.colcon_core.environment:create_environment_scripts_only(robotiq_85_msgs)
[2.259s] Level 1:colcon.colcon_core.environment:checking '/home/kishu/roboticslab-technical-project/ros2_ws/install/robotiq_85_msgs' for CMake module files
[2.261s] Level 1:colcon.colcon_core.environment:checking '/home/kishu/roboticslab-technical-project/ros2_ws/install/robotiq_85_msgs' for CMake config files
[2.262s] Level 1:colcon.colcon_core.shell:create_environment_hook('robotiq_85_msgs', 'cmake_prefix_path')
[2.263s] INFO:colcon.colcon_core.shell:Creating environment hook '/home/kishu/roboticslab-technical-project/ros2_ws/install/robotiq_85_msgs/share/robotiq_85_msgs/hook/cmake_prefix_path.ps1'
[2.264s] INFO:colcon.colcon_core.shell:Creating environment descriptor '/home/kishu/roboticslab-technical-project/ros2_ws/install/robotiq_85_msgs/share/robotiq_85_msgs/hook/cmake_prefix_path.dsv'
[2.265s] INFO:colcon.colcon_core.shell:Creating environment hook '/home/kishu/roboticslab-technical-project/ros2_ws/install/robotiq_85_msgs/share/robotiq_85_msgs/hook/cmake_prefix_path.sh'
[2.266s] Level 1:colcon.colcon_core.environment:checking '/home/kishu/roboticslab-technical-project/ros2_ws/install/robotiq_85_msgs/lib'
[2.267s] Level 1:colcon.colcon_core.shell:create_environment_hook('robotiq_85_msgs', 'ld_library_path_lib')
[2.267s] INFO:colcon.colcon_core.shell:Creating environment hook '/home/kishu/roboticslab-technical-project/ros2_ws/install/robotiq_85_msgs/share/robotiq_85_msgs/hook/ld_library_path_lib.ps1'
[2.268s] INFO:colcon.colcon_core.shell:Creating environment descriptor '/home/kishu/roboticslab-technical-project/ros2_ws/install/robotiq_85_msgs/share/robotiq_85_msgs/hook/ld_library_path_lib.dsv'
[2.269s] INFO:colcon.colcon_core.shell:Creating environment hook '/home/kishu/roboticslab-technical-project/ros2_ws/install/robotiq_85_msgs/share/robotiq_85_msgs/hook/ld_library_path_lib.sh'
[2.272s] Level 1:colcon.colcon_core.environment:checking '/home/kishu/roboticslab-technical-project/ros2_ws/install/robotiq_85_msgs/bin'
[2.272s] Level 1:colcon.colcon_core.environment:checking '/home/kishu/roboticslab-technical-project/ros2_ws/install/robotiq_85_msgs/lib/pkgconfig/robotiq_85_msgs.pc'
[2.272s] Level 1:colcon.colcon_core.environment:checking '/home/kishu/roboticslab-technical-project/ros2_ws/install/robotiq_85_msgs/lib/python3.10/site-packages'
[2.273s] Level 1:colcon.colcon_core.environment:checking '/home/kishu/roboticslab-technical-project/ros2_ws/install/robotiq_85_msgs/bin'
[2.274s] INFO:colcon.colcon_core.shell:Creating package script '/home/kishu/roboticslab-technical-project/ros2_ws/install/robotiq_85_msgs/share/robotiq_85_msgs/package.ps1'
[2.276s] INFO:colcon.colcon_core.shell:Creating package descriptor '/home/kishu/roboticslab-technical-project/ros2_ws/install/robotiq_85_msgs/share/robotiq_85_msgs/package.dsv'
[2.278s] INFO:colcon.colcon_core.shell:Creating package script '/home/kishu/roboticslab-technical-project/ros2_ws/install/robotiq_85_msgs/share/robotiq_85_msgs/package.sh'
[2.282s] INFO:colcon.colcon_core.shell:Creating package script '/home/kishu/roboticslab-technical-project/ros2_ws/install/robotiq_85_msgs/share/robotiq_85_msgs/package.bash'
[2.289s] INFO:colcon.colcon_core.shell:Creating package script '/home/kishu/roboticslab-technical-project/ros2_ws/install/robotiq_85_msgs/share/robotiq_85_msgs/package.zsh'
[2.291s] Level 1:colcon.colcon_core.environment:create_file_with_runtime_dependencies(/home/kishu/roboticslab-technical-project/ros2_ws/install/robotiq_85_msgs/share/colcon-core/packages/robotiq_85_msgs)
[2.292s] INFO:colcon.colcon_ros.task.ament_python.build:Building ROS package in '/home/kishu/roboticslab-technical-project/ros2_ws/src/robotiq_85_gripper/robotiq_85_driver' with build type 'ament_python'
[2.293s] Level 1:colcon.colcon_core.shell:create_environment_hook('robotiq_85_driver', 'ament_prefix_path')
[2.293s] INFO:colcon.colcon_core.shell:Creating environment hook '/home/kishu/roboticslab-technical-project/ros2_ws/install/robotiq_85_driver/share/robotiq_85_driver/hook/ament_prefix_path.ps1'
[2.295s] INFO:colcon.colcon_core.shell:Creating environment descriptor '/home/kishu/roboticslab-technical-project/ros2_ws/install/robotiq_85_driver/share/robotiq_85_driver/hook/ament_prefix_path.dsv'
[2.297s] INFO:colcon.colcon_core.shell:Creating environment hook '/home/kishu/roboticslab-technical-project/ros2_ws/install/robotiq_85_driver/share/robotiq_85_driver/hook/ament_prefix_path.sh'
[2.300s] INFO:colcon.colcon_core.shell:Skip shell extension 'powershell' for command environment: Not usable outside of PowerShell
[2.300s] DEBUG:colcon.colcon_core.shell:Skip shell extension 'dsv' for command environment
[2.312s] Level 1:colcon.colcon_core.environment:create_environment_scripts_only(gazebo_ros_link_attacher)
[2.315s] Level 1:colcon.colcon_core.environment:checking '/home/kishu/roboticslab-technical-project/ros2_ws/install/gazebo_ros_link_attacher' for CMake module files
[2.318s] DEBUG:colcon.colcon_core.event_handler.log_command:Invoked command in '/home/kishu/roboticslab-technical-project/ros2_ws/build/gazebo_ros_link_attacher' returned '0': CMAKE_PREFIX_PATH=${CMAKE_PREFIX_PATH}:/home/kishu/roboticslab-technical-project/ros2_ws/install/robotiq_85_driver:/home/kishu/roboticslab-technical-project/ros2_ws/install/multi_robot_coop:/opt/ros/humble /usr/bin/cmake --install /home/kishu/roboticslab-technical-project/ros2_ws/build/gazebo_ros_link_attacher
[2.320s] Level 1:colcon.colcon_core.environment:checking '/home/kishu/roboticslab-technical-project/ros2_ws/install/gazebo_ros_link_attacher' for CMake config files
[2.322s] Level 1:colcon.colcon_core.shell:create_environment_hook('gazebo_ros_link_attacher', 'cmake_prefix_path')
[2.322s] INFO:colcon.colcon_core.shell:Creating environment hook '/home/kishu/roboticslab-technical-project/ros2_ws/install/gazebo_ros_link_attacher/share/gazebo_ros_link_attacher/hook/cmake_prefix_path.ps1'
[2.323s] INFO:colcon.colcon_core.shell:Creating environment descriptor '/home/kishu/roboticslab-technical-project/ros2_ws/install/gazebo_ros_link_attacher/share/gazebo_ros_link_attacher/hook/cmake_prefix_path.dsv'
[2.324s] INFO:colcon.colcon_core.shell:Creating environment hook '/home/kishu/roboticslab-technical-project/ros2_ws/install/gazebo_ros_link_attacher/share/gazebo_ros_link_attacher/hook/cmake_prefix_path.sh'
[2.326s] Level 1:colcon.colcon_core.environment:checking '/home/kishu/roboticslab-technical-project/ros2_ws/install/gazebo_ros_link_attacher/lib'
[2.326s] Level 1:colcon.colcon_core.shell:create_environment_hook('gazebo_ros_link_attacher', 'ld_library_path_lib')
[2.326s] INFO:colcon.colcon_core.shell:Creating environment hook '/home/kishu/roboticslab-technical-project/ros2_ws/install/gazebo_ros_link_attacher/share/gazebo_ros_link_attacher/hook/ld_library_path_lib.ps1'
[2.327s] INFO:colcon.colcon_core.shell:Creating environment descriptor '/home/kishu/roboticslab-technical-project/ros2_ws/install/gazebo_ros_link_attacher/share/gazebo_ros_link_attacher/hook/ld_library_path_lib.dsv'
[2.328s] INFO:colcon.colcon_core.shell:Creating environment hook '/home/kishu/roboticslab-technical-project/ros2_ws/install/gazebo_ros_link_attacher/share/gazebo_ros_link_attacher/hook/ld_library_path_lib.sh'
[2.329s] Level 1:colcon.colcon_core.environment:checking '/home/kishu/roboticslab-technical-project/ros2_ws/install/gazebo_ros_link_attacher/bin'
[2.329s] Level 1:colcon.colcon_core.environment:checking '/home/kishu/roboticslab-technical-project/ros2_ws/install/gazebo_ros_link_attacher/lib/pkgconfig/gazebo_ros_link_attacher.pc'
[2.330s] Level 1:colcon.colcon_core.environment:checking '/home/kishu/roboticslab-technical-project/ros2_ws/install/gazebo_ros_link_attacher/lib/python3.10/site-packages'
[2.331s] Level 1:colcon.colcon_core.environment:checking '/home/kishu/roboticslab-technical-project/ros2_ws/install/gazebo_ros_link_attacher/bin'
[2.332s] INFO:colcon.colcon_core.shell:Creating package script '/home/kishu/roboticslab-technical-project/ros2_ws/install/gazebo_ros_link_attacher/share/gazebo_ros_link_attacher/package.ps1'
[2.335s] INFO:colcon.colcon_core.shell:Creating package descriptor '/home/kishu/roboticslab-technical-project/ros2_ws/install/gazebo_ros_link_attacher/share/gazebo_ros_link_attacher/package.dsv'
[2.336s] INFO:colcon.colcon_core.shell:Creating package script '/home/kishu/roboticslab-technical-project/ros2_ws/install/gazebo_ros_link_attacher/share/gazebo_ros_link_attacher/package.sh'
[2.337s] INFO:colcon.colcon_core.shell:Creating package script '/home/kishu/roboticslab-technical-project/ros2_ws/install/gazebo_ros_link_attacher/share/gazebo_ros_link_attacher/package.bash'
[2.339s] INFO:colcon.colcon_core.shell:Creating package script '/home/kishu/roboticslab-technical-project/ros2_ws/install/gazebo_ros_link_attacher/share/gazebo_ros_link_attacher/package.zsh'
[2.340s] Level 1:colcon.colcon_core.environment:create_file_with_runtime_dependencies(/home/kishu/roboticslab-technical-project/ros2_ws/install/gazebo_ros_link_attacher/share/colcon-core/packages/gazebo_ros_link_attacher)
[2.341s] Level 1:colcon.colcon_core.environment:create_environment_scripts_only(gazebo_ros_link_attacher)
[2.342s] Level 1:colcon.colcon_core.environment:checking '/home/kishu/roboticslab-technical-project/ros2_ws/install/gazebo_ros_link_attacher' for CMake module files
[2.344s] Level 1:colcon.colcon_core.environment:checking '/home/kishu/roboticslab-technical-project/ros2_ws/install/gazebo_ros_link_attacher' for CMake config files
[2.346s] Level 1:colcon.colcon_core.shell:create_environment_hook('gazebo_ros_link_attacher', 'cmake_prefix_path')
[2.348s] INFO:colcon.colcon_core.shell:Creating environment hook '/home/kishu/roboticslab-technical-project/ros2_ws/install/gazebo_ros_link_attacher/share/gazebo_ros_link_attacher/hook/cmake_prefix_path.ps1'
[2.349s] INFO:colcon.colcon_core.shell:Creating environment descriptor '/home/kishu/roboticslab-technical-project/ros2_ws/install/gazebo_ros_link_attacher/share/gazebo_ros_link_attacher/hook/cmake_prefix_path.dsv'
[2.350s] INFO:colcon.colcon_core.shell:Creating environment hook '/home/kishu/roboticslab-technical-project/ros2_ws/install/gazebo_ros_link_attacher/share/gazebo_ros_link_attacher/hook/cmake_prefix_path.sh'
[2.352s] Level 1:colcon.colcon_core.environment:checking '/home/kishu/roboticslab-technical-project/ros2_ws/install/gazebo_ros_link_attacher/lib'
[2.352s] Level 1:colcon.colcon_core.shell:create_environment_hook('gazebo_ros_link_attacher', 'ld_library_path_lib')
[2.352s] INFO:colcon.colcon_core.shell:Creating environment hook '/home/kishu/roboticslab-technical-project/ros2_ws/install/gazebo_ros_link_attacher/share/gazebo_ros_link_attacher/hook/ld_library_path_lib.ps1'
[2.354s] INFO:colcon.colcon_core.shell:Creating environment descriptor '/home/kishu/roboticslab-technical-project/ros2_ws/install/gazebo_ros_link_attacher/share/gazebo_ros_link_attacher/hook/ld_library_path_lib.dsv'
[2.355s] INFO:colcon.colcon_core.shell:Creating environment hook '/home/kishu/roboticslab-technical-project/ros2_ws/install/gazebo_ros_link_attacher/share/gazebo_ros_link_attacher/hook/ld_library_path_lib.sh'
[2.356s] Level 1:colcon.colcon_core.environment:checking '/home/kishu/roboticslab-technical-project/ros2_ws/install/gazebo_ros_link_attacher/bin'
[2.356s] Level 1:colcon.colcon_core.environment:checking '/home/kishu/roboticslab-technical-project/ros2_ws/install/gazebo_ros_link_attacher/lib/pkgconfig/gazebo_ros_link_attacher.pc'
[2.357s] Level 1:colcon.colcon_core.environment:checking '/home/kishu/roboticslab-technical-project/ros2_ws/install/gazebo_ros_link_attacher/lib/python3.10/site-packages'
[2.358s] Level 1:colcon.colcon_core.environment:checking '/home/kishu/roboticslab-technical-project/ros2_ws/install/gazebo_ros_link_attacher/bin'
[2.359s] INFO:colcon.colcon_core.shell:Creating package script '/home/kishu/roboticslab-technical-project/ros2_ws/install/gazebo_ros_link_attacher/share/gazebo_ros_link_attacher/package.ps1'
[2.361s] INFO:colcon.colcon_core.shell:Creating package descriptor '/home/kishu/roboticslab-technical-project/ros2_ws/install/gazebo_ros_link_attacher/share/gazebo_ros_link_attacher/package.dsv'
[2.363s] INFO:colcon.colcon_core.shell:Creating package script '/home/kishu/roboticslab-technical-project/ros2_ws/install/gazebo_ros_link_attacher/share/gazebo_ros_link_attacher/package.sh'
[2.365s] INFO:colcon.colcon_core.shell:Creating package script '/home/kishu/roboticslab-technical-project/ros2_ws/install/gazebo_ros_link_attacher/share/gazebo_ros_link_attacher/package.bash'
[2.366s] INFO:colcon.colcon_core.shell:Creating package script '/home/kishu/roboticslab-technical-project/ros2_ws/install/gazebo_ros_link_attacher/share/gazebo_ros_link_attacher/package.zsh'
[2.368s] Level 1:colcon.colcon_core.environment:create_file_with_runtime_dependencies(/home/kishu/roboticslab-technical-project/ros2_ws/install/gazebo_ros_link_attacher/share/colcon-core/packages/gazebo_ros_link_attacher)
[2.902s] INFO:colcon.colcon_core.task.python.build:Building Python package in '/home/kishu/roboticslab-technical-project/ros2_ws/src/robotiq_85_gripper/robotiq_85_driver'
[2.902s] INFO:colcon.colcon_core.shell:Skip shell extension 'powershell' for command environment: Not usable outside of PowerShell
[2.902s] DEBUG:colcon.colcon_core.shell:Skip shell extension 'dsv' for command environment
[2.914s] DEBUG:colcon.colcon_core.event_handler.log_command:Invoking command in '/home/kishu/roboticslab-technical-project/ros2_ws/build/multi_robot_coop': PYTHONPATH=/home/kishu/roboticslab-technical-project/ros2_ws/build/multi_robot_coop/prefix_override:/usr/lib/python3/dist-packages/colcon_core/task/python/colcon_distutils_commands:/home/kishu/roboticslab-technical-project/ros2_ws/install/multi_robot_coop/lib/python3.10/site-packages:${PYTHONPATH} /usr/bin/python3 -W ignore:setup.py install is deprecated -W ignore:easy_install command is deprecated setup.py develop --editable --build-directory /home/kishu/roboticslab-technical-project/ros2_ws/build/multi_robot_coop/build --no-deps symlink_data
[3.639s] DEBUG:colcon.colcon_core.event_handler.log_command:Invoking command in '/home/kishu/roboticslab-technical-project/ros2_ws/build/robotiq_85_driver': CMAKE_PREFIX_PATH=/home/kishu/roboticslab-technical-project/ros2_ws/install/robotiq_85_msgs:/home/kishu/roboticslab-technical-project/ros2_ws/install/robotiq_85_gripper:/home/kishu/roboticslab-technical-project/ros2_ws/install/robotiq_85_description:/home/kishu/roboticslab-technical-project/ros2_ws/install/gazebo_ros_link_attacher PYTHONPATH=/home/kishu/roboticslab-technical-project/ros2_ws/build/robotiq_85_driver/prefix_override:/usr/lib/python3/dist-packages/colcon_core/task/python/colcon_distutils_commands:/home/kishu/roboticslab-technical-project/ros2_ws/install/robotiq_85_driver/lib/python3.10/site-packages:${PYTHONPATH} /usr/bin/python3 -W ignore:setup.py install is deprecated -W ignore:easy_install command is deprecated setup.py develop --editable --build-directory /home/kishu/roboticslab-technical-project/ros2_ws/build/robotiq_85_driver/build --no-deps symlink_data
[3.856s] Level 1:colcon.colcon_core.shell:create_environment_hook('multi_robot_coop', 'pythonpath_develop')
[3.856s] INFO:colcon.colcon_core.shell:Creating environment hook '/home/kishu/roboticslab-technical-project/ros2_ws/build/multi_robot_coop/share/multi_robot_coop/hook/pythonpath_develop.ps1'
[3.857s] DEBUG:colcon.colcon_core.event_handler.log_command:Invoked command in '/home/kishu/roboticslab-technical-project/ros2_ws/build/multi_robot_coop' returned '0': PYTHONPATH=/home/kishu/roboticslab-technical-project/ros2_ws/build/multi_robot_coop/prefix_override:/usr/lib/python3/dist-packages/colcon_core/task/python/colcon_distutils_commands:/home/kishu/roboticslab-technical-project/ros2_ws/install/multi_robot_coop/lib/python3.10/site-packages:${PYTHONPATH} /usr/bin/python3 -W ignore:setup.py install is deprecated -W ignore:easy_install command is deprecated setup.py develop --editable --build-directory /home/kishu/roboticslab-technical-project/ros2_ws/build/multi_robot_coop/build --no-deps symlink_data
[3.858s] INFO:colcon.colcon_core.shell:Creating environment descriptor '/home/kishu/roboticslab-technical-project/ros2_ws/build/multi_robot_coop/share/multi_robot_coop/hook/pythonpath_develop.dsv'
[3.858s] INFO:colcon.colcon_core.shell:Creating environment hook '/home/kishu/roboticslab-technical-project/ros2_ws/build/multi_robot_coop/share/multi_robot_coop/hook/pythonpath_develop.sh'
[3.859s] Level 1:colcon.colcon_core.environment:checking '/home/kishu/roboticslab-technical-project/ros2_ws/install/multi_robot_coop' for CMake module files
[3.860s] Level 1:colcon.colcon_core.environment:checking '/home/kishu/roboticslab-technical-project/ros2_ws/install/multi_robot_coop' for CMake config files
[3.861s] Level 1:colcon.colcon_core.environment:checking '/home/kishu/roboticslab-technical-project/ros2_ws/install/multi_robot_coop/lib'
[3.861s] Level 1:colcon.colcon_core.environment:checking '/home/kishu/roboticslab-technical-project/ros2_ws/install/multi_robot_coop/bin'
[3.861s] Level 1:colcon.colcon_core.environment:checking '/home/kishu/roboticslab-technical-project/ros2_ws/install/multi_robot_coop/lib/pkgconfig/multi_robot_coop.pc'
[3.861s] Level 1:colcon.colcon_core.environment:checking '/home/kishu/roboticslab-technical-project/ros2_ws/install/multi_robot_coop/lib/python3.10/site-packages'
[3.861s] Level 1:colcon.colcon_core.shell:create_environment_hook('multi_robot_coop', 'pythonpath')
[3.861s] INFO:colcon.colcon_core.shell:Creating environment hook '/home/kishu/roboticslab-technical-project/ros2_ws/install/multi_robot_coop/share/multi_robot_coop/hook/pythonpath.ps1'
[3.862s] INFO:colcon.colcon_core.shell:Creating environment descriptor '/home/kishu/roboticslab-technical-project/ros2_ws/install/multi_robot_coop/share/multi_robot_coop/hook/pythonpath.dsv'
[3.863s] INFO:colcon.colcon_core.shell:Creating environment hook '/home/kishu/roboticslab-technical-project/ros2_ws/install/multi_robot_coop/share/multi_robot_coop/hook/pythonpath.sh'
[3.864s] Level 1:colcon.colcon_core.environment:checking '/home/kishu/roboticslab-technical-project/ros2_ws/install/multi_robot_coop/bin'
[3.864s] Level 1:colcon.colcon_core.environment:create_environment_scripts_only(multi_robot_coop)
[3.864s] INFO:colcon.colcon_core.shell:Creating package script '/home/kishu/roboticslab-technical-project/ros2_ws/install/multi_robot_coop/share/multi_robot_coop/package.ps1'
[3.865s] INFO:colcon.colcon_core.shell:Creating package descriptor '/home/kishu/roboticslab-technical-project/ros2_ws/install/multi_robot_coop/share/multi_robot_coop/package.dsv'
[3.866s] INFO:colcon.colcon_core.shell:Creating package script '/home/kishu/roboticslab-technical-project/ros2_ws/install/multi_robot_coop/share/multi_robot_coop/package.sh'
[3.866s] INFO:colcon.colcon_core.shell:Creating package script '/home/kishu/roboticslab-technical-project/ros2_ws/install/multi_robot_coop/share/multi_robot_coop/package.bash'
[3.867s] INFO:colcon.colcon_core.shell:Creating package script '/home/kishu/roboticslab-technical-project/ros2_ws/install/multi_robot_coop/share/multi_robot_coop/package.zsh'
[3.868s] Level 1:colcon.colcon_core.environment:create_file_with_runtime_dependencies(/home/kishu/roboticslab-technical-project/ros2_ws/install/multi_robot_coop/share/colcon-core/packages/multi_robot_coop)
[4.420s] Level 1:colcon.colcon_core.shell:create_environment_hook('robotiq_85_driver', 'pythonpath_develop')
[4.420s] INFO:colcon.colcon_core.shell:Creating environment hook '/home/kishu/roboticslab-technical-project/ros2_ws/build/robotiq_85_driver/share/robotiq_85_driver/hook/pythonpath_develop.ps1'
[4.421s] DEBUG:colcon.colcon_core.event_handler.log_command:Invoked command in '/home/kishu/roboticslab-technical-project/ros2_ws/build/robotiq_85_driver' returned '0': CMAKE_PREFIX_PATH=/home/kishu/roboticslab-technical-project/ros2_ws/install/robotiq_85_msgs:/home/kishu/roboticslab-technical-project/ros2_ws/install/robotiq_85_gripper:/home/kishu/roboticslab-technical-project/ros2_ws/install/robotiq_85_description:/home/kishu/roboticslab-technical-project/ros2_ws/install/gazebo_ros_link_attacher PYTHONPATH=/home/kishu/roboticslab-technical-project/ros2_ws/build/robotiq_85_driver/prefix_override:/usr/lib/python3/dist-packages/colcon_core/task/python/colcon_distutils_commands:/home/kishu/roboticslab-technical-project/ros2_ws/install/robotiq_85_driver/lib/python3.10/site-packages:${PYTHONPATH} /usr/bin/python3 -W ignore:setup.py install is deprecated -W ignore:easy_install command is deprecated setup.py develop --editable --build-directory /home/kishu/roboticslab-technical-project/ros2_ws/build/robotiq_85_driver/build --no-deps symlink_data
[4.422s] INFO:colcon.colcon_core.shell:Creating environment descriptor '/home/kishu/roboticslab-technical-project/ros2_ws/build/robotiq_85_driver/share/robotiq_85_driver/hook/pythonpath_develop.dsv'
[4.423s] INFO:colcon.colcon_core.shell:Creating environment hook '/home/kishu/roboticslab-technical-project/ros2_ws/build/robotiq_85_driver/share/robotiq_85_driver/hook/pythonpath_develop.sh'
[4.423s] Level 1:colcon.colcon_core.environment:checking '/home/kishu/roboticslab-technical-project/ros2_ws/install/robotiq_85_driver' for CMake module files
[4.424s] Level 1:colcon.colcon_core.environment:checking '/home/kishu/roboticslab-technical-project/ros2_ws/install/robotiq_85_driver' for CMake config files
[4.424s] Level 1:colcon.colcon_core.environment:checking '/home/kishu/roboticslab-technical-project/ros2_ws/install/robotiq_85_driver/lib'
[4.425s] Level 1:colcon.colcon_core.environment:checking '/home/kishu/roboticslab-technical-project/ros2_ws/install/robotiq_85_driver/bin'
[4.425s] Level 1:colcon.colcon_core.environment:checking '/home/kishu/roboticslab-technical-project/ros2_ws/install/robotiq_85_driver/lib/pkgconfig/robotiq_85_driver.pc'
[4.425s] Level 1:colcon.colcon_core.environment:checking '/home/kishu/roboticslab-technical-project/ros2_ws/install/robotiq_85_driver/lib/python3.10/site-packages'
[4.425s] Level 1:colcon.colcon_core.shell:create_environment_hook('robotiq_85_driver', 'pythonpath')
[4.425s] INFO:colcon.colcon_core.shell:Creating environment hook '/home/kishu/roboticslab-technical-project/ros2_ws/install/robotiq_85_driver/share/robotiq_85_driver/hook/pythonpath.ps1'
[4.426s] INFO:colcon.colcon_core.shell:Creating environment descriptor '/home/kishu/roboticslab-technical-project/ros2_ws/install/robotiq_85_driver/share/robotiq_85_driver/hook/pythonpath.dsv'
[4.427s] INFO:colcon.colcon_core.shell:Creating environment hook '/home/kishu/roboticslab-technical-project/ros2_ws/install/robotiq_85_driver/share/robotiq_85_driver/hook/pythonpath.sh'
[4.427s] Level 1:colcon.colcon_core.environment:checking '/home/kishu/roboticslab-technical-project/ros2_ws/install/robotiq_85_driver/bin'
[4.428s] Level 1:colcon.colcon_core.environment:create_environment_scripts_only(robotiq_85_driver)
[4.428s] INFO:colcon.colcon_core.shell:Creating package script '/home/kishu/roboticslab-technical-project/ros2_ws/install/robotiq_85_driver/share/robotiq_85_driver/package.ps1'
[4.429s] INFO:colcon.colcon_core.shell:Creating package descriptor '/home/kishu/roboticslab-technical-project/ros2_ws/install/robotiq_85_driver/share/robotiq_85_driver/package.dsv'
[4.429s] INFO:colcon.colcon_core.shell:Creating package script '/home/kishu/roboticslab-technical-project/ros2_ws/install/robotiq_85_driver/share/robotiq_85_driver/package.sh'
[4.430s] INFO:colcon.colcon_core.shell:Creating package script '/home/kishu/roboticslab-technical-project/ros2_ws/install/robotiq_85_driver/share/robotiq_85_driver/package.bash'
[4.431s] INFO:colcon.colcon_core.shell:Creating package script '/home/kishu/roboticslab-technical-project/ros2_ws/install/robotiq_85_driver/share/robotiq_85_driver/package.zsh'
[4.431s] Level 1:colcon.colcon_core.environment:create_file_with_runtime_dependencies(/home/kishu/roboticslab-technical-project/ros2_ws/install/robotiq_85_driver/share/colcon-core/packages/robotiq_85_driver)
[4.432s] INFO:colcon.colcon_ros.task.ament_cmake.build:Building ROS package in '/home/kishu/roboticslab-technical-project/ros2_ws/src/robotiq_85_gripper/robotiq_85_gripper' with build type 'ament_cmake'
[4.432s] INFO:colcon.colcon_cmake.task.cmake.build:Building CMake package in '/home/kishu/roboticslab-technical-project/ros2_ws/src/robotiq_85_gripper/robotiq_85_gripper'
[4.432s] INFO:colcon.colcon_core.shell:Skip shell extension 'powershell' for command environment: Not usable outside of PowerShell
[4.432s] DEBUG:colcon.colcon_core.shell:Skip shell extension 'dsv' for command environment
[4.617s] DEBUG:colcon.colcon_core.event_handler.log_command:Invoking command in '/home/kishu/roboticslab-technical-project/ros2_ws/build/robotiq_85_gripper': AMENT_PREFIX_PATH=/home/kishu/roboticslab-technical-project/ros2_ws/install/robotiq_85_driver:/home/kishu/roboticslab-technical-project/ros2_ws/install/robotiq_85_gripper:/home/kishu/roboticslab-technical-project/ros2_ws/install/robotiq_85_msgs:/home/kishu/roboticslab-technical-project/ros2_ws/install/robotiq_85_description:/home/kishu/roboticslab-technical-project/ros2_ws/install/multi_robot_coop:/home/kishu/roboticslab-technical-project/ros2_ws/install/gazebo_ros_link_attacher:/opt/ros/humble CMAKE_PREFIX_PATH=/home/kishu/roboticslab-technical-project/ros2_ws/install/robotiq_85_msgs:/home/kishu/roboticslab-technical-project/ros2_ws/install/robotiq_85_description:/home/kishu/roboticslab-technical-project/ros2_ws/install/robotiq_85_gripper:/home/kishu/roboticslab-technical-project/ros2_ws/install/gazebo_ros_link_attacher:/home/kishu/roboticslab-technical-project/ros2_ws/install/robotiq_85_driver:/home/kishu/roboticslab-technical-project/ros2_ws/install/multi_robot_coop:/opt/ros/humble /usr/bin/cmake --build /home/kishu/roboticslab-technical-project/ros2_ws/build/robotiq_85_gripper -- -j4 -l4
[4.666s] DEBUG:colcon.colcon_core.event_handler.log_command:Invoked command in '/home/kishu/roboticslab-technical-project/ros2_ws/build/robotiq_85_gripper' returned '0': AMENT_PREFIX_PATH=/home/kishu/roboticslab-technical-project/ros2_ws/install/robotiq_85_driver:/home/kishu/roboticslab-technical-project/ros2_ws/install/robotiq_85_gripper:/home/kishu/roboticslab-technical-project/ros2_ws/install/robotiq_85_msgs:/home/kishu/roboticslab-technical-project/ros2_ws/install/robotiq_85_description:/home/kishu/roboticslab-technical-project/ros2_ws/install/multi_robot_coop:/home/kishu/roboticslab-technical-project/ros2_ws/install/gazebo_ros_link_attacher:/opt/ros/humble CMAKE_PREFIX_PATH=/home/kishu/roboticslab-technical-project/ros2_ws/install/robotiq_85_msgs:/home/kishu/roboticslab-technical-project/ros2_ws/install/robotiq_85_description:/home/kishu/roboticslab-technical-project/ros2_ws/install/robotiq_85_gripper:/home/kishu/roboticslab-technical-project/ros2_ws/install/gazebo_ros_link_attacher:/home/kishu/roboticslab-technical-project/ros2_ws/install/robotiq_85_driver:/home/kishu/roboticslab-technical-project/ros2_ws/install/multi_robot_coop:/opt/ros/humble /usr/bin/cmake --build /home/kishu/roboticslab-technical-project/ros2_ws/build/robotiq_85_gripper -- -j4 -l4
[4.669s] DEBUG:colcon.colcon_core.event_handler.log_command:Invoking command in '/home/kishu/roboticslab-technical-project/ros2_ws/build/robotiq_85_gripper': AMENT_PREFIX_PATH=/home/kishu/roboticslab-technical-project/ros2_ws/install/robotiq_85_driver:/home/kishu/roboticslab-technical-project/ros2_ws/install/robotiq_85_gripper:/home/kishu/roboticslab-technical-project/ros2_ws/install/robotiq_85_msgs:/home/kishu/roboticslab-technical-project/ros2_ws/install/robotiq_85_description:/home/kishu/roboticslab-technical-project/ros2_ws/install/multi_robot_coop:/home/kishu/roboticslab-technical-project/ros2_ws/install/gazebo_ros_link_attacher:/opt/ros/humble CMAKE_PREFIX_PATH=/home/kishu/roboticslab-technical-project/ros2_ws/install/robotiq_85_msgs:/home/kishu/roboticslab-technical-project/ros2_ws/install/robotiq_85_description:/home/kishu/roboticslab-technical-project/ros2_ws/install/robotiq_85_gripper:/home/kishu/roboticslab-technical-project/ros2_ws/install/gazebo_ros_link_attacher:/home/kishu/roboticslab-technical-project/ros2_ws/install/robotiq_85_driver:/home/kishu/roboticslab-technical-project/ros2_ws/install/multi_robot_coop:/opt/ros/humble /usr/bin/cmake --install /home/kishu/roboticslab-technical-project/ros2_ws/build/robotiq_85_gripper
[4.699s] Level 1:colcon.colcon_core.environment:create_environment_scripts_only(robotiq_85_gripper)
[4.699s] Level 1:colcon.colcon_core.environment:checking '/home/kishu/roboticslab-technical-project/ros2_ws/install/robotiq_85_gripper' for CMake module files
[4.700s] DEBUG:colcon.colcon_core.event_handler.log_command:Invoked command in '/home/kishu/roboticslab-technical-project/ros2_ws/build/robotiq_85_gripper' returned '0': AMENT_PREFIX_PATH=/home/kishu/roboticslab-technical-project/ros2_ws/install/robotiq_85_driver:/home/kishu/roboticslab-technical-project/ros2_ws/install/robotiq_85_gripper:/home/kishu/roboticslab-technical-project/ros2_ws/install/robotiq_85_msgs:/home/kishu/roboticslab-technical-project/ros2_ws/install/robotiq_85_description:/home/kishu/roboticslab-technical-project/ros2_ws/install/multi_robot_coop:/home/kishu/roboticslab-technical-project/ros2_ws/install/gazebo_ros_link_attacher:/opt/ros/humble CMAKE_PREFIX_PATH=/home/kishu/roboticslab-technical-project/ros2_ws/install/robotiq_85_msgs:/home/kishu/roboticslab-technical-project/ros2_ws/install/robotiq_85_description:/home/kishu/roboticslab-technical-project/ros2_ws/install/robotiq_85_gripper:/home/kishu/roboticslab-technical-project/ros2_ws/install/gazebo_ros_link_attacher:/home/kishu/roboticslab-technical-project/ros2_ws/install/robotiq_85_driver:/home/kishu/roboticslab-technical-project/ros2_ws/install/multi_robot_coop:/opt/ros/humble /usr/bin/cmake --install /home/kishu/roboticslab-technical-project/ros2_ws/build/robotiq_85_gripper
[4.700s] Level 1:colcon.colcon_core.environment:checking '/home/kishu/roboticslab-technical-project/ros2_ws/install/robotiq_85_gripper' for CMake config files
[4.701s] Level 1:colcon.colcon_core.shell:create_environment_hook('robotiq_85_gripper', 'cmake_prefix_path')
[4.701s] INFO:colcon.colcon_core.shell:Creating environment hook '/home/kishu/roboticslab-technical-project/ros2_ws/install/robotiq_85_gripper/share/robotiq_85_gripper/hook/cmake_prefix_path.ps1'
[4.702s] INFO:colcon.colcon_core.shell:Creating environment descriptor '/home/kishu/roboticslab-technical-project/ros2_ws/install/robotiq_85_gripper/share/robotiq_85_gripper/hook/cmake_prefix_path.dsv'
[4.702s] INFO:colcon.colcon_core.shell:Creating environment hook '/home/kishu/roboticslab-technical-project/ros2_ws/install/robotiq_85_gripper/share/robotiq_85_gripper/hook/cmake_prefix_path.sh'
[4.703s] Level 1:colcon.colcon_core.environment:checking '/home/kishu/roboticslab-technical-project/ros2_ws/install/robotiq_85_gripper/bin'
[4.703s] Level 1:colcon.colcon_core.environment:checking '/home/kishu/roboticslab-technical-project/ros2_ws/install/robotiq_85_gripper/lib/pkgconfig/robotiq_85_gripper.pc'
[4.703s] Level 1:colcon.colcon_core.environment:checking '/home/kishu/roboticslab-technical-project/ros2_ws/install/robotiq_85_gripper/lib/python3.10/site-packages'
[4.704s] Level 1:colcon.colcon_core.environment:checking '/home/kishu/roboticslab-technical-project/ros2_ws/install/robotiq_85_gripper/bin'
[4.704s] INFO:colcon.colcon_core.shell:Creating package script '/home/kishu/roboticslab-technical-project/ros2_ws/install/robotiq_85_gripper/share/robotiq_85_gripper/package.ps1'
[4.705s] INFO:colcon.colcon_core.shell:Creating package descriptor '/home/kishu/roboticslab-technical-project/ros2_ws/install/robotiq_85_gripper/share/robotiq_85_gripper/package.dsv'
[4.705s] INFO:colcon.colcon_core.shell:Creating package script '/home/kishu/roboticslab-technical-project/ros2_ws/install/robotiq_85_gripper/share/robotiq_85_gripper/package.sh'
[4.706s] INFO:colcon.colcon_core.shell:Creating package script '/home/kishu/roboticslab-technical-project/ros2_ws/install/robotiq_85_gripper/share/robotiq_85_gripper/package.bash'
[4.707s] INFO:colcon.colcon_core.shell:Creating package script '/home/kishu/roboticslab-technical-project/ros2_ws/install/robotiq_85_gripper/share/robotiq_85_gripper/package.zsh'
[4.708s] Level 1:colcon.colcon_core.environment:create_file_with_runtime_dependencies(/home/kishu/roboticslab-technical-project/ros2_ws/install/robotiq_85_gripper/share/colcon-core/packages/robotiq_85_gripper)
[4.708s] Level 1:colcon.colcon_core.environment:create_environment_scripts_only(robotiq_85_gripper)
[4.709s] Level 1:colcon.colcon_core.environment:checking '/home/kishu/roboticslab-technical-project/ros2_ws/install/robotiq_85_gripper' for CMake module files
[4.709s] Level 1:colcon.colcon_core.environment:checking '/home/kishu/roboticslab-technical-project/ros2_ws/install/robotiq_85_gripper' for CMake config files
[4.710s] Level 1:colcon.colcon_core.shell:create_environment_hook('robotiq_85_gripper', 'cmake_prefix_path')
[4.710s] INFO:colcon.colcon_core.shell:Creating environment hook '/home/kishu/roboticslab-technical-project/ros2_ws/install/robotiq_85_gripper/share/robotiq_85_gripper/hook/cmake_prefix_path.ps1'
[4.711s] INFO:colcon.colcon_core.shell:Creating environment descriptor '/home/kishu/roboticslab-technical-project/ros2_ws/install/robotiq_85_gripper/share/robotiq_85_gripper/hook/cmake_prefix_path.dsv'
[4.711s] INFO:colcon.colcon_core.shell:Creating environment hook '/home/kishu/roboticslab-technical-project/ros2_ws/install/robotiq_85_gripper/share/robotiq_85_gripper/hook/cmake_prefix_path.sh'
[4.712s] Level 1:colcon.colcon_core.environment:checking '/home/kishu/roboticslab-technical-project/ros2_ws/install/robotiq_85_gripper/bin'
[4.712s] Level 1:colcon.colcon_core.environment:checking '/home/kishu/roboticslab-technical-project/ros2_ws/install/robotiq_85_gripper/lib/pkgconfig/robotiq_85_gripper.pc'
[4.712s] Level 1:colcon.colcon_core.environment:checking '/home/kishu/roboticslab-technical-project/ros2_ws/install/robotiq_85_gripper/lib/python3.10/site-packages'
[4.713s] Level 1:colcon.colcon_core.environment:checking '/home/kishu/roboticslab-technical-project/ros2_ws/install/robotiq_85_gripper/bin'
[4.713s] INFO:colcon.colcon_core.shell:Creating package script '/home/kishu/roboticslab-technical-project/ros2_ws/install/robotiq_85_gripper/share/robotiq_85_gripper/package.ps1'
[4.714s] INFO:colcon.colcon_core.shell:Creating package descriptor '/home/kishu/roboticslab-technical-project/ros2_ws/install/robotiq_85_gripper/share/robotiq_85_gripper/package.dsv'
[4.715s] INFO:colcon.colcon_core.shell:Creating package script '/home/kishu/roboticslab-technical-project/ros2_ws/install/robotiq_85_gripper/share/robotiq_85_gripper/package.sh'
[4.716s] INFO:colcon.colcon_core.shell:Creating package script '/home/kishu/roboticslab-technical-project/ros2_ws/install/robotiq_85_gripper/share/robotiq_85_gripper/package.bash'
[4.716s] INFO:colcon.colcon_core.shell:Creating package script '/home/kishu/roboticslab-technical-project/ros2_ws/install/robotiq_85_gripper/share/robotiq_85_gripper/package.zsh'
[4.717s] Level 1:colcon.colcon_core.environment:create_file_with_runtime_dependencies(/home/kishu/roboticslab-technical-project/ros2_ws/install/robotiq_85_gripper/share/colcon-core/packages/robotiq_85_gripper)
[4.718s] DEBUG:colcon.colcon_parallel_executor.executor.parallel:closing loop
[4.719s] DEBUG:colcon.colcon_parallel_executor.executor.parallel:loop closed
[4.720s] DEBUG:colcon.colcon_parallel_executor.executor.parallel:run_until_complete finished with '0'
[4.720s] DEBUG:colcon.colcon_core.event_reactor:joining thread
[4.758s] INFO:colcon.colcon_core.plugin_system:Skipping extension 'colcon_notification.desktop_notification.notify_send': Could not find 'notify-send'
[4.759s] INFO:colcon.colcon_core.plugin_system:Skipping extension 'colcon_notification.desktop_notification.terminal_notifier': Not used on non-Darwin systems
[4.759s] INFO:colcon.colcon_core.plugin_system:Skipping extension 'colcon_notification.desktop_notification.win32': Not used on non-Windows systems
[4.759s] INFO:colcon.colcon_notification.desktop_notification:Sending desktop notification using 'notify2'
[4.759s] DEBUG:colcon.colcon_notification.desktop_notification.notify2:Failed to initialize notify2: org.freedesktop.DBus.Error.FileNotFound: Failed to connect to socket /run/user/1000/bus: No such file or directory
[4.759s] DEBUG:colcon.colcon_core.event_reactor:joined thread
[4.759s] INFO:colcon.colcon_core.shell:Creating prefix script '/home/kishu/roboticslab-technical-project/ros2_ws/install/local_setup.ps1'
[4.761s] INFO:colcon.colcon_core.shell:Creating prefix util module '/home/kishu/roboticslab-technical-project/ros2_ws/install/_local_setup_util_ps1.py'
[4.763s] INFO:colcon.colcon_core.shell:Creating prefix chain script '/home/kishu/roboticslab-technical-project/ros2_ws/install/setup.ps1'
[4.764s] INFO:colcon.colcon_core.shell:Creating prefix script '/home/kishu/roboticslab-technical-project/ros2_ws/install/local_setup.sh'
[4.765s] INFO:colcon.colcon_core.shell:Creating prefix util module '/home/kishu/roboticslab-technical-project/ros2_ws/install/_local_setup_util_sh.py'
[4.767s] INFO:colcon.colcon_core.shell:Creating prefix chain script '/home/kishu/roboticslab-technical-project/ros2_ws/install/setup.sh'
[4.769s] INFO:colcon.colcon_core.shell:Creating prefix script '/home/kishu/roboticslab-technical-project/ros2_ws/install/local_setup.bash'
[4.770s] INFO:colcon.colcon_core.shell:Creating prefix chain script '/home/kishu/roboticslab-technical-project/ros2_ws/install/setup.bash'
[4.772s] INFO:colcon.colcon_core.shell:Creating prefix script '/home/kishu/roboticslab-technical-project/ros2_ws/install/local_setup.zsh'
[4.773s] INFO:colcon.colcon_core.shell:Creating prefix chain script '/home/kishu/roboticslab-technical-project/ros2_ws/install/setup.zsh'
