[0.373s] DEBUG:colcon:Command line arguments: ['/usr/bin/colcon', 'build']
[0.373s] DEBUG:colcon:Parsed command line arguments: Namespace(log_base=None, log_level=None, verb_name='build', build_base='build', install_base='install', merge_install=False, symlink_install=False, test_result_base=None, continue_on_error=False, executor='parallel', parallel_workers=4, event_handlers=None, ignore_user_meta=False, metas=['./colcon.meta'], base_paths=['.'], packages_ignore=None, packages_ignore_regex=None, paths=None, packages_up_to=None, packages_up_to_regex=None, packages_above=None, packages_above_and_dependencies=None, packages_above_depth=None, packages_select_by_dep=None, packages_skip_by_dep=None, packages_skip_up_to=None, packages_select_build_failed=False, packages_skip_build_finished=False, packages_select_test_failures=False, packages_skip_test_passed=False, packages_select=None, packages_skip=None, packages_select_regex=None, packages_skip_regex=None, packages_start=None, packages_end=None, allow_overriding=[], cmake_args=None, cmake_target=None, cmake_target_skip_unavailable=False, cmake_clean_cache=False, cmake_clean_first=False, cmake_force_configure=False, ament_cmake_args=None, catkin_cmake_args=None, catkin_skip_building_tests=False, verb_parser=<colcon_defaults.argument_parser.defaults.DefaultArgumentsDecorator object at 0x742c6d533e80>, verb_extension=<colcon_core.verb.build.BuildVerb object at 0x742c6d533940>, main=<bound method BuildVerb.main of <colcon_core.verb.build.BuildVerb object at 0x742c6d533940>>)
[0.725s] Level 1:colcon.colcon_core.package_discovery:discover_packages(colcon_meta) check parameters
[0.725s] Level 1:colcon.colcon_core.package_discovery:discover_packages(recursive) check parameters
[0.725s] Level 1:colcon.colcon_core.package_discovery:discover_packages(ignore) check parameters
[0.725s] Level 1:colcon.colcon_core.package_discovery:discover_packages(path) check parameters
[0.725s] Level 1:colcon.colcon_core.package_discovery:discover_packages(colcon_meta) discover
[0.726s] Level 1:colcon.colcon_core.package_discovery:discover_packages(recursive) discover
[0.726s] INFO:colcon.colcon_core.package_discovery:Crawling recursively for packages in '/home/kishu/roboticslab-technical-project'
[0.726s] Level 1:colcon.colcon_core.package_identification:_identify(.) by extensions ['ignore', 'ignore_ament_install']
[0.726s] Level 1:colcon.colcon_core.package_identification:_identify(.) by extension 'ignore'
[0.726s] Level 1:colcon.colcon_core.package_identification:_identify(.) by extension 'ignore_ament_install'
[0.726s] Level 1:colcon.colcon_core.package_identification:_identify(.) by extensions ['colcon_pkg']
[0.726s] Level 1:colcon.colcon_core.package_identification:_identify(.) by extension 'colcon_pkg'
[0.726s] Level 1:colcon.colcon_core.package_identification:_identify(.) by extensions ['colcon_meta']
[0.726s] Level 1:colcon.colcon_core.package_identification:_identify(.) by extension 'colcon_meta'
[0.726s] Level 1:colcon.colcon_core.package_identification:_identify(.) by extensions ['ros']
[0.726s] Level 1:colcon.colcon_core.package_identification:_identify(.) by extension 'ros'
[0.760s] Level 1:colcon.colcon_core.package_identification:_identify(.) by extensions ['cmake', 'python']
[0.761s] Level 1:colcon.colcon_core.package_identification:_identify(.) by extension 'cmake'
[0.761s] Level 1:colcon.colcon_core.package_identification:_identify(.) by extension 'python'
[0.761s] Level 1:colcon.colcon_core.package_identification:_identify(.) by extensions ['python_setup_py']
[0.761s] Level 1:colcon.colcon_core.package_identification:_identify(.) by extension 'python_setup_py'
[0.761s] Level 1:colcon.colcon_core.package_identification:_identify(build) by extensions ['ignore', 'ignore_ament_install']
[0.761s] Level 1:colcon.colcon_core.package_identification:_identify(build) by extension 'ignore'
[0.761s] Level 1:colcon.colcon_core.package_identification:_identify(build) ignored
[0.763s] Level 1:colcon.colcon_core.package_identification:_identify(config) by extensions ['ignore', 'ignore_ament_install']
[0.763s] Level 1:colcon.colcon_core.package_identification:_identify(config) by extension 'ignore'
[0.763s] Level 1:colcon.colcon_core.package_identification:_identify(config) by extension 'ignore_ament_install'
[0.763s] Level 1:colcon.colcon_core.package_identification:_identify(config) by extensions ['colcon_pkg']
[0.763s] Level 1:colcon.colcon_core.package_identification:_identify(config) by extension 'colcon_pkg'
[0.764s] Level 1:colcon.colcon_core.package_identification:_identify(config) by extensions ['colcon_meta']
[0.764s] Level 1:colcon.colcon_core.package_identification:_identify(config) by extension 'colcon_meta'
[0.764s] Level 1:colcon.colcon_core.package_identification:_identify(config) by extensions ['ros']
[0.764s] Level 1:colcon.colcon_core.package_identification:_identify(config) by extension 'ros'
[0.764s] Level 1:colcon.colcon_core.package_identification:_identify(config) by extensions ['cmake', 'python']
[0.764s] Level 1:colcon.colcon_core.package_identification:_identify(config) by extension 'cmake'
[0.764s] Level 1:colcon.colcon_core.package_identification:_identify(config) by extension 'python'
[0.765s] Level 1:colcon.colcon_core.package_identification:_identify(config) by extensions ['python_setup_py']
[0.765s] Level 1:colcon.colcon_core.package_identification:_identify(config) by extension 'python_setup_py'
[0.765s] Level 1:colcon.colcon_core.package_identification:_identify(config/gui) by extensions ['ignore', 'ignore_ament_install']
[0.766s] Level 1:colcon.colcon_core.package_identification:_identify(config/gui) by extension 'ignore'
[0.766s] Level 1:colcon.colcon_core.package_identification:_identify(config/gui) by extension 'ignore_ament_install'
[0.766s] Level 1:colcon.colcon_core.package_identification:_identify(config/gui) by extensions ['colcon_pkg']
[0.766s] Level 1:colcon.colcon_core.package_identification:_identify(config/gui) by extension 'colcon_pkg'
[0.766s] Level 1:colcon.colcon_core.package_identification:_identify(config/gui) by extensions ['colcon_meta']
[0.766s] Level 1:colcon.colcon_core.package_identification:_identify(config/gui) by extension 'colcon_meta'
[0.766s] Level 1:colcon.colcon_core.package_identification:_identify(config/gui) by extensions ['ros']
[0.766s] Level 1:colcon.colcon_core.package_identification:_identify(config/gui) by extension 'ros'
[0.766s] Level 1:colcon.colcon_core.package_identification:_identify(config/gui) by extensions ['cmake', 'python']
[0.766s] Level 1:colcon.colcon_core.package_identification:_identify(config/gui) by extension 'cmake'
[0.766s] Level 1:colcon.colcon_core.package_identification:_identify(config/gui) by extension 'python'
[0.766s] Level 1:colcon.colcon_core.package_identification:_identify(config/gui) by extensions ['python_setup_py']
[0.766s] Level 1:colcon.colcon_core.package_identification:_identify(config/gui) by extension 'python_setup_py'
[0.767s] Level 1:colcon.colcon_core.package_identification:_identify(docs) by extensions ['ignore', 'ignore_ament_install']
[0.767s] Level 1:colcon.colcon_core.package_identification:_identify(docs) by extension 'ignore'
[0.767s] Level 1:colcon.colcon_core.package_identification:_identify(docs) by extension 'ignore_ament_install'
[0.768s] Level 1:colcon.colcon_core.package_identification:_identify(docs) by extensions ['colcon_pkg']
[0.768s] Level 1:colcon.colcon_core.package_identification:_identify(docs) by extension 'colcon_pkg'
[0.768s] Level 1:colcon.colcon_core.package_identification:_identify(docs) by extensions ['colcon_meta']
[0.768s] Level 1:colcon.colcon_core.package_identification:_identify(docs) by extension 'colcon_meta'
[0.768s] Level 1:colcon.colcon_core.package_identification:_identify(docs) by extensions ['ros']
[0.768s] Level 1:colcon.colcon_core.package_identification:_identify(docs) by extension 'ros'
[0.768s] Level 1:colcon.colcon_core.package_identification:_identify(docs) by extensions ['cmake', 'python']
[0.768s] Level 1:colcon.colcon_core.package_identification:_identify(docs) by extension 'cmake'
[0.768s] Level 1:colcon.colcon_core.package_identification:_identify(docs) by extension 'python'
[0.768s] Level 1:colcon.colcon_core.package_identification:_identify(docs) by extensions ['python_setup_py']
[0.768s] Level 1:colcon.colcon_core.package_identification:_identify(docs) by extension 'python_setup_py'
[0.772s] Level 1:colcon.colcon_core.package_identification:_identify(gazebo_models) by extensions ['ignore', 'ignore_ament_install']
[0.772s] Level 1:colcon.colcon_core.package_identification:_identify(gazebo_models) by extension 'ignore'
[0.772s] Level 1:colcon.colcon_core.package_identification:_identify(gazebo_models) by extension 'ignore_ament_install'
[0.772s] Level 1:colcon.colcon_core.package_identification:_identify(gazebo_models) by extensions ['colcon_pkg']
[0.772s] Level 1:colcon.colcon_core.package_identification:_identify(gazebo_models) by extension 'colcon_pkg'
[0.772s] Level 1:colcon.colcon_core.package_identification:_identify(gazebo_models) by extensions ['colcon_meta']
[0.772s] Level 1:colcon.colcon_core.package_identification:_identify(gazebo_models) by extension 'colcon_meta'
[0.773s] Level 1:colcon.colcon_core.package_identification:_identify(gazebo_models) by extensions ['ros']
[0.773s] Level 1:colcon.colcon_core.package_identification:_identify(gazebo_models) by extension 'ros'
[0.773s] Level 1:colcon.colcon_core.package_identification:_identify(gazebo_models) by extensions ['cmake', 'python']
[0.773s] Level 1:colcon.colcon_core.package_identification:_identify(gazebo_models) by extension 'cmake'
[1.175s] Level 1:colcon.colcon_core.package_identification:_identify(gazebo_models) by extension 'python'
[1.175s] DEBUG:colcon.colcon_core.package_identification:Package 'gazebo_models' with type 'cmake' and name 'gazebo_models'
[1.176s] Level 1:colcon.colcon_core.package_identification:_identify(install) by extensions ['ignore', 'ignore_ament_install']
[1.176s] Level 1:colcon.colcon_core.package_identification:_identify(install) by extension 'ignore'
[1.176s] Level 1:colcon.colcon_core.package_identification:_identify(install) ignored
[1.176s] Level 1:colcon.colcon_core.package_identification:_identify(launch) by extensions ['ignore', 'ignore_ament_install']
[1.176s] Level 1:colcon.colcon_core.package_identification:_identify(launch) by extension 'ignore'
[1.176s] Level 1:colcon.colcon_core.package_identification:_identify(launch) by extension 'ignore_ament_install'
[1.177s] Level 1:colcon.colcon_core.package_identification:_identify(launch) by extensions ['colcon_pkg']
[1.177s] Level 1:colcon.colcon_core.package_identification:_identify(launch) by extension 'colcon_pkg'
[1.177s] Level 1:colcon.colcon_core.package_identification:_identify(launch) by extensions ['colcon_meta']
[1.177s] Level 1:colcon.colcon_core.package_identification:_identify(launch) by extension 'colcon_meta'
[1.177s] Level 1:colcon.colcon_core.package_identification:_identify(launch) by extensions ['ros']
[1.177s] Level 1:colcon.colcon_core.package_identification:_identify(launch) by extension 'ros'
[1.177s] Level 1:colcon.colcon_core.package_identification:_identify(launch) by extensions ['cmake', 'python']
[1.177s] Level 1:colcon.colcon_core.package_identification:_identify(launch) by extension 'cmake'
[1.177s] Level 1:colcon.colcon_core.package_identification:_identify(launch) by extension 'python'
[1.177s] Level 1:colcon.colcon_core.package_identification:_identify(launch) by extensions ['python_setup_py']
[1.177s] Level 1:colcon.colcon_core.package_identification:_identify(launch) by extension 'python_setup_py'
[1.177s] Level 1:colcon.colcon_core.package_identification:_identify(log) by extensions ['ignore', 'ignore_ament_install']
[1.178s] Level 1:colcon.colcon_core.package_identification:_identify(log) by extension 'ignore'
[1.178s] Level 1:colcon.colcon_core.package_identification:_identify(log) ignored
[1.178s] Level 1:colcon.colcon_core.package_identification:_identify(media) by extensions ['ignore', 'ignore_ament_install']
[1.178s] Level 1:colcon.colcon_core.package_identification:_identify(media) by extension 'ignore'
[1.178s] Level 1:colcon.colcon_core.package_identification:_identify(media) by extension 'ignore_ament_install'
[1.179s] Level 1:colcon.colcon_core.package_identification:_identify(media) by extensions ['colcon_pkg']
[1.179s] Level 1:colcon.colcon_core.package_identification:_identify(media) by extension 'colcon_pkg'
[1.179s] Level 1:colcon.colcon_core.package_identification:_identify(media) by extensions ['colcon_meta']
[1.179s] Level 1:colcon.colcon_core.package_identification:_identify(media) by extension 'colcon_meta'
[1.179s] Level 1:colcon.colcon_core.package_identification:_identify(media) by extensions ['ros']
[1.179s] Level 1:colcon.colcon_core.package_identification:_identify(media) by extension 'ros'
[1.179s] Level 1:colcon.colcon_core.package_identification:_identify(media) by extensions ['cmake', 'python']
[1.179s] Level 1:colcon.colcon_core.package_identification:_identify(media) by extension 'cmake'
[1.179s] Level 1:colcon.colcon_core.package_identification:_identify(media) by extension 'python'
[1.179s] Level 1:colcon.colcon_core.package_identification:_identify(media) by extensions ['python_setup_py']
[1.179s] Level 1:colcon.colcon_core.package_identification:_identify(media) by extension 'python_setup_py'
[1.179s] Level 1:colcon.colcon_core.package_identification:_identify(models) by extensions ['ignore', 'ignore_ament_install']
[1.180s] Level 1:colcon.colcon_core.package_identification:_identify(models) by extension 'ignore'
[1.180s] Level 1:colcon.colcon_core.package_identification:_identify(models) by extension 'ignore_ament_install'
[1.180s] Level 1:colcon.colcon_core.package_identification:_identify(models) by extensions ['colcon_pkg']
[1.180s] Level 1:colcon.colcon_core.package_identification:_identify(models) by extension 'colcon_pkg'
[1.180s] Level 1:colcon.colcon_core.package_identification:_identify(models) by extensions ['colcon_meta']
[1.180s] Level 1:colcon.colcon_core.package_identification:_identify(models) by extension 'colcon_meta'
[1.180s] Level 1:colcon.colcon_core.package_identification:_identify(models) by extensions ['ros']
[1.180s] Level 1:colcon.colcon_core.package_identification:_identify(models) by extension 'ros'
[1.180s] Level 1:colcon.colcon_core.package_identification:_identify(models) by extensions ['cmake', 'python']
[1.180s] Level 1:colcon.colcon_core.package_identification:_identify(models) by extension 'cmake'
[1.180s] Level 1:colcon.colcon_core.package_identification:_identify(models) by extension 'python'
[1.180s] Level 1:colcon.colcon_core.package_identification:_identify(models) by extensions ['python_setup_py']
[1.180s] Level 1:colcon.colcon_core.package_identification:_identify(models) by extension 'python_setup_py'
[1.181s] Level 1:colcon.colcon_core.package_identification:_identify(models/bullet3) by extensions ['ignore', 'ignore_ament_install']
[1.181s] Level 1:colcon.colcon_core.package_identification:_identify(models/bullet3) by extension 'ignore'
[1.181s] Level 1:colcon.colcon_core.package_identification:_identify(models/bullet3) by extension 'ignore_ament_install'
[1.181s] Level 1:colcon.colcon_core.package_identification:_identify(models/bullet3) by extensions ['colcon_pkg']
[1.181s] Level 1:colcon.colcon_core.package_identification:_identify(models/bullet3) by extension 'colcon_pkg'
[1.181s] Level 1:colcon.colcon_core.package_identification:_identify(models/bullet3) by extensions ['colcon_meta']
[1.181s] Level 1:colcon.colcon_core.package_identification:_identify(models/bullet3) by extension 'colcon_meta'
[1.182s] Level 1:colcon.colcon_core.package_identification:_identify(models/bullet3) by extensions ['ros']
[1.182s] Level 1:colcon.colcon_core.package_identification:_identify(models/bullet3) by extension 'ros'
[1.182s] Level 1:colcon.colcon_core.package_identification:_identify(models/bullet3) by extensions ['cmake', 'python']
[1.182s] Level 1:colcon.colcon_core.package_identification:_identify(models/bullet3) by extension 'cmake'
[1.925s] Level 1:colcon.colcon_core.package_identification:_identify(models/bullet3) by extension 'python'
[1.925s] DEBUG:colcon.colcon_core.package_identification:Package 'models/bullet3' with type 'cmake' and name 'BULLET_PHYSICS'
[1.926s] Level 1:colcon.colcon_core.package_identification:_identify(models/industrial_arm) by extensions ['ignore', 'ignore_ament_install']
[1.926s] Level 1:colcon.colcon_core.package_identification:_identify(models/industrial_arm) by extension 'ignore'
[1.926s] Level 1:colcon.colcon_core.package_identification:_identify(models/industrial_arm) by extension 'ignore_ament_install'
[1.927s] Level 1:colcon.colcon_core.package_identification:_identify(models/industrial_arm) by extensions ['colcon_pkg']
[1.927s] Level 1:colcon.colcon_core.package_identification:_identify(models/industrial_arm) by extension 'colcon_pkg'
[1.927s] Level 1:colcon.colcon_core.package_identification:_identify(models/industrial_arm) by extensions ['colcon_meta']
[1.927s] Level 1:colcon.colcon_core.package_identification:_identify(models/industrial_arm) by extension 'colcon_meta'
[1.927s] Level 1:colcon.colcon_core.package_identification:_identify(models/industrial_arm) by extensions ['ros']
[1.927s] Level 1:colcon.colcon_core.package_identification:_identify(models/industrial_arm) by extension 'ros'
[1.927s] Level 1:colcon.colcon_core.package_identification:_identify(models/industrial_arm) by extensions ['cmake', 'python']
[1.927s] Level 1:colcon.colcon_core.package_identification:_identify(models/industrial_arm) by extension 'cmake'
[1.928s] Level 1:colcon.colcon_core.package_identification:_identify(models/industrial_arm) by extension 'python'
[1.928s] Level 1:colcon.colcon_core.package_identification:_identify(models/industrial_arm) by extensions ['python_setup_py']
[1.928s] Level 1:colcon.colcon_core.package_identification:_identify(models/industrial_arm) by extension 'python_setup_py'
[1.928s] Level 1:colcon.colcon_core.package_identification:_identify(models/kuka_iiwa) by extensions ['ignore', 'ignore_ament_install']
[1.928s] Level 1:colcon.colcon_core.package_identification:_identify(models/kuka_iiwa) by extension 'ignore'
[1.928s] Level 1:colcon.colcon_core.package_identification:_identify(models/kuka_iiwa) by extension 'ignore_ament_install'
[1.929s] Level 1:colcon.colcon_core.package_identification:_identify(models/kuka_iiwa) by extensions ['colcon_pkg']
[1.929s] Level 1:colcon.colcon_core.package_identification:_identify(models/kuka_iiwa) by extension 'colcon_pkg'
[1.929s] Level 1:colcon.colcon_core.package_identification:_identify(models/kuka_iiwa) by extensions ['colcon_meta']
[1.929s] Level 1:colcon.colcon_core.package_identification:_identify(models/kuka_iiwa) by extension 'colcon_meta'
[1.929s] Level 1:colcon.colcon_core.package_identification:_identify(models/kuka_iiwa) by extensions ['ros']
[1.929s] Level 1:colcon.colcon_core.package_identification:_identify(models/kuka_iiwa) by extension 'ros'
[1.929s] Level 1:colcon.colcon_core.package_identification:_identify(models/kuka_iiwa) by extensions ['cmake', 'python']
[1.929s] Level 1:colcon.colcon_core.package_identification:_identify(models/kuka_iiwa) by extension 'cmake'
[1.929s] Level 1:colcon.colcon_core.package_identification:_identify(models/kuka_iiwa) by extension 'python'
[1.929s] Level 1:colcon.colcon_core.package_identification:_identify(models/kuka_iiwa) by extensions ['python_setup_py']
[1.929s] Level 1:colcon.colcon_core.package_identification:_identify(models/kuka_iiwa) by extension 'python_setup_py'
[1.930s] Level 1:colcon.colcon_core.package_identification:_identify(models/kuka_iiwa/meshes) by extensions ['ignore', 'ignore_ament_install']
[1.930s] Level 1:colcon.colcon_core.package_identification:_identify(models/kuka_iiwa/meshes) by extension 'ignore'
[1.930s] Level 1:colcon.colcon_core.package_identification:_identify(models/kuka_iiwa/meshes) by extension 'ignore_ament_install'
[1.930s] Level 1:colcon.colcon_core.package_identification:_identify(models/kuka_iiwa/meshes) by extensions ['colcon_pkg']
[1.930s] Level 1:colcon.colcon_core.package_identification:_identify(models/kuka_iiwa/meshes) by extension 'colcon_pkg'
[1.930s] Level 1:colcon.colcon_core.package_identification:_identify(models/kuka_iiwa/meshes) by extensions ['colcon_meta']
[1.931s] Level 1:colcon.colcon_core.package_identification:_identify(models/kuka_iiwa/meshes) by extension 'colcon_meta'
[1.931s] Level 1:colcon.colcon_core.package_identification:_identify(models/kuka_iiwa/meshes) by extensions ['ros']
[1.931s] Level 1:colcon.colcon_core.package_identification:_identify(models/kuka_iiwa/meshes) by extension 'ros'
[1.931s] Level 1:colcon.colcon_core.package_identification:_identify(models/kuka_iiwa/meshes) by extensions ['cmake', 'python']
[1.931s] Level 1:colcon.colcon_core.package_identification:_identify(models/kuka_iiwa/meshes) by extension 'cmake'
[1.931s] Level 1:colcon.colcon_core.package_identification:_identify(models/kuka_iiwa/meshes) by extension 'python'
[1.931s] Level 1:colcon.colcon_core.package_identification:_identify(models/kuka_iiwa/meshes) by extensions ['python_setup_py']
[1.931s] Level 1:colcon.colcon_core.package_identification:_identify(models/kuka_iiwa/meshes) by extension 'python_setup_py'
[1.932s] Level 1:colcon.colcon_core.package_identification:_identify(models/kuka_iiwa_ros2_control) by extensions ['ignore', 'ignore_ament_install']
[1.932s] Level 1:colcon.colcon_core.package_identification:_identify(models/kuka_iiwa_ros2_control) by extension 'ignore'
[1.932s] Level 1:colcon.colcon_core.package_identification:_identify(models/kuka_iiwa_ros2_control) by extension 'ignore_ament_install'
[1.932s] Level 1:colcon.colcon_core.package_identification:_identify(models/kuka_iiwa_ros2_control) by extensions ['colcon_pkg']
[1.932s] Level 1:colcon.colcon_core.package_identification:_identify(models/kuka_iiwa_ros2_control) by extension 'colcon_pkg'
[1.932s] Level 1:colcon.colcon_core.package_identification:_identify(models/kuka_iiwa_ros2_control) by extensions ['colcon_meta']
[1.932s] Level 1:colcon.colcon_core.package_identification:_identify(models/kuka_iiwa_ros2_control) by extension 'colcon_meta'
[1.932s] Level 1:colcon.colcon_core.package_identification:_identify(models/kuka_iiwa_ros2_control) by extensions ['ros']
[1.932s] Level 1:colcon.colcon_core.package_identification:_identify(models/kuka_iiwa_ros2_control) by extension 'ros'
[1.933s] Level 1:colcon.colcon_core.package_identification:_identify(models/kuka_iiwa_ros2_control) by extensions ['cmake', 'python']
[1.933s] Level 1:colcon.colcon_core.package_identification:_identify(models/kuka_iiwa_ros2_control) by extension 'cmake'
[1.933s] Level 1:colcon.colcon_core.package_identification:_identify(models/kuka_iiwa_ros2_control) by extension 'python'
[1.933s] Level 1:colcon.colcon_core.package_identification:_identify(models/kuka_iiwa_ros2_control) by extensions ['python_setup_py']
[1.933s] Level 1:colcon.colcon_core.package_identification:_identify(models/kuka_iiwa_ros2_control) by extension 'python_setup_py'
[1.934s] Level 1:colcon.colcon_core.package_identification:_identify(models/kuka_iiwa_ros2_control/meshes) by extensions ['ignore', 'ignore_ament_install']
[1.935s] Level 1:colcon.colcon_core.package_identification:_identify(models/kuka_iiwa_ros2_control/meshes) by extension 'ignore'
[1.935s] Level 1:colcon.colcon_core.package_identification:_identify(models/kuka_iiwa_ros2_control/meshes) by extension 'ignore_ament_install'
[1.935s] Level 1:colcon.colcon_core.package_identification:_identify(models/kuka_iiwa_ros2_control/meshes) by extensions ['colcon_pkg']
[1.935s] Level 1:colcon.colcon_core.package_identification:_identify(models/kuka_iiwa_ros2_control/meshes) by extension 'colcon_pkg'
[1.935s] Level 1:colcon.colcon_core.package_identification:_identify(models/kuka_iiwa_ros2_control/meshes) by extensions ['colcon_meta']
[1.935s] Level 1:colcon.colcon_core.package_identification:_identify(models/kuka_iiwa_ros2_control/meshes) by extension 'colcon_meta'
[1.935s] Level 1:colcon.colcon_core.package_identification:_identify(models/kuka_iiwa_ros2_control/meshes) by extensions ['ros']
[1.935s] Level 1:colcon.colcon_core.package_identification:_identify(models/kuka_iiwa_ros2_control/meshes) by extension 'ros'
[1.935s] Level 1:colcon.colcon_core.package_identification:_identify(models/kuka_iiwa_ros2_control/meshes) by extensions ['cmake', 'python']
[1.935s] Level 1:colcon.colcon_core.package_identification:_identify(models/kuka_iiwa_ros2_control/meshes) by extension 'cmake'
[1.936s] Level 1:colcon.colcon_core.package_identification:_identify(models/kuka_iiwa_ros2_control/meshes) by extension 'python'
[1.936s] Level 1:colcon.colcon_core.package_identification:_identify(models/kuka_iiwa_ros2_control/meshes) by extensions ['python_setup_py']
[1.936s] Level 1:colcon.colcon_core.package_identification:_identify(models/kuka_iiwa_ros2_control/meshes) by extension 'python_setup_py'
[1.936s] Level 1:colcon.colcon_core.package_identification:_identify(models/turtlebot3_common) by extensions ['ignore', 'ignore_ament_install']
[1.936s] Level 1:colcon.colcon_core.package_identification:_identify(models/turtlebot3_common) by extension 'ignore'
[1.936s] Level 1:colcon.colcon_core.package_identification:_identify(models/turtlebot3_common) by extension 'ignore_ament_install'
[1.936s] Level 1:colcon.colcon_core.package_identification:_identify(models/turtlebot3_common) by extensions ['colcon_pkg']
[1.936s] Level 1:colcon.colcon_core.package_identification:_identify(models/turtlebot3_common) by extension 'colcon_pkg'
[1.937s] Level 1:colcon.colcon_core.package_identification:_identify(models/turtlebot3_common) by extensions ['colcon_meta']
[1.937s] Level 1:colcon.colcon_core.package_identification:_identify(models/turtlebot3_common) by extension 'colcon_meta'
[1.937s] Level 1:colcon.colcon_core.package_identification:_identify(models/turtlebot3_common) by extensions ['ros']
[1.937s] Level 1:colcon.colcon_core.package_identification:_identify(models/turtlebot3_common) by extension 'ros'
[1.937s] Level 1:colcon.colcon_core.package_identification:_identify(models/turtlebot3_common) by extensions ['cmake', 'python']
[1.937s] Level 1:colcon.colcon_core.package_identification:_identify(models/turtlebot3_common) by extension 'cmake'
[1.937s] Level 1:colcon.colcon_core.package_identification:_identify(models/turtlebot3_common) by extension 'python'
[1.937s] Level 1:colcon.colcon_core.package_identification:_identify(models/turtlebot3_common) by extensions ['python_setup_py']
[1.937s] Level 1:colcon.colcon_core.package_identification:_identify(models/turtlebot3_common) by extension 'python_setup_py'
[1.938s] Level 1:colcon.colcon_core.package_identification:_identify(models/turtlebot3_common/meshes) by extensions ['ignore', 'ignore_ament_install']
[1.938s] Level 1:colcon.colcon_core.package_identification:_identify(models/turtlebot3_common/meshes) by extension 'ignore'
[1.938s] Level 1:colcon.colcon_core.package_identification:_identify(models/turtlebot3_common/meshes) by extension 'ignore_ament_install'
[1.938s] Level 1:colcon.colcon_core.package_identification:_identify(models/turtlebot3_common/meshes) by extensions ['colcon_pkg']
[1.938s] Level 1:colcon.colcon_core.package_identification:_identify(models/turtlebot3_common/meshes) by extension 'colcon_pkg'
[1.939s] Level 1:colcon.colcon_core.package_identification:_identify(models/turtlebot3_common/meshes) by extensions ['colcon_meta']
[1.939s] Level 1:colcon.colcon_core.package_identification:_identify(models/turtlebot3_common/meshes) by extension 'colcon_meta'
[1.939s] Level 1:colcon.colcon_core.package_identification:_identify(models/turtlebot3_common/meshes) by extensions ['ros']
[1.939s] Level 1:colcon.colcon_core.package_identification:_identify(models/turtlebot3_common/meshes) by extension 'ros'
[1.939s] Level 1:colcon.colcon_core.package_identification:_identify(models/turtlebot3_common/meshes) by extensions ['cmake', 'python']
[1.939s] Level 1:colcon.colcon_core.package_identification:_identify(models/turtlebot3_common/meshes) by extension 'cmake'
[1.939s] Level 1:colcon.colcon_core.package_identification:_identify(models/turtlebot3_common/meshes) by extension 'python'
[1.939s] Level 1:colcon.colcon_core.package_identification:_identify(models/turtlebot3_common/meshes) by extensions ['python_setup_py']
[1.939s] Level 1:colcon.colcon_core.package_identification:_identify(models/turtlebot3_common/meshes) by extension 'python_setup_py'
[1.940s] Level 1:colcon.colcon_core.package_identification:_identify(models/turtlebot3_common/meshes/bases) by extensions ['ignore', 'ignore_ament_install']
[1.940s] Level 1:colcon.colcon_core.package_identification:_identify(models/turtlebot3_common/meshes/bases) by extension 'ignore'
[1.940s] Level 1:colcon.colcon_core.package_identification:_identify(models/turtlebot3_common/meshes/bases) by extension 'ignore_ament_install'
[1.940s] Level 1:colcon.colcon_core.package_identification:_identify(models/turtlebot3_common/meshes/bases) by extensions ['colcon_pkg']
[1.940s] Level 1:colcon.colcon_core.package_identification:_identify(models/turtlebot3_common/meshes/bases) by extension 'colcon_pkg'
[1.940s] Level 1:colcon.colcon_core.package_identification:_identify(models/turtlebot3_common/meshes/bases) by extensions ['colcon_meta']
[1.940s] Level 1:colcon.colcon_core.package_identification:_identify(models/turtlebot3_common/meshes/bases) by extension 'colcon_meta'
[1.941s] Level 1:colcon.colcon_core.package_identification:_identify(models/turtlebot3_common/meshes/bases) by extensions ['ros']
[1.941s] Level 1:colcon.colcon_core.package_identification:_identify(models/turtlebot3_common/meshes/bases) by extension 'ros'
[1.941s] Level 1:colcon.colcon_core.package_identification:_identify(models/turtlebot3_common/meshes/bases) by extensions ['cmake', 'python']
[1.941s] Level 1:colcon.colcon_core.package_identification:_identify(models/turtlebot3_common/meshes/bases) by extension 'cmake'
[1.941s] Level 1:colcon.colcon_core.package_identification:_identify(models/turtlebot3_common/meshes/bases) by extension 'python'
[1.941s] Level 1:colcon.colcon_core.package_identification:_identify(models/turtlebot3_common/meshes/bases) by extensions ['python_setup_py']
[1.941s] Level 1:colcon.colcon_core.package_identification:_identify(models/turtlebot3_common/meshes/bases) by extension 'python_setup_py'
[1.942s] Level 1:colcon.colcon_core.package_identification:_identify(models/turtlebot3_common/meshes/sensors) by extensions ['ignore', 'ignore_ament_install']
[1.943s] Level 1:colcon.colcon_core.package_identification:_identify(models/turtlebot3_common/meshes/sensors) by extension 'ignore'
[1.943s] Level 1:colcon.colcon_core.package_identification:_identify(models/turtlebot3_common/meshes/sensors) by extension 'ignore_ament_install'
[1.943s] Level 1:colcon.colcon_core.package_identification:_identify(models/turtlebot3_common/meshes/sensors) by extensions ['colcon_pkg']
[1.943s] Level 1:colcon.colcon_core.package_identification:_identify(models/turtlebot3_common/meshes/sensors) by extension 'colcon_pkg'
[1.943s] Level 1:colcon.colcon_core.package_identification:_identify(models/turtlebot3_common/meshes/sensors) by extensions ['colcon_meta']
[1.943s] Level 1:colcon.colcon_core.package_identification:_identify(models/turtlebot3_common/meshes/sensors) by extension 'colcon_meta'
[1.943s] Level 1:colcon.colcon_core.package_identification:_identify(models/turtlebot3_common/meshes/sensors) by extensions ['ros']
[1.943s] Level 1:colcon.colcon_core.package_identification:_identify(models/turtlebot3_common/meshes/sensors) by extension 'ros'
[1.943s] Level 1:colcon.colcon_core.package_identification:_identify(models/turtlebot3_common/meshes/sensors) by extensions ['cmake', 'python']
[1.943s] Level 1:colcon.colcon_core.package_identification:_identify(models/turtlebot3_common/meshes/sensors) by extension 'cmake'
[1.943s] Level 1:colcon.colcon_core.package_identification:_identify(models/turtlebot3_common/meshes/sensors) by extension 'python'
[1.943s] Level 1:colcon.colcon_core.package_identification:_identify(models/turtlebot3_common/meshes/sensors) by extensions ['python_setup_py']
[1.943s] Level 1:colcon.colcon_core.package_identification:_identify(models/turtlebot3_common/meshes/sensors) by extension 'python_setup_py'
[1.944s] Level 1:colcon.colcon_core.package_identification:_identify(models/turtlebot3_common/meshes/wheels) by extensions ['ignore', 'ignore_ament_install']
[1.945s] Level 1:colcon.colcon_core.package_identification:_identify(models/turtlebot3_common/meshes/wheels) by extension 'ignore'
[1.945s] Level 1:colcon.colcon_core.package_identification:_identify(models/turtlebot3_common/meshes/wheels) by extension 'ignore_ament_install'
[1.945s] Level 1:colcon.colcon_core.package_identification:_identify(models/turtlebot3_common/meshes/wheels) by extensions ['colcon_pkg']
[1.945s] Level 1:colcon.colcon_core.package_identification:_identify(models/turtlebot3_common/meshes/wheels) by extension 'colcon_pkg'
[1.945s] Level 1:colcon.colcon_core.package_identification:_identify(models/turtlebot3_common/meshes/wheels) by extensions ['colcon_meta']
[1.945s] Level 1:colcon.colcon_core.package_identification:_identify(models/turtlebot3_common/meshes/wheels) by extension 'colcon_meta'
[1.945s] Level 1:colcon.colcon_core.package_identification:_identify(models/turtlebot3_common/meshes/wheels) by extensions ['ros']
[1.946s] Level 1:colcon.colcon_core.package_identification:_identify(models/turtlebot3_common/meshes/wheels) by extension 'ros'
[1.946s] Level 1:colcon.colcon_core.package_identification:_identify(models/turtlebot3_common/meshes/wheels) by extensions ['cmake', 'python']
[1.946s] Level 1:colcon.colcon_core.package_identification:_identify(models/turtlebot3_common/meshes/wheels) by extension 'cmake'
[1.946s] Level 1:colcon.colcon_core.package_identification:_identify(models/turtlebot3_common/meshes/wheels) by extension 'python'
[1.946s] Level 1:colcon.colcon_core.package_identification:_identify(models/turtlebot3_common/meshes/wheels) by extensions ['python_setup_py']
[1.946s] Level 1:colcon.colcon_core.package_identification:_identify(models/turtlebot3_common/meshes/wheels) by extension 'python_setup_py'
[1.947s] Level 1:colcon.colcon_core.package_identification:_identify(models/turtlebot3_waffle_pi) by extensions ['ignore', 'ignore_ament_install']
[1.947s] Level 1:colcon.colcon_core.package_identification:_identify(models/turtlebot3_waffle_pi) by extension 'ignore'
[1.947s] Level 1:colcon.colcon_core.package_identification:_identify(models/turtlebot3_waffle_pi) by extension 'ignore_ament_install'
[1.947s] Level 1:colcon.colcon_core.package_identification:_identify(models/turtlebot3_waffle_pi) by extensions ['colcon_pkg']
[1.947s] Level 1:colcon.colcon_core.package_identification:_identify(models/turtlebot3_waffle_pi) by extension 'colcon_pkg'
[1.948s] Level 1:colcon.colcon_core.package_identification:_identify(models/turtlebot3_waffle_pi) by extensions ['colcon_meta']
[1.948s] Level 1:colcon.colcon_core.package_identification:_identify(models/turtlebot3_waffle_pi) by extension 'colcon_meta'
[1.948s] Level 1:colcon.colcon_core.package_identification:_identify(models/turtlebot3_waffle_pi) by extensions ['ros']
[1.948s] Level 1:colcon.colcon_core.package_identification:_identify(models/turtlebot3_waffle_pi) by extension 'ros'
[1.948s] Level 1:colcon.colcon_core.package_identification:_identify(models/turtlebot3_waffle_pi) by extensions ['cmake', 'python']
[1.948s] Level 1:colcon.colcon_core.package_identification:_identify(models/turtlebot3_waffle_pi) by extension 'cmake'
[1.948s] Level 1:colcon.colcon_core.package_identification:_identify(models/turtlebot3_waffle_pi) by extension 'python'
[1.948s] Level 1:colcon.colcon_core.package_identification:_identify(models/turtlebot3_waffle_pi) by extensions ['python_setup_py']
[1.948s] Level 1:colcon.colcon_core.package_identification:_identify(models/turtlebot3_waffle_pi) by extension 'python_setup_py'
[1.949s] Level 1:colcon.colcon_core.package_identification:_identify(ros2_ws) by extensions ['ignore', 'ignore_ament_install']
[1.949s] Level 1:colcon.colcon_core.package_identification:_identify(ros2_ws) by extension 'ignore'
[1.949s] Level 1:colcon.colcon_core.package_identification:_identify(ros2_ws) by extension 'ignore_ament_install'
[1.949s] Level 1:colcon.colcon_core.package_identification:_identify(ros2_ws) by extensions ['colcon_pkg']
[1.949s] Level 1:colcon.colcon_core.package_identification:_identify(ros2_ws) by extension 'colcon_pkg'
[1.949s] Level 1:colcon.colcon_core.package_identification:_identify(ros2_ws) by extensions ['colcon_meta']
[1.949s] Level 1:colcon.colcon_core.package_identification:_identify(ros2_ws) by extension 'colcon_meta'
[1.949s] Level 1:colcon.colcon_core.package_identification:_identify(ros2_ws) by extensions ['ros']
[1.949s] Level 1:colcon.colcon_core.package_identification:_identify(ros2_ws) by extension 'ros'
[1.949s] Level 1:colcon.colcon_core.package_identification:_identify(ros2_ws) by extensions ['cmake', 'python']
[1.950s] Level 1:colcon.colcon_core.package_identification:_identify(ros2_ws) by extension 'cmake'
[1.950s] Level 1:colcon.colcon_core.package_identification:_identify(ros2_ws) by extension 'python'
[1.950s] Level 1:colcon.colcon_core.package_identification:_identify(ros2_ws) by extensions ['python_setup_py']
[1.950s] Level 1:colcon.colcon_core.package_identification:_identify(ros2_ws) by extension 'python_setup_py'
[1.951s] Level 1:colcon.colcon_core.package_identification:_identify(ros2_ws/build) by extensions ['ignore', 'ignore_ament_install']
[1.951s] Level 1:colcon.colcon_core.package_identification:_identify(ros2_ws/build) by extension 'ignore'
[1.951s] Level 1:colcon.colcon_core.package_identification:_identify(ros2_ws/build) ignored
[1.951s] Level 1:colcon.colcon_core.package_identification:_identify(ros2_ws/install) by extensions ['ignore', 'ignore_ament_install']
[1.951s] Level 1:colcon.colcon_core.package_identification:_identify(ros2_ws/install) by extension 'ignore'
[1.951s] Level 1:colcon.colcon_core.package_identification:_identify(ros2_ws/install) ignored
[1.952s] Level 1:colcon.colcon_core.package_identification:_identify(ros2_ws/log) by extensions ['ignore', 'ignore_ament_install']
[1.952s] Level 1:colcon.colcon_core.package_identification:_identify(ros2_ws/log) by extension 'ignore'
[1.952s] Level 1:colcon.colcon_core.package_identification:_identify(ros2_ws/log) ignored
[1.952s] Level 1:colcon.colcon_core.package_identification:_identify(ros2_ws/src) by extensions ['ignore', 'ignore_ament_install']
[1.952s] Level 1:colcon.colcon_core.package_identification:_identify(ros2_ws/src) by extension 'ignore'
[1.952s] Level 1:colcon.colcon_core.package_identification:_identify(ros2_ws/src) by extension 'ignore_ament_install'
[1.952s] Level 1:colcon.colcon_core.package_identification:_identify(ros2_ws/src) by extensions ['colcon_pkg']
[1.952s] Level 1:colcon.colcon_core.package_identification:_identify(ros2_ws/src) by extension 'colcon_pkg'
[1.952s] Level 1:colcon.colcon_core.package_identification:_identify(ros2_ws/src) by extensions ['colcon_meta']
[1.952s] Level 1:colcon.colcon_core.package_identification:_identify(ros2_ws/src) by extension 'colcon_meta'
[1.952s] Level 1:colcon.colcon_core.package_identification:_identify(ros2_ws/src) by extensions ['ros']
[1.952s] Level 1:colcon.colcon_core.package_identification:_identify(ros2_ws/src) by extension 'ros'
[1.953s] Level 1:colcon.colcon_core.package_identification:_identify(ros2_ws/src) by extensions ['cmake', 'python']
[1.953s] Level 1:colcon.colcon_core.package_identification:_identify(ros2_ws/src) by extension 'cmake'
[1.953s] Level 1:colcon.colcon_core.package_identification:_identify(ros2_ws/src) by extension 'python'
[1.953s] Level 1:colcon.colcon_core.package_identification:_identify(ros2_ws/src) by extensions ['python_setup_py']
[1.953s] Level 1:colcon.colcon_core.package_identification:_identify(ros2_ws/src) by extension 'python_setup_py'
[1.953s] Level 1:colcon.colcon_core.package_identification:_identify(ros2_ws/src/multi_robot_coop) by extensions ['ignore', 'ignore_ament_install']
[1.953s] Level 1:colcon.colcon_core.package_identification:_identify(ros2_ws/src/multi_robot_coop) by extension 'ignore'
[1.953s] Level 1:colcon.colcon_core.package_identification:_identify(ros2_ws/src/multi_robot_coop) by extension 'ignore_ament_install'
[1.954s] Level 1:colcon.colcon_core.package_identification:_identify(ros2_ws/src/multi_robot_coop) by extensions ['colcon_pkg']
[1.954s] Level 1:colcon.colcon_core.package_identification:_identify(ros2_ws/src/multi_robot_coop) by extension 'colcon_pkg'
[1.954s] Level 1:colcon.colcon_core.package_identification:_identify(ros2_ws/src/multi_robot_coop) by extensions ['colcon_meta']
[1.954s] Level 1:colcon.colcon_core.package_identification:_identify(ros2_ws/src/multi_robot_coop) by extension 'colcon_meta'
[1.954s] Level 1:colcon.colcon_core.package_identification:_identify(ros2_ws/src/multi_robot_coop) by extensions ['ros']
[1.954s] Level 1:colcon.colcon_core.package_identification:_identify(ros2_ws/src/multi_robot_coop) by extension 'ros'
[1.964s] DEBUG:colcon.colcon_core.package_identification:Package 'ros2_ws/src/multi_robot_coop' with type 'ros.ament_python' and name 'multi_robot_coop'
[1.965s] Level 1:colcon.colcon_core.package_identification:_identify(ros2_ws/src/roboticslab_project) by extensions ['ignore', 'ignore_ament_install']
[1.965s] Level 1:colcon.colcon_core.package_identification:_identify(ros2_ws/src/roboticslab_project) by extension 'ignore'
[1.965s] Level 1:colcon.colcon_core.package_identification:_identify(ros2_ws/src/roboticslab_project) by extension 'ignore_ament_install'
[1.965s] Level 1:colcon.colcon_core.package_identification:_identify(ros2_ws/src/roboticslab_project) by extensions ['colcon_pkg']
[1.965s] Level 1:colcon.colcon_core.package_identification:_identify(ros2_ws/src/roboticslab_project) by extension 'colcon_pkg'
[1.965s] Level 1:colcon.colcon_core.package_identification:_identify(ros2_ws/src/roboticslab_project) by extensions ['colcon_meta']
[1.965s] Level 1:colcon.colcon_core.package_identification:_identify(ros2_ws/src/roboticslab_project) by extension 'colcon_meta'
[1.966s] Level 1:colcon.colcon_core.package_identification:_identify(ros2_ws/src/roboticslab_project) by extensions ['ros']
[1.966s] Level 1:colcon.colcon_core.package_identification:_identify(ros2_ws/src/roboticslab_project) by extension 'ros'
[1.968s] DEBUG:colcon.colcon_core.package_identification:Package 'ros2_ws/src/roboticslab_project' with type 'ros.ament_python' and name 'roboticslab_project'
[1.970s] Level 1:colcon.colcon_core.package_identification:_identify(scripts) by extensions ['ignore', 'ignore_ament_install']
[1.970s] Level 1:colcon.colcon_core.package_identification:_identify(scripts) by extension 'ignore'
[1.970s] Level 1:colcon.colcon_core.package_identification:_identify(scripts) by extension 'ignore_ament_install'
[1.971s] Level 1:colcon.colcon_core.package_identification:_identify(scripts) by extensions ['colcon_pkg']
[1.971s] Level 1:colcon.colcon_core.package_identification:_identify(scripts) by extension 'colcon_pkg'
[1.971s] Level 1:colcon.colcon_core.package_identification:_identify(scripts) by extensions ['colcon_meta']
[1.971s] Level 1:colcon.colcon_core.package_identification:_identify(scripts) by extension 'colcon_meta'
[1.971s] Level 1:colcon.colcon_core.package_identification:_identify(scripts) by extensions ['ros']
[1.971s] Level 1:colcon.colcon_core.package_identification:_identify(scripts) by extension 'ros'
[1.971s] Level 1:colcon.colcon_core.package_identification:_identify(scripts) by extensions ['cmake', 'python']
[1.972s] Level 1:colcon.colcon_core.package_identification:_identify(scripts) by extension 'cmake'
[1.972s] Level 1:colcon.colcon_core.package_identification:_identify(scripts) by extension 'python'
[1.972s] Level 1:colcon.colcon_core.package_identification:_identify(scripts) by extensions ['python_setup_py']
[1.972s] Level 1:colcon.colcon_core.package_identification:_identify(scripts) by extension 'python_setup_py'
[1.972s] Level 1:colcon.colcon_core.package_identification:_identify(worlds) by extensions ['ignore', 'ignore_ament_install']
[1.972s] Level 1:colcon.colcon_core.package_identification:_identify(worlds) by extension 'ignore'
[1.973s] Level 1:colcon.colcon_core.package_identification:_identify(worlds) by extension 'ignore_ament_install'
[1.973s] Level 1:colcon.colcon_core.package_identification:_identify(worlds) by extensions ['colcon_pkg']
[1.973s] Level 1:colcon.colcon_core.package_identification:_identify(worlds) by extension 'colcon_pkg'
[1.973s] Level 1:colcon.colcon_core.package_identification:_identify(worlds) by extensions ['colcon_meta']
[1.973s] Level 1:colcon.colcon_core.package_identification:_identify(worlds) by extension 'colcon_meta'
[1.973s] Level 1:colcon.colcon_core.package_identification:_identify(worlds) by extensions ['ros']
[1.973s] Level 1:colcon.colcon_core.package_identification:_identify(worlds) by extension 'ros'
[1.974s] Level 1:colcon.colcon_core.package_identification:_identify(worlds) by extensions ['cmake', 'python']
[1.974s] Level 1:colcon.colcon_core.package_identification:_identify(worlds) by extension 'cmake'
[1.974s] Level 1:colcon.colcon_core.package_identification:_identify(worlds) by extension 'python'
[1.974s] Level 1:colcon.colcon_core.package_identification:_identify(worlds) by extensions ['python_setup_py']
[1.974s] Level 1:colcon.colcon_core.package_identification:_identify(worlds) by extension 'python_setup_py'
[1.974s] Level 1:colcon.colcon_core.package_discovery:discover_packages(recursive) using defaults
[1.974s] Level 1:colcon.colcon_core.package_discovery:discover_packages(ignore) discover
[1.974s] Level 1:colcon.colcon_core.package_discovery:discover_packages(ignore) using defaults
[1.974s] Level 1:colcon.colcon_core.package_discovery:discover_packages(path) discover
[1.975s] Level 1:colcon.colcon_core.package_discovery:discover_packages(path) using defaults
[2.040s] Level 1:colcon.colcon_core.package_discovery:discover_packages(prefix_path) check parameters
[2.040s] Level 1:colcon.colcon_core.package_discovery:discover_packages(prefix_path) discover
[2.044s] DEBUG:colcon.colcon_installed_package_information.package_discovery:Found 328 installed packages in /opt/ros/humble
[2.048s] Level 1:colcon.colcon_core.package_discovery:discover_packages(prefix_path) using defaults
[2.136s] Level 5:colcon.colcon_core.verb:set package 'BULLET_PHYSICS' build argument 'cmake_args' from command line to 'None'
[2.136s] Level 5:colcon.colcon_core.verb:set package 'BULLET_PHYSICS' build argument 'cmake_target' from command line to 'None'
[2.136s] Level 5:colcon.colcon_core.verb:set package 'BULLET_PHYSICS' build argument 'cmake_target_skip_unavailable' from command line to 'False'
[2.136s] Level 5:colcon.colcon_core.verb:set package 'BULLET_PHYSICS' build argument 'cmake_clean_cache' from command line to 'False'
[2.136s] Level 5:colcon.colcon_core.verb:set package 'BULLET_PHYSICS' build argument 'cmake_clean_first' from command line to 'False'
[2.136s] Level 5:colcon.colcon_core.verb:set package 'BULLET_PHYSICS' build argument 'cmake_force_configure' from command line to 'False'
[2.136s] Level 5:colcon.colcon_core.verb:set package 'BULLET_PHYSICS' build argument 'ament_cmake_args' from command line to 'None'
[2.136s] Level 5:colcon.colcon_core.verb:set package 'BULLET_PHYSICS' build argument 'catkin_cmake_args' from command line to 'None'
[2.136s] Level 5:colcon.colcon_core.verb:set package 'BULLET_PHYSICS' build argument 'catkin_skip_building_tests' from command line to 'False'
[2.136s] DEBUG:colcon.colcon_core.verb:Building package 'BULLET_PHYSICS' with the following arguments: {'ament_cmake_args': None, 'build_base': '/home/kishu/roboticslab-technical-project/build/BULLET_PHYSICS', 'catkin_cmake_args': None, 'catkin_skip_building_tests': False, 'cmake_args': None, 'cmake_clean_cache': False, 'cmake_clean_first': False, 'cmake_force_configure': False, 'cmake_target': None, 'cmake_target_skip_unavailable': False, 'install_base': '/home/kishu/roboticslab-technical-project/install/BULLET_PHYSICS', 'merge_install': False, 'path': '/home/kishu/roboticslab-technical-project/models/bullet3', 'symlink_install': False, 'test_result_base': None}
[2.137s] Level 5:colcon.colcon_core.verb:set package 'gazebo_models' build argument 'cmake_args' from command line to 'None'
[2.137s] Level 5:colcon.colcon_core.verb:set package 'gazebo_models' build argument 'cmake_target' from command line to 'None'
[2.137s] Level 5:colcon.colcon_core.verb:set package 'gazebo_models' build argument 'cmake_target_skip_unavailable' from command line to 'False'
[2.137s] Level 5:colcon.colcon_core.verb:set package 'gazebo_models' build argument 'cmake_clean_cache' from command line to 'False'
[2.137s] Level 5:colcon.colcon_core.verb:set package 'gazebo_models' build argument 'cmake_clean_first' from command line to 'False'
[2.137s] Level 5:colcon.colcon_core.verb:set package 'gazebo_models' build argument 'cmake_force_configure' from command line to 'False'
[2.137s] Level 5:colcon.colcon_core.verb:set package 'gazebo_models' build argument 'ament_cmake_args' from command line to 'None'
[2.137s] Level 5:colcon.colcon_core.verb:set package 'gazebo_models' build argument 'catkin_cmake_args' from command line to 'None'
[2.137s] Level 5:colcon.colcon_core.verb:set package 'gazebo_models' build argument 'catkin_skip_building_tests' from command line to 'False'
[2.137s] DEBUG:colcon.colcon_core.verb:Building package 'gazebo_models' with the following arguments: {'ament_cmake_args': None, 'build_base': '/home/kishu/roboticslab-technical-project/build/gazebo_models', 'catkin_cmake_args': None, 'catkin_skip_building_tests': False, 'cmake_args': None, 'cmake_clean_cache': False, 'cmake_clean_first': False, 'cmake_force_configure': False, 'cmake_target': None, 'cmake_target_skip_unavailable': False, 'install_base': '/home/kishu/roboticslab-technical-project/install/gazebo_models', 'merge_install': False, 'path': '/home/kishu/roboticslab-technical-project/gazebo_models', 'symlink_install': False, 'test_result_base': None}
[2.138s] Level 5:colcon.colcon_core.verb:set package 'multi_robot_coop' build argument 'cmake_args' from command line to 'None'
[2.138s] Level 5:colcon.colcon_core.verb:set package 'multi_robot_coop' build argument 'cmake_target' from command line to 'None'
[2.138s] Level 5:colcon.colcon_core.verb:set package 'multi_robot_coop' build argument 'cmake_target_skip_unavailable' from command line to 'False'
[2.138s] Level 5:colcon.colcon_core.verb:set package 'multi_robot_coop' build argument 'cmake_clean_cache' from command line to 'False'
[2.138s] Level 5:colcon.colcon_core.verb:set package 'multi_robot_coop' build argument 'cmake_clean_first' from command line to 'False'
[2.138s] Level 5:colcon.colcon_core.verb:set package 'multi_robot_coop' build argument 'cmake_force_configure' from command line to 'False'
[2.138s] Level 5:colcon.colcon_core.verb:set package 'multi_robot_coop' build argument 'ament_cmake_args' from command line to 'None'
[2.138s] Level 5:colcon.colcon_core.verb:set package 'multi_robot_coop' build argument 'catkin_cmake_args' from command line to 'None'
[2.138s] Level 5:colcon.colcon_core.verb:set package 'multi_robot_coop' build argument 'catkin_skip_building_tests' from command line to 'False'
[2.138s] DEBUG:colcon.colcon_core.verb:Building package 'multi_robot_coop' with the following arguments: {'ament_cmake_args': None, 'build_base': '/home/kishu/roboticslab-technical-project/build/multi_robot_coop', 'catkin_cmake_args': None, 'catkin_skip_building_tests': False, 'cmake_args': None, 'cmake_clean_cache': False, 'cmake_clean_first': False, 'cmake_force_configure': False, 'cmake_target': None, 'cmake_target_skip_unavailable': False, 'install_base': '/home/kishu/roboticslab-technical-project/install/multi_robot_coop', 'merge_install': False, 'path': '/home/kishu/roboticslab-technical-project/ros2_ws/src/multi_robot_coop', 'symlink_install': False, 'test_result_base': None}
[2.139s] Level 5:colcon.colcon_core.verb:set package 'roboticslab_project' build argument 'cmake_args' from command line to 'None'
[2.139s] Level 5:colcon.colcon_core.verb:set package 'roboticslab_project' build argument 'cmake_target' from command line to 'None'
[2.139s] Level 5:colcon.colcon_core.verb:set package 'roboticslab_project' build argument 'cmake_target_skip_unavailable' from command line to 'False'
[2.139s] Level 5:colcon.colcon_core.verb:set package 'roboticslab_project' build argument 'cmake_clean_cache' from command line to 'False'
[2.139s] Level 5:colcon.colcon_core.verb:set package 'roboticslab_project' build argument 'cmake_clean_first' from command line to 'False'
[2.139s] Level 5:colcon.colcon_core.verb:set package 'roboticslab_project' build argument 'cmake_force_configure' from command line to 'False'
[2.139s] Level 5:colcon.colcon_core.verb:set package 'roboticslab_project' build argument 'ament_cmake_args' from command line to 'None'
[2.139s] Level 5:colcon.colcon_core.verb:set package 'roboticslab_project' build argument 'catkin_cmake_args' from command line to 'None'
[2.139s] Level 5:colcon.colcon_core.verb:set package 'roboticslab_project' build argument 'catkin_skip_building_tests' from command line to 'False'
[2.140s] DEBUG:colcon.colcon_core.verb:Building package 'roboticslab_project' with the following arguments: {'ament_cmake_args': None, 'build_base': '/home/kishu/roboticslab-technical-project/build/roboticslab_project', 'catkin_cmake_args': None, 'catkin_skip_building_tests': False, 'cmake_args': None, 'cmake_clean_cache': False, 'cmake_clean_first': False, 'cmake_force_configure': False, 'cmake_target': None, 'cmake_target_skip_unavailable': False, 'install_base': '/home/kishu/roboticslab-technical-project/install/roboticslab_project', 'merge_install': False, 'path': '/home/kishu/roboticslab-technical-project/ros2_ws/src/roboticslab_project', 'symlink_install': False, 'test_result_base': None}
[2.140s] INFO:colcon.colcon_core.executor:Executing jobs using 'parallel' executor
[2.142s] DEBUG:colcon.colcon_parallel_executor.executor.parallel:run_until_complete
[2.143s] INFO:colcon.colcon_cmake.task.cmake.build:Building CMake package in '/home/kishu/roboticslab-technical-project/models/bullet3'
[2.147s] INFO:colcon.colcon_core.plugin_system:Skipping extension 'colcon_core.shell.bat': Not used on non-Windows systems
[2.147s] INFO:colcon.colcon_core.shell:Skip shell extension 'powershell' for command environment: Not usable outside of PowerShell
[2.147s] DEBUG:colcon.colcon_core.shell:Skip shell extension 'dsv' for command environment
[2.154s] INFO:colcon.colcon_cmake.task.cmake.build:Building CMake package in '/home/kishu/roboticslab-technical-project/gazebo_models'
[2.155s] INFO:colcon.colcon_core.shell:Skip shell extension 'powershell' for command environment: Not usable outside of PowerShell
[2.155s] DEBUG:colcon.colcon_core.shell:Skip shell extension 'dsv' for command environment
[2.166s] INFO:colcon.colcon_ros.task.ament_python.build:Building ROS package in '/home/kishu/roboticslab-technical-project/ros2_ws/src/multi_robot_coop' with build type 'ament_python'
[2.167s] Level 1:colcon.colcon_core.shell:create_environment_hook('multi_robot_coop', 'ament_prefix_path')
[2.168s] INFO:colcon.colcon_core.shell:Creating environment hook '/home/kishu/roboticslab-technical-project/install/multi_robot_coop/share/multi_robot_coop/hook/ament_prefix_path.ps1'
[2.173s] INFO:colcon.colcon_core.shell:Creating environment descriptor '/home/kishu/roboticslab-technical-project/install/multi_robot_coop/share/multi_robot_coop/hook/ament_prefix_path.dsv'
[2.174s] INFO:colcon.colcon_core.shell:Creating environment hook '/home/kishu/roboticslab-technical-project/install/multi_robot_coop/share/multi_robot_coop/hook/ament_prefix_path.sh'
[2.176s] INFO:colcon.colcon_core.shell:Skip shell extension 'powershell' for command environment: Not usable outside of PowerShell
[2.176s] DEBUG:colcon.colcon_core.shell:Skip shell extension 'dsv' for command environment
[2.181s] INFO:colcon.colcon_ros.task.ament_python.build:Building ROS package in '/home/kishu/roboticslab-technical-project/ros2_ws/src/roboticslab_project' with build type 'ament_python'
[2.181s] Level 1:colcon.colcon_core.shell:create_environment_hook('roboticslab_project', 'ament_prefix_path')
[2.182s] INFO:colcon.colcon_core.shell:Creating environment hook '/home/kishu/roboticslab-technical-project/install/roboticslab_project/share/roboticslab_project/hook/ament_prefix_path.ps1'
[2.188s] INFO:colcon.colcon_core.shell:Creating environment descriptor '/home/kishu/roboticslab-technical-project/install/roboticslab_project/share/roboticslab_project/hook/ament_prefix_path.dsv'
[2.189s] INFO:colcon.colcon_core.shell:Creating environment hook '/home/kishu/roboticslab-technical-project/install/roboticslab_project/share/roboticslab_project/hook/ament_prefix_path.sh'
[2.190s] INFO:colcon.colcon_core.shell:Skip shell extension 'powershell' for command environment: Not usable outside of PowerShell
[2.190s] DEBUG:colcon.colcon_core.shell:Skip shell extension 'dsv' for command environment
[2.215s] DEBUG:colcon.colcon_core.event_handler.log_command:Invoking command in '/home/kishu/roboticslab-technical-project/build/BULLET_PHYSICS': /usr/bin/cmake /home/kishu/roboticslab-technical-project/models/bullet3 -DCMAKE_INSTALL_PREFIX=/home/kishu/roboticslab-technical-project/install/BULLET_PHYSICS
[2.226s] DEBUG:colcon.colcon_core.event_handler.log_command:Invoking command in '/home/kishu/roboticslab-technical-project/build/gazebo_models': /usr/bin/cmake /home/kishu/roboticslab-technical-project/gazebo_models -DCMAKE_INSTALL_PREFIX=/home/kishu/roboticslab-technical-project/install/gazebo_models
[3.033s] INFO:colcon.colcon_core.task.python.build:Building Python package in '/home/kishu/roboticslab-technical-project/ros2_ws/src/multi_robot_coop'
[3.034s] INFO:colcon.colcon_core.shell:Skip shell extension 'powershell' for command environment: Not usable outside of PowerShell
[3.034s] DEBUG:colcon.colcon_core.shell:Skip shell extension 'dsv' for command environment
[3.752s] INFO:colcon.colcon_core.task.python.build:Building Python package in '/home/kishu/roboticslab-technical-project/ros2_ws/src/roboticslab_project'
[3.754s] INFO:colcon.colcon_core.shell:Skip shell extension 'powershell' for command environment: Not usable outside of PowerShell
[3.754s] DEBUG:colcon.colcon_core.shell:Skip shell extension 'dsv' for command environment
[5.141s] DEBUG:colcon.colcon_core.event_handler.log_command:Invoking command in '/home/kishu/roboticslab-technical-project/ros2_ws/src/roboticslab_project': PYTHONPATH=/home/kishu/roboticslab-technical-project/build/roboticslab_project/prefix_override:/usr/lib/python3/dist-packages/colcon_core/task/python/colcon_distutils_commands:/home/kishu/roboticslab-technical-project/install/roboticslab_project/lib/python3.10/site-packages:${PYTHONPATH} /usr/bin/python3 -W ignore:setup.py install is deprecated -W ignore:easy_install command is deprecated setup.py egg_info --egg-base ../../../build/roboticslab_project build --build-base /home/kishu/roboticslab-technical-project/build/roboticslab_project/build install --record /home/kishu/roboticslab-technical-project/build/roboticslab_project/install.log --single-version-externally-managed install_data
[5.150s] DEBUG:colcon.colcon_core.event_handler.log_command:Invoking command in '/home/kishu/roboticslab-technical-project/ros2_ws/src/multi_robot_coop': PYTHONPATH=/home/kishu/roboticslab-technical-project/build/multi_robot_coop/prefix_override:/usr/lib/python3/dist-packages/colcon_core/task/python/colcon_distutils_commands:/home/kishu/roboticslab-technical-project/install/multi_robot_coop/lib/python3.10/site-packages:${PYTHONPATH} /usr/bin/python3 -W ignore:setup.py install is deprecated -W ignore:easy_install command is deprecated setup.py egg_info --egg-base ../../../build/multi_robot_coop build --build-base /home/kishu/roboticslab-technical-project/build/multi_robot_coop/build install --record /home/kishu/roboticslab-technical-project/build/multi_robot_coop/install.log --single-version-externally-managed install_data
[5.283s] DEBUG:colcon.colcon_core.event_handler.log_command:Invoked command in '/home/kishu/roboticslab-technical-project/build/gazebo_models' returned '0': /usr/bin/cmake /home/kishu/roboticslab-technical-project/gazebo_models -DCMAKE_INSTALL_PREFIX=/home/kishu/roboticslab-technical-project/install/gazebo_models
[5.291s] DEBUG:colcon.colcon_core.event_handler.log_command:Invoking command in '/home/kishu/roboticslab-technical-project/build/gazebo_models': /usr/bin/cmake --build /home/kishu/roboticslab-technical-project/build/gazebo_models -- -j4 -l4
[5.487s] DEBUG:colcon.colcon_core.event_handler.log_command:Invoked command in '/home/kishu/roboticslab-technical-project/build/gazebo_models' returned '2': /usr/bin/cmake --build /home/kishu/roboticslab-technical-project/build/gazebo_models -- -j4 -l4
[6.500s] DEBUG:colcon.colcon_parallel_executor.executor.parallel:closing loop
[6.501s] DEBUG:colcon.colcon_parallel_executor.executor.parallel:loop closed
[6.501s] DEBUG:colcon.colcon_parallel_executor.executor.parallel:run_until_complete finished with '2'
[6.501s] DEBUG:colcon.colcon_core.event_reactor:joining thread
[6.543s] INFO:colcon.colcon_core.plugin_system:Skipping extension 'colcon_notification.desktop_notification.notify_send': Could not find 'notify-send'
[6.543s] INFO:colcon.colcon_core.plugin_system:Skipping extension 'colcon_notification.desktop_notification.terminal_notifier': Not used on non-Darwin systems
[6.543s] INFO:colcon.colcon_core.plugin_system:Skipping extension 'colcon_notification.desktop_notification.win32': Not used on non-Windows systems
[6.543s] INFO:colcon.colcon_notification.desktop_notification:Sending desktop notification using 'notify2'
[6.544s] DEBUG:colcon.colcon_notification.desktop_notification.notify2:Failed to initialize notify2: org.freedesktop.DBus.Error.FileNotFound: Failed to connect to socket /run/user/1000/bus: No such file or directory
[6.544s] DEBUG:colcon.colcon_core.event_reactor:joined thread
[6.544s] INFO:colcon.colcon_core.shell:Creating prefix script '/home/kishu/roboticslab-technical-project/install/local_setup.ps1'
[6.545s] INFO:colcon.colcon_core.shell:Creating prefix util module '/home/kishu/roboticslab-technical-project/install/_local_setup_util_ps1.py'
[6.548s] INFO:colcon.colcon_core.shell:Creating prefix chain script '/home/kishu/roboticslab-technical-project/install/setup.ps1'
[6.549s] INFO:colcon.colcon_core.shell:Creating prefix script '/home/kishu/roboticslab-technical-project/install/local_setup.sh'
[6.550s] INFO:colcon.colcon_core.shell:Creating prefix util module '/home/kishu/roboticslab-technical-project/install/_local_setup_util_sh.py'
[6.551s] INFO:colcon.colcon_core.shell:Creating prefix chain script '/home/kishu/roboticslab-technical-project/install/setup.sh'
[6.552s] INFO:colcon.colcon_core.shell:Creating prefix script '/home/kishu/roboticslab-technical-project/install/local_setup.bash'
[6.553s] INFO:colcon.colcon_core.shell:Creating prefix chain script '/home/kishu/roboticslab-technical-project/install/setup.bash'
[6.554s] INFO:colcon.colcon_core.shell:Creating prefix script '/home/kishu/roboticslab-technical-project/install/local_setup.zsh'
[6.554s] INFO:colcon.colcon_core.shell:Creating prefix chain script '/home/kishu/roboticslab-technical-project/install/setup.zsh'
