[1.087s] Invoking command in '/home/kishu/roboticslab-technical-project/ros2_ws/build/multi_robot_coop': PYTHONPATH=/home/kishu/roboticslab-technical-project/ros2_ws/build/multi_robot_coop/prefix_override:/usr/lib/python3/dist-packages/colcon_core/task/python/colcon_distutils_commands:/home/kishu/roboticslab-technical-project/ros2_ws/install/multi_robot_coop/lib/python3.10/site-packages:${PYTHONPATH} /usr/bin/python3 -W ignore:setup.py install is deprecated -W ignore:easy_install command is deprecated setup.py develop --editable --build-directory /home/kishu/roboticslab-technical-project/ros2_ws/build/multi_robot_coop/build --no-deps symlink_data --force
[1.510s] running develop
[1.810s] running egg_info
[1.811s] writing multi_robot_coop.egg-info/PKG-INFO
[1.811s] writing dependency_links to multi_robot_coop.egg-info/dependency_links.txt
[1.812s] writing entry points to multi_robot_coop.egg-info/entry_points.txt
[1.812s] writing requirements to multi_robot_coop.egg-info/requires.txt
[1.813s] writing top-level names to multi_robot_coop.egg-info/top_level.txt
[1.815s] reading manifest file 'multi_robot_coop.egg-info/SOURCES.txt'
[1.817s] writing manifest file 'multi_robot_coop.egg-info/SOURCES.txt'
[1.819s] running build_ext
[1.820s] Creating /home/kishu/roboticslab-technical-project/ros2_ws/install/multi_robot_coop/lib/python3.10/site-packages/multi-robot-coop.egg-link (link to .)
[1.821s] Installing arm_controller script to /home/kishu/roboticslab-technical-project/ros2_ws/install/multi_robot_coop/lib/multi_robot_coop
[1.821s] Installing arm_coordinator script to /home/kishu/roboticslab-technical-project/ros2_ws/install/multi_robot_coop/lib/multi_robot_coop
[1.822s] Installing arm_real_controller script to /home/kishu/roboticslab-technical-project/ros2_ws/install/multi_robot_coop/lib/multi_robot_coop
[1.822s] Installing scenario_coordinator script to /home/kishu/roboticslab-technical-project/ros2_ws/install/multi_robot_coop/lib/multi_robot_coop
[1.823s] Installing tb3_controller script to /home/kishu/roboticslab-technical-project/ros2_ws/install/multi_robot_coop/lib/multi_robot_coop
[1.823s] Installing tb3_coordinator script to /home/kishu/roboticslab-technical-project/ros2_ws/install/multi_robot_coop/lib/multi_robot_coop
[1.824s] 
[1.825s] Installed /home/kishu/roboticslab-technical-project/ros2_ws/build/multi_robot_coop
[1.825s] running symlink_data
[1.825s] symbolically linking /home/kishu/roboticslab-technical-project/ros2_ws/build/multi_robot_coop/resource/multi_robot_coop -> /home/kishu/roboticslab-technical-project/ros2_ws/install/multi_robot_coop/share/ament_index/resource_index/packages
[1.825s] symbolically linking /home/kishu/roboticslab-technical-project/ros2_ws/build/multi_robot_coop/package.xml -> /home/kishu/roboticslab-technical-project/ros2_ws/install/multi_robot_coop/share/multi_robot_coop
[1.826s] symbolically linking /home/kishu/roboticslab-technical-project/ros2_ws/build/multi_robot_coop/launch/scenario.launch.py -> /home/kishu/roboticslab-technical-project/ros2_ws/install/multi_robot_coop/share/multi_robot_coop/launch
[1.828s] symbolically linking /home/kishu/roboticslab-technical-project/ros2_ws/build/multi_robot_coop/config/iiwa_controllers.yaml -> /home/kishu/roboticslab-technical-project/ros2_ws/install/multi_robot_coop/share/multi_robot_coop/config
[1.828s] symbolically linking /home/kishu/roboticslab-technical-project/ros2_ws/build/multi_robot_coop/config/iiwa_rsp.yaml -> /home/kishu/roboticslab-technical-project/ros2_ws/install/multi_robot_coop/share/multi_robot_coop/config
[1.879s] Invoked command in '/home/kishu/roboticslab-technical-project/ros2_ws/build/multi_robot_coop' returned '0': PYTHONPATH=/home/kishu/roboticslab-technical-project/ros2_ws/build/multi_robot_coop/prefix_override:/usr/lib/python3/dist-packages/colcon_core/task/python/colcon_distutils_commands:/home/kishu/roboticslab-technical-project/ros2_ws/install/multi_robot_coop/lib/python3.10/site-packages:${PYTHONPATH} /usr/bin/python3 -W ignore:setup.py install is deprecated -W ignore:easy_install command is deprecated setup.py develop --editable --build-directory /home/kishu/roboticslab-technical-project/ros2_ws/build/multi_robot_coop/build --no-deps symlink_data --force
