[2.983s] Invoking command in '/home/kishu/roboticslab-technical-project/ros2_ws/src/multi_robot_coop': PYTHONPATH=/home/kishu/roboticslab-technical-project/build/multi_robot_coop/prefix_override:/usr/lib/python3/dist-packages/colcon_core/task/python/colcon_distutils_commands:/home/kishu/roboticslab-technical-project/install/multi_robot_coop/lib/python3.10/site-packages:${PYTHONPATH} /usr/bin/python3 -W ignore:setup.py install is deprecated -W ignore:easy_install command is deprecated setup.py egg_info --egg-base ../../../build/multi_robot_coop build --build-base /home/kishu/roboticslab-technical-project/build/multi_robot_coop/build install --record /home/kishu/roboticslab-technical-project/build/multi_robot_coop/install.log --single-version-externally-managed install_data
[3.742s] running egg_info
[3.743s] creating ../../../build/multi_robot_coop/multi_robot_coop.egg-info
[3.745s] writing ../../../build/multi_robot_coop/multi_robot_coop.egg-info/PKG-INFO
[3.746s] writing dependency_links to ../../../build/multi_robot_coop/multi_robot_coop.egg-info/dependency_links.txt
[3.746s] writing entry points to ../../../build/multi_robot_coop/multi_robot_coop.egg-info/entry_points.txt
[3.747s] writing requirements to ../../../build/multi_robot_coop/multi_robot_coop.egg-info/requires.txt
[3.747s] writing top-level names to ../../../build/multi_robot_coop/multi_robot_coop.egg-info/top_level.txt
[3.747s] writing manifest file '../../../build/multi_robot_coop/multi_robot_coop.egg-info/SOURCES.txt'
[3.752s] reading manifest file '../../../build/multi_robot_coop/multi_robot_coop.egg-info/SOURCES.txt'
[3.754s] writing manifest file '../../../build/multi_robot_coop/multi_robot_coop.egg-info/SOURCES.txt'
[3.754s] running build
[3.754s] running build_py
[3.755s] creating /home/kishu/roboticslab-technical-project/build/multi_robot_coop/build
[3.755s] creating /home/kishu/roboticslab-technical-project/build/multi_robot_coop/build/lib
[3.756s] creating /home/kishu/roboticslab-technical-project/build/multi_robot_coop/build/lib/multi_robot_coop
[3.756s] copying multi_robot_coop/__init__.py -> /home/kishu/roboticslab-technical-project/build/multi_robot_coop/build/lib/multi_robot_coop
[3.757s] copying multi_robot_coop/arm_coordinator.py -> /home/kishu/roboticslab-technical-project/build/multi_robot_coop/build/lib/multi_robot_coop
[3.758s] copying multi_robot_coop/tb3_controller.py -> /home/kishu/roboticslab-technical-project/build/multi_robot_coop/build/lib/multi_robot_coop
[3.760s] copying multi_robot_coop/tb3_coordinator.py -> /home/kishu/roboticslab-technical-project/build/multi_robot_coop/build/lib/multi_robot_coop
[3.760s] copying multi_robot_coop/arm_controller.py -> /home/kishu/roboticslab-technical-project/build/multi_robot_coop/build/lib/multi_robot_coop
[3.763s] copying multi_robot_coop/scenario_coordinator.py -> /home/kishu/roboticslab-technical-project/build/multi_robot_coop/build/lib/multi_robot_coop
[3.763s] copying multi_robot_coop/arm_real_controller.py -> /home/kishu/roboticslab-technical-project/build/multi_robot_coop/build/lib/multi_robot_coop
[3.768s] running install
[3.768s] running install_lib
[3.769s] creating /home/kishu/roboticslab-technical-project/install/multi_robot_coop/lib/python3.10/site-packages/multi_robot_coop
[3.770s] copying /home/kishu/roboticslab-technical-project/build/multi_robot_coop/build/lib/multi_robot_coop/__init__.py -> /home/kishu/roboticslab-technical-project/install/multi_robot_coop/lib/python3.10/site-packages/multi_robot_coop
[3.770s] copying /home/kishu/roboticslab-technical-project/build/multi_robot_coop/build/lib/multi_robot_coop/arm_coordinator.py -> /home/kishu/roboticslab-technical-project/install/multi_robot_coop/lib/python3.10/site-packages/multi_robot_coop
[3.771s] copying /home/kishu/roboticslab-technical-project/build/multi_robot_coop/build/lib/multi_robot_coop/tb3_controller.py -> /home/kishu/roboticslab-technical-project/install/multi_robot_coop/lib/python3.10/site-packages/multi_robot_coop
[3.771s] copying /home/kishu/roboticslab-technical-project/build/multi_robot_coop/build/lib/multi_robot_coop/tb3_coordinator.py -> /home/kishu/roboticslab-technical-project/install/multi_robot_coop/lib/python3.10/site-packages/multi_robot_coop
[3.771s] copying /home/kishu/roboticslab-technical-project/build/multi_robot_coop/build/lib/multi_robot_coop/arm_controller.py -> /home/kishu/roboticslab-technical-project/install/multi_robot_coop/lib/python3.10/site-packages/multi_robot_coop
[3.771s] copying /home/kishu/roboticslab-technical-project/build/multi_robot_coop/build/lib/multi_robot_coop/scenario_coordinator.py -> /home/kishu/roboticslab-technical-project/install/multi_robot_coop/lib/python3.10/site-packages/multi_robot_coop
[3.772s] copying /home/kishu/roboticslab-technical-project/build/multi_robot_coop/build/lib/multi_robot_coop/arm_real_controller.py -> /home/kishu/roboticslab-technical-project/install/multi_robot_coop/lib/python3.10/site-packages/multi_robot_coop
[3.773s] byte-compiling /home/kishu/roboticslab-technical-project/install/multi_robot_coop/lib/python3.10/site-packages/multi_robot_coop/__init__.py to __init__.cpython-310.pyc
[3.774s] byte-compiling /home/kishu/roboticslab-technical-project/install/multi_robot_coop/lib/python3.10/site-packages/multi_robot_coop/arm_coordinator.py to arm_coordinator.cpython-310.pyc
[3.775s] byte-compiling /home/kishu/roboticslab-technical-project/install/multi_robot_coop/lib/python3.10/site-packages/multi_robot_coop/tb3_controller.py to tb3_controller.cpython-310.pyc
[3.776s] byte-compiling /home/kishu/roboticslab-technical-project/install/multi_robot_coop/lib/python3.10/site-packages/multi_robot_coop/tb3_coordinator.py to tb3_coordinator.cpython-310.pyc
[3.778s] byte-compiling /home/kishu/roboticslab-technical-project/install/multi_robot_coop/lib/python3.10/site-packages/multi_robot_coop/arm_controller.py to arm_controller.cpython-310.pyc
[3.779s] byte-compiling /home/kishu/roboticslab-technical-project/install/multi_robot_coop/lib/python3.10/site-packages/multi_robot_coop/scenario_coordinator.py to scenario_coordinator.cpython-310.pyc
[3.787s] byte-compiling /home/kishu/roboticslab-technical-project/install/multi_robot_coop/lib/python3.10/site-packages/multi_robot_coop/arm_real_controller.py to arm_real_controller.cpython-310.pyc
[3.789s] running install_data
[3.790s] creating /home/kishu/roboticslab-technical-project/install/multi_robot_coop/share/ament_index
[3.790s] creating /home/kishu/roboticslab-technical-project/install/multi_robot_coop/share/ament_index/resource_index
[3.791s] creating /home/kishu/roboticslab-technical-project/install/multi_robot_coop/share/ament_index/resource_index/packages
[3.792s] copying resource/multi_robot_coop -> /home/kishu/roboticslab-technical-project/install/multi_robot_coop/share/ament_index/resource_index/packages
[3.792s] copying package.xml -> /home/kishu/roboticslab-technical-project/install/multi_robot_coop/share/multi_robot_coop
[3.792s] creating /home/kishu/roboticslab-technical-project/install/multi_robot_coop/share/multi_robot_coop/launch
[3.793s] copying launch/scenario.launch.py -> /home/kishu/roboticslab-technical-project/install/multi_robot_coop/share/multi_robot_coop/launch
[3.794s] creating /home/kishu/roboticslab-technical-project/install/multi_robot_coop/share/multi_robot_coop/config
[3.795s] copying config/iiwa_controllers.yaml -> /home/kishu/roboticslab-technical-project/install/multi_robot_coop/share/multi_robot_coop/config
[3.796s] copying config/iiwa_rsp.yaml -> /home/kishu/roboticslab-technical-project/install/multi_robot_coop/share/multi_robot_coop/config
[3.796s] running install_egg_info
[3.800s] Copying ../../../build/multi_robot_coop/multi_robot_coop.egg-info to /home/kishu/roboticslab-technical-project/install/multi_robot_coop/lib/python3.10/site-packages/multi_robot_coop-0.0.0-py3.10.egg-info
[3.802s] running install_scripts
[3.850s] Installing arm_controller script to /home/kishu/roboticslab-technical-project/install/multi_robot_coop/lib/multi_robot_coop
[3.851s] Installing arm_coordinator script to /home/kishu/roboticslab-technical-project/install/multi_robot_coop/lib/multi_robot_coop
[3.851s] Installing arm_real_controller script to /home/kishu/roboticslab-technical-project/install/multi_robot_coop/lib/multi_robot_coop
[3.852s] Installing scenario_coordinator script to /home/kishu/roboticslab-technical-project/install/multi_robot_coop/lib/multi_robot_coop
[3.852s] Installing tb3_controller script to /home/kishu/roboticslab-technical-project/install/multi_robot_coop/lib/multi_robot_coop
[3.852s] Installing tb3_coordinator script to /home/kishu/roboticslab-technical-project/install/multi_robot_coop/lib/multi_robot_coop
[3.853s] writing list of installed files to '/home/kishu/roboticslab-technical-project/build/multi_robot_coop/install.log'
