[1.070s] Invoking command in '/home/kishu/roboticslab-technical-project/ros2_ws/src/multi_robot_coop': PYTHONPATH=/home/kishu/roboticslab-technical-project/ros2_ws/build/multi_robot_coop/prefix_override:/usr/lib/python3/dist-packages/colcon_core/task/python/colcon_distutils_commands:/home/kishu/roboticslab-technical-project/ros2_ws/install/multi_robot_coop/lib/python3.10/site-packages:${PYTHONPATH} /usr/bin/python3 -W ignore:setup.py install is deprecated -W ignore:easy_install command is deprecated setup.py egg_info --egg-base ../../build/multi_robot_coop build --build-base /home/kishu/roboticslab-technical-project/ros2_ws/build/multi_robot_coop/build install --record /home/kishu/roboticslab-technical-project/ros2_ws/build/multi_robot_coop/install.log --single-version-externally-managed install_data
[1.418s] running egg_info
[1.419s] writing ../../build/multi_robot_coop/multi_robot_coop.egg-info/PKG-INFO
[1.420s] writing dependency_links to ../../build/multi_robot_coop/multi_robot_coop.egg-info/dependency_links.txt
[1.421s] writing entry points to ../../build/multi_robot_coop/multi_robot_coop.egg-info/entry_points.txt
[1.421s] writing requirements to ../../build/multi_robot_coop/multi_robot_coop.egg-info/requires.txt
[1.421s] writing top-level names to ../../build/multi_robot_coop/multi_robot_coop.egg-info/top_level.txt
[1.425s] reading manifest file '../../build/multi_robot_coop/multi_robot_coop.egg-info/SOURCES.txt'
[1.426s] writing manifest file '../../build/multi_robot_coop/multi_robot_coop.egg-info/SOURCES.txt'
[1.427s] running build
[1.427s] running build_py
[1.428s] copying multi_robot_coop/scenario_coordinator.py -> /home/kishu/roboticslab-technical-project/ros2_ws/build/multi_robot_coop/build/lib/multi_robot_coop
[1.429s] running install
[1.429s] running install_lib
[1.431s] copying /home/kishu/roboticslab-technical-project/ros2_ws/build/multi_robot_coop/build/lib/multi_robot_coop/scenario_coordinator.py -> /home/kishu/roboticslab-technical-project/ros2_ws/install/multi_robot_coop/lib/python3.10/site-packages/multi_robot_coop
[1.432s] byte-compiling /home/kishu/roboticslab-technical-project/ros2_ws/install/multi_robot_coop/lib/python3.10/site-packages/multi_robot_coop/scenario_coordinator.py to scenario_coordinator.cpython-310.pyc
[1.437s] running install_data
[1.437s] copying launch/scenario.launch.py -> /home/kishu/roboticslab-technical-project/ros2_ws/install/multi_robot_coop/share/multi_robot_coop/launch
[1.438s] running install_egg_info
[1.441s] removing '/home/kishu/roboticslab-technical-project/ros2_ws/install/multi_robot_coop/lib/python3.10/site-packages/multi_robot_coop-0.0.0-py3.10.egg-info' (and everything under it)
[1.442s] Copying ../../build/multi_robot_coop/multi_robot_coop.egg-info to /home/kishu/roboticslab-technical-project/ros2_ws/install/multi_robot_coop/lib/python3.10/site-packages/multi_robot_coop-0.0.0-py3.10.egg-info
[1.444s] running install_scripts
[1.471s] Installing arm_controller script to /home/kishu/roboticslab-technical-project/ros2_ws/install/multi_robot_coop/lib/multi_robot_coop
[1.472s] Installing arm_coordinator script to /home/kishu/roboticslab-technical-project/ros2_ws/install/multi_robot_coop/lib/multi_robot_coop
[1.472s] Installing arm_real_controller script to /home/kishu/roboticslab-technical-project/ros2_ws/install/multi_robot_coop/lib/multi_robot_coop
[1.473s] Installing scenario_coordinator script to /home/kishu/roboticslab-technical-project/ros2_ws/install/multi_robot_coop/lib/multi_robot_coop
[1.473s] Installing tb3_controller script to /home/kishu/roboticslab-technical-project/ros2_ws/install/multi_robot_coop/lib/multi_robot_coop
[1.474s] Installing tb3_coordinator script to /home/kishu/roboticslab-technical-project/ros2_ws/install/multi_robot_coop/lib/multi_robot_coop
[1.474s] writing list of installed files to '/home/kishu/roboticslab-technical-project/ros2_ws/build/multi_robot_coop/install.log'
[1.508s] Invoked command in '/home/kishu/roboticslab-technical-project/ros2_ws/src/multi_robot_coop' returned '0': PYTHONPATH=/home/kishu/roboticslab-technical-project/ros2_ws/build/multi_robot_coop/prefix_override:/usr/lib/python3/dist-packages/colcon_core/task/python/colcon_distutils_commands:/home/kishu/roboticslab-technical-project/ros2_ws/install/multi_robot_coop/lib/python3.10/site-packages:${PYTHONPATH} /usr/bin/python3 -W ignore:setup.py install is deprecated -W ignore:easy_install command is deprecated setup.py egg_info --egg-base ../../build/multi_robot_coop build --build-base /home/kishu/roboticslab-technical-project/ros2_ws/build/multi_robot_coop/build install --record /home/kishu/roboticslab-technical-project/ros2_ws/build/multi_robot_coop/install.log --single-version-externally-managed install_data
