[2.414s] Invoking command in '/home/kishu/roboticslab-technical-project/ros2_ws/build/multi_robot_coop': PYTHONPATH=/home/kishu/roboticslab-technical-project/ros2_ws/build/multi_robot_coop/prefix_override:/usr/lib/python3/dist-packages/colcon_core/task/python/colcon_distutils_commands:/home/kishu/roboticslab-technical-project/ros2_ws/install/multi_robot_coop/lib/python3.10/site-packages:${PYTHONPATH} /usr/bin/python3 -W ignore:setup.py install is deprecated -W ignore:easy_install command is deprecated setup.py develop --editable --build-directory /home/kishu/roboticslab-technical-project/ros2_ws/build/multi_robot_coop/build --no-deps symlink_data --force
[2.920s] running develop
[3.239s] running egg_info
[3.239s] writing multi_robot_coop.egg-info/PKG-INFO
[3.240s] writing dependency_links to multi_robot_coop.egg-info/dependency_links.txt
[3.240s] writing entry points to multi_robot_coop.egg-info/entry_points.txt
[3.241s] writing requirements to multi_robot_coop.egg-info/requires.txt
[3.241s] writing top-level names to multi_robot_coop.egg-info/top_level.txt
[3.244s] reading manifest file 'multi_robot_coop.egg-info/SOURCES.txt'
[3.246s] writing manifest file 'multi_robot_coop.egg-info/SOURCES.txt'
[3.247s] running build_ext
[3.248s] Creating /home/kishu/roboticslab-technical-project/ros2_ws/install/multi_robot_coop/lib/python3.10/site-packages/multi-robot-coop.egg-link (link to .)
[3.249s] Installing arm_controller script to /home/kishu/roboticslab-technical-project/ros2_ws/install/multi_robot_coop/lib/multi_robot_coop
[3.249s] Installing arm_coordinator script to /home/kishu/roboticslab-technical-project/ros2_ws/install/multi_robot_coop/lib/multi_robot_coop
[3.250s] Installing arm_real_controller script to /home/kishu/roboticslab-technical-project/ros2_ws/install/multi_robot_coop/lib/multi_robot_coop
[3.250s] Installing scenario_coordinator script to /home/kishu/roboticslab-technical-project/ros2_ws/install/multi_robot_coop/lib/multi_robot_coop
[3.250s] Installing tb3_controller script to /home/kishu/roboticslab-technical-project/ros2_ws/install/multi_robot_coop/lib/multi_robot_coop
[3.251s] Installing tb3_coordinator script to /home/kishu/roboticslab-technical-project/ros2_ws/install/multi_robot_coop/lib/multi_robot_coop
[3.251s] 
[3.251s] Installed /home/kishu/roboticslab-technical-project/ros2_ws/build/multi_robot_coop
[3.252s] running symlink_data
[3.252s] symbolically linking /home/kishu/roboticslab-technical-project/ros2_ws/build/multi_robot_coop/resource/multi_robot_coop -> /home/kishu/roboticslab-technical-project/ros2_ws/install/multi_robot_coop/share/ament_index/resource_index/packages
[3.252s] symbolically linking /home/kishu/roboticslab-technical-project/ros2_ws/build/multi_robot_coop/package.xml -> /home/kishu/roboticslab-technical-project/ros2_ws/install/multi_robot_coop/share/multi_robot_coop
[3.253s] symbolically linking /home/kishu/roboticslab-technical-project/ros2_ws/build/multi_robot_coop/launch/scenario.launch.py -> /home/kishu/roboticslab-technical-project/ros2_ws/install/multi_robot_coop/share/multi_robot_coop/launch
[3.254s] symbolically linking /home/kishu/roboticslab-technical-project/ros2_ws/build/multi_robot_coop/config/iiwa_controllers.yaml -> /home/kishu/roboticslab-technical-project/ros2_ws/install/multi_robot_coop/share/multi_robot_coop/config
[3.255s] symbolically linking /home/kishu/roboticslab-technical-project/ros2_ws/build/multi_robot_coop/config/iiwa_rsp.yaml -> /home/kishu/roboticslab-technical-project/ros2_ws/install/multi_robot_coop/share/multi_robot_coop/config
[3.305s] Invoked command in '/home/kishu/roboticslab-technical-project/ros2_ws/build/multi_robot_coop' returned '0': PYTHONPATH=/home/kishu/roboticslab-technical-project/ros2_ws/build/multi_robot_coop/prefix_override:/usr/lib/python3/dist-packages/colcon_core/task/python/colcon_distutils_commands:/home/kishu/roboticslab-technical-project/ros2_ws/install/multi_robot_coop/lib/python3.10/site-packages:${PYTHONPATH} /usr/bin/python3 -W ignore:setup.py install is deprecated -W ignore:easy_install command is deprecated setup.py develop --editable --build-directory /home/kishu/roboticslab-technical-project/ros2_ws/build/multi_robot_coop/build --no-deps symlink_data --force
