[2.960s] Invoking command in '/home/kishu/roboticslab-technical-project/ros2_ws/src/roboticslab_project': PYTHONPATH=/home/kishu/roboticslab-technical-project/build/roboticslab_project/prefix_override:/usr/lib/python3/dist-packages/colcon_core/task/python/colcon_distutils_commands:/home/kishu/roboticslab-technical-project/install/roboticslab_project/lib/python3.10/site-packages:${PYTHONPATH} /usr/bin/python3 -W ignore:setup.py install is deprecated -W ignore:easy_install command is deprecated setup.py egg_info --egg-base ../../../build/roboticslab_project build --build-base /home/kishu/roboticslab-technical-project/build/roboticslab_project/build install --record /home/kishu/roboticslab-technical-project/build/roboticslab_project/install.log --single-version-externally-managed install_data
[3.696s] running egg_info
[3.698s] creating ../../../build/roboticslab_project/roboticslab_project.egg-info
[3.699s] writing ../../../build/roboticslab_project/roboticslab_project.egg-info/PKG-INFO
[3.699s] writing dependency_links to ../../../build/roboticslab_project/roboticslab_project.egg-info/dependency_links.txt
[3.700s] writing entry points to ../../../build/roboticslab_project/roboticslab_project.egg-info/entry_points.txt
[3.701s] writing requirements to ../../../build/roboticslab_project/roboticslab_project.egg-info/requires.txt
[3.701s] writing top-level names to ../../../build/roboticslab_project/roboticslab_project.egg-info/top_level.txt
[3.701s] writing manifest file '../../../build/roboticslab_project/roboticslab_project.egg-info/SOURCES.txt'
[3.706s] reading manifest file '../../../build/roboticslab_project/roboticslab_project.egg-info/SOURCES.txt'
[3.708s] writing manifest file '../../../build/roboticslab_project/roboticslab_project.egg-info/SOURCES.txt'
[3.708s] running build
[3.708s] running build_py
[3.708s] creating /home/kishu/roboticslab-technical-project/build/roboticslab_project/build
[3.709s] creating /home/kishu/roboticslab-technical-project/build/roboticslab_project/build/lib
[3.710s] creating /home/kishu/roboticslab-technical-project/build/roboticslab_project/build/lib/roboticslab_project
[3.711s] copying roboticslab_project/__init__.py -> /home/kishu/roboticslab-technical-project/build/roboticslab_project/build/lib/roboticslab_project
[3.712s] copying roboticslab_project/arm_controller.py -> /home/kishu/roboticslab-technical-project/build/roboticslab_project/build/lib/roboticslab_project
[3.715s] copying roboticslab_project/mobile_controller.py -> /home/kishu/roboticslab-technical-project/build/roboticslab_project/build/lib/roboticslab_project
[3.717s] running install
[3.718s] running install_lib
[3.721s] creating /home/kishu/roboticslab-technical-project/install/roboticslab_project/lib/python3.10/site-packages/roboticslab_project
[3.722s] copying /home/kishu/roboticslab-technical-project/build/roboticslab_project/build/lib/roboticslab_project/__init__.py -> /home/kishu/roboticslab-technical-project/install/roboticslab_project/lib/python3.10/site-packages/roboticslab_project
[3.722s] copying /home/kishu/roboticslab-technical-project/build/roboticslab_project/build/lib/roboticslab_project/arm_controller.py -> /home/kishu/roboticslab-technical-project/install/roboticslab_project/lib/python3.10/site-packages/roboticslab_project
[3.722s] copying /home/kishu/roboticslab-technical-project/build/roboticslab_project/build/lib/roboticslab_project/mobile_controller.py -> /home/kishu/roboticslab-technical-project/install/roboticslab_project/lib/python3.10/site-packages/roboticslab_project
[3.724s] byte-compiling /home/kishu/roboticslab-technical-project/install/roboticslab_project/lib/python3.10/site-packages/roboticslab_project/__init__.py to __init__.cpython-310.pyc
[3.725s] byte-compiling /home/kishu/roboticslab-technical-project/install/roboticslab_project/lib/python3.10/site-packages/roboticslab_project/arm_controller.py to arm_controller.cpython-310.pyc
[3.726s] byte-compiling /home/kishu/roboticslab-technical-project/install/roboticslab_project/lib/python3.10/site-packages/roboticslab_project/mobile_controller.py to mobile_controller.cpython-310.pyc
[3.727s] running install_data
[3.727s] creating /home/kishu/roboticslab-technical-project/install/roboticslab_project/share/ament_index
[3.728s] creating /home/kishu/roboticslab-technical-project/install/roboticslab_project/share/ament_index/resource_index
[3.729s] creating /home/kishu/roboticslab-technical-project/install/roboticslab_project/share/ament_index/resource_index/packages
[3.730s] copying resource/roboticslab_project -> /home/kishu/roboticslab-technical-project/install/roboticslab_project/share/ament_index/resource_index/packages
[3.731s] copying package.xml -> /home/kishu/roboticslab-technical-project/install/roboticslab_project/share/roboticslab_project
[3.732s] creating /home/kishu/roboticslab-technical-project/install/roboticslab_project/share/roboticslab_project/launch
[3.733s] copying launch/simulation.launch.py -> /home/kishu/roboticslab-technical-project/install/roboticslab_project/share/roboticslab_project/launch
[3.733s] running install_egg_info
[3.737s] Copying ../../../build/roboticslab_project/roboticslab_project.egg-info to /home/kishu/roboticslab-technical-project/install/roboticslab_project/lib/python3.10/site-packages/roboticslab_project-0.0.0-py3.10.egg-info
[3.742s] running install_scripts
[3.791s] Installing arm_controller script to /home/kishu/roboticslab-technical-project/install/roboticslab_project/lib/roboticslab_project
[3.792s] Installing mobile_controller script to /home/kishu/roboticslab-technical-project/install/roboticslab_project/lib/roboticslab_project
[3.793s] writing list of installed files to '/home/kishu/roboticslab-technical-project/build/roboticslab_project/install.log'
