[0.418s] DEBUG:colcon:Command line arguments: ['/usr/bin/colcon', 'build', '--symlink-install']
[0.419s] DEBUG:colcon:Parsed command line arguments: Namespace(log_base=None, log_level=None, verb_name='build', build_base='build', install_base='install', merge_install=False, symlink_install=True, test_result_base=None, continue_on_error=False, executor='parallel', parallel_workers=4, event_handlers=None, ignore_user_meta=False, metas=['./colcon.meta'], base_paths=['.'], packages_ignore=None, packages_ignore_regex=None, paths=None, packages_up_to=None, packages_up_to_regex=None, packages_above=None, packages_above_and_dependencies=None, packages_above_depth=None, packages_select_by_dep=None, packages_skip_by_dep=None, packages_skip_up_to=None, packages_select_build_failed=False, packages_skip_build_finished=False, packages_select_test_failures=False, packages_skip_test_passed=False, packages_select=None, packages_skip=None, packages_select_regex=None, packages_skip_regex=None, packages_start=None, packages_end=None, allow_overriding=[], cmake_args=None, cmake_target=None, cmake_target_skip_unavailable=False, cmake_clean_cache=False, cmake_clean_first=False, cmake_force_configure=False, ament_cmake_args=None, catkin_cmake_args=None, catkin_skip_building_tests=False, verb_parser=<colcon_defaults.argument_parser.defaults.DefaultArgumentsDecorator object at 0x75d7d1f6a680>, verb_extension=<colcon_core.verb.build.BuildVerb object at 0x75d7d1f6a0b0>, main=<bound method BuildVerb.main of <colcon_core.verb.build.BuildVerb object at 0x75d7d1f6a0b0>>)
[0.973s] Level 1:colcon.colcon_core.package_discovery:discover_packages(colcon_meta) check parameters
[0.973s] Level 1:colcon.colcon_core.package_discovery:discover_packages(recursive) check parameters
[0.973s] Level 1:colcon.colcon_core.package_discovery:discover_packages(ignore) check parameters
[0.973s] Level 1:colcon.colcon_core.package_discovery:discover_packages(path) check parameters
[0.973s] Level 1:colcon.colcon_core.package_discovery:discover_packages(colcon_meta) discover
[0.974s] Level 1:colcon.colcon_core.package_discovery:discover_packages(recursive) discover
[0.974s] INFO:colcon.colcon_core.package_discovery:Crawling recursively for packages in '/home/kishu/roboticslab-technical-project/ros2_ws'
[0.974s] Level 1:colcon.colcon_core.package_identification:_identify(.) by extensions ['ignore', 'ignore_ament_install']
[0.974s] Level 1:colcon.colcon_core.package_identification:_identify(.) by extension 'ignore'
[0.975s] Level 1:colcon.colcon_core.package_identification:_identify(.) by extension 'ignore_ament_install'
[0.975s] Level 1:colcon.colcon_core.package_identification:_identify(.) by extensions ['colcon_pkg']
[0.975s] Level 1:colcon.colcon_core.package_identification:_identify(.) by extension 'colcon_pkg'
[0.975s] Level 1:colcon.colcon_core.package_identification:_identify(.) by extensions ['colcon_meta']
[0.975s] Level 1:colcon.colcon_core.package_identification:_identify(.) by extension 'colcon_meta'
[0.975s] Level 1:colcon.colcon_core.package_identification:_identify(.) by extensions ['ros']
[0.975s] Level 1:colcon.colcon_core.package_identification:_identify(.) by extension 'ros'
[0.998s] Level 1:colcon.colcon_core.package_identification:_identify(.) by extensions ['cmake', 'python']
[0.998s] Level 1:colcon.colcon_core.package_identification:_identify(.) by extension 'cmake'
[0.999s] Level 1:colcon.colcon_core.package_identification:_identify(.) by extension 'python'
[0.999s] Level 1:colcon.colcon_core.package_identification:_identify(.) by extensions ['python_setup_py']
[0.999s] Level 1:colcon.colcon_core.package_identification:_identify(.) by extension 'python_setup_py'
[0.999s] Level 1:colcon.colcon_core.package_identification:_identify(build) by extensions ['ignore', 'ignore_ament_install']
[0.999s] Level 1:colcon.colcon_core.package_identification:_identify(build) by extension 'ignore'
[0.999s] Level 1:colcon.colcon_core.package_identification:_identify(build) ignored
[0.999s] Level 1:colcon.colcon_core.package_identification:_identify(install) by extensions ['ignore', 'ignore_ament_install']
[0.999s] Level 1:colcon.colcon_core.package_identification:_identify(install) by extension 'ignore'
[0.999s] Level 1:colcon.colcon_core.package_identification:_identify(install) ignored
[1.000s] Level 1:colcon.colcon_core.package_identification:_identify(log) by extensions ['ignore', 'ignore_ament_install']
[1.000s] Level 1:colcon.colcon_core.package_identification:_identify(log) by extension 'ignore'
[1.000s] Level 1:colcon.colcon_core.package_identification:_identify(log) ignored
[1.000s] Level 1:colcon.colcon_core.package_identification:_identify(src) by extensions ['ignore', 'ignore_ament_install']
[1.000s] Level 1:colcon.colcon_core.package_identification:_identify(src) by extension 'ignore'
[1.000s] Level 1:colcon.colcon_core.package_identification:_identify(src) by extension 'ignore_ament_install'
[1.000s] Level 1:colcon.colcon_core.package_identification:_identify(src) by extensions ['colcon_pkg']
[1.000s] Level 1:colcon.colcon_core.package_identification:_identify(src) by extension 'colcon_pkg'
[1.000s] Level 1:colcon.colcon_core.package_identification:_identify(src) by extensions ['colcon_meta']
[1.000s] Level 1:colcon.colcon_core.package_identification:_identify(src) by extension 'colcon_meta'
[1.000s] Level 1:colcon.colcon_core.package_identification:_identify(src) by extensions ['ros']
[1.001s] Level 1:colcon.colcon_core.package_identification:_identify(src) by extension 'ros'
[1.001s] Level 1:colcon.colcon_core.package_identification:_identify(src) by extensions ['cmake', 'python']
[1.001s] Level 1:colcon.colcon_core.package_identification:_identify(src) by extension 'cmake'
[1.001s] Level 1:colcon.colcon_core.package_identification:_identify(src) by extension 'python'
[1.001s] Level 1:colcon.colcon_core.package_identification:_identify(src) by extensions ['python_setup_py']
[1.001s] Level 1:colcon.colcon_core.package_identification:_identify(src) by extension 'python_setup_py'
[1.001s] Level 1:colcon.colcon_core.package_identification:_identify(src/gazebo_ros_link_attacher) by extensions ['ignore', 'ignore_ament_install']
[1.001s] Level 1:colcon.colcon_core.package_identification:_identify(src/gazebo_ros_link_attacher) by extension 'ignore'
[1.001s] Level 1:colcon.colcon_core.package_identification:_identify(src/gazebo_ros_link_attacher) by extension 'ignore_ament_install'
[1.001s] Level 1:colcon.colcon_core.package_identification:_identify(src/gazebo_ros_link_attacher) by extensions ['colcon_pkg']
[1.001s] Level 1:colcon.colcon_core.package_identification:_identify(src/gazebo_ros_link_attacher) by extension 'colcon_pkg'
[1.001s] Level 1:colcon.colcon_core.package_identification:_identify(src/gazebo_ros_link_attacher) by extensions ['colcon_meta']
[1.001s] Level 1:colcon.colcon_core.package_identification:_identify(src/gazebo_ros_link_attacher) by extension 'colcon_meta'
[1.002s] Level 1:colcon.colcon_core.package_identification:_identify(src/gazebo_ros_link_attacher) by extensions ['ros']
[1.002s] Level 1:colcon.colcon_core.package_identification:_identify(src/gazebo_ros_link_attacher) by extension 'ros'
[1.008s] DEBUG:colcon.colcon_core.package_identification:Package 'src/gazebo_ros_link_attacher' with type 'ros.ament_cmake' and name 'gazebo_ros_link_attacher'
[1.008s] Level 1:colcon.colcon_core.package_identification:_identify(src/multi_robot_coop) by extensions ['ignore', 'ignore_ament_install']
[1.009s] Level 1:colcon.colcon_core.package_identification:_identify(src/multi_robot_coop) by extension 'ignore'
[1.009s] Level 1:colcon.colcon_core.package_identification:_identify(src/multi_robot_coop) by extension 'ignore_ament_install'
[1.009s] Level 1:colcon.colcon_core.package_identification:_identify(src/multi_robot_coop) by extensions ['colcon_pkg']
[1.009s] Level 1:colcon.colcon_core.package_identification:_identify(src/multi_robot_coop) by extension 'colcon_pkg'
[1.009s] Level 1:colcon.colcon_core.package_identification:_identify(src/multi_robot_coop) by extensions ['colcon_meta']
[1.010s] Level 1:colcon.colcon_core.package_identification:_identify(src/multi_robot_coop) by extension 'colcon_meta'
[1.010s] Level 1:colcon.colcon_core.package_identification:_identify(src/multi_robot_coop) by extensions ['ros']
[1.010s] Level 1:colcon.colcon_core.package_identification:_identify(src/multi_robot_coop) by extension 'ros'
[1.013s] DEBUG:colcon.colcon_core.package_identification:Package 'src/multi_robot_coop' with type 'ros.ament_python' and name 'multi_robot_coop'
[1.013s] Level 1:colcon.colcon_core.package_identification:_identify(src/robotiq_85_gripper) by extensions ['ignore', 'ignore_ament_install']
[1.014s] Level 1:colcon.colcon_core.package_identification:_identify(src/robotiq_85_gripper) by extension 'ignore'
[1.014s] Level 1:colcon.colcon_core.package_identification:_identify(src/robotiq_85_gripper) by extension 'ignore_ament_install'
[1.014s] Level 1:colcon.colcon_core.package_identification:_identify(src/robotiq_85_gripper) by extensions ['colcon_pkg']
[1.014s] Level 1:colcon.colcon_core.package_identification:_identify(src/robotiq_85_gripper) by extension 'colcon_pkg'
[1.014s] Level 1:colcon.colcon_core.package_identification:_identify(src/robotiq_85_gripper) by extensions ['colcon_meta']
[1.014s] Level 1:colcon.colcon_core.package_identification:_identify(src/robotiq_85_gripper) by extension 'colcon_meta'
[1.014s] Level 1:colcon.colcon_core.package_identification:_identify(src/robotiq_85_gripper) by extensions ['ros']
[1.014s] Level 1:colcon.colcon_core.package_identification:_identify(src/robotiq_85_gripper) by extension 'ros'
[1.015s] Level 1:colcon.colcon_core.package_identification:_identify(src/robotiq_85_gripper) by extensions ['cmake', 'python']
[1.015s] Level 1:colcon.colcon_core.package_identification:_identify(src/robotiq_85_gripper) by extension 'cmake'
[1.015s] Level 1:colcon.colcon_core.package_identification:_identify(src/robotiq_85_gripper) by extension 'python'
[1.015s] Level 1:colcon.colcon_core.package_identification:_identify(src/robotiq_85_gripper) by extensions ['python_setup_py']
[1.015s] Level 1:colcon.colcon_core.package_identification:_identify(src/robotiq_85_gripper) by extension 'python_setup_py'
[1.016s] Level 1:colcon.colcon_core.package_identification:_identify(src/robotiq_85_gripper/robotiq_85_description) by extensions ['ignore', 'ignore_ament_install']
[1.016s] Level 1:colcon.colcon_core.package_identification:_identify(src/robotiq_85_gripper/robotiq_85_description) by extension 'ignore'
[1.016s] Level 1:colcon.colcon_core.package_identification:_identify(src/robotiq_85_gripper/robotiq_85_description) by extension 'ignore_ament_install'
[1.016s] Level 1:colcon.colcon_core.package_identification:_identify(src/robotiq_85_gripper/robotiq_85_description) by extensions ['colcon_pkg']
[1.016s] Level 1:colcon.colcon_core.package_identification:_identify(src/robotiq_85_gripper/robotiq_85_description) by extension 'colcon_pkg'
[1.016s] Level 1:colcon.colcon_core.package_identification:_identify(src/robotiq_85_gripper/robotiq_85_description) by extensions ['colcon_meta']
[1.016s] Level 1:colcon.colcon_core.package_identification:_identify(src/robotiq_85_gripper/robotiq_85_description) by extension 'colcon_meta'
[1.016s] Level 1:colcon.colcon_core.package_identification:_identify(src/robotiq_85_gripper/robotiq_85_description) by extensions ['ros']
[1.017s] Level 1:colcon.colcon_core.package_identification:_identify(src/robotiq_85_gripper/robotiq_85_description) by extension 'ros'
[1.018s] DEBUG:colcon.colcon_core.package_identification:Package 'src/robotiq_85_gripper/robotiq_85_description' with type 'ros.ament_cmake' and name 'robotiq_85_description'
[1.019s] Level 1:colcon.colcon_core.package_identification:_identify(src/robotiq_85_gripper/robotiq_85_driver) by extensions ['ignore', 'ignore_ament_install']
[1.020s] Level 1:colcon.colcon_core.package_identification:_identify(src/robotiq_85_gripper/robotiq_85_driver) by extension 'ignore'
[1.020s] Level 1:colcon.colcon_core.package_identification:_identify(src/robotiq_85_gripper/robotiq_85_driver) by extension 'ignore_ament_install'
[1.020s] Level 1:colcon.colcon_core.package_identification:_identify(src/robotiq_85_gripper/robotiq_85_driver) by extensions ['colcon_pkg']
[1.021s] Level 1:colcon.colcon_core.package_identification:_identify(src/robotiq_85_gripper/robotiq_85_driver) by extension 'colcon_pkg'
[1.021s] Level 1:colcon.colcon_core.package_identification:_identify(src/robotiq_85_gripper/robotiq_85_driver) by extensions ['colcon_meta']
[1.021s] Level 1:colcon.colcon_core.package_identification:_identify(src/robotiq_85_gripper/robotiq_85_driver) by extension 'colcon_meta'
[1.021s] Level 1:colcon.colcon_core.package_identification:_identify(src/robotiq_85_gripper/robotiq_85_driver) by extensions ['ros']
[1.021s] Level 1:colcon.colcon_core.package_identification:_identify(src/robotiq_85_gripper/robotiq_85_driver) by extension 'ros'
[1.028s] DEBUG:colcon.colcon_core.package_identification:Package 'src/robotiq_85_gripper/robotiq_85_driver' with type 'ros.ament_python' and name 'robotiq_85_driver'
[1.029s] Level 1:colcon.colcon_core.package_identification:_identify(src/robotiq_85_gripper/robotiq_85_gripper) by extensions ['ignore', 'ignore_ament_install']
[1.029s] Level 1:colcon.colcon_core.package_identification:_identify(src/robotiq_85_gripper/robotiq_85_gripper) by extension 'ignore'
[1.029s] Level 1:colcon.colcon_core.package_identification:_identify(src/robotiq_85_gripper/robotiq_85_gripper) by extension 'ignore_ament_install'
[1.029s] Level 1:colcon.colcon_core.package_identification:_identify(src/robotiq_85_gripper/robotiq_85_gripper) by extensions ['colcon_pkg']
[1.029s] Level 1:colcon.colcon_core.package_identification:_identify(src/robotiq_85_gripper/robotiq_85_gripper) by extension 'colcon_pkg'
[1.029s] Level 1:colcon.colcon_core.package_identification:_identify(src/robotiq_85_gripper/robotiq_85_gripper) by extensions ['colcon_meta']
[1.029s] Level 1:colcon.colcon_core.package_identification:_identify(src/robotiq_85_gripper/robotiq_85_gripper) by extension 'colcon_meta'
[1.029s] Level 1:colcon.colcon_core.package_identification:_identify(src/robotiq_85_gripper/robotiq_85_gripper) by extensions ['ros']
[1.029s] Level 1:colcon.colcon_core.package_identification:_identify(src/robotiq_85_gripper/robotiq_85_gripper) by extension 'ros'
[1.030s] DEBUG:colcon.colcon_core.package_identification:Package 'src/robotiq_85_gripper/robotiq_85_gripper' with type 'ros.ament_cmake' and name 'robotiq_85_gripper'
[1.030s] Level 1:colcon.colcon_core.package_identification:_identify(src/robotiq_85_gripper/robotiq_85_msgs) by extensions ['ignore', 'ignore_ament_install']
[1.031s] Level 1:colcon.colcon_core.package_identification:_identify(src/robotiq_85_gripper/robotiq_85_msgs) by extension 'ignore'
[1.031s] Level 1:colcon.colcon_core.package_identification:_identify(src/robotiq_85_gripper/robotiq_85_msgs) by extension 'ignore_ament_install'
[1.031s] Level 1:colcon.colcon_core.package_identification:_identify(src/robotiq_85_gripper/robotiq_85_msgs) by extensions ['colcon_pkg']
[1.031s] Level 1:colcon.colcon_core.package_identification:_identify(src/robotiq_85_gripper/robotiq_85_msgs) by extension 'colcon_pkg'
[1.031s] Level 1:colcon.colcon_core.package_identification:_identify(src/robotiq_85_gripper/robotiq_85_msgs) by extensions ['colcon_meta']
[1.031s] Level 1:colcon.colcon_core.package_identification:_identify(src/robotiq_85_gripper/robotiq_85_msgs) by extension 'colcon_meta'
[1.031s] Level 1:colcon.colcon_core.package_identification:_identify(src/robotiq_85_gripper/robotiq_85_msgs) by extensions ['ros']
[1.031s] Level 1:colcon.colcon_core.package_identification:_identify(src/robotiq_85_gripper/robotiq_85_msgs) by extension 'ros'
[1.032s] DEBUG:colcon.colcon_core.package_identification:Package 'src/robotiq_85_gripper/robotiq_85_msgs' with type 'ros.ament_cmake' and name 'robotiq_85_msgs'
[1.032s] Level 1:colcon.colcon_core.package_discovery:discover_packages(recursive) using defaults
[1.032s] Level 1:colcon.colcon_core.package_discovery:discover_packages(ignore) discover
[1.032s] Level 1:colcon.colcon_core.package_discovery:discover_packages(ignore) using defaults
[1.032s] Level 1:colcon.colcon_core.package_discovery:discover_packages(path) discover
[1.032s] Level 1:colcon.colcon_core.package_discovery:discover_packages(path) using defaults
[1.106s] Level 1:colcon.colcon_core.package_discovery:discover_packages(prefix_path) check parameters
[1.106s] Level 1:colcon.colcon_core.package_discovery:discover_packages(prefix_path) discover
[1.108s] WARNING:colcon.colcon_ros.prefix_path.ament:The path '/home/kishu/roboticslab-technical-project/ros2_ws/install/roboticslab_project' in the environment variable AMENT_PREFIX_PATH doesn't exist
[1.111s] DEBUG:colcon.colcon_installed_package_information.package_discovery:Found 6 installed packages in /home/kishu/roboticslab-technical-project/ros2_ws/install
[1.116s] DEBUG:colcon.colcon_installed_package_information.package_discovery:Found 481 installed packages in /opt/ros/humble
[1.127s] Level 1:colcon.colcon_core.package_discovery:discover_packages(prefix_path) using defaults
[1.320s] Level 5:colcon.colcon_core.verb:set package 'gazebo_ros_link_attacher' build argument 'cmake_args' from command line to 'None'
[1.320s] Level 5:colcon.colcon_core.verb:set package 'gazebo_ros_link_attacher' build argument 'cmake_target' from command line to 'None'
[1.320s] Level 5:colcon.colcon_core.verb:set package 'gazebo_ros_link_attacher' build argument 'cmake_target_skip_unavailable' from command line to 'False'
[1.320s] Level 5:colcon.colcon_core.verb:set package 'gazebo_ros_link_attacher' build argument 'cmake_clean_cache' from command line to 'False'
[1.320s] Level 5:colcon.colcon_core.verb:set package 'gazebo_ros_link_attacher' build argument 'cmake_clean_first' from command line to 'False'
[1.320s] Level 5:colcon.colcon_core.verb:set package 'gazebo_ros_link_attacher' build argument 'cmake_force_configure' from command line to 'False'
[1.320s] Level 5:colcon.colcon_core.verb:set package 'gazebo_ros_link_attacher' build argument 'ament_cmake_args' from command line to 'None'
[1.321s] Level 5:colcon.colcon_core.verb:set package 'gazebo_ros_link_attacher' build argument 'catkin_cmake_args' from command line to 'None'
[1.321s] Level 5:colcon.colcon_core.verb:set package 'gazebo_ros_link_attacher' build argument 'catkin_skip_building_tests' from command line to 'False'
[1.321s] DEBUG:colcon.colcon_core.verb:Building package 'gazebo_ros_link_attacher' with the following arguments: {'ament_cmake_args': None, 'build_base': '/home/kishu/roboticslab-technical-project/ros2_ws/build/gazebo_ros_link_attacher', 'catkin_cmake_args': None, 'catkin_skip_building_tests': False, 'cmake_args': None, 'cmake_clean_cache': False, 'cmake_clean_first': False, 'cmake_force_configure': False, 'cmake_target': None, 'cmake_target_skip_unavailable': False, 'install_base': '/home/kishu/roboticslab-technical-project/ros2_ws/install/gazebo_ros_link_attacher', 'merge_install': False, 'path': '/home/kishu/roboticslab-technical-project/ros2_ws/src/gazebo_ros_link_attacher', 'symlink_install': True, 'test_result_base': None}
[1.323s] Level 5:colcon.colcon_core.verb:set package 'multi_robot_coop' build argument 'cmake_args' from command line to 'None'
[1.323s] Level 5:colcon.colcon_core.verb:set package 'multi_robot_coop' build argument 'cmake_target' from command line to 'None'
[1.324s] Level 5:colcon.colcon_core.verb:set package 'multi_robot_coop' build argument 'cmake_target_skip_unavailable' from command line to 'False'
[1.324s] Level 5:colcon.colcon_core.verb:set package 'multi_robot_coop' build argument 'cmake_clean_cache' from command line to 'False'
[1.324s] Level 5:colcon.colcon_core.verb:set package 'multi_robot_coop' build argument 'cmake_clean_first' from command line to 'False'
[1.324s] Level 5:colcon.colcon_core.verb:set package 'multi_robot_coop' build argument 'cmake_force_configure' from command line to 'False'
[1.324s] Level 5:colcon.colcon_core.verb:set package 'multi_robot_coop' build argument 'ament_cmake_args' from command line to 'None'
[1.325s] Level 5:colcon.colcon_core.verb:set package 'multi_robot_coop' build argument 'catkin_cmake_args' from command line to 'None'
[1.325s] Level 5:colcon.colcon_core.verb:set package 'multi_robot_coop' build argument 'catkin_skip_building_tests' from command line to 'False'
[1.325s] DEBUG:colcon.colcon_core.verb:Building package 'multi_robot_coop' with the following arguments: {'ament_cmake_args': None, 'build_base': '/home/kishu/roboticslab-technical-project/ros2_ws/build/multi_robot_coop', 'catkin_cmake_args': None, 'catkin_skip_building_tests': False, 'cmake_args': None, 'cmake_clean_cache': False, 'cmake_clean_first': False, 'cmake_force_configure': False, 'cmake_target': None, 'cmake_target_skip_unavailable': False, 'install_base': '/home/kishu/roboticslab-technical-project/ros2_ws/install/multi_robot_coop', 'merge_install': False, 'path': '/home/kishu/roboticslab-technical-project/ros2_ws/src/multi_robot_coop', 'symlink_install': True, 'test_result_base': None}
[1.327s] Level 5:colcon.colcon_core.verb:set package 'robotiq_85_description' build argument 'cmake_args' from command line to 'None'
[1.327s] Level 5:colcon.colcon_core.verb:set package 'robotiq_85_description' build argument 'cmake_target' from command line to 'None'
[1.327s] Level 5:colcon.colcon_core.verb:set package 'robotiq_85_description' build argument 'cmake_target_skip_unavailable' from command line to 'False'
[1.328s] Level 5:colcon.colcon_core.verb:set package 'robotiq_85_description' build argument 'cmake_clean_cache' from command line to 'False'
[1.328s] Level 5:colcon.colcon_core.verb:set package 'robotiq_85_description' build argument 'cmake_clean_first' from command line to 'False'
[1.328s] Level 5:colcon.colcon_core.verb:set package 'robotiq_85_description' build argument 'cmake_force_configure' from command line to 'False'
[1.328s] Level 5:colcon.colcon_core.verb:set package 'robotiq_85_description' build argument 'ament_cmake_args' from command line to 'None'
[1.328s] Level 5:colcon.colcon_core.verb:set package 'robotiq_85_description' build argument 'catkin_cmake_args' from command line to 'None'
[1.328s] Level 5:colcon.colcon_core.verb:set package 'robotiq_85_description' build argument 'catkin_skip_building_tests' from command line to 'False'
[1.328s] DEBUG:colcon.colcon_core.verb:Building package 'robotiq_85_description' with the following arguments: {'ament_cmake_args': None, 'build_base': '/home/kishu/roboticslab-technical-project/ros2_ws/build/robotiq_85_description', 'catkin_cmake_args': None, 'catkin_skip_building_tests': False, 'cmake_args': None, 'cmake_clean_cache': False, 'cmake_clean_first': False, 'cmake_force_configure': False, 'cmake_target': None, 'cmake_target_skip_unavailable': False, 'install_base': '/home/kishu/roboticslab-technical-project/ros2_ws/install/robotiq_85_description', 'merge_install': False, 'path': '/home/kishu/roboticslab-technical-project/ros2_ws/src/robotiq_85_gripper/robotiq_85_description', 'symlink_install': True, 'test_result_base': None}
[1.330s] Level 5:colcon.colcon_core.verb:set package 'robotiq_85_msgs' build argument 'cmake_args' from command line to 'None'
[1.331s] Level 5:colcon.colcon_core.verb:set package 'robotiq_85_msgs' build argument 'cmake_target' from command line to 'None'
[1.331s] Level 5:colcon.colcon_core.verb:set package 'robotiq_85_msgs' build argument 'cmake_target_skip_unavailable' from command line to 'False'
[1.331s] Level 5:colcon.colcon_core.verb:set package 'robotiq_85_msgs' build argument 'cmake_clean_cache' from command line to 'False'
[1.331s] Level 5:colcon.colcon_core.verb:set package 'robotiq_85_msgs' build argument 'cmake_clean_first' from command line to 'False'
[1.331s] Level 5:colcon.colcon_core.verb:set package 'robotiq_85_msgs' build argument 'cmake_force_configure' from command line to 'False'
[1.332s] Level 5:colcon.colcon_core.verb:set package 'robotiq_85_msgs' build argument 'ament_cmake_args' from command line to 'None'
[1.332s] Level 5:colcon.colcon_core.verb:set package 'robotiq_85_msgs' build argument 'catkin_cmake_args' from command line to 'None'
[1.332s] Level 5:colcon.colcon_core.verb:set package 'robotiq_85_msgs' build argument 'catkin_skip_building_tests' from command line to 'False'
[1.332s] DEBUG:colcon.colcon_core.verb:Building package 'robotiq_85_msgs' with the following arguments: {'ament_cmake_args': None, 'build_base': '/home/kishu/roboticslab-technical-project/ros2_ws/build/robotiq_85_msgs', 'catkin_cmake_args': None, 'catkin_skip_building_tests': False, 'cmake_args': None, 'cmake_clean_cache': False, 'cmake_clean_first': False, 'cmake_force_configure': False, 'cmake_target': None, 'cmake_target_skip_unavailable': False, 'install_base': '/home/kishu/roboticslab-technical-project/ros2_ws/install/robotiq_85_msgs', 'merge_install': False, 'path': '/home/kishu/roboticslab-technical-project/ros2_ws/src/robotiq_85_gripper/robotiq_85_msgs', 'symlink_install': True, 'test_result_base': None}
[1.334s] Level 5:colcon.colcon_core.verb:set package 'robotiq_85_driver' build argument 'cmake_args' from command line to 'None'
[1.335s] Level 5:colcon.colcon_core.verb:set package 'robotiq_85_driver' build argument 'cmake_target' from command line to 'None'
[1.335s] Level 5:colcon.colcon_core.verb:set package 'robotiq_85_driver' build argument 'cmake_target_skip_unavailable' from command line to 'False'
[1.335s] Level 5:colcon.colcon_core.verb:set package 'robotiq_85_driver' build argument 'cmake_clean_cache' from command line to 'False'
[1.335s] Level 5:colcon.colcon_core.verb:set package 'robotiq_85_driver' build argument 'cmake_clean_first' from command line to 'False'
[1.336s] Level 5:colcon.colcon_core.verb:set package 'robotiq_85_driver' build argument 'cmake_force_configure' from command line to 'False'
[1.336s] Level 5:colcon.colcon_core.verb:set package 'robotiq_85_driver' build argument 'ament_cmake_args' from command line to 'None'
[1.336s] Level 5:colcon.colcon_core.verb:set package 'robotiq_85_driver' build argument 'catkin_cmake_args' from command line to 'None'
[1.336s] Level 5:colcon.colcon_core.verb:set package 'robotiq_85_driver' build argument 'catkin_skip_building_tests' from command line to 'False'
[1.336s] DEBUG:colcon.colcon_core.verb:Building package 'robotiq_85_driver' with the following arguments: {'ament_cmake_args': None, 'build_base': '/home/kishu/roboticslab-technical-project/ros2_ws/build/robotiq_85_driver', 'catkin_cmake_args': None, 'catkin_skip_building_tests': False, 'cmake_args': None, 'cmake_clean_cache': False, 'cmake_clean_first': False, 'cmake_force_configure': False, 'cmake_target': None, 'cmake_target_skip_unavailable': False, 'install_base': '/home/kishu/roboticslab-technical-project/ros2_ws/install/robotiq_85_driver', 'merge_install': False, 'path': '/home/kishu/roboticslab-technical-project/ros2_ws/src/robotiq_85_gripper/robotiq_85_driver', 'symlink_install': True, 'test_result_base': None}
[1.338s] Level 5:colcon.colcon_core.verb:set package 'robotiq_85_gripper' build argument 'cmake_args' from command line to 'None'
[1.338s] Level 5:colcon.colcon_core.verb:set package 'robotiq_85_gripper' build argument 'cmake_target' from command line to 'None'
[1.338s] Level 5:colcon.colcon_core.verb:set package 'robotiq_85_gripper' build argument 'cmake_target_skip_unavailable' from command line to 'False'
[1.338s] Level 5:colcon.colcon_core.verb:set package 'robotiq_85_gripper' build argument 'cmake_clean_cache' from command line to 'False'
[1.338s] Level 5:colcon.colcon_core.verb:set package 'robotiq_85_gripper' build argument 'cmake_clean_first' from command line to 'False'
[1.339s] Level 5:colcon.colcon_core.verb:set package 'robotiq_85_gripper' build argument 'cmake_force_configure' from command line to 'False'
[1.339s] Level 5:colcon.colcon_core.verb:set package 'robotiq_85_gripper' build argument 'ament_cmake_args' from command line to 'None'
[1.339s] Level 5:colcon.colcon_core.verb:set package 'robotiq_85_gripper' build argument 'catkin_cmake_args' from command line to 'None'
[1.339s] Level 5:colcon.colcon_core.verb:set package 'robotiq_85_gripper' build argument 'catkin_skip_building_tests' from command line to 'False'
[1.339s] DEBUG:colcon.colcon_core.verb:Building package 'robotiq_85_gripper' with the following arguments: {'ament_cmake_args': None, 'build_base': '/home/kishu/roboticslab-technical-project/ros2_ws/build/robotiq_85_gripper', 'catkin_cmake_args': None, 'catkin_skip_building_tests': False, 'cmake_args': None, 'cmake_clean_cache': False, 'cmake_clean_first': False, 'cmake_force_configure': False, 'cmake_target': None, 'cmake_target_skip_unavailable': False, 'install_base': '/home/kishu/roboticslab-technical-project/ros2_ws/install/robotiq_85_gripper', 'merge_install': False, 'path': '/home/kishu/roboticslab-technical-project/ros2_ws/src/robotiq_85_gripper/robotiq_85_gripper', 'symlink_install': True, 'test_result_base': None}
[1.339s] INFO:colcon.colcon_core.executor:Executing jobs using 'parallel' executor
[1.343s] DEBUG:colcon.colcon_parallel_executor.executor.parallel:run_until_complete
[1.344s] INFO:colcon.colcon_ros.task.ament_cmake.build:Building ROS package in '/home/kishu/roboticslab-technical-project/ros2_ws/src/robotiq_85_gripper/robotiq_85_msgs' with build type 'ament_cmake'
[1.344s] INFO:colcon.colcon_cmake.task.cmake.build:Building CMake package in '/home/kishu/roboticslab-technical-project/ros2_ws/src/robotiq_85_gripper/robotiq_85_msgs'
[1.351s] INFO:colcon.colcon_core.plugin_system:Skipping extension 'colcon_core.shell.bat': Not used on non-Windows systems
[1.352s] INFO:colcon.colcon_core.shell:Skip shell extension 'powershell' for command environment: Not usable outside of PowerShell
[1.352s] DEBUG:colcon.colcon_core.shell:Skip shell extension 'dsv' for command environment
[1.369s] INFO:colcon.colcon_ros.task.ament_cmake.build:Building ROS package in '/home/kishu/roboticslab-technical-project/ros2_ws/src/robotiq_85_gripper/robotiq_85_description' with build type 'ament_cmake'
[1.370s] INFO:colcon.colcon_cmake.task.cmake.build:Building CMake package in '/home/kishu/roboticslab-technical-project/ros2_ws/src/robotiq_85_gripper/robotiq_85_description'
[1.371s] INFO:colcon.colcon_core.shell:Skip shell extension 'powershell' for command environment: Not usable outside of PowerShell
[1.371s] DEBUG:colcon.colcon_core.shell:Skip shell extension 'dsv' for command environment
[1.391s] INFO:colcon.colcon_ros.task.ament_cmake.build:Building ROS package in '/home/kishu/roboticslab-technical-project/ros2_ws/src/gazebo_ros_link_attacher' with build type 'ament_cmake'
[1.392s] INFO:colcon.colcon_cmake.task.cmake.build:Building CMake package in '/home/kishu/roboticslab-technical-project/ros2_ws/src/gazebo_ros_link_attacher'
[1.392s] INFO:colcon.colcon_core.shell:Skip shell extension 'powershell' for command environment: Not usable outside of PowerShell
[1.392s] DEBUG:colcon.colcon_core.shell:Skip shell extension 'dsv' for command environment
[1.405s] INFO:colcon.colcon_ros.task.ament_python.build:Building ROS package in '/home/kishu/roboticslab-technical-project/ros2_ws/src/multi_robot_coop' with build type 'ament_python'
[1.405s] Level 1:colcon.colcon_core.shell:create_environment_hook('multi_robot_coop', 'ament_prefix_path')
[1.406s] INFO:colcon.colcon_core.shell:Creating environment hook '/home/kishu/roboticslab-technical-project/ros2_ws/install/multi_robot_coop/share/multi_robot_coop/hook/ament_prefix_path.ps1'
[1.411s] INFO:colcon.colcon_core.shell:Creating environment descriptor '/home/kishu/roboticslab-technical-project/ros2_ws/install/multi_robot_coop/share/multi_robot_coop/hook/ament_prefix_path.dsv'
[1.412s] INFO:colcon.colcon_core.shell:Creating environment hook '/home/kishu/roboticslab-technical-project/ros2_ws/install/multi_robot_coop/share/multi_robot_coop/hook/ament_prefix_path.sh'
[1.413s] INFO:colcon.colcon_core.shell:Skip shell extension 'powershell' for command environment: Not usable outside of PowerShell
[1.413s] DEBUG:colcon.colcon_core.shell:Skip shell extension 'dsv' for command environment
[1.458s] DEBUG:colcon.colcon_core.event_handler.log_command:Invoking command in '/home/kishu/roboticslab-technical-project/ros2_ws/build/robotiq_85_msgs': CMAKE_PREFIX_PATH=${CMAKE_PREFIX_PATH}:/home/kishu/roboticslab-technical-project/ros2_ws/install/robotiq_85_driver:/home/kishu/roboticslab-technical-project/ros2_ws/install/roboticslab_project:/home/kishu/roboticslab-technical-project/ros2_ws/install/multi_robot_coop:/opt/ros/humble /usr/bin/cmake --build /home/kishu/roboticslab-technical-project/ros2_ws/build/robotiq_85_msgs -- -j4 -l4
[1.493s] DEBUG:colcon.colcon_core.event_handler.log_command:Invoking command in '/home/kishu/roboticslab-technical-project/ros2_ws/build/robotiq_85_description': CMAKE_PREFIX_PATH=${CMAKE_PREFIX_PATH}:/home/kishu/roboticslab-technical-project/ros2_ws/install/robotiq_85_driver:/home/kishu/roboticslab-technical-project/ros2_ws/install/roboticslab_project:/home/kishu/roboticslab-technical-project/ros2_ws/install/multi_robot_coop:/opt/ros/humble /usr/bin/cmake --build /home/kishu/roboticslab-technical-project/ros2_ws/build/robotiq_85_description -- -j4 -l4
[1.495s] DEBUG:colcon.colcon_core.event_handler.log_command:Invoking command in '/home/kishu/roboticslab-technical-project/ros2_ws/build/gazebo_ros_link_attacher': CMAKE_PREFIX_PATH=${CMAKE_PREFIX_PATH}:/home/kishu/roboticslab-technical-project/ros2_ws/install/robotiq_85_driver:/home/kishu/roboticslab-technical-project/ros2_ws/install/roboticslab_project:/home/kishu/roboticslab-technical-project/ros2_ws/install/multi_robot_coop:/opt/ros/humble /usr/bin/cmake --build /home/kishu/roboticslab-technical-project/ros2_ws/build/gazebo_ros_link_attacher -- -j4 -l4
[2.710s] INFO:colcon.colcon_core.task.python.build:Building Python package in '/home/kishu/roboticslab-technical-project/ros2_ws/src/multi_robot_coop'
[2.710s] INFO:colcon.colcon_core.shell:Skip shell extension 'powershell' for command environment: Not usable outside of PowerShell
[2.711s] DEBUG:colcon.colcon_core.shell:Skip shell extension 'dsv' for command environment
[2.781s] DEBUG:colcon.colcon_core.event_handler.log_command:Invoked command in '/home/kishu/roboticslab-technical-project/ros2_ws/build/robotiq_85_description' returned '0': CMAKE_PREFIX_PATH=${CMAKE_PREFIX_PATH}:/home/kishu/roboticslab-technical-project/ros2_ws/install/robotiq_85_driver:/home/kishu/roboticslab-technical-project/ros2_ws/install/roboticslab_project:/home/kishu/roboticslab-technical-project/ros2_ws/install/multi_robot_coop:/opt/ros/humble /usr/bin/cmake --build /home/kishu/roboticslab-technical-project/ros2_ws/build/robotiq_85_description -- -j4 -l4
[2.822s] DEBUG:colcon.colcon_core.event_handler.log_command:Invoking command in '/home/kishu/roboticslab-technical-project/ros2_ws/build/robotiq_85_description': CMAKE_PREFIX_PATH=${CMAKE_PREFIX_PATH}:/home/kishu/roboticslab-technical-project/ros2_ws/install/robotiq_85_driver:/home/kishu/roboticslab-technical-project/ros2_ws/install/roboticslab_project:/home/kishu/roboticslab-technical-project/ros2_ws/install/multi_robot_coop:/opt/ros/humble /usr/bin/cmake --install /home/kishu/roboticslab-technical-project/ros2_ws/build/robotiq_85_description
[2.974s] Level 1:colcon.colcon_core.environment:create_environment_scripts_only(robotiq_85_description)
[2.989s] Level 1:colcon.colcon_core.environment:checking '/home/kishu/roboticslab-technical-project/ros2_ws/install/robotiq_85_description' for CMake module files
[2.990s] Level 1:colcon.colcon_core.environment:checking '/home/kishu/roboticslab-technical-project/ros2_ws/install/robotiq_85_description' for CMake config files
[2.991s] Level 1:colcon.colcon_core.shell:create_environment_hook('robotiq_85_description', 'cmake_prefix_path')
[2.992s] INFO:colcon.colcon_core.shell:Creating environment hook '/home/kishu/roboticslab-technical-project/ros2_ws/install/robotiq_85_description/share/robotiq_85_description/hook/cmake_prefix_path.ps1'
[2.998s] DEBUG:colcon.colcon_core.event_handler.log_command:Invoked command in '/home/kishu/roboticslab-technical-project/ros2_ws/build/robotiq_85_description' returned '0': CMAKE_PREFIX_PATH=${CMAKE_PREFIX_PATH}:/home/kishu/roboticslab-technical-project/ros2_ws/install/robotiq_85_driver:/home/kishu/roboticslab-technical-project/ros2_ws/install/roboticslab_project:/home/kishu/roboticslab-technical-project/ros2_ws/install/multi_robot_coop:/opt/ros/humble /usr/bin/cmake --install /home/kishu/roboticslab-technical-project/ros2_ws/build/robotiq_85_description
[3.000s] INFO:colcon.colcon_core.shell:Creating environment descriptor '/home/kishu/roboticslab-technical-project/ros2_ws/install/robotiq_85_description/share/robotiq_85_description/hook/cmake_prefix_path.dsv'
[3.002s] INFO:colcon.colcon_core.shell:Creating environment hook '/home/kishu/roboticslab-technical-project/ros2_ws/install/robotiq_85_description/share/robotiq_85_description/hook/cmake_prefix_path.sh'
[3.010s] Level 1:colcon.colcon_core.environment:checking '/home/kishu/roboticslab-technical-project/ros2_ws/install/robotiq_85_description/bin'
[3.010s] Level 1:colcon.colcon_core.environment:checking '/home/kishu/roboticslab-technical-project/ros2_ws/install/robotiq_85_description/lib/pkgconfig/robotiq_85_description.pc'
[3.011s] Level 1:colcon.colcon_core.environment:checking '/home/kishu/roboticslab-technical-project/ros2_ws/install/robotiq_85_description/lib/python3.10/site-packages'
[3.018s] Level 1:colcon.colcon_core.environment:checking '/home/kishu/roboticslab-technical-project/ros2_ws/install/robotiq_85_description/bin'
[3.020s] INFO:colcon.colcon_core.shell:Creating package script '/home/kishu/roboticslab-technical-project/ros2_ws/install/robotiq_85_description/share/robotiq_85_description/package.ps1'
[3.026s] INFO:colcon.colcon_core.shell:Creating package descriptor '/home/kishu/roboticslab-technical-project/ros2_ws/install/robotiq_85_description/share/robotiq_85_description/package.dsv'
[3.028s] INFO:colcon.colcon_core.shell:Creating package script '/home/kishu/roboticslab-technical-project/ros2_ws/install/robotiq_85_description/share/robotiq_85_description/package.sh'
[3.034s] INFO:colcon.colcon_core.shell:Creating package script '/home/kishu/roboticslab-technical-project/ros2_ws/install/robotiq_85_description/share/robotiq_85_description/package.bash'
[3.041s] INFO:colcon.colcon_core.shell:Creating package script '/home/kishu/roboticslab-technical-project/ros2_ws/install/robotiq_85_description/share/robotiq_85_description/package.zsh'
[3.043s] Level 1:colcon.colcon_core.environment:create_file_with_runtime_dependencies(/home/kishu/roboticslab-technical-project/ros2_ws/install/robotiq_85_description/share/colcon-core/packages/robotiq_85_description)
[3.049s] Level 1:colcon.colcon_core.environment:create_environment_scripts_only(robotiq_85_description)
[3.050s] Level 1:colcon.colcon_core.environment:checking '/home/kishu/roboticslab-technical-project/ros2_ws/install/robotiq_85_description' for CMake module files
[3.051s] Level 1:colcon.colcon_core.environment:checking '/home/kishu/roboticslab-technical-project/ros2_ws/install/robotiq_85_description' for CMake config files
[3.052s] Level 1:colcon.colcon_core.shell:create_environment_hook('robotiq_85_description', 'cmake_prefix_path')
[3.057s] INFO:colcon.colcon_core.shell:Creating environment hook '/home/kishu/roboticslab-technical-project/ros2_ws/install/robotiq_85_description/share/robotiq_85_description/hook/cmake_prefix_path.ps1'
[3.058s] INFO:colcon.colcon_core.shell:Creating environment descriptor '/home/kishu/roboticslab-technical-project/ros2_ws/install/robotiq_85_description/share/robotiq_85_description/hook/cmake_prefix_path.dsv'
[3.059s] INFO:colcon.colcon_core.shell:Creating environment hook '/home/kishu/roboticslab-technical-project/ros2_ws/install/robotiq_85_description/share/robotiq_85_description/hook/cmake_prefix_path.sh'
[3.064s] Level 1:colcon.colcon_core.environment:checking '/home/kishu/roboticslab-technical-project/ros2_ws/install/robotiq_85_description/bin'
[3.065s] Level 1:colcon.colcon_core.environment:checking '/home/kishu/roboticslab-technical-project/ros2_ws/install/robotiq_85_description/lib/pkgconfig/robotiq_85_description.pc'
[3.065s] Level 1:colcon.colcon_core.environment:checking '/home/kishu/roboticslab-technical-project/ros2_ws/install/robotiq_85_description/lib/python3.10/site-packages'
[3.066s] Level 1:colcon.colcon_core.environment:checking '/home/kishu/roboticslab-technical-project/ros2_ws/install/robotiq_85_description/bin'
[3.067s] INFO:colcon.colcon_core.shell:Creating package script '/home/kishu/roboticslab-technical-project/ros2_ws/install/robotiq_85_description/share/robotiq_85_description/package.ps1'
[3.069s] INFO:colcon.colcon_core.shell:Creating package descriptor '/home/kishu/roboticslab-technical-project/ros2_ws/install/robotiq_85_description/share/robotiq_85_description/package.dsv'
[3.070s] INFO:colcon.colcon_core.shell:Creating package script '/home/kishu/roboticslab-technical-project/ros2_ws/install/robotiq_85_description/share/robotiq_85_description/package.sh'
[3.071s] INFO:colcon.colcon_core.shell:Creating package script '/home/kishu/roboticslab-technical-project/ros2_ws/install/robotiq_85_description/share/robotiq_85_description/package.bash'
[3.072s] INFO:colcon.colcon_core.shell:Creating package script '/home/kishu/roboticslab-technical-project/ros2_ws/install/robotiq_85_description/share/robotiq_85_description/package.zsh'
[3.074s] Level 1:colcon.colcon_core.environment:create_file_with_runtime_dependencies(/home/kishu/roboticslab-technical-project/ros2_ws/install/robotiq_85_description/share/colcon-core/packages/robotiq_85_description)
[4.608s] DEBUG:colcon.colcon_core.event_handler.log_command:Invoking command in '/home/kishu/roboticslab-technical-project/ros2_ws/build/multi_robot_coop': PYTHONPATH=/home/kishu/roboticslab-technical-project/ros2_ws/build/multi_robot_coop/prefix_override:/usr/lib/python3/dist-packages/colcon_core/task/python/colcon_distutils_commands:/home/kishu/roboticslab-technical-project/ros2_ws/install/multi_robot_coop/lib/python3.10/site-packages:${PYTHONPATH} /usr/bin/python3 -W ignore:setup.py install is deprecated -W ignore:easy_install command is deprecated setup.py develop --editable --build-directory /home/kishu/roboticslab-technical-project/ros2_ws/build/multi_robot_coop/build --no-deps symlink_data
[4.758s] DEBUG:colcon.colcon_core.event_handler.log_command:Invoked command in '/home/kishu/roboticslab-technical-project/ros2_ws/build/robotiq_85_msgs' returned '0': CMAKE_PREFIX_PATH=${CMAKE_PREFIX_PATH}:/home/kishu/roboticslab-technical-project/ros2_ws/install/robotiq_85_driver:/home/kishu/roboticslab-technical-project/ros2_ws/install/roboticslab_project:/home/kishu/roboticslab-technical-project/ros2_ws/install/multi_robot_coop:/opt/ros/humble /usr/bin/cmake --build /home/kishu/roboticslab-technical-project/ros2_ws/build/robotiq_85_msgs -- -j4 -l4
[4.760s] DEBUG:colcon.colcon_core.event_handler.log_command:Invoking command in '/home/kishu/roboticslab-technical-project/ros2_ws/build/robotiq_85_msgs': CMAKE_PREFIX_PATH=${CMAKE_PREFIX_PATH}:/home/kishu/roboticslab-technical-project/ros2_ws/install/robotiq_85_driver:/home/kishu/roboticslab-technical-project/ros2_ws/install/roboticslab_project:/home/kishu/roboticslab-technical-project/ros2_ws/install/multi_robot_coop:/opt/ros/humble /usr/bin/cmake --install /home/kishu/roboticslab-technical-project/ros2_ws/build/robotiq_85_msgs
[4.856s] DEBUG:colcon.colcon_core.event_handler.log_command:Invoked command in '/home/kishu/roboticslab-technical-project/ros2_ws/build/gazebo_ros_link_attacher' returned '0': CMAKE_PREFIX_PATH=${CMAKE_PREFIX_PATH}:/home/kishu/roboticslab-technical-project/ros2_ws/install/robotiq_85_driver:/home/kishu/roboticslab-technical-project/ros2_ws/install/roboticslab_project:/home/kishu/roboticslab-technical-project/ros2_ws/install/multi_robot_coop:/opt/ros/humble /usr/bin/cmake --build /home/kishu/roboticslab-technical-project/ros2_ws/build/gazebo_ros_link_attacher -- -j4 -l4
[4.867s] DEBUG:colcon.colcon_core.event_handler.log_command:Invoking command in '/home/kishu/roboticslab-technical-project/ros2_ws/build/gazebo_ros_link_attacher': CMAKE_PREFIX_PATH=${CMAKE_PREFIX_PATH}:/home/kishu/roboticslab-technical-project/ros2_ws/install/robotiq_85_driver:/home/kishu/roboticslab-technical-project/ros2_ws/install/roboticslab_project:/home/kishu/roboticslab-technical-project/ros2_ws/install/multi_robot_coop:/opt/ros/humble /usr/bin/cmake --install /home/kishu/roboticslab-technical-project/ros2_ws/build/gazebo_ros_link_attacher
[5.081s] Level 1:colcon.colcon_core.environment:create_environment_scripts_only(robotiq_85_msgs)
[5.082s] Level 1:colcon.colcon_core.environment:checking '/home/kishu/roboticslab-technical-project/ros2_ws/install/robotiq_85_msgs' for CMake module files
[5.084s] Level 1:colcon.colcon_core.environment:checking '/home/kishu/roboticslab-technical-project/ros2_ws/install/robotiq_85_msgs' for CMake config files
[5.087s] Level 1:colcon.colcon_core.shell:create_environment_hook('robotiq_85_msgs', 'cmake_prefix_path')
[5.087s] INFO:colcon.colcon_core.shell:Creating environment hook '/home/kishu/roboticslab-technical-project/ros2_ws/install/robotiq_85_msgs/share/robotiq_85_msgs/hook/cmake_prefix_path.ps1'
[5.088s] INFO:colcon.colcon_core.shell:Creating environment descriptor '/home/kishu/roboticslab-technical-project/ros2_ws/install/robotiq_85_msgs/share/robotiq_85_msgs/hook/cmake_prefix_path.dsv'
[5.089s] DEBUG:colcon.colcon_core.event_handler.log_command:Invoked command in '/home/kishu/roboticslab-technical-project/ros2_ws/build/robotiq_85_msgs' returned '0': CMAKE_PREFIX_PATH=${CMAKE_PREFIX_PATH}:/home/kishu/roboticslab-technical-project/ros2_ws/install/robotiq_85_driver:/home/kishu/roboticslab-technical-project/ros2_ws/install/roboticslab_project:/home/kishu/roboticslab-technical-project/ros2_ws/install/multi_robot_coop:/opt/ros/humble /usr/bin/cmake --install /home/kishu/roboticslab-technical-project/ros2_ws/build/robotiq_85_msgs
[5.092s] INFO:colcon.colcon_core.shell:Creating environment hook '/home/kishu/roboticslab-technical-project/ros2_ws/install/robotiq_85_msgs/share/robotiq_85_msgs/hook/cmake_prefix_path.sh'
[5.098s] Level 1:colcon.colcon_core.environment:checking '/home/kishu/roboticslab-technical-project/ros2_ws/install/robotiq_85_msgs/lib'
[5.099s] Level 1:colcon.colcon_core.shell:create_environment_hook('robotiq_85_msgs', 'ld_library_path_lib')
[5.099s] INFO:colcon.colcon_core.shell:Creating environment hook '/home/kishu/roboticslab-technical-project/ros2_ws/install/robotiq_85_msgs/share/robotiq_85_msgs/hook/ld_library_path_lib.ps1'
[5.105s] INFO:colcon.colcon_core.shell:Creating environment descriptor '/home/kishu/roboticslab-technical-project/ros2_ws/install/robotiq_85_msgs/share/robotiq_85_msgs/hook/ld_library_path_lib.dsv'
[5.106s] INFO:colcon.colcon_core.shell:Creating environment hook '/home/kishu/roboticslab-technical-project/ros2_ws/install/robotiq_85_msgs/share/robotiq_85_msgs/hook/ld_library_path_lib.sh'
[5.107s] Level 1:colcon.colcon_core.environment:checking '/home/kishu/roboticslab-technical-project/ros2_ws/install/robotiq_85_msgs/bin'
[5.108s] Level 1:colcon.colcon_core.environment:checking '/home/kishu/roboticslab-technical-project/ros2_ws/install/robotiq_85_msgs/lib/pkgconfig/robotiq_85_msgs.pc'
[5.108s] Level 1:colcon.colcon_core.environment:checking '/home/kishu/roboticslab-technical-project/ros2_ws/install/robotiq_85_msgs/lib/python3.10/site-packages'
[5.111s] Level 1:colcon.colcon_core.environment:checking '/home/kishu/roboticslab-technical-project/ros2_ws/install/robotiq_85_msgs/bin'
[5.112s] INFO:colcon.colcon_core.shell:Creating package script '/home/kishu/roboticslab-technical-project/ros2_ws/install/robotiq_85_msgs/share/robotiq_85_msgs/package.ps1'
[5.114s] INFO:colcon.colcon_core.shell:Creating package descriptor '/home/kishu/roboticslab-technical-project/ros2_ws/install/robotiq_85_msgs/share/robotiq_85_msgs/package.dsv'
[5.121s] INFO:colcon.colcon_core.shell:Creating package script '/home/kishu/roboticslab-technical-project/ros2_ws/install/robotiq_85_msgs/share/robotiq_85_msgs/package.sh'
[5.123s] INFO:colcon.colcon_core.shell:Creating package script '/home/kishu/roboticslab-technical-project/ros2_ws/install/robotiq_85_msgs/share/robotiq_85_msgs/package.bash'
[5.124s] INFO:colcon.colcon_core.shell:Creating package script '/home/kishu/roboticslab-technical-project/ros2_ws/install/robotiq_85_msgs/share/robotiq_85_msgs/package.zsh'
[5.129s] Level 1:colcon.colcon_core.environment:create_file_with_runtime_dependencies(/home/kishu/roboticslab-technical-project/ros2_ws/install/robotiq_85_msgs/share/colcon-core/packages/robotiq_85_msgs)
[5.130s] Level 1:colcon.colcon_core.environment:create_environment_scripts_only(robotiq_85_msgs)
[5.131s] Level 1:colcon.colcon_core.environment:checking '/home/kishu/roboticslab-technical-project/ros2_ws/install/robotiq_85_msgs' for CMake module files
[5.138s] Level 1:colcon.colcon_core.environment:checking '/home/kishu/roboticslab-technical-project/ros2_ws/install/robotiq_85_msgs' for CMake config files
[5.140s] Level 1:colcon.colcon_core.shell:create_environment_hook('robotiq_85_msgs', 'cmake_prefix_path')
[5.144s] INFO:colcon.colcon_core.shell:Creating environment hook '/home/kishu/roboticslab-technical-project/ros2_ws/install/robotiq_85_msgs/share/robotiq_85_msgs/hook/cmake_prefix_path.ps1'
[5.161s] INFO:colcon.colcon_core.shell:Creating environment descriptor '/home/kishu/roboticslab-technical-project/ros2_ws/install/robotiq_85_msgs/share/robotiq_85_msgs/hook/cmake_prefix_path.dsv'
[5.170s] INFO:colcon.colcon_core.shell:Creating environment hook '/home/kishu/roboticslab-technical-project/ros2_ws/install/robotiq_85_msgs/share/robotiq_85_msgs/hook/cmake_prefix_path.sh'
[5.175s] Level 1:colcon.colcon_core.environment:checking '/home/kishu/roboticslab-technical-project/ros2_ws/install/robotiq_85_msgs/lib'
[5.181s] Level 1:colcon.colcon_core.shell:create_environment_hook('robotiq_85_msgs', 'ld_library_path_lib')
[5.181s] INFO:colcon.colcon_core.shell:Creating environment hook '/home/kishu/roboticslab-technical-project/ros2_ws/install/robotiq_85_msgs/share/robotiq_85_msgs/hook/ld_library_path_lib.ps1'
[5.182s] INFO:colcon.colcon_core.shell:Creating environment descriptor '/home/kishu/roboticslab-technical-project/ros2_ws/install/robotiq_85_msgs/share/robotiq_85_msgs/hook/ld_library_path_lib.dsv'
[5.183s] INFO:colcon.colcon_core.shell:Creating environment hook '/home/kishu/roboticslab-technical-project/ros2_ws/install/robotiq_85_msgs/share/robotiq_85_msgs/hook/ld_library_path_lib.sh'
[5.185s] Level 1:colcon.colcon_core.environment:checking '/home/kishu/roboticslab-technical-project/ros2_ws/install/robotiq_85_msgs/bin'
[5.185s] Level 1:colcon.colcon_core.environment:checking '/home/kishu/roboticslab-technical-project/ros2_ws/install/robotiq_85_msgs/lib/pkgconfig/robotiq_85_msgs.pc'
[5.186s] Level 1:colcon.colcon_core.environment:checking '/home/kishu/roboticslab-technical-project/ros2_ws/install/robotiq_85_msgs/lib/python3.10/site-packages'
[5.187s] Level 1:colcon.colcon_core.environment:checking '/home/kishu/roboticslab-technical-project/ros2_ws/install/robotiq_85_msgs/bin'
[5.187s] INFO:colcon.colcon_core.shell:Creating package script '/home/kishu/roboticslab-technical-project/ros2_ws/install/robotiq_85_msgs/share/robotiq_85_msgs/package.ps1'
[5.193s] INFO:colcon.colcon_core.shell:Creating package descriptor '/home/kishu/roboticslab-technical-project/ros2_ws/install/robotiq_85_msgs/share/robotiq_85_msgs/package.dsv'
[5.195s] INFO:colcon.colcon_core.shell:Creating package script '/home/kishu/roboticslab-technical-project/ros2_ws/install/robotiq_85_msgs/share/robotiq_85_msgs/package.sh'
[5.196s] INFO:colcon.colcon_core.shell:Creating package script '/home/kishu/roboticslab-technical-project/ros2_ws/install/robotiq_85_msgs/share/robotiq_85_msgs/package.bash'
[5.198s] INFO:colcon.colcon_core.shell:Creating package script '/home/kishu/roboticslab-technical-project/ros2_ws/install/robotiq_85_msgs/share/robotiq_85_msgs/package.zsh'
[5.200s] Level 1:colcon.colcon_core.environment:create_file_with_runtime_dependencies(/home/kishu/roboticslab-technical-project/ros2_ws/install/robotiq_85_msgs/share/colcon-core/packages/robotiq_85_msgs)
[5.204s] INFO:colcon.colcon_ros.task.ament_python.build:Building ROS package in '/home/kishu/roboticslab-technical-project/ros2_ws/src/robotiq_85_gripper/robotiq_85_driver' with build type 'ament_python'
[5.205s] Level 1:colcon.colcon_core.shell:create_environment_hook('robotiq_85_driver', 'ament_prefix_path')
[5.207s] INFO:colcon.colcon_core.shell:Creating environment hook '/home/kishu/roboticslab-technical-project/ros2_ws/install/robotiq_85_driver/share/robotiq_85_driver/hook/ament_prefix_path.ps1'
[5.208s] INFO:colcon.colcon_core.shell:Creating environment descriptor '/home/kishu/roboticslab-technical-project/ros2_ws/install/robotiq_85_driver/share/robotiq_85_driver/hook/ament_prefix_path.dsv'
[5.214s] INFO:colcon.colcon_core.shell:Creating environment hook '/home/kishu/roboticslab-technical-project/ros2_ws/install/robotiq_85_driver/share/robotiq_85_driver/hook/ament_prefix_path.sh'
[5.216s] INFO:colcon.colcon_core.shell:Skip shell extension 'powershell' for command environment: Not usable outside of PowerShell
[5.220s] DEBUG:colcon.colcon_core.shell:Skip shell extension 'dsv' for command environment
[5.261s] Level 1:colcon.colcon_core.environment:create_environment_scripts_only(gazebo_ros_link_attacher)
[5.262s] DEBUG:colcon.colcon_core.event_handler.log_command:Invoked command in '/home/kishu/roboticslab-technical-project/ros2_ws/build/gazebo_ros_link_attacher' returned '0': CMAKE_PREFIX_PATH=${CMAKE_PREFIX_PATH}:/home/kishu/roboticslab-technical-project/ros2_ws/install/robotiq_85_driver:/home/kishu/roboticslab-technical-project/ros2_ws/install/roboticslab_project:/home/kishu/roboticslab-technical-project/ros2_ws/install/multi_robot_coop:/opt/ros/humble /usr/bin/cmake --install /home/kishu/roboticslab-technical-project/ros2_ws/build/gazebo_ros_link_attacher
[5.264s] Level 1:colcon.colcon_core.environment:checking '/home/kishu/roboticslab-technical-project/ros2_ws/install/gazebo_ros_link_attacher' for CMake module files
[5.270s] Level 1:colcon.colcon_core.environment:checking '/home/kishu/roboticslab-technical-project/ros2_ws/install/gazebo_ros_link_attacher' for CMake config files
[5.273s] Level 1:colcon.colcon_core.shell:create_environment_hook('gazebo_ros_link_attacher', 'cmake_prefix_path')
[5.273s] INFO:colcon.colcon_core.shell:Creating environment hook '/home/kishu/roboticslab-technical-project/ros2_ws/install/gazebo_ros_link_attacher/share/gazebo_ros_link_attacher/hook/cmake_prefix_path.ps1'
[5.275s] INFO:colcon.colcon_core.shell:Creating environment descriptor '/home/kishu/roboticslab-technical-project/ros2_ws/install/gazebo_ros_link_attacher/share/gazebo_ros_link_attacher/hook/cmake_prefix_path.dsv'
[5.276s] INFO:colcon.colcon_core.shell:Creating environment hook '/home/kishu/roboticslab-technical-project/ros2_ws/install/gazebo_ros_link_attacher/share/gazebo_ros_link_attacher/hook/cmake_prefix_path.sh'
[5.277s] Level 1:colcon.colcon_core.environment:checking '/home/kishu/roboticslab-technical-project/ros2_ws/install/gazebo_ros_link_attacher/lib'
[5.277s] Level 1:colcon.colcon_core.shell:create_environment_hook('gazebo_ros_link_attacher', 'ld_library_path_lib')
[5.278s] INFO:colcon.colcon_core.shell:Creating environment hook '/home/kishu/roboticslab-technical-project/ros2_ws/install/gazebo_ros_link_attacher/share/gazebo_ros_link_attacher/hook/ld_library_path_lib.ps1'
[5.279s] INFO:colcon.colcon_core.shell:Creating environment descriptor '/home/kishu/roboticslab-technical-project/ros2_ws/install/gazebo_ros_link_attacher/share/gazebo_ros_link_attacher/hook/ld_library_path_lib.dsv'
[5.281s] INFO:colcon.colcon_core.shell:Creating environment hook '/home/kishu/roboticslab-technical-project/ros2_ws/install/gazebo_ros_link_attacher/share/gazebo_ros_link_attacher/hook/ld_library_path_lib.sh'
[5.283s] Level 1:colcon.colcon_core.environment:checking '/home/kishu/roboticslab-technical-project/ros2_ws/install/gazebo_ros_link_attacher/bin'
[5.283s] Level 1:colcon.colcon_core.environment:checking '/home/kishu/roboticslab-technical-project/ros2_ws/install/gazebo_ros_link_attacher/lib/pkgconfig/gazebo_ros_link_attacher.pc'
[5.284s] Level 1:colcon.colcon_core.environment:checking '/home/kishu/roboticslab-technical-project/ros2_ws/install/gazebo_ros_link_attacher/lib/python3.10/site-packages'
[5.284s] Level 1:colcon.colcon_core.environment:checking '/home/kishu/roboticslab-technical-project/ros2_ws/install/gazebo_ros_link_attacher/bin'
[5.285s] INFO:colcon.colcon_core.shell:Creating package script '/home/kishu/roboticslab-technical-project/ros2_ws/install/gazebo_ros_link_attacher/share/gazebo_ros_link_attacher/package.ps1'
[5.287s] INFO:colcon.colcon_core.shell:Creating package descriptor '/home/kishu/roboticslab-technical-project/ros2_ws/install/gazebo_ros_link_attacher/share/gazebo_ros_link_attacher/package.dsv'
[5.288s] INFO:colcon.colcon_core.shell:Creating package script '/home/kishu/roboticslab-technical-project/ros2_ws/install/gazebo_ros_link_attacher/share/gazebo_ros_link_attacher/package.sh'
[5.289s] INFO:colcon.colcon_core.shell:Creating package script '/home/kishu/roboticslab-technical-project/ros2_ws/install/gazebo_ros_link_attacher/share/gazebo_ros_link_attacher/package.bash'
[5.291s] INFO:colcon.colcon_core.shell:Creating package script '/home/kishu/roboticslab-technical-project/ros2_ws/install/gazebo_ros_link_attacher/share/gazebo_ros_link_attacher/package.zsh'
[5.298s] Level 1:colcon.colcon_core.environment:create_file_with_runtime_dependencies(/home/kishu/roboticslab-technical-project/ros2_ws/install/gazebo_ros_link_attacher/share/colcon-core/packages/gazebo_ros_link_attacher)
[5.303s] Level 1:colcon.colcon_core.environment:create_environment_scripts_only(gazebo_ros_link_attacher)
[5.306s] Level 1:colcon.colcon_core.environment:checking '/home/kishu/roboticslab-technical-project/ros2_ws/install/gazebo_ros_link_attacher' for CMake module files
[5.315s] Level 1:colcon.colcon_core.environment:checking '/home/kishu/roboticslab-technical-project/ros2_ws/install/gazebo_ros_link_attacher' for CMake config files
[5.320s] Level 1:colcon.colcon_core.shell:create_environment_hook('gazebo_ros_link_attacher', 'cmake_prefix_path')
[5.322s] INFO:colcon.colcon_core.shell:Creating environment hook '/home/kishu/roboticslab-technical-project/ros2_ws/install/gazebo_ros_link_attacher/share/gazebo_ros_link_attacher/hook/cmake_prefix_path.ps1'
[5.325s] INFO:colcon.colcon_core.shell:Creating environment descriptor '/home/kishu/roboticslab-technical-project/ros2_ws/install/gazebo_ros_link_attacher/share/gazebo_ros_link_attacher/hook/cmake_prefix_path.dsv'
[5.328s] INFO:colcon.colcon_core.shell:Creating environment hook '/home/kishu/roboticslab-technical-project/ros2_ws/install/gazebo_ros_link_attacher/share/gazebo_ros_link_attacher/hook/cmake_prefix_path.sh'
[5.330s] Level 1:colcon.colcon_core.environment:checking '/home/kishu/roboticslab-technical-project/ros2_ws/install/gazebo_ros_link_attacher/lib'
[5.330s] Level 1:colcon.colcon_core.shell:create_environment_hook('gazebo_ros_link_attacher', 'ld_library_path_lib')
[5.331s] INFO:colcon.colcon_core.shell:Creating environment hook '/home/kishu/roboticslab-technical-project/ros2_ws/install/gazebo_ros_link_attacher/share/gazebo_ros_link_attacher/hook/ld_library_path_lib.ps1'
[5.333s] INFO:colcon.colcon_core.shell:Creating environment descriptor '/home/kishu/roboticslab-technical-project/ros2_ws/install/gazebo_ros_link_attacher/share/gazebo_ros_link_attacher/hook/ld_library_path_lib.dsv'
[5.335s] INFO:colcon.colcon_core.shell:Creating environment hook '/home/kishu/roboticslab-technical-project/ros2_ws/install/gazebo_ros_link_attacher/share/gazebo_ros_link_attacher/hook/ld_library_path_lib.sh'
[5.337s] Level 1:colcon.colcon_core.environment:checking '/home/kishu/roboticslab-technical-project/ros2_ws/install/gazebo_ros_link_attacher/bin'
[5.338s] Level 1:colcon.colcon_core.environment:checking '/home/kishu/roboticslab-technical-project/ros2_ws/install/gazebo_ros_link_attacher/lib/pkgconfig/gazebo_ros_link_attacher.pc'
[5.338s] Level 1:colcon.colcon_core.environment:checking '/home/kishu/roboticslab-technical-project/ros2_ws/install/gazebo_ros_link_attacher/lib/python3.10/site-packages'
[5.340s] Level 1:colcon.colcon_core.environment:checking '/home/kishu/roboticslab-technical-project/ros2_ws/install/gazebo_ros_link_attacher/bin'
[5.341s] INFO:colcon.colcon_core.shell:Creating package script '/home/kishu/roboticslab-technical-project/ros2_ws/install/gazebo_ros_link_attacher/share/gazebo_ros_link_attacher/package.ps1'
[5.342s] INFO:colcon.colcon_core.shell:Creating package descriptor '/home/kishu/roboticslab-technical-project/ros2_ws/install/gazebo_ros_link_attacher/share/gazebo_ros_link_attacher/package.dsv'
[5.346s] INFO:colcon.colcon_core.shell:Creating package script '/home/kishu/roboticslab-technical-project/ros2_ws/install/gazebo_ros_link_attacher/share/gazebo_ros_link_attacher/package.sh'
[5.348s] INFO:colcon.colcon_core.shell:Creating package script '/home/kishu/roboticslab-technical-project/ros2_ws/install/gazebo_ros_link_attacher/share/gazebo_ros_link_attacher/package.bash'
[5.349s] INFO:colcon.colcon_core.shell:Creating package script '/home/kishu/roboticslab-technical-project/ros2_ws/install/gazebo_ros_link_attacher/share/gazebo_ros_link_attacher/package.zsh'
[5.351s] Level 1:colcon.colcon_core.environment:create_file_with_runtime_dependencies(/home/kishu/roboticslab-technical-project/ros2_ws/install/gazebo_ros_link_attacher/share/colcon-core/packages/gazebo_ros_link_attacher)
[6.488s] INFO:colcon.colcon_core.task.python.build:Building Python package in '/home/kishu/roboticslab-technical-project/ros2_ws/src/robotiq_85_gripper/robotiq_85_driver'
[6.489s] INFO:colcon.colcon_core.shell:Skip shell extension 'powershell' for command environment: Not usable outside of PowerShell
[6.490s] DEBUG:colcon.colcon_core.shell:Skip shell extension 'dsv' for command environment
[6.843s] Level 1:colcon.colcon_core.shell:create_environment_hook('multi_robot_coop', 'pythonpath_develop')
[6.843s] INFO:colcon.colcon_core.shell:Creating environment hook '/home/kishu/roboticslab-technical-project/ros2_ws/build/multi_robot_coop/share/multi_robot_coop/hook/pythonpath_develop.ps1'
[6.845s] INFO:colcon.colcon_core.shell:Creating environment descriptor '/home/kishu/roboticslab-technical-project/ros2_ws/build/multi_robot_coop/share/multi_robot_coop/hook/pythonpath_develop.dsv'
[6.846s] INFO:colcon.colcon_core.shell:Creating environment hook '/home/kishu/roboticslab-technical-project/ros2_ws/build/multi_robot_coop/share/multi_robot_coop/hook/pythonpath_develop.sh'
[6.847s] Level 1:colcon.colcon_core.environment:checking '/home/kishu/roboticslab-technical-project/ros2_ws/install/multi_robot_coop' for CMake module files
[6.848s] Level 1:colcon.colcon_core.environment:checking '/home/kishu/roboticslab-technical-project/ros2_ws/install/multi_robot_coop' for CMake config files
[6.849s] DEBUG:colcon.colcon_core.event_handler.log_command:Invoked command in '/home/kishu/roboticslab-technical-project/ros2_ws/build/multi_robot_coop' returned '0': PYTHONPATH=/home/kishu/roboticslab-technical-project/ros2_ws/build/multi_robot_coop/prefix_override:/usr/lib/python3/dist-packages/colcon_core/task/python/colcon_distutils_commands:/home/kishu/roboticslab-technical-project/ros2_ws/install/multi_robot_coop/lib/python3.10/site-packages:${PYTHONPATH} /usr/bin/python3 -W ignore:setup.py install is deprecated -W ignore:easy_install command is deprecated setup.py develop --editable --build-directory /home/kishu/roboticslab-technical-project/ros2_ws/build/multi_robot_coop/build --no-deps symlink_data
[6.850s] Level 1:colcon.colcon_core.environment:checking '/home/kishu/roboticslab-technical-project/ros2_ws/install/multi_robot_coop/lib'
[6.850s] Level 1:colcon.colcon_core.environment:checking '/home/kishu/roboticslab-technical-project/ros2_ws/install/multi_robot_coop/bin'
[6.850s] Level 1:colcon.colcon_core.environment:checking '/home/kishu/roboticslab-technical-project/ros2_ws/install/multi_robot_coop/lib/pkgconfig/multi_robot_coop.pc'
[6.851s] Level 1:colcon.colcon_core.environment:checking '/home/kishu/roboticslab-technical-project/ros2_ws/install/multi_robot_coop/lib/python3.10/site-packages'
[6.851s] Level 1:colcon.colcon_core.shell:create_environment_hook('multi_robot_coop', 'pythonpath')
[6.851s] INFO:colcon.colcon_core.shell:Creating environment hook '/home/kishu/roboticslab-technical-project/ros2_ws/install/multi_robot_coop/share/multi_robot_coop/hook/pythonpath.ps1'
[6.852s] INFO:colcon.colcon_core.shell:Creating environment descriptor '/home/kishu/roboticslab-technical-project/ros2_ws/install/multi_robot_coop/share/multi_robot_coop/hook/pythonpath.dsv'
[6.853s] INFO:colcon.colcon_core.shell:Creating environment hook '/home/kishu/roboticslab-technical-project/ros2_ws/install/multi_robot_coop/share/multi_robot_coop/hook/pythonpath.sh'
[6.855s] Level 1:colcon.colcon_core.environment:checking '/home/kishu/roboticslab-technical-project/ros2_ws/install/multi_robot_coop/bin'
[6.855s] Level 1:colcon.colcon_core.environment:create_environment_scripts_only(multi_robot_coop)
[6.856s] INFO:colcon.colcon_core.shell:Creating package script '/home/kishu/roboticslab-technical-project/ros2_ws/install/multi_robot_coop/share/multi_robot_coop/package.ps1'
[6.857s] INFO:colcon.colcon_core.shell:Creating package descriptor '/home/kishu/roboticslab-technical-project/ros2_ws/install/multi_robot_coop/share/multi_robot_coop/package.dsv'
[6.859s] INFO:colcon.colcon_core.shell:Creating package script '/home/kishu/roboticslab-technical-project/ros2_ws/install/multi_robot_coop/share/multi_robot_coop/package.sh'
[6.860s] INFO:colcon.colcon_core.shell:Creating package script '/home/kishu/roboticslab-technical-project/ros2_ws/install/multi_robot_coop/share/multi_robot_coop/package.bash'
[6.861s] INFO:colcon.colcon_core.shell:Creating package script '/home/kishu/roboticslab-technical-project/ros2_ws/install/multi_robot_coop/share/multi_robot_coop/package.zsh'
[6.862s] Level 1:colcon.colcon_core.environment:create_file_with_runtime_dependencies(/home/kishu/roboticslab-technical-project/ros2_ws/install/multi_robot_coop/share/colcon-core/packages/multi_robot_coop)
[8.087s] DEBUG:colcon.colcon_core.event_handler.log_command:Invoking command in '/home/kishu/roboticslab-technical-project/ros2_ws/build/robotiq_85_driver': CMAKE_PREFIX_PATH=/home/kishu/roboticslab-technical-project/ros2_ws/install/robotiq_85_msgs:/home/kishu/roboticslab-technical-project/ros2_ws/install/robotiq_85_gripper:/home/kishu/roboticslab-technical-project/ros2_ws/install/robotiq_85_description:/home/kishu/roboticslab-technical-project/ros2_ws/install/gazebo_ros_link_attacher PYTHONPATH=/home/kishu/roboticslab-technical-project/ros2_ws/build/robotiq_85_driver/prefix_override:/usr/lib/python3/dist-packages/colcon_core/task/python/colcon_distutils_commands:/home/kishu/roboticslab-technical-project/ros2_ws/install/robotiq_85_driver/lib/python3.10/site-packages:${PYTHONPATH} /usr/bin/python3 -W ignore:setup.py install is deprecated -W ignore:easy_install command is deprecated setup.py develop --editable --build-directory /home/kishu/roboticslab-technical-project/ros2_ws/build/robotiq_85_driver/build --no-deps symlink_data
[9.683s] Level 1:colcon.colcon_core.shell:create_environment_hook('robotiq_85_driver', 'pythonpath_develop')
[9.683s] DEBUG:colcon.colcon_core.event_handler.log_command:Invoked command in '/home/kishu/roboticslab-technical-project/ros2_ws/build/robotiq_85_driver' returned '0': CMAKE_PREFIX_PATH=/home/kishu/roboticslab-technical-project/ros2_ws/install/robotiq_85_msgs:/home/kishu/roboticslab-technical-project/ros2_ws/install/robotiq_85_gripper:/home/kishu/roboticslab-technical-project/ros2_ws/install/robotiq_85_description:/home/kishu/roboticslab-technical-project/ros2_ws/install/gazebo_ros_link_attacher PYTHONPATH=/home/kishu/roboticslab-technical-project/ros2_ws/build/robotiq_85_driver/prefix_override:/usr/lib/python3/dist-packages/colcon_core/task/python/colcon_distutils_commands:/home/kishu/roboticslab-technical-project/ros2_ws/install/robotiq_85_driver/lib/python3.10/site-packages:${PYTHONPATH} /usr/bin/python3 -W ignore:setup.py install is deprecated -W ignore:easy_install command is deprecated setup.py develop --editable --build-directory /home/kishu/roboticslab-technical-project/ros2_ws/build/robotiq_85_driver/build --no-deps symlink_data
[9.684s] INFO:colcon.colcon_core.shell:Creating environment hook '/home/kishu/roboticslab-technical-project/ros2_ws/build/robotiq_85_driver/share/robotiq_85_driver/hook/pythonpath_develop.ps1'
[9.685s] INFO:colcon.colcon_core.shell:Creating environment descriptor '/home/kishu/roboticslab-technical-project/ros2_ws/build/robotiq_85_driver/share/robotiq_85_driver/hook/pythonpath_develop.dsv'
[9.686s] INFO:colcon.colcon_core.shell:Creating environment hook '/home/kishu/roboticslab-technical-project/ros2_ws/build/robotiq_85_driver/share/robotiq_85_driver/hook/pythonpath_develop.sh'
[9.687s] Level 1:colcon.colcon_core.environment:checking '/home/kishu/roboticslab-technical-project/ros2_ws/install/robotiq_85_driver' for CMake module files
[9.688s] Level 1:colcon.colcon_core.environment:checking '/home/kishu/roboticslab-technical-project/ros2_ws/install/robotiq_85_driver' for CMake config files
[9.689s] Level 1:colcon.colcon_core.environment:checking '/home/kishu/roboticslab-technical-project/ros2_ws/install/robotiq_85_driver/lib'
[9.689s] Level 1:colcon.colcon_core.environment:checking '/home/kishu/roboticslab-technical-project/ros2_ws/install/robotiq_85_driver/bin'
[9.689s] Level 1:colcon.colcon_core.environment:checking '/home/kishu/roboticslab-technical-project/ros2_ws/install/robotiq_85_driver/lib/pkgconfig/robotiq_85_driver.pc'
[9.690s] Level 1:colcon.colcon_core.environment:checking '/home/kishu/roboticslab-technical-project/ros2_ws/install/robotiq_85_driver/lib/python3.10/site-packages'
[9.690s] Level 1:colcon.colcon_core.shell:create_environment_hook('robotiq_85_driver', 'pythonpath')
[9.691s] INFO:colcon.colcon_core.shell:Creating environment hook '/home/kishu/roboticslab-technical-project/ros2_ws/install/robotiq_85_driver/share/robotiq_85_driver/hook/pythonpath.ps1'
[9.692s] INFO:colcon.colcon_core.shell:Creating environment descriptor '/home/kishu/roboticslab-technical-project/ros2_ws/install/robotiq_85_driver/share/robotiq_85_driver/hook/pythonpath.dsv'
[9.693s] INFO:colcon.colcon_core.shell:Creating environment hook '/home/kishu/roboticslab-technical-project/ros2_ws/install/robotiq_85_driver/share/robotiq_85_driver/hook/pythonpath.sh'
[9.695s] Level 1:colcon.colcon_core.environment:checking '/home/kishu/roboticslab-technical-project/ros2_ws/install/robotiq_85_driver/bin'
[9.695s] Level 1:colcon.colcon_core.environment:create_environment_scripts_only(robotiq_85_driver)
[9.696s] INFO:colcon.colcon_core.shell:Creating package script '/home/kishu/roboticslab-technical-project/ros2_ws/install/robotiq_85_driver/share/robotiq_85_driver/package.ps1'
[9.697s] INFO:colcon.colcon_core.shell:Creating package descriptor '/home/kishu/roboticslab-technical-project/ros2_ws/install/robotiq_85_driver/share/robotiq_85_driver/package.dsv'
[9.698s] INFO:colcon.colcon_core.shell:Creating package script '/home/kishu/roboticslab-technical-project/ros2_ws/install/robotiq_85_driver/share/robotiq_85_driver/package.sh'
[9.700s] INFO:colcon.colcon_core.shell:Creating package script '/home/kishu/roboticslab-technical-project/ros2_ws/install/robotiq_85_driver/share/robotiq_85_driver/package.bash'
[9.701s] INFO:colcon.colcon_core.shell:Creating package script '/home/kishu/roboticslab-technical-project/ros2_ws/install/robotiq_85_driver/share/robotiq_85_driver/package.zsh'
[9.702s] Level 1:colcon.colcon_core.environment:create_file_with_runtime_dependencies(/home/kishu/roboticslab-technical-project/ros2_ws/install/robotiq_85_driver/share/colcon-core/packages/robotiq_85_driver)
[9.713s] INFO:colcon.colcon_ros.task.ament_cmake.build:Building ROS package in '/home/kishu/roboticslab-technical-project/ros2_ws/src/robotiq_85_gripper/robotiq_85_gripper' with build type 'ament_cmake'
[9.713s] INFO:colcon.colcon_cmake.task.cmake.build:Building CMake package in '/home/kishu/roboticslab-technical-project/ros2_ws/src/robotiq_85_gripper/robotiq_85_gripper'
[9.714s] INFO:colcon.colcon_core.shell:Skip shell extension 'powershell' for command environment: Not usable outside of PowerShell
[9.714s] DEBUG:colcon.colcon_core.shell:Skip shell extension 'dsv' for command environment
[10.107s] DEBUG:colcon.colcon_core.event_handler.log_command:Invoking command in '/home/kishu/roboticslab-technical-project/ros2_ws/build/robotiq_85_gripper': AMENT_PREFIX_PATH=/home/kishu/roboticslab-technical-project/ros2_ws/install/robotiq_85_driver:/home/kishu/roboticslab-technical-project/ros2_ws/install/robotiq_85_gripper:/home/kishu/roboticslab-technical-project/ros2_ws/install/robotiq_85_msgs:/home/kishu/roboticslab-technical-project/ros2_ws/install/robotiq_85_description:/home/kishu/roboticslab-technical-project/ros2_ws/install/roboticslab_project:/home/kishu/roboticslab-technical-project/ros2_ws/install/multi_robot_coop:/home/kishu/roboticslab-technical-project/ros2_ws/install/gazebo_ros_link_attacher:/opt/ros/humble CMAKE_PREFIX_PATH=/home/kishu/roboticslab-technical-project/ros2_ws/install/robotiq_85_msgs:/home/kishu/roboticslab-technical-project/ros2_ws/install/robotiq_85_description:/home/kishu/roboticslab-technical-project/ros2_ws/install/robotiq_85_gripper:/home/kishu/roboticslab-technical-project/ros2_ws/install/gazebo_ros_link_attacher:/home/kishu/roboticslab-technical-project/ros2_ws/install/robotiq_85_driver:/home/kishu/roboticslab-technical-project/ros2_ws/install/roboticslab_project:/home/kishu/roboticslab-technical-project/ros2_ws/install/multi_robot_coop:/opt/ros/humble /usr/bin/cmake --build /home/kishu/roboticslab-technical-project/ros2_ws/build/robotiq_85_gripper -- -j4 -l4
[10.218s] DEBUG:colcon.colcon_core.event_handler.log_command:Invoked command in '/home/kishu/roboticslab-technical-project/ros2_ws/build/robotiq_85_gripper' returned '0': AMENT_PREFIX_PATH=/home/kishu/roboticslab-technical-project/ros2_ws/install/robotiq_85_driver:/home/kishu/roboticslab-technical-project/ros2_ws/install/robotiq_85_gripper:/home/kishu/roboticslab-technical-project/ros2_ws/install/robotiq_85_msgs:/home/kishu/roboticslab-technical-project/ros2_ws/install/robotiq_85_description:/home/kishu/roboticslab-technical-project/ros2_ws/install/roboticslab_project:/home/kishu/roboticslab-technical-project/ros2_ws/install/multi_robot_coop:/home/kishu/roboticslab-technical-project/ros2_ws/install/gazebo_ros_link_attacher:/opt/ros/humble CMAKE_PREFIX_PATH=/home/kishu/roboticslab-technical-project/ros2_ws/install/robotiq_85_msgs:/home/kishu/roboticslab-technical-project/ros2_ws/install/robotiq_85_description:/home/kishu/roboticslab-technical-project/ros2_ws/install/robotiq_85_gripper:/home/kishu/roboticslab-technical-project/ros2_ws/install/gazebo_ros_link_attacher:/home/kishu/roboticslab-technical-project/ros2_ws/install/robotiq_85_driver:/home/kishu/roboticslab-technical-project/ros2_ws/install/roboticslab_project:/home/kishu/roboticslab-technical-project/ros2_ws/install/multi_robot_coop:/opt/ros/humble /usr/bin/cmake --build /home/kishu/roboticslab-technical-project/ros2_ws/build/robotiq_85_gripper -- -j4 -l4
[10.224s] DEBUG:colcon.colcon_core.event_handler.log_command:Invoking command in '/home/kishu/roboticslab-technical-project/ros2_ws/build/robotiq_85_gripper': AMENT_PREFIX_PATH=/home/kishu/roboticslab-technical-project/ros2_ws/install/robotiq_85_driver:/home/kishu/roboticslab-technical-project/ros2_ws/install/robotiq_85_gripper:/home/kishu/roboticslab-technical-project/ros2_ws/install/robotiq_85_msgs:/home/kishu/roboticslab-technical-project/ros2_ws/install/robotiq_85_description:/home/kishu/roboticslab-technical-project/ros2_ws/install/roboticslab_project:/home/kishu/roboticslab-technical-project/ros2_ws/install/multi_robot_coop:/home/kishu/roboticslab-technical-project/ros2_ws/install/gazebo_ros_link_attacher:/opt/ros/humble CMAKE_PREFIX_PATH=/home/kishu/roboticslab-technical-project/ros2_ws/install/robotiq_85_msgs:/home/kishu/roboticslab-technical-project/ros2_ws/install/robotiq_85_description:/home/kishu/roboticslab-technical-project/ros2_ws/install/robotiq_85_gripper:/home/kishu/roboticslab-technical-project/ros2_ws/install/gazebo_ros_link_attacher:/home/kishu/roboticslab-technical-project/ros2_ws/install/robotiq_85_driver:/home/kishu/roboticslab-technical-project/ros2_ws/install/roboticslab_project:/home/kishu/roboticslab-technical-project/ros2_ws/install/multi_robot_coop:/opt/ros/humble /usr/bin/cmake --install /home/kishu/roboticslab-technical-project/ros2_ws/build/robotiq_85_gripper
[10.308s] Level 1:colcon.colcon_core.environment:create_environment_scripts_only(robotiq_85_gripper)
[10.310s] DEBUG:colcon.colcon_core.event_handler.log_command:Invoked command in '/home/kishu/roboticslab-technical-project/ros2_ws/build/robotiq_85_gripper' returned '0': AMENT_PREFIX_PATH=/home/kishu/roboticslab-technical-project/ros2_ws/install/robotiq_85_driver:/home/kishu/roboticslab-technical-project/ros2_ws/install/robotiq_85_gripper:/home/kishu/roboticslab-technical-project/ros2_ws/install/robotiq_85_msgs:/home/kishu/roboticslab-technical-project/ros2_ws/install/robotiq_85_description:/home/kishu/roboticslab-technical-project/ros2_ws/install/roboticslab_project:/home/kishu/roboticslab-technical-project/ros2_ws/install/multi_robot_coop:/home/kishu/roboticslab-technical-project/ros2_ws/install/gazebo_ros_link_attacher:/opt/ros/humble CMAKE_PREFIX_PATH=/home/kishu/roboticslab-technical-project/ros2_ws/install/robotiq_85_msgs:/home/kishu/roboticslab-technical-project/ros2_ws/install/robotiq_85_description:/home/kishu/roboticslab-technical-project/ros2_ws/install/robotiq_85_gripper:/home/kishu/roboticslab-technical-project/ros2_ws/install/gazebo_ros_link_attacher:/home/kishu/roboticslab-technical-project/ros2_ws/install/robotiq_85_driver:/home/kishu/roboticslab-technical-project/ros2_ws/install/roboticslab_project:/home/kishu/roboticslab-technical-project/ros2_ws/install/multi_robot_coop:/opt/ros/humble /usr/bin/cmake --install /home/kishu/roboticslab-technical-project/ros2_ws/build/robotiq_85_gripper
[10.312s] Level 1:colcon.colcon_core.environment:checking '/home/kishu/roboticslab-technical-project/ros2_ws/install/robotiq_85_gripper' for CMake module files
[10.313s] Level 1:colcon.colcon_core.environment:checking '/home/kishu/roboticslab-technical-project/ros2_ws/install/robotiq_85_gripper' for CMake config files
[10.314s] Level 1:colcon.colcon_core.shell:create_environment_hook('robotiq_85_gripper', 'cmake_prefix_path')
[10.315s] INFO:colcon.colcon_core.shell:Creating environment hook '/home/kishu/roboticslab-technical-project/ros2_ws/install/robotiq_85_gripper/share/robotiq_85_gripper/hook/cmake_prefix_path.ps1'
[10.317s] INFO:colcon.colcon_core.shell:Creating environment descriptor '/home/kishu/roboticslab-technical-project/ros2_ws/install/robotiq_85_gripper/share/robotiq_85_gripper/hook/cmake_prefix_path.dsv'
[10.318s] INFO:colcon.colcon_core.shell:Creating environment hook '/home/kishu/roboticslab-technical-project/ros2_ws/install/robotiq_85_gripper/share/robotiq_85_gripper/hook/cmake_prefix_path.sh'
[10.320s] Level 1:colcon.colcon_core.environment:checking '/home/kishu/roboticslab-technical-project/ros2_ws/install/robotiq_85_gripper/bin'
[10.320s] Level 1:colcon.colcon_core.environment:checking '/home/kishu/roboticslab-technical-project/ros2_ws/install/robotiq_85_gripper/lib/pkgconfig/robotiq_85_gripper.pc'
[10.321s] Level 1:colcon.colcon_core.environment:checking '/home/kishu/roboticslab-technical-project/ros2_ws/install/robotiq_85_gripper/lib/python3.10/site-packages'
[10.321s] Level 1:colcon.colcon_core.environment:checking '/home/kishu/roboticslab-technical-project/ros2_ws/install/robotiq_85_gripper/bin'
[10.322s] INFO:colcon.colcon_core.shell:Creating package script '/home/kishu/roboticslab-technical-project/ros2_ws/install/robotiq_85_gripper/share/robotiq_85_gripper/package.ps1'
[10.323s] INFO:colcon.colcon_core.shell:Creating package descriptor '/home/kishu/roboticslab-technical-project/ros2_ws/install/robotiq_85_gripper/share/robotiq_85_gripper/package.dsv'
[10.324s] INFO:colcon.colcon_core.shell:Creating package script '/home/kishu/roboticslab-technical-project/ros2_ws/install/robotiq_85_gripper/share/robotiq_85_gripper/package.sh'
[10.325s] INFO:colcon.colcon_core.shell:Creating package script '/home/kishu/roboticslab-technical-project/ros2_ws/install/robotiq_85_gripper/share/robotiq_85_gripper/package.bash'
[10.326s] INFO:colcon.colcon_core.shell:Creating package script '/home/kishu/roboticslab-technical-project/ros2_ws/install/robotiq_85_gripper/share/robotiq_85_gripper/package.zsh'
[10.327s] Level 1:colcon.colcon_core.environment:create_file_with_runtime_dependencies(/home/kishu/roboticslab-technical-project/ros2_ws/install/robotiq_85_gripper/share/colcon-core/packages/robotiq_85_gripper)
[10.329s] Level 1:colcon.colcon_core.environment:create_environment_scripts_only(robotiq_85_gripper)
[10.329s] Level 1:colcon.colcon_core.environment:checking '/home/kishu/roboticslab-technical-project/ros2_ws/install/robotiq_85_gripper' for CMake module files
[10.331s] Level 1:colcon.colcon_core.environment:checking '/home/kishu/roboticslab-technical-project/ros2_ws/install/robotiq_85_gripper' for CMake config files
[10.331s] Level 1:colcon.colcon_core.shell:create_environment_hook('robotiq_85_gripper', 'cmake_prefix_path')
[10.332s] INFO:colcon.colcon_core.shell:Creating environment hook '/home/kishu/roboticslab-technical-project/ros2_ws/install/robotiq_85_gripper/share/robotiq_85_gripper/hook/cmake_prefix_path.ps1'
[10.333s] INFO:colcon.colcon_core.shell:Creating environment descriptor '/home/kishu/roboticslab-technical-project/ros2_ws/install/robotiq_85_gripper/share/robotiq_85_gripper/hook/cmake_prefix_path.dsv'
[10.339s] INFO:colcon.colcon_core.shell:Creating environment hook '/home/kishu/roboticslab-technical-project/ros2_ws/install/robotiq_85_gripper/share/robotiq_85_gripper/hook/cmake_prefix_path.sh'
[10.340s] Level 1:colcon.colcon_core.environment:checking '/home/kishu/roboticslab-technical-project/ros2_ws/install/robotiq_85_gripper/bin'
[10.340s] Level 1:colcon.colcon_core.environment:checking '/home/kishu/roboticslab-technical-project/ros2_ws/install/robotiq_85_gripper/lib/pkgconfig/robotiq_85_gripper.pc'
[10.341s] Level 1:colcon.colcon_core.environment:checking '/home/kishu/roboticslab-technical-project/ros2_ws/install/robotiq_85_gripper/lib/python3.10/site-packages'
[10.343s] Level 1:colcon.colcon_core.environment:checking '/home/kishu/roboticslab-technical-project/ros2_ws/install/robotiq_85_gripper/bin'
[10.344s] INFO:colcon.colcon_core.shell:Creating package script '/home/kishu/roboticslab-technical-project/ros2_ws/install/robotiq_85_gripper/share/robotiq_85_gripper/package.ps1'
[10.345s] INFO:colcon.colcon_core.shell:Creating package descriptor '/home/kishu/roboticslab-technical-project/ros2_ws/install/robotiq_85_gripper/share/robotiq_85_gripper/package.dsv'
[10.346s] INFO:colcon.colcon_core.shell:Creating package script '/home/kishu/roboticslab-technical-project/ros2_ws/install/robotiq_85_gripper/share/robotiq_85_gripper/package.sh'
[10.347s] INFO:colcon.colcon_core.shell:Creating package script '/home/kishu/roboticslab-technical-project/ros2_ws/install/robotiq_85_gripper/share/robotiq_85_gripper/package.bash'
[10.349s] INFO:colcon.colcon_core.shell:Creating package script '/home/kishu/roboticslab-technical-project/ros2_ws/install/robotiq_85_gripper/share/robotiq_85_gripper/package.zsh'
[10.350s] Level 1:colcon.colcon_core.environment:create_file_with_runtime_dependencies(/home/kishu/roboticslab-technical-project/ros2_ws/install/robotiq_85_gripper/share/colcon-core/packages/robotiq_85_gripper)
[10.352s] DEBUG:colcon.colcon_parallel_executor.executor.parallel:closing loop
[10.354s] DEBUG:colcon.colcon_parallel_executor.executor.parallel:loop closed
[10.355s] DEBUG:colcon.colcon_parallel_executor.executor.parallel:run_until_complete finished with '0'
[10.355s] DEBUG:colcon.colcon_core.event_reactor:joining thread
[10.420s] INFO:colcon.colcon_core.plugin_system:Skipping extension 'colcon_notification.desktop_notification.notify_send': Could not find 'notify-send'
[10.421s] INFO:colcon.colcon_core.plugin_system:Skipping extension 'colcon_notification.desktop_notification.terminal_notifier': Not used on non-Darwin systems
[10.421s] INFO:colcon.colcon_core.plugin_system:Skipping extension 'colcon_notification.desktop_notification.win32': Not used on non-Windows systems
[10.421s] INFO:colcon.colcon_notification.desktop_notification:Sending desktop notification using 'notify2'
[10.422s] DEBUG:colcon.colcon_notification.desktop_notification.notify2:Failed to initialize notify2: org.freedesktop.DBus.Error.FileNotFound: Failed to connect to socket /run/user/1000/bus: No such file or directory
[10.422s] DEBUG:colcon.colcon_core.event_reactor:joined thread
[10.423s] INFO:colcon.colcon_core.shell:Creating prefix script '/home/kishu/roboticslab-technical-project/ros2_ws/install/local_setup.ps1'
[10.425s] INFO:colcon.colcon_core.shell:Creating prefix util module '/home/kishu/roboticslab-technical-project/ros2_ws/install/_local_setup_util_ps1.py'
[10.428s] INFO:colcon.colcon_core.shell:Creating prefix chain script '/home/kishu/roboticslab-technical-project/ros2_ws/install/setup.ps1'
[10.431s] INFO:colcon.colcon_core.shell:Creating prefix script '/home/kishu/roboticslab-technical-project/ros2_ws/install/local_setup.sh'
[10.433s] INFO:colcon.colcon_core.shell:Creating prefix util module '/home/kishu/roboticslab-technical-project/ros2_ws/install/_local_setup_util_sh.py'
[10.435s] INFO:colcon.colcon_core.shell:Creating prefix chain script '/home/kishu/roboticslab-technical-project/ros2_ws/install/setup.sh'
[10.438s] INFO:colcon.colcon_core.shell:Creating prefix script '/home/kishu/roboticslab-technical-project/ros2_ws/install/local_setup.bash'
[10.440s] INFO:colcon.colcon_core.shell:Creating prefix chain script '/home/kishu/roboticslab-technical-project/ros2_ws/install/setup.bash'
[10.444s] INFO:colcon.colcon_core.shell:Creating prefix script '/home/kishu/roboticslab-technical-project/ros2_ws/install/local_setup.zsh'
[10.446s] INFO:colcon.colcon_core.shell:Creating prefix chain script '/home/kishu/roboticslab-technical-project/ros2_ws/install/setup.zsh'
