/home/kishu/roboticslab-technical-project/install/multi_robot_coop/lib/python3.10/site-packages/multi_robot_coop/__init__.py
/home/kishu/roboticslab-technical-project/install/multi_robot_coop/lib/python3.10/site-packages/multi_robot_coop/arm_coordinator.py
/home/kishu/roboticslab-technical-project/install/multi_robot_coop/lib/python3.10/site-packages/multi_robot_coop/tb3_controller.py
/home/kishu/roboticslab-technical-project/install/multi_robot_coop/lib/python3.10/site-packages/multi_robot_coop/tb3_coordinator.py
/home/kishu/roboticslab-technical-project/install/multi_robot_coop/lib/python3.10/site-packages/multi_robot_coop/arm_controller.py
/home/kishu/roboticslab-technical-project/install/multi_robot_coop/lib/python3.10/site-packages/multi_robot_coop/scenario_coordinator.py
/home/kishu/roboticslab-technical-project/install/multi_robot_coop/lib/python3.10/site-packages/multi_robot_coop/arm_real_controller.py
/home/kishu/roboticslab-technical-project/install/multi_robot_coop/lib/python3.10/site-packages/multi_robot_coop/__pycache__/__init__.cpython-310.pyc
/home/kishu/roboticslab-technical-project/install/multi_robot_coop/lib/python3.10/site-packages/multi_robot_coop/__pycache__/arm_coordinator.cpython-310.pyc
/home/kishu/roboticslab-technical-project/install/multi_robot_coop/lib/python3.10/site-packages/multi_robot_coop/__pycache__/tb3_controller.cpython-310.pyc
/home/kishu/roboticslab-technical-project/install/multi_robot_coop/lib/python3.10/site-packages/multi_robot_coop/__pycache__/tb3_coordinator.cpython-310.pyc
/home/kishu/roboticslab-technical-project/install/multi_robot_coop/lib/python3.10/site-packages/multi_robot_coop/__pycache__/arm_controller.cpython-310.pyc
/home/kishu/roboticslab-technical-project/install/multi_robot_coop/lib/python3.10/site-packages/multi_robot_coop/__pycache__/scenario_coordinator.cpython-310.pyc
/home/kishu/roboticslab-technical-project/install/multi_robot_coop/lib/python3.10/site-packages/multi_robot_coop/__pycache__/arm_real_controller.cpython-310.pyc
/home/kishu/roboticslab-technical-project/install/multi_robot_coop/share/ament_index/resource_index/packages/multi_robot_coop
/home/kishu/roboticslab-technical-project/install/multi_robot_coop/share/multi_robot_coop/package.xml
/home/kishu/roboticslab-technical-project/install/multi_robot_coop/share/multi_robot_coop/launch/scenario.launch.py
/home/kishu/roboticslab-technical-project/install/multi_robot_coop/share/multi_robot_coop/config/iiwa_controllers.yaml
/home/kishu/roboticslab-technical-project/install/multi_robot_coop/share/multi_robot_coop/config/iiwa_rsp.yaml
/home/kishu/roboticslab-technical-project/install/multi_robot_coop/lib/python3.10/site-packages/multi_robot_coop-0.0.0-py3.10.egg-info/PKG-INFO
/home/kishu/roboticslab-technical-project/install/multi_robot_coop/lib/python3.10/site-packages/multi_robot_coop-0.0.0-py3.10.egg-info/zip-safe
/home/kishu/roboticslab-technical-project/install/multi_robot_coop/lib/python3.10/site-packages/multi_robot_coop-0.0.0-py3.10.egg-info/requires.txt
/home/kishu/roboticslab-technical-project/install/multi_robot_coop/lib/python3.10/site-packages/multi_robot_coop-0.0.0-py3.10.egg-info/entry_points.txt
/home/kishu/roboticslab-technical-project/install/multi_robot_coop/lib/python3.10/site-packages/multi_robot_coop-0.0.0-py3.10.egg-info/top_level.txt
/home/kishu/roboticslab-technical-project/install/multi_robot_coop/lib/python3.10/site-packages/multi_robot_coop-0.0.0-py3.10.egg-info/SOURCES.txt
/home/kishu/roboticslab-technical-project/install/multi_robot_coop/lib/python3.10/site-packages/multi_robot_coop-0.0.0-py3.10.egg-info/dependency_links.txt
/home/kishu/roboticslab-technical-project/install/multi_robot_coop/lib/multi_robot_coop/arm_controller
/home/kishu/roboticslab-technical-project/install/multi_robot_coop/lib/multi_robot_coop/arm_coordinator
/home/kishu/roboticslab-technical-project/install/multi_robot_coop/lib/multi_robot_coop/arm_real_controller
/home/kishu/roboticslab-technical-project/install/multi_robot_coop/lib/multi_robot_coop/scenario_coordinator
/home/kishu/roboticslab-technical-project/install/multi_robot_coop/lib/multi_robot_coop/tb3_controller
/home/kishu/roboticslab-technical-project/install/multi_robot_coop/lib/multi_robot_coop/tb3_coordinator
