[0.585s] DEBUG:colcon:Command line arguments: ['/usr/bin/colcon', 'build', '--symlink-install']
[0.586s] DEBUG:colcon:Parsed command line arguments: Namespace(log_base=None, log_level=None, verb_name='build', build_base='build', install_base='install', merge_install=False, symlink_install=True, test_result_base=None, continue_on_error=False, executor='parallel', parallel_workers=4, event_handlers=None, ignore_user_meta=False, metas=['./colcon.meta'], base_paths=['.'], packages_ignore=None, packages_ignore_regex=None, paths=None, packages_up_to=None, packages_up_to_regex=None, packages_above=None, packages_above_and_dependencies=None, packages_above_depth=None, packages_select_by_dep=None, packages_skip_by_dep=None, packages_skip_up_to=None, packages_select_build_failed=False, packages_skip_build_finished=False, packages_select_test_failures=False, packages_skip_test_passed=False, packages_select=None, packages_skip=None, packages_select_regex=None, packages_skip_regex=None, packages_start=None, packages_end=None, allow_overriding=[], cmake_args=None, cmake_target=None, cmake_target_skip_unavailable=False, cmake_clean_cache=False, cmake_clean_first=False, cmake_force_configure=False, ament_cmake_args=None, catkin_cmake_args=None, catkin_skip_building_tests=False, verb_parser=<colcon_defaults.argument_parser.defaults.DefaultArgumentsDecorator object at 0x764dd6c622c0>, verb_extension=<colcon_core.verb.build.BuildVerb object at 0x764dd6c61cf0>, main=<bound method BuildVerb.main of <colcon_core.verb.build.BuildVerb object at 0x764dd6c61cf0>>)
[1.117s] Level 1:colcon.colcon_core.package_discovery:discover_packages(colcon_meta) check parameters
[1.117s] Level 1:colcon.colcon_core.package_discovery:discover_packages(recursive) check parameters
[1.117s] Level 1:colcon.colcon_core.package_discovery:discover_packages(ignore) check parameters
[1.118s] Level 1:colcon.colcon_core.package_discovery:discover_packages(path) check parameters
[1.118s] Level 1:colcon.colcon_core.package_discovery:discover_packages(colcon_meta) discover
[1.118s] Level 1:colcon.colcon_core.package_discovery:discover_packages(recursive) discover
[1.118s] INFO:colcon.colcon_core.package_discovery:Crawling recursively for packages in '/home/kishu/roboticslab-technical-project/ros2_ws'
[1.118s] Level 1:colcon.colcon_core.package_identification:_identify(.) by extensions ['ignore', 'ignore_ament_install']
[1.118s] Level 1:colcon.colcon_core.package_identification:_identify(.) by extension 'ignore'
[1.118s] Level 1:colcon.colcon_core.package_identification:_identify(.) by extension 'ignore_ament_install'
[1.119s] Level 1:colcon.colcon_core.package_identification:_identify(.) by extensions ['colcon_pkg']
[1.119s] Level 1:colcon.colcon_core.package_identification:_identify(.) by extension 'colcon_pkg'
[1.119s] Level 1:colcon.colcon_core.package_identification:_identify(.) by extensions ['colcon_meta']
[1.119s] Level 1:colcon.colcon_core.package_identification:_identify(.) by extension 'colcon_meta'
[1.119s] Level 1:colcon.colcon_core.package_identification:_identify(.) by extensions ['ros']
[1.119s] Level 1:colcon.colcon_core.package_identification:_identify(.) by extension 'ros'
[1.155s] Level 1:colcon.colcon_core.package_identification:_identify(.) by extensions ['cmake', 'python']
[1.155s] Level 1:colcon.colcon_core.package_identification:_identify(.) by extension 'cmake'
[1.155s] Level 1:colcon.colcon_core.package_identification:_identify(.) by extension 'python'
[1.155s] Level 1:colcon.colcon_core.package_identification:_identify(.) by extensions ['python_setup_py']
[1.155s] Level 1:colcon.colcon_core.package_identification:_identify(.) by extension 'python_setup_py'
[1.156s] Level 1:colcon.colcon_core.package_identification:_identify(build) by extensions ['ignore', 'ignore_ament_install']
[1.156s] Level 1:colcon.colcon_core.package_identification:_identify(build) by extension 'ignore'
[1.156s] Level 1:colcon.colcon_core.package_identification:_identify(build) ignored
[1.157s] Level 1:colcon.colcon_core.package_identification:_identify(install) by extensions ['ignore', 'ignore_ament_install']
[1.157s] Level 1:colcon.colcon_core.package_identification:_identify(install) by extension 'ignore'
[1.157s] Level 1:colcon.colcon_core.package_identification:_identify(install) ignored
[1.157s] Level 1:colcon.colcon_core.package_identification:_identify(log) by extensions ['ignore', 'ignore_ament_install']
[1.157s] Level 1:colcon.colcon_core.package_identification:_identify(log) by extension 'ignore'
[1.157s] Level 1:colcon.colcon_core.package_identification:_identify(log) ignored
[1.158s] Level 1:colcon.colcon_core.package_identification:_identify(src) by extensions ['ignore', 'ignore_ament_install']
[1.158s] Level 1:colcon.colcon_core.package_identification:_identify(src) by extension 'ignore'
[1.158s] Level 1:colcon.colcon_core.package_identification:_identify(src) by extension 'ignore_ament_install'
[1.158s] Level 1:colcon.colcon_core.package_identification:_identify(src) by extensions ['colcon_pkg']
[1.158s] Level 1:colcon.colcon_core.package_identification:_identify(src) by extension 'colcon_pkg'
[1.158s] Level 1:colcon.colcon_core.package_identification:_identify(src) by extensions ['colcon_meta']
[1.158s] Level 1:colcon.colcon_core.package_identification:_identify(src) by extension 'colcon_meta'
[1.158s] Level 1:colcon.colcon_core.package_identification:_identify(src) by extensions ['ros']
[1.158s] Level 1:colcon.colcon_core.package_identification:_identify(src) by extension 'ros'
[1.159s] Level 1:colcon.colcon_core.package_identification:_identify(src) by extensions ['cmake', 'python']
[1.159s] Level 1:colcon.colcon_core.package_identification:_identify(src) by extension 'cmake'
[1.159s] Level 1:colcon.colcon_core.package_identification:_identify(src) by extension 'python'
[1.159s] Level 1:colcon.colcon_core.package_identification:_identify(src) by extensions ['python_setup_py']
[1.159s] Level 1:colcon.colcon_core.package_identification:_identify(src) by extension 'python_setup_py'
[1.159s] Level 1:colcon.colcon_core.package_identification:_identify(src/gazebo_ros_link_attacher) by extensions ['ignore', 'ignore_ament_install']
[1.159s] Level 1:colcon.colcon_core.package_identification:_identify(src/gazebo_ros_link_attacher) by extension 'ignore'
[1.159s] Level 1:colcon.colcon_core.package_identification:_identify(src/gazebo_ros_link_attacher) by extension 'ignore_ament_install'
[1.159s] Level 1:colcon.colcon_core.package_identification:_identify(src/gazebo_ros_link_attacher) by extensions ['colcon_pkg']
[1.160s] Level 1:colcon.colcon_core.package_identification:_identify(src/gazebo_ros_link_attacher) by extension 'colcon_pkg'
[1.160s] Level 1:colcon.colcon_core.package_identification:_identify(src/gazebo_ros_link_attacher) by extensions ['colcon_meta']
[1.160s] Level 1:colcon.colcon_core.package_identification:_identify(src/gazebo_ros_link_attacher) by extension 'colcon_meta'
[1.160s] Level 1:colcon.colcon_core.package_identification:_identify(src/gazebo_ros_link_attacher) by extensions ['ros']
[1.160s] Level 1:colcon.colcon_core.package_identification:_identify(src/gazebo_ros_link_attacher) by extension 'ros'
[1.165s] DEBUG:colcon.colcon_core.package_identification:Package 'src/gazebo_ros_link_attacher' with type 'ros.ament_cmake' and name 'gazebo_ros_link_attacher'
[1.166s] Level 1:colcon.colcon_core.package_identification:_identify(src/multi_robot_coop) by extensions ['ignore', 'ignore_ament_install']
[1.166s] Level 1:colcon.colcon_core.package_identification:_identify(src/multi_robot_coop) by extension 'ignore'
[1.166s] Level 1:colcon.colcon_core.package_identification:_identify(src/multi_robot_coop) by extension 'ignore_ament_install'
[1.167s] Level 1:colcon.colcon_core.package_identification:_identify(src/multi_robot_coop) by extensions ['colcon_pkg']
[1.167s] Level 1:colcon.colcon_core.package_identification:_identify(src/multi_robot_coop) by extension 'colcon_pkg'
[1.167s] Level 1:colcon.colcon_core.package_identification:_identify(src/multi_robot_coop) by extensions ['colcon_meta']
[1.167s] Level 1:colcon.colcon_core.package_identification:_identify(src/multi_robot_coop) by extension 'colcon_meta'
[1.167s] Level 1:colcon.colcon_core.package_identification:_identify(src/multi_robot_coop) by extensions ['ros']
[1.167s] Level 1:colcon.colcon_core.package_identification:_identify(src/multi_robot_coop) by extension 'ros'
[1.169s] DEBUG:colcon.colcon_core.package_identification:Package 'src/multi_robot_coop' with type 'ros.ament_python' and name 'multi_robot_coop'
[1.169s] Level 1:colcon.colcon_core.package_identification:_identify(src/robotiq_85_gripper) by extensions ['ignore', 'ignore_ament_install']
[1.169s] Level 1:colcon.colcon_core.package_identification:_identify(src/robotiq_85_gripper) by extension 'ignore'
[1.169s] Level 1:colcon.colcon_core.package_identification:_identify(src/robotiq_85_gripper) by extension 'ignore_ament_install'
[1.170s] Level 1:colcon.colcon_core.package_identification:_identify(src/robotiq_85_gripper) by extensions ['colcon_pkg']
[1.170s] Level 1:colcon.colcon_core.package_identification:_identify(src/robotiq_85_gripper) by extension 'colcon_pkg'
[1.170s] Level 1:colcon.colcon_core.package_identification:_identify(src/robotiq_85_gripper) by extensions ['colcon_meta']
[1.170s] Level 1:colcon.colcon_core.package_identification:_identify(src/robotiq_85_gripper) by extension 'colcon_meta'
[1.170s] Level 1:colcon.colcon_core.package_identification:_identify(src/robotiq_85_gripper) by extensions ['ros']
[1.170s] Level 1:colcon.colcon_core.package_identification:_identify(src/robotiq_85_gripper) by extension 'ros'
[1.170s] Level 1:colcon.colcon_core.package_identification:_identify(src/robotiq_85_gripper) by extensions ['cmake', 'python']
[1.171s] Level 1:colcon.colcon_core.package_identification:_identify(src/robotiq_85_gripper) by extension 'cmake'
[1.172s] Level 1:colcon.colcon_core.package_identification:_identify(src/robotiq_85_gripper) by extension 'python'
[1.173s] Level 1:colcon.colcon_core.package_identification:_identify(src/robotiq_85_gripper) by extensions ['python_setup_py']
[1.173s] Level 1:colcon.colcon_core.package_identification:_identify(src/robotiq_85_gripper) by extension 'python_setup_py'
[1.173s] Level 1:colcon.colcon_core.package_identification:_identify(src/robotiq_85_gripper/robotiq_85_description) by extensions ['ignore', 'ignore_ament_install']
[1.174s] Level 1:colcon.colcon_core.package_identification:_identify(src/robotiq_85_gripper/robotiq_85_description) by extension 'ignore'
[1.174s] Level 1:colcon.colcon_core.package_identification:_identify(src/robotiq_85_gripper/robotiq_85_description) by extension 'ignore_ament_install'
[1.174s] Level 1:colcon.colcon_core.package_identification:_identify(src/robotiq_85_gripper/robotiq_85_description) by extensions ['colcon_pkg']
[1.174s] Level 1:colcon.colcon_core.package_identification:_identify(src/robotiq_85_gripper/robotiq_85_description) by extension 'colcon_pkg'
[1.174s] Level 1:colcon.colcon_core.package_identification:_identify(src/robotiq_85_gripper/robotiq_85_description) by extensions ['colcon_meta']
[1.174s] Level 1:colcon.colcon_core.package_identification:_identify(src/robotiq_85_gripper/robotiq_85_description) by extension 'colcon_meta'
[1.174s] Level 1:colcon.colcon_core.package_identification:_identify(src/robotiq_85_gripper/robotiq_85_description) by extensions ['ros']
[1.175s] Level 1:colcon.colcon_core.package_identification:_identify(src/robotiq_85_gripper/robotiq_85_description) by extension 'ros'
[1.179s] DEBUG:colcon.colcon_core.package_identification:Package 'src/robotiq_85_gripper/robotiq_85_description' with type 'ros.ament_cmake' and name 'robotiq_85_description'
[1.179s] Level 1:colcon.colcon_core.package_identification:_identify(src/robotiq_85_gripper/robotiq_85_driver) by extensions ['ignore', 'ignore_ament_install']
[1.179s] Level 1:colcon.colcon_core.package_identification:_identify(src/robotiq_85_gripper/robotiq_85_driver) by extension 'ignore'
[1.179s] Level 1:colcon.colcon_core.package_identification:_identify(src/robotiq_85_gripper/robotiq_85_driver) by extension 'ignore_ament_install'
[1.180s] Level 1:colcon.colcon_core.package_identification:_identify(src/robotiq_85_gripper/robotiq_85_driver) by extensions ['colcon_pkg']
[1.180s] Level 1:colcon.colcon_core.package_identification:_identify(src/robotiq_85_gripper/robotiq_85_driver) by extension 'colcon_pkg'
[1.180s] Level 1:colcon.colcon_core.package_identification:_identify(src/robotiq_85_gripper/robotiq_85_driver) by extensions ['colcon_meta']
[1.180s] Level 1:colcon.colcon_core.package_identification:_identify(src/robotiq_85_gripper/robotiq_85_driver) by extension 'colcon_meta'
[1.180s] Level 1:colcon.colcon_core.package_identification:_identify(src/robotiq_85_gripper/robotiq_85_driver) by extensions ['ros']
[1.180s] Level 1:colcon.colcon_core.package_identification:_identify(src/robotiq_85_gripper/robotiq_85_driver) by extension 'ros'
[1.181s] DEBUG:colcon.colcon_core.package_identification:Package 'src/robotiq_85_gripper/robotiq_85_driver' with type 'ros.ament_python' and name 'robotiq_85_driver'
[1.182s] Level 1:colcon.colcon_core.package_identification:_identify(src/robotiq_85_gripper/robotiq_85_gripper) by extensions ['ignore', 'ignore_ament_install']
[1.183s] Level 1:colcon.colcon_core.package_identification:_identify(src/robotiq_85_gripper/robotiq_85_gripper) by extension 'ignore'
[1.184s] Level 1:colcon.colcon_core.package_identification:_identify(src/robotiq_85_gripper/robotiq_85_gripper) by extension 'ignore_ament_install'
[1.184s] Level 1:colcon.colcon_core.package_identification:_identify(src/robotiq_85_gripper/robotiq_85_gripper) by extensions ['colcon_pkg']
[1.185s] Level 1:colcon.colcon_core.package_identification:_identify(src/robotiq_85_gripper/robotiq_85_gripper) by extension 'colcon_pkg'
[1.185s] Level 1:colcon.colcon_core.package_identification:_identify(src/robotiq_85_gripper/robotiq_85_gripper) by extensions ['colcon_meta']
[1.185s] Level 1:colcon.colcon_core.package_identification:_identify(src/robotiq_85_gripper/robotiq_85_gripper) by extension 'colcon_meta'
[1.186s] Level 1:colcon.colcon_core.package_identification:_identify(src/robotiq_85_gripper/robotiq_85_gripper) by extensions ['ros']
[1.186s] Level 1:colcon.colcon_core.package_identification:_identify(src/robotiq_85_gripper/robotiq_85_gripper) by extension 'ros'
[1.189s] DEBUG:colcon.colcon_core.package_identification:Package 'src/robotiq_85_gripper/robotiq_85_gripper' with type 'ros.ament_cmake' and name 'robotiq_85_gripper'
[1.190s] Level 1:colcon.colcon_core.package_identification:_identify(src/robotiq_85_gripper/robotiq_85_msgs) by extensions ['ignore', 'ignore_ament_install']
[1.191s] Level 1:colcon.colcon_core.package_identification:_identify(src/robotiq_85_gripper/robotiq_85_msgs) by extension 'ignore'
[1.191s] Level 1:colcon.colcon_core.package_identification:_identify(src/robotiq_85_gripper/robotiq_85_msgs) by extension 'ignore_ament_install'
[1.192s] Level 1:colcon.colcon_core.package_identification:_identify(src/robotiq_85_gripper/robotiq_85_msgs) by extensions ['colcon_pkg']
[1.192s] Level 1:colcon.colcon_core.package_identification:_identify(src/robotiq_85_gripper/robotiq_85_msgs) by extension 'colcon_pkg'
[1.193s] Level 1:colcon.colcon_core.package_identification:_identify(src/robotiq_85_gripper/robotiq_85_msgs) by extensions ['colcon_meta']
[1.193s] Level 1:colcon.colcon_core.package_identification:_identify(src/robotiq_85_gripper/robotiq_85_msgs) by extension 'colcon_meta'
[1.194s] Level 1:colcon.colcon_core.package_identification:_identify(src/robotiq_85_gripper/robotiq_85_msgs) by extensions ['ros']
[1.194s] Level 1:colcon.colcon_core.package_identification:_identify(src/robotiq_85_gripper/robotiq_85_msgs) by extension 'ros'
[1.198s] DEBUG:colcon.colcon_core.package_identification:Package 'src/robotiq_85_gripper/robotiq_85_msgs' with type 'ros.ament_cmake' and name 'robotiq_85_msgs'
[1.199s] Level 1:colcon.colcon_core.package_discovery:discover_packages(recursive) using defaults
[1.199s] Level 1:colcon.colcon_core.package_discovery:discover_packages(ignore) discover
[1.199s] Level 1:colcon.colcon_core.package_discovery:discover_packages(ignore) using defaults
[1.199s] Level 1:colcon.colcon_core.package_discovery:discover_packages(path) discover
[1.200s] Level 1:colcon.colcon_core.package_discovery:discover_packages(path) using defaults
[1.302s] Level 1:colcon.colcon_core.package_discovery:discover_packages(prefix_path) check parameters
[1.302s] Level 1:colcon.colcon_core.package_discovery:discover_packages(prefix_path) discover
[1.304s] WARNING:colcon.colcon_ros.prefix_path.ament:The path '/home/kishu/roboticslab-technical-project/ros2_ws/install/robotiq_85_gripper' in the environment variable AMENT_PREFIX_PATH doesn't exist
[1.305s] WARNING:colcon.colcon_ros.prefix_path.ament:The path '/home/kishu/roboticslab-technical-project/ros2_ws/install/robotiq_85_driver' in the environment variable AMENT_PREFIX_PATH doesn't exist
[1.305s] WARNING:colcon.colcon_ros.prefix_path.ament:The path '/home/kishu/roboticslab-technical-project/ros2_ws/install/robotiq_85_msgs' in the environment variable AMENT_PREFIX_PATH doesn't exist
[1.305s] WARNING:colcon.colcon_ros.prefix_path.ament:The path '/home/kishu/roboticslab-technical-project/ros2_ws/install/robotiq_85_description' in the environment variable AMENT_PREFIX_PATH doesn't exist
[1.305s] WARNING:colcon.colcon_ros.prefix_path.ament:The path '/home/kishu/roboticslab-technical-project/ros2_ws/install/roboticslab_project' in the environment variable AMENT_PREFIX_PATH doesn't exist
[1.305s] WARNING:colcon.colcon_ros.prefix_path.ament:The path '/home/kishu/roboticslab-technical-project/ros2_ws/install/multi_robot_coop' in the environment variable AMENT_PREFIX_PATH doesn't exist
[1.305s] WARNING:colcon.colcon_ros.prefix_path.ament:The path '/home/kishu/roboticslab-technical-project/ros2_ws/install/gazebo_ros_link_attacher' in the environment variable AMENT_PREFIX_PATH doesn't exist
[1.306s] WARNING:colcon.colcon_ros.prefix_path.catkin:The path '/home/kishu/roboticslab-technical-project/ros2_ws/install/robotiq_85_gripper' in the environment variable CMAKE_PREFIX_PATH doesn't exist
[1.306s] WARNING:colcon.colcon_ros.prefix_path.catkin:The path '/home/kishu/roboticslab-technical-project/ros2_ws/install/robotiq_85_msgs' in the environment variable CMAKE_PREFIX_PATH doesn't exist
[1.306s] WARNING:colcon.colcon_ros.prefix_path.catkin:The path '/home/kishu/roboticslab-technical-project/ros2_ws/install/robotiq_85_description' in the environment variable CMAKE_PREFIX_PATH doesn't exist
[1.306s] WARNING:colcon.colcon_ros.prefix_path.catkin:The path '/home/kishu/roboticslab-technical-project/ros2_ws/install/gazebo_ros_link_attacher' in the environment variable CMAKE_PREFIX_PATH doesn't exist
[1.307s] DEBUG:colcon.colcon_installed_package_information.package_discovery:Found 0 installed packages in /home/kishu/roboticslab-technical-project/ros2_ws/install
[1.312s] DEBUG:colcon.colcon_installed_package_information.package_discovery:Found 481 installed packages in /opt/ros/humble
[1.318s] Level 1:colcon.colcon_core.package_discovery:discover_packages(prefix_path) using defaults
[1.484s] Level 5:colcon.colcon_core.verb:set package 'gazebo_ros_link_attacher' build argument 'cmake_args' from command line to 'None'
[1.484s] Level 5:colcon.colcon_core.verb:set package 'gazebo_ros_link_attacher' build argument 'cmake_target' from command line to 'None'
[1.484s] Level 5:colcon.colcon_core.verb:set package 'gazebo_ros_link_attacher' build argument 'cmake_target_skip_unavailable' from command line to 'False'
[1.484s] Level 5:colcon.colcon_core.verb:set package 'gazebo_ros_link_attacher' build argument 'cmake_clean_cache' from command line to 'False'
[1.484s] Level 5:colcon.colcon_core.verb:set package 'gazebo_ros_link_attacher' build argument 'cmake_clean_first' from command line to 'False'
[1.484s] Level 5:colcon.colcon_core.verb:set package 'gazebo_ros_link_attacher' build argument 'cmake_force_configure' from command line to 'False'
[1.484s] Level 5:colcon.colcon_core.verb:set package 'gazebo_ros_link_attacher' build argument 'ament_cmake_args' from command line to 'None'
[1.484s] Level 5:colcon.colcon_core.verb:set package 'gazebo_ros_link_attacher' build argument 'catkin_cmake_args' from command line to 'None'
[1.484s] Level 5:colcon.colcon_core.verb:set package 'gazebo_ros_link_attacher' build argument 'catkin_skip_building_tests' from command line to 'False'
[1.485s] DEBUG:colcon.colcon_core.verb:Building package 'gazebo_ros_link_attacher' with the following arguments: {'ament_cmake_args': None, 'build_base': '/home/kishu/roboticslab-technical-project/ros2_ws/build/gazebo_ros_link_attacher', 'catkin_cmake_args': None, 'catkin_skip_building_tests': False, 'cmake_args': None, 'cmake_clean_cache': False, 'cmake_clean_first': False, 'cmake_force_configure': False, 'cmake_target': None, 'cmake_target_skip_unavailable': False, 'install_base': '/home/kishu/roboticslab-technical-project/ros2_ws/install/gazebo_ros_link_attacher', 'merge_install': False, 'path': '/home/kishu/roboticslab-technical-project/ros2_ws/src/gazebo_ros_link_attacher', 'symlink_install': True, 'test_result_base': None}
[1.487s] Level 5:colcon.colcon_core.verb:set package 'multi_robot_coop' build argument 'cmake_args' from command line to 'None'
[1.487s] Level 5:colcon.colcon_core.verb:set package 'multi_robot_coop' build argument 'cmake_target' from command line to 'None'
[1.487s] Level 5:colcon.colcon_core.verb:set package 'multi_robot_coop' build argument 'cmake_target_skip_unavailable' from command line to 'False'
[1.487s] Level 5:colcon.colcon_core.verb:set package 'multi_robot_coop' build argument 'cmake_clean_cache' from command line to 'False'
[1.487s] Level 5:colcon.colcon_core.verb:set package 'multi_robot_coop' build argument 'cmake_clean_first' from command line to 'False'
[1.487s] Level 5:colcon.colcon_core.verb:set package 'multi_robot_coop' build argument 'cmake_force_configure' from command line to 'False'
[1.487s] Level 5:colcon.colcon_core.verb:set package 'multi_robot_coop' build argument 'ament_cmake_args' from command line to 'None'
[1.487s] Level 5:colcon.colcon_core.verb:set package 'multi_robot_coop' build argument 'catkin_cmake_args' from command line to 'None'
[1.489s] Level 5:colcon.colcon_core.verb:set package 'multi_robot_coop' build argument 'catkin_skip_building_tests' from command line to 'False'
[1.490s] DEBUG:colcon.colcon_core.verb:Building package 'multi_robot_coop' with the following arguments: {'ament_cmake_args': None, 'build_base': '/home/kishu/roboticslab-technical-project/ros2_ws/build/multi_robot_coop', 'catkin_cmake_args': None, 'catkin_skip_building_tests': False, 'cmake_args': None, 'cmake_clean_cache': False, 'cmake_clean_first': False, 'cmake_force_configure': False, 'cmake_target': None, 'cmake_target_skip_unavailable': False, 'install_base': '/home/kishu/roboticslab-technical-project/ros2_ws/install/multi_robot_coop', 'merge_install': False, 'path': '/home/kishu/roboticslab-technical-project/ros2_ws/src/multi_robot_coop', 'symlink_install': True, 'test_result_base': None}
[1.491s] Level 5:colcon.colcon_core.verb:set package 'robotiq_85_description' build argument 'cmake_args' from command line to 'None'
[1.492s] Level 5:colcon.colcon_core.verb:set package 'robotiq_85_description' build argument 'cmake_target' from command line to 'None'
[1.492s] Level 5:colcon.colcon_core.verb:set package 'robotiq_85_description' build argument 'cmake_target_skip_unavailable' from command line to 'False'
[1.492s] Level 5:colcon.colcon_core.verb:set package 'robotiq_85_description' build argument 'cmake_clean_cache' from command line to 'False'
[1.492s] Level 5:colcon.colcon_core.verb:set package 'robotiq_85_description' build argument 'cmake_clean_first' from command line to 'False'
[1.492s] Level 5:colcon.colcon_core.verb:set package 'robotiq_85_description' build argument 'cmake_force_configure' from command line to 'False'
[1.492s] Level 5:colcon.colcon_core.verb:set package 'robotiq_85_description' build argument 'ament_cmake_args' from command line to 'None'
[1.492s] Level 5:colcon.colcon_core.verb:set package 'robotiq_85_description' build argument 'catkin_cmake_args' from command line to 'None'
[1.492s] Level 5:colcon.colcon_core.verb:set package 'robotiq_85_description' build argument 'catkin_skip_building_tests' from command line to 'False'
[1.493s] DEBUG:colcon.colcon_core.verb:Building package 'robotiq_85_description' with the following arguments: {'ament_cmake_args': None, 'build_base': '/home/kishu/roboticslab-technical-project/ros2_ws/build/robotiq_85_description', 'catkin_cmake_args': None, 'catkin_skip_building_tests': False, 'cmake_args': None, 'cmake_clean_cache': False, 'cmake_clean_first': False, 'cmake_force_configure': False, 'cmake_target': None, 'cmake_target_skip_unavailable': False, 'install_base': '/home/kishu/roboticslab-technical-project/ros2_ws/install/robotiq_85_description', 'merge_install': False, 'path': '/home/kishu/roboticslab-technical-project/ros2_ws/src/robotiq_85_gripper/robotiq_85_description', 'symlink_install': True, 'test_result_base': None}
[1.494s] Level 5:colcon.colcon_core.verb:set package 'robotiq_85_msgs' build argument 'cmake_args' from command line to 'None'
[1.495s] Level 5:colcon.colcon_core.verb:set package 'robotiq_85_msgs' build argument 'cmake_target' from command line to 'None'
[1.495s] Level 5:colcon.colcon_core.verb:set package 'robotiq_85_msgs' build argument 'cmake_target_skip_unavailable' from command line to 'False'
[1.495s] Level 5:colcon.colcon_core.verb:set package 'robotiq_85_msgs' build argument 'cmake_clean_cache' from command line to 'False'
[1.496s] Level 5:colcon.colcon_core.verb:set package 'robotiq_85_msgs' build argument 'cmake_clean_first' from command line to 'False'
[1.496s] Level 5:colcon.colcon_core.verb:set package 'robotiq_85_msgs' build argument 'cmake_force_configure' from command line to 'False'
[1.496s] Level 5:colcon.colcon_core.verb:set package 'robotiq_85_msgs' build argument 'ament_cmake_args' from command line to 'None'
[1.496s] Level 5:colcon.colcon_core.verb:set package 'robotiq_85_msgs' build argument 'catkin_cmake_args' from command line to 'None'
[1.496s] Level 5:colcon.colcon_core.verb:set package 'robotiq_85_msgs' build argument 'catkin_skip_building_tests' from command line to 'False'
[1.496s] DEBUG:colcon.colcon_core.verb:Building package 'robotiq_85_msgs' with the following arguments: {'ament_cmake_args': None, 'build_base': '/home/kishu/roboticslab-technical-project/ros2_ws/build/robotiq_85_msgs', 'catkin_cmake_args': None, 'catkin_skip_building_tests': False, 'cmake_args': None, 'cmake_clean_cache': False, 'cmake_clean_first': False, 'cmake_force_configure': False, 'cmake_target': None, 'cmake_target_skip_unavailable': False, 'install_base': '/home/kishu/roboticslab-technical-project/ros2_ws/install/robotiq_85_msgs', 'merge_install': False, 'path': '/home/kishu/roboticslab-technical-project/ros2_ws/src/robotiq_85_gripper/robotiq_85_msgs', 'symlink_install': True, 'test_result_base': None}
[1.498s] Level 5:colcon.colcon_core.verb:set package 'robotiq_85_driver' build argument 'cmake_args' from command line to 'None'
[1.499s] Level 5:colcon.colcon_core.verb:set package 'robotiq_85_driver' build argument 'cmake_target' from command line to 'None'
[1.499s] Level 5:colcon.colcon_core.verb:set package 'robotiq_85_driver' build argument 'cmake_target_skip_unavailable' from command line to 'False'
[1.499s] Level 5:colcon.colcon_core.verb:set package 'robotiq_85_driver' build argument 'cmake_clean_cache' from command line to 'False'
[1.499s] Level 5:colcon.colcon_core.verb:set package 'robotiq_85_driver' build argument 'cmake_clean_first' from command line to 'False'
[1.499s] Level 5:colcon.colcon_core.verb:set package 'robotiq_85_driver' build argument 'cmake_force_configure' from command line to 'False'
[1.499s] Level 5:colcon.colcon_core.verb:set package 'robotiq_85_driver' build argument 'ament_cmake_args' from command line to 'None'
[1.499s] Level 5:colcon.colcon_core.verb:set package 'robotiq_85_driver' build argument 'catkin_cmake_args' from command line to 'None'
[1.499s] Level 5:colcon.colcon_core.verb:set package 'robotiq_85_driver' build argument 'catkin_skip_building_tests' from command line to 'False'
[1.499s] DEBUG:colcon.colcon_core.verb:Building package 'robotiq_85_driver' with the following arguments: {'ament_cmake_args': None, 'build_base': '/home/kishu/roboticslab-technical-project/ros2_ws/build/robotiq_85_driver', 'catkin_cmake_args': None, 'catkin_skip_building_tests': False, 'cmake_args': None, 'cmake_clean_cache': False, 'cmake_clean_first': False, 'cmake_force_configure': False, 'cmake_target': None, 'cmake_target_skip_unavailable': False, 'install_base': '/home/kishu/roboticslab-technical-project/ros2_ws/install/robotiq_85_driver', 'merge_install': False, 'path': '/home/kishu/roboticslab-technical-project/ros2_ws/src/robotiq_85_gripper/robotiq_85_driver', 'symlink_install': True, 'test_result_base': None}
[1.500s] Level 5:colcon.colcon_core.verb:set package 'robotiq_85_gripper' build argument 'cmake_args' from command line to 'None'
[1.500s] Level 5:colcon.colcon_core.verb:set package 'robotiq_85_gripper' build argument 'cmake_target' from command line to 'None'
[1.500s] Level 5:colcon.colcon_core.verb:set package 'robotiq_85_gripper' build argument 'cmake_target_skip_unavailable' from command line to 'False'
[1.500s] Level 5:colcon.colcon_core.verb:set package 'robotiq_85_gripper' build argument 'cmake_clean_cache' from command line to 'False'
[1.500s] Level 5:colcon.colcon_core.verb:set package 'robotiq_85_gripper' build argument 'cmake_clean_first' from command line to 'False'
[1.500s] Level 5:colcon.colcon_core.verb:set package 'robotiq_85_gripper' build argument 'cmake_force_configure' from command line to 'False'
[1.500s] Level 5:colcon.colcon_core.verb:set package 'robotiq_85_gripper' build argument 'ament_cmake_args' from command line to 'None'
[1.500s] Level 5:colcon.colcon_core.verb:set package 'robotiq_85_gripper' build argument 'catkin_cmake_args' from command line to 'None'
[1.500s] Level 5:colcon.colcon_core.verb:set package 'robotiq_85_gripper' build argument 'catkin_skip_building_tests' from command line to 'False'
[1.500s] DEBUG:colcon.colcon_core.verb:Building package 'robotiq_85_gripper' with the following arguments: {'ament_cmake_args': None, 'build_base': '/home/kishu/roboticslab-technical-project/ros2_ws/build/robotiq_85_gripper', 'catkin_cmake_args': None, 'catkin_skip_building_tests': False, 'cmake_args': None, 'cmake_clean_cache': False, 'cmake_clean_first': False, 'cmake_force_configure': False, 'cmake_target': None, 'cmake_target_skip_unavailable': False, 'install_base': '/home/kishu/roboticslab-technical-project/ros2_ws/install/robotiq_85_gripper', 'merge_install': False, 'path': '/home/kishu/roboticslab-technical-project/ros2_ws/src/robotiq_85_gripper/robotiq_85_gripper', 'symlink_install': True, 'test_result_base': None}
[1.500s] INFO:colcon.colcon_core.executor:Executing jobs using 'parallel' executor
[1.502s] DEBUG:colcon.colcon_parallel_executor.executor.parallel:run_until_complete
[1.503s] INFO:colcon.colcon_ros.task.ament_cmake.build:Building ROS package in '/home/kishu/roboticslab-technical-project/ros2_ws/src/robotiq_85_gripper/robotiq_85_msgs' with build type 'ament_cmake'
[1.503s] INFO:colcon.colcon_cmake.task.cmake.build:Building CMake package in '/home/kishu/roboticslab-technical-project/ros2_ws/src/robotiq_85_gripper/robotiq_85_msgs'
[1.509s] INFO:colcon.colcon_core.plugin_system:Skipping extension 'colcon_core.shell.bat': Not used on non-Windows systems
[1.509s] INFO:colcon.colcon_core.shell:Skip shell extension 'powershell' for command environment: Not usable outside of PowerShell
[1.509s] DEBUG:colcon.colcon_core.shell:Skip shell extension 'dsv' for command environment
[1.522s] INFO:colcon.colcon_ros.task.ament_cmake.build:Building ROS package in '/home/kishu/roboticslab-technical-project/ros2_ws/src/robotiq_85_gripper/robotiq_85_description' with build type 'ament_cmake'
[1.524s] INFO:colcon.colcon_cmake.task.cmake.build:Building CMake package in '/home/kishu/roboticslab-technical-project/ros2_ws/src/robotiq_85_gripper/robotiq_85_description'
[1.524s] INFO:colcon.colcon_core.shell:Skip shell extension 'powershell' for command environment: Not usable outside of PowerShell
[1.524s] DEBUG:colcon.colcon_core.shell:Skip shell extension 'dsv' for command environment
[1.541s] INFO:colcon.colcon_ros.task.ament_cmake.build:Building ROS package in '/home/kishu/roboticslab-technical-project/ros2_ws/src/gazebo_ros_link_attacher' with build type 'ament_cmake'
[1.542s] INFO:colcon.colcon_cmake.task.cmake.build:Building CMake package in '/home/kishu/roboticslab-technical-project/ros2_ws/src/gazebo_ros_link_attacher'
[1.543s] INFO:colcon.colcon_core.shell:Skip shell extension 'powershell' for command environment: Not usable outside of PowerShell
[1.543s] DEBUG:colcon.colcon_core.shell:Skip shell extension 'dsv' for command environment
[1.561s] INFO:colcon.colcon_ros.task.ament_python.build:Building ROS package in '/home/kishu/roboticslab-technical-project/ros2_ws/src/multi_robot_coop' with build type 'ament_python'
[1.561s] Level 1:colcon.colcon_core.shell:create_environment_hook('multi_robot_coop', 'ament_prefix_path')
[1.562s] INFO:colcon.colcon_core.shell:Creating environment hook '/home/kishu/roboticslab-technical-project/ros2_ws/install/multi_robot_coop/share/multi_robot_coop/hook/ament_prefix_path.ps1'
[1.569s] INFO:colcon.colcon_core.shell:Creating environment descriptor '/home/kishu/roboticslab-technical-project/ros2_ws/install/multi_robot_coop/share/multi_robot_coop/hook/ament_prefix_path.dsv'
[1.571s] INFO:colcon.colcon_core.shell:Creating environment hook '/home/kishu/roboticslab-technical-project/ros2_ws/install/multi_robot_coop/share/multi_robot_coop/hook/ament_prefix_path.sh'
[1.573s] INFO:colcon.colcon_core.shell:Skip shell extension 'powershell' for command environment: Not usable outside of PowerShell
[1.573s] DEBUG:colcon.colcon_core.shell:Skip shell extension 'dsv' for command environment
[1.612s] DEBUG:colcon.colcon_core.event_handler.log_command:Invoking command in '/home/kishu/roboticslab-technical-project/ros2_ws/build/robotiq_85_msgs': CMAKE_PREFIX_PATH=${CMAKE_PREFIX_PATH}:/home/kishu/roboticslab-technical-project/ros2_ws/install/robotiq_85_driver:/home/kishu/roboticslab-technical-project/ros2_ws/install/roboticslab_project:/home/kishu/roboticslab-technical-project/ros2_ws/install/multi_robot_coop:/opt/ros/humble /usr/bin/cmake /home/kishu/roboticslab-technical-project/ros2_ws/src/robotiq_85_gripper/robotiq_85_msgs -DAMENT_CMAKE_SYMLINK_INSTALL=1 -DCMAKE_INSTALL_PREFIX=/home/kishu/roboticslab-technical-project/ros2_ws/install/robotiq_85_msgs
[1.628s] DEBUG:colcon.colcon_core.event_handler.log_command:Invoking command in '/home/kishu/roboticslab-technical-project/ros2_ws/build/robotiq_85_description': CMAKE_PREFIX_PATH=${CMAKE_PREFIX_PATH}:/home/kishu/roboticslab-technical-project/ros2_ws/install/robotiq_85_driver:/home/kishu/roboticslab-technical-project/ros2_ws/install/roboticslab_project:/home/kishu/roboticslab-technical-project/ros2_ws/install/multi_robot_coop:/opt/ros/humble /usr/bin/cmake /home/kishu/roboticslab-technical-project/ros2_ws/src/robotiq_85_gripper/robotiq_85_description -DAMENT_CMAKE_SYMLINK_INSTALL=1 -DCMAKE_INSTALL_PREFIX=/home/kishu/roboticslab-technical-project/ros2_ws/install/robotiq_85_description
[1.634s] DEBUG:colcon.colcon_core.event_handler.log_command:Invoking command in '/home/kishu/roboticslab-technical-project/ros2_ws/build/gazebo_ros_link_attacher': CMAKE_PREFIX_PATH=${CMAKE_PREFIX_PATH}:/home/kishu/roboticslab-technical-project/ros2_ws/install/robotiq_85_driver:/home/kishu/roboticslab-technical-project/ros2_ws/install/roboticslab_project:/home/kishu/roboticslab-technical-project/ros2_ws/install/multi_robot_coop:/opt/ros/humble /usr/bin/cmake /home/kishu/roboticslab-technical-project/ros2_ws/src/gazebo_ros_link_attacher -DAMENT_CMAKE_SYMLINK_INSTALL=1 -DCMAKE_INSTALL_PREFIX=/home/kishu/roboticslab-technical-project/ros2_ws/install/gazebo_ros_link_attacher
[3.681s] INFO:colcon.colcon_core.task.python.build:Building Python package in '/home/kishu/roboticslab-technical-project/ros2_ws/src/multi_robot_coop'
[3.682s] INFO:colcon.colcon_core.shell:Skip shell extension 'powershell' for command environment: Not usable outside of PowerShell
[3.682s] DEBUG:colcon.colcon_core.shell:Skip shell extension 'dsv' for command environment
[6.393s] DEBUG:colcon.colcon_core.event_handler.log_command:Invoking command in '/home/kishu/roboticslab-technical-project/ros2_ws/build/multi_robot_coop': PYTHONPATH=/home/kishu/roboticslab-technical-project/ros2_ws/build/multi_robot_coop/prefix_override:/usr/lib/python3/dist-packages/colcon_core/task/python/colcon_distutils_commands:/home/kishu/roboticslab-technical-project/ros2_ws/install/multi_robot_coop/lib/python3.10/site-packages:${PYTHONPATH} /usr/bin/python3 -W ignore:setup.py install is deprecated -W ignore:easy_install command is deprecated setup.py develop --editable --build-directory /home/kishu/roboticslab-technical-project/ros2_ws/build/multi_robot_coop/build --no-deps symlink_data
[7.506s] DEBUG:colcon.colcon_core.event_handler.log_command:Invoked command in '/home/kishu/roboticslab-technical-project/ros2_ws/build/robotiq_85_description' returned '0': CMAKE_PREFIX_PATH=${CMAKE_PREFIX_PATH}:/home/kishu/roboticslab-technical-project/ros2_ws/install/robotiq_85_driver:/home/kishu/roboticslab-technical-project/ros2_ws/install/roboticslab_project:/home/kishu/roboticslab-technical-project/ros2_ws/install/multi_robot_coop:/opt/ros/humble /usr/bin/cmake /home/kishu/roboticslab-technical-project/ros2_ws/src/robotiq_85_gripper/robotiq_85_description -DAMENT_CMAKE_SYMLINK_INSTALL=1 -DCMAKE_INSTALL_PREFIX=/home/kishu/roboticslab-technical-project/ros2_ws/install/robotiq_85_description
[7.507s] DEBUG:colcon.colcon_core.event_handler.log_command:Invoking command in '/home/kishu/roboticslab-technical-project/ros2_ws/build/robotiq_85_description': CMAKE_PREFIX_PATH=${CMAKE_PREFIX_PATH}:/home/kishu/roboticslab-technical-project/ros2_ws/install/robotiq_85_driver:/home/kishu/roboticslab-technical-project/ros2_ws/install/roboticslab_project:/home/kishu/roboticslab-technical-project/ros2_ws/install/multi_robot_coop:/opt/ros/humble /usr/bin/cmake --build /home/kishu/roboticslab-technical-project/ros2_ws/build/robotiq_85_description -- -j4 -l4
[7.692s] DEBUG:colcon.colcon_core.event_handler.log_command:Invoked command in '/home/kishu/roboticslab-technical-project/ros2_ws/build/robotiq_85_description' returned '0': CMAKE_PREFIX_PATH=${CMAKE_PREFIX_PATH}:/home/kishu/roboticslab-technical-project/ros2_ws/install/robotiq_85_driver:/home/kishu/roboticslab-technical-project/ros2_ws/install/roboticslab_project:/home/kishu/roboticslab-technical-project/ros2_ws/install/multi_robot_coop:/opt/ros/humble /usr/bin/cmake --build /home/kishu/roboticslab-technical-project/ros2_ws/build/robotiq_85_description -- -j4 -l4
[7.810s] DEBUG:colcon.colcon_core.event_handler.log_command:Invoking command in '/home/kishu/roboticslab-technical-project/ros2_ws/build/robotiq_85_description': CMAKE_PREFIX_PATH=${CMAKE_PREFIX_PATH}:/home/kishu/roboticslab-technical-project/ros2_ws/install/robotiq_85_driver:/home/kishu/roboticslab-technical-project/ros2_ws/install/roboticslab_project:/home/kishu/roboticslab-technical-project/ros2_ws/install/multi_robot_coop:/opt/ros/humble /usr/bin/cmake --install /home/kishu/roboticslab-technical-project/ros2_ws/build/robotiq_85_description
[10.039s] Level 1:colcon.colcon_core.environment:create_environment_scripts_only(robotiq_85_description)
[10.046s] Level 1:colcon.colcon_core.environment:checking '/home/kishu/roboticslab-technical-project/ros2_ws/install/robotiq_85_description' for CMake module files
[10.048s] DEBUG:colcon.colcon_core.event_handler.log_command:Invoked command in '/home/kishu/roboticslab-technical-project/ros2_ws/build/robotiq_85_description' returned '0': CMAKE_PREFIX_PATH=${CMAKE_PREFIX_PATH}:/home/kishu/roboticslab-technical-project/ros2_ws/install/robotiq_85_driver:/home/kishu/roboticslab-technical-project/ros2_ws/install/roboticslab_project:/home/kishu/roboticslab-technical-project/ros2_ws/install/multi_robot_coop:/opt/ros/humble /usr/bin/cmake --install /home/kishu/roboticslab-technical-project/ros2_ws/build/robotiq_85_description
[10.053s] Level 1:colcon.colcon_core.environment:checking '/home/kishu/roboticslab-technical-project/ros2_ws/install/robotiq_85_description' for CMake config files
[10.056s] Level 1:colcon.colcon_core.shell:create_environment_hook('robotiq_85_description', 'cmake_prefix_path')
[10.058s] INFO:colcon.colcon_core.shell:Creating environment hook '/home/kishu/roboticslab-technical-project/ros2_ws/install/robotiq_85_description/share/robotiq_85_description/hook/cmake_prefix_path.ps1'
[10.062s] INFO:colcon.colcon_core.shell:Creating environment descriptor '/home/kishu/roboticslab-technical-project/ros2_ws/install/robotiq_85_description/share/robotiq_85_description/hook/cmake_prefix_path.dsv'
[10.064s] INFO:colcon.colcon_core.shell:Creating environment hook '/home/kishu/roboticslab-technical-project/ros2_ws/install/robotiq_85_description/share/robotiq_85_description/hook/cmake_prefix_path.sh'
[10.067s] Level 1:colcon.colcon_core.environment:checking '/home/kishu/roboticslab-technical-project/ros2_ws/install/robotiq_85_description/bin'
[10.067s] Level 1:colcon.colcon_core.environment:checking '/home/kishu/roboticslab-technical-project/ros2_ws/install/robotiq_85_description/lib/pkgconfig/robotiq_85_description.pc'
[10.068s] Level 1:colcon.colcon_core.environment:checking '/home/kishu/roboticslab-technical-project/ros2_ws/install/robotiq_85_description/lib/python3.10/site-packages'
[10.069s] Level 1:colcon.colcon_core.environment:checking '/home/kishu/roboticslab-technical-project/ros2_ws/install/robotiq_85_description/bin'
[10.070s] INFO:colcon.colcon_core.shell:Creating package script '/home/kishu/roboticslab-technical-project/ros2_ws/install/robotiq_85_description/share/robotiq_85_description/package.ps1'
[10.072s] INFO:colcon.colcon_core.shell:Creating package descriptor '/home/kishu/roboticslab-technical-project/ros2_ws/install/robotiq_85_description/share/robotiq_85_description/package.dsv'
[10.074s] INFO:colcon.colcon_core.shell:Creating package script '/home/kishu/roboticslab-technical-project/ros2_ws/install/robotiq_85_description/share/robotiq_85_description/package.sh'
[10.076s] INFO:colcon.colcon_core.shell:Creating package script '/home/kishu/roboticslab-technical-project/ros2_ws/install/robotiq_85_description/share/robotiq_85_description/package.bash'
[10.083s] INFO:colcon.colcon_core.shell:Creating package script '/home/kishu/roboticslab-technical-project/ros2_ws/install/robotiq_85_description/share/robotiq_85_description/package.zsh'
[10.090s] Level 1:colcon.colcon_core.environment:create_file_with_runtime_dependencies(/home/kishu/roboticslab-technical-project/ros2_ws/install/robotiq_85_description/share/colcon-core/packages/robotiq_85_description)
[10.093s] Level 1:colcon.colcon_core.environment:create_environment_scripts_only(robotiq_85_description)
[10.094s] Level 1:colcon.colcon_core.environment:checking '/home/kishu/roboticslab-technical-project/ros2_ws/install/robotiq_85_description' for CMake module files
[10.098s] Level 1:colcon.colcon_core.environment:checking '/home/kishu/roboticslab-technical-project/ros2_ws/install/robotiq_85_description' for CMake config files
[10.108s] Level 1:colcon.colcon_core.shell:create_environment_hook('robotiq_85_description', 'cmake_prefix_path')
[10.109s] INFO:colcon.colcon_core.shell:Creating environment hook '/home/kishu/roboticslab-technical-project/ros2_ws/install/robotiq_85_description/share/robotiq_85_description/hook/cmake_prefix_path.ps1'
[10.111s] INFO:colcon.colcon_core.shell:Creating environment descriptor '/home/kishu/roboticslab-technical-project/ros2_ws/install/robotiq_85_description/share/robotiq_85_description/hook/cmake_prefix_path.dsv'
[10.113s] INFO:colcon.colcon_core.shell:Creating environment hook '/home/kishu/roboticslab-technical-project/ros2_ws/install/robotiq_85_description/share/robotiq_85_description/hook/cmake_prefix_path.sh'
[10.119s] Level 1:colcon.colcon_core.environment:checking '/home/kishu/roboticslab-technical-project/ros2_ws/install/robotiq_85_description/bin'
[10.125s] Level 1:colcon.colcon_core.environment:checking '/home/kishu/roboticslab-technical-project/ros2_ws/install/robotiq_85_description/lib/pkgconfig/robotiq_85_description.pc'
[10.126s] Level 1:colcon.colcon_core.environment:checking '/home/kishu/roboticslab-technical-project/ros2_ws/install/robotiq_85_description/lib/python3.10/site-packages'
[10.134s] Level 1:colcon.colcon_core.environment:checking '/home/kishu/roboticslab-technical-project/ros2_ws/install/robotiq_85_description/bin'
[10.136s] INFO:colcon.colcon_core.shell:Creating package script '/home/kishu/roboticslab-technical-project/ros2_ws/install/robotiq_85_description/share/robotiq_85_description/package.ps1'
[10.149s] INFO:colcon.colcon_core.shell:Creating package descriptor '/home/kishu/roboticslab-technical-project/ros2_ws/install/robotiq_85_description/share/robotiq_85_description/package.dsv'
[10.150s] INFO:colcon.colcon_core.shell:Creating package script '/home/kishu/roboticslab-technical-project/ros2_ws/install/robotiq_85_description/share/robotiq_85_description/package.sh'
[10.158s] INFO:colcon.colcon_core.shell:Creating package script '/home/kishu/roboticslab-technical-project/ros2_ws/install/robotiq_85_description/share/robotiq_85_description/package.bash'
[10.165s] INFO:colcon.colcon_core.shell:Creating package script '/home/kishu/roboticslab-technical-project/ros2_ws/install/robotiq_85_description/share/robotiq_85_description/package.zsh'
[10.167s] Level 1:colcon.colcon_core.environment:create_file_with_runtime_dependencies(/home/kishu/roboticslab-technical-project/ros2_ws/install/robotiq_85_description/share/colcon-core/packages/robotiq_85_description)
[10.253s] Level 1:colcon.colcon_core.shell:create_environment_hook('multi_robot_coop', 'pythonpath_develop')
[10.255s] INFO:colcon.colcon_core.shell:Creating environment hook '/home/kishu/roboticslab-technical-project/ros2_ws/build/multi_robot_coop/share/multi_robot_coop/hook/pythonpath_develop.ps1'
[10.258s] DEBUG:colcon.colcon_core.event_handler.log_command:Invoked command in '/home/kishu/roboticslab-technical-project/ros2_ws/build/multi_robot_coop' returned '0': PYTHONPATH=/home/kishu/roboticslab-technical-project/ros2_ws/build/multi_robot_coop/prefix_override:/usr/lib/python3/dist-packages/colcon_core/task/python/colcon_distutils_commands:/home/kishu/roboticslab-technical-project/ros2_ws/install/multi_robot_coop/lib/python3.10/site-packages:${PYTHONPATH} /usr/bin/python3 -W ignore:setup.py install is deprecated -W ignore:easy_install command is deprecated setup.py develop --editable --build-directory /home/kishu/roboticslab-technical-project/ros2_ws/build/multi_robot_coop/build --no-deps symlink_data
[10.267s] INFO:colcon.colcon_core.shell:Creating environment descriptor '/home/kishu/roboticslab-technical-project/ros2_ws/build/multi_robot_coop/share/multi_robot_coop/hook/pythonpath_develop.dsv'
[10.268s] INFO:colcon.colcon_core.shell:Creating environment hook '/home/kishu/roboticslab-technical-project/ros2_ws/build/multi_robot_coop/share/multi_robot_coop/hook/pythonpath_develop.sh'
[10.270s] Level 1:colcon.colcon_core.environment:checking '/home/kishu/roboticslab-technical-project/ros2_ws/install/multi_robot_coop' for CMake module files
[10.272s] Level 1:colcon.colcon_core.environment:checking '/home/kishu/roboticslab-technical-project/ros2_ws/install/multi_robot_coop' for CMake config files
[10.274s] Level 1:colcon.colcon_core.environment:checking '/home/kishu/roboticslab-technical-project/ros2_ws/install/multi_robot_coop/lib'
[10.275s] Level 1:colcon.colcon_core.environment:checking '/home/kishu/roboticslab-technical-project/ros2_ws/install/multi_robot_coop/bin'
[10.275s] Level 1:colcon.colcon_core.environment:checking '/home/kishu/roboticslab-technical-project/ros2_ws/install/multi_robot_coop/lib/pkgconfig/multi_robot_coop.pc'
[10.276s] Level 1:colcon.colcon_core.environment:checking '/home/kishu/roboticslab-technical-project/ros2_ws/install/multi_robot_coop/lib/python3.10/site-packages'
[10.276s] Level 1:colcon.colcon_core.shell:create_environment_hook('multi_robot_coop', 'pythonpath')
[10.277s] INFO:colcon.colcon_core.shell:Creating environment hook '/home/kishu/roboticslab-technical-project/ros2_ws/install/multi_robot_coop/share/multi_robot_coop/hook/pythonpath.ps1'
[10.279s] INFO:colcon.colcon_core.shell:Creating environment descriptor '/home/kishu/roboticslab-technical-project/ros2_ws/install/multi_robot_coop/share/multi_robot_coop/hook/pythonpath.dsv'
[10.280s] INFO:colcon.colcon_core.shell:Creating environment hook '/home/kishu/roboticslab-technical-project/ros2_ws/install/multi_robot_coop/share/multi_robot_coop/hook/pythonpath.sh'
[10.283s] Level 1:colcon.colcon_core.environment:checking '/home/kishu/roboticslab-technical-project/ros2_ws/install/multi_robot_coop/bin'
[10.283s] Level 1:colcon.colcon_core.environment:create_environment_scripts_only(multi_robot_coop)
[10.285s] INFO:colcon.colcon_core.shell:Creating package script '/home/kishu/roboticslab-technical-project/ros2_ws/install/multi_robot_coop/share/multi_robot_coop/package.ps1'
[10.286s] INFO:colcon.colcon_core.shell:Creating package descriptor '/home/kishu/roboticslab-technical-project/ros2_ws/install/multi_robot_coop/share/multi_robot_coop/package.dsv'
[10.288s] INFO:colcon.colcon_core.shell:Creating package script '/home/kishu/roboticslab-technical-project/ros2_ws/install/multi_robot_coop/share/multi_robot_coop/package.sh'
[10.289s] INFO:colcon.colcon_core.shell:Creating package script '/home/kishu/roboticslab-technical-project/ros2_ws/install/multi_robot_coop/share/multi_robot_coop/package.bash'
[10.291s] INFO:colcon.colcon_core.shell:Creating package script '/home/kishu/roboticslab-technical-project/ros2_ws/install/multi_robot_coop/share/multi_robot_coop/package.zsh'
[10.292s] Level 1:colcon.colcon_core.environment:create_file_with_runtime_dependencies(/home/kishu/roboticslab-technical-project/ros2_ws/install/multi_robot_coop/share/colcon-core/packages/multi_robot_coop)
[13.787s] DEBUG:colcon.colcon_core.event_handler.log_command:Invoked command in '/home/kishu/roboticslab-technical-project/ros2_ws/build/robotiq_85_msgs' returned '0': CMAKE_PREFIX_PATH=${CMAKE_PREFIX_PATH}:/home/kishu/roboticslab-technical-project/ros2_ws/install/robotiq_85_driver:/home/kishu/roboticslab-technical-project/ros2_ws/install/roboticslab_project:/home/kishu/roboticslab-technical-project/ros2_ws/install/multi_robot_coop:/opt/ros/humble /usr/bin/cmake /home/kishu/roboticslab-technical-project/ros2_ws/src/robotiq_85_gripper/robotiq_85_msgs -DAMENT_CMAKE_SYMLINK_INSTALL=1 -DCMAKE_INSTALL_PREFIX=/home/kishu/roboticslab-technical-project/ros2_ws/install/robotiq_85_msgs
[13.789s] DEBUG:colcon.colcon_core.event_handler.log_command:Invoking command in '/home/kishu/roboticslab-technical-project/ros2_ws/build/robotiq_85_msgs': CMAKE_PREFIX_PATH=${CMAKE_PREFIX_PATH}:/home/kishu/roboticslab-technical-project/ros2_ws/install/robotiq_85_driver:/home/kishu/roboticslab-technical-project/ros2_ws/install/roboticslab_project:/home/kishu/roboticslab-technical-project/ros2_ws/install/multi_robot_coop:/opt/ros/humble /usr/bin/cmake --build /home/kishu/roboticslab-technical-project/ros2_ws/build/robotiq_85_msgs -- -j4 -l4
[43.321s] DEBUG:colcon.colcon_core.event_handler.log_command:Invoked command in '/home/kishu/roboticslab-technical-project/ros2_ws/build/robotiq_85_msgs' returned '0': CMAKE_PREFIX_PATH=${CMAKE_PREFIX_PATH}:/home/kishu/roboticslab-technical-project/ros2_ws/install/robotiq_85_driver:/home/kishu/roboticslab-technical-project/ros2_ws/install/roboticslab_project:/home/kishu/roboticslab-technical-project/ros2_ws/install/multi_robot_coop:/opt/ros/humble /usr/bin/cmake --build /home/kishu/roboticslab-technical-project/ros2_ws/build/robotiq_85_msgs -- -j4 -l4
[43.324s] DEBUG:colcon.colcon_core.event_handler.log_command:Invoking command in '/home/kishu/roboticslab-technical-project/ros2_ws/build/robotiq_85_msgs': CMAKE_PREFIX_PATH=${CMAKE_PREFIX_PATH}:/home/kishu/roboticslab-technical-project/ros2_ws/install/robotiq_85_driver:/home/kishu/roboticslab-technical-project/ros2_ws/install/roboticslab_project:/home/kishu/roboticslab-technical-project/ros2_ws/install/multi_robot_coop:/opt/ros/humble /usr/bin/cmake --install /home/kishu/roboticslab-technical-project/ros2_ws/build/robotiq_85_msgs
[46.002s] Level 1:colcon.colcon_core.environment:create_environment_scripts_only(robotiq_85_msgs)
[46.002s] Level 1:colcon.colcon_core.environment:checking '/home/kishu/roboticslab-technical-project/ros2_ws/install/robotiq_85_msgs' for CMake module files
[46.004s] Level 1:colcon.colcon_core.environment:checking '/home/kishu/roboticslab-technical-project/ros2_ws/install/robotiq_85_msgs' for CMake config files
[46.005s] DEBUG:colcon.colcon_core.event_handler.log_command:Invoked command in '/home/kishu/roboticslab-technical-project/ros2_ws/build/robotiq_85_msgs' returned '0': CMAKE_PREFIX_PATH=${CMAKE_PREFIX_PATH}:/home/kishu/roboticslab-technical-project/ros2_ws/install/robotiq_85_driver:/home/kishu/roboticslab-technical-project/ros2_ws/install/roboticslab_project:/home/kishu/roboticslab-technical-project/ros2_ws/install/multi_robot_coop:/opt/ros/humble /usr/bin/cmake --install /home/kishu/roboticslab-technical-project/ros2_ws/build/robotiq_85_msgs
[46.007s] Level 1:colcon.colcon_core.shell:create_environment_hook('robotiq_85_msgs', 'cmake_prefix_path')
[46.008s] INFO:colcon.colcon_core.shell:Creating environment hook '/home/kishu/roboticslab-technical-project/ros2_ws/install/robotiq_85_msgs/share/robotiq_85_msgs/hook/cmake_prefix_path.ps1'
[46.010s] INFO:colcon.colcon_core.shell:Creating environment descriptor '/home/kishu/roboticslab-technical-project/ros2_ws/install/robotiq_85_msgs/share/robotiq_85_msgs/hook/cmake_prefix_path.dsv'
[46.010s] INFO:colcon.colcon_core.shell:Creating environment hook '/home/kishu/roboticslab-technical-project/ros2_ws/install/robotiq_85_msgs/share/robotiq_85_msgs/hook/cmake_prefix_path.sh'
[46.011s] Level 1:colcon.colcon_core.environment:checking '/home/kishu/roboticslab-technical-project/ros2_ws/install/robotiq_85_msgs/lib'
[46.012s] Level 1:colcon.colcon_core.shell:create_environment_hook('robotiq_85_msgs', 'ld_library_path_lib')
[46.012s] INFO:colcon.colcon_core.shell:Creating environment hook '/home/kishu/roboticslab-technical-project/ros2_ws/install/robotiq_85_msgs/share/robotiq_85_msgs/hook/ld_library_path_lib.ps1'
[46.013s] INFO:colcon.colcon_core.shell:Creating environment descriptor '/home/kishu/roboticslab-technical-project/ros2_ws/install/robotiq_85_msgs/share/robotiq_85_msgs/hook/ld_library_path_lib.dsv'
[46.015s] INFO:colcon.colcon_core.shell:Creating environment hook '/home/kishu/roboticslab-technical-project/ros2_ws/install/robotiq_85_msgs/share/robotiq_85_msgs/hook/ld_library_path_lib.sh'
[46.016s] Level 1:colcon.colcon_core.environment:checking '/home/kishu/roboticslab-technical-project/ros2_ws/install/robotiq_85_msgs/bin'
[46.016s] Level 1:colcon.colcon_core.environment:checking '/home/kishu/roboticslab-technical-project/ros2_ws/install/robotiq_85_msgs/lib/pkgconfig/robotiq_85_msgs.pc'
[46.017s] Level 1:colcon.colcon_core.environment:checking '/home/kishu/roboticslab-technical-project/ros2_ws/install/robotiq_85_msgs/lib/python3.10/site-packages'
[46.018s] Level 1:colcon.colcon_core.environment:checking '/home/kishu/roboticslab-technical-project/ros2_ws/install/robotiq_85_msgs/bin'
[46.019s] INFO:colcon.colcon_core.shell:Creating package script '/home/kishu/roboticslab-technical-project/ros2_ws/install/robotiq_85_msgs/share/robotiq_85_msgs/package.ps1'
[46.020s] INFO:colcon.colcon_core.shell:Creating package descriptor '/home/kishu/roboticslab-technical-project/ros2_ws/install/robotiq_85_msgs/share/robotiq_85_msgs/package.dsv'
[46.022s] INFO:colcon.colcon_core.shell:Creating package script '/home/kishu/roboticslab-technical-project/ros2_ws/install/robotiq_85_msgs/share/robotiq_85_msgs/package.sh'
[46.024s] INFO:colcon.colcon_core.shell:Creating package script '/home/kishu/roboticslab-technical-project/ros2_ws/install/robotiq_85_msgs/share/robotiq_85_msgs/package.bash'
[46.026s] INFO:colcon.colcon_core.shell:Creating package script '/home/kishu/roboticslab-technical-project/ros2_ws/install/robotiq_85_msgs/share/robotiq_85_msgs/package.zsh'
[46.027s] Level 1:colcon.colcon_core.environment:create_file_with_runtime_dependencies(/home/kishu/roboticslab-technical-project/ros2_ws/install/robotiq_85_msgs/share/colcon-core/packages/robotiq_85_msgs)
[46.032s] Level 1:colcon.colcon_core.environment:create_environment_scripts_only(robotiq_85_msgs)
[46.033s] Level 1:colcon.colcon_core.environment:checking '/home/kishu/roboticslab-technical-project/ros2_ws/install/robotiq_85_msgs' for CMake module files
[46.036s] Level 1:colcon.colcon_core.environment:checking '/home/kishu/roboticslab-technical-project/ros2_ws/install/robotiq_85_msgs' for CMake config files
[46.041s] Level 1:colcon.colcon_core.shell:create_environment_hook('robotiq_85_msgs', 'cmake_prefix_path')
[46.043s] INFO:colcon.colcon_core.shell:Creating environment hook '/home/kishu/roboticslab-technical-project/ros2_ws/install/robotiq_85_msgs/share/robotiq_85_msgs/hook/cmake_prefix_path.ps1'
[46.046s] INFO:colcon.colcon_core.shell:Creating environment descriptor '/home/kishu/roboticslab-technical-project/ros2_ws/install/robotiq_85_msgs/share/robotiq_85_msgs/hook/cmake_prefix_path.dsv'
[46.048s] INFO:colcon.colcon_core.shell:Creating environment hook '/home/kishu/roboticslab-technical-project/ros2_ws/install/robotiq_85_msgs/share/robotiq_85_msgs/hook/cmake_prefix_path.sh'
[46.051s] Level 1:colcon.colcon_core.environment:checking '/home/kishu/roboticslab-technical-project/ros2_ws/install/robotiq_85_msgs/lib'
[46.051s] Level 1:colcon.colcon_core.shell:create_environment_hook('robotiq_85_msgs', 'ld_library_path_lib')
[46.052s] INFO:colcon.colcon_core.shell:Creating environment hook '/home/kishu/roboticslab-technical-project/ros2_ws/install/robotiq_85_msgs/share/robotiq_85_msgs/hook/ld_library_path_lib.ps1'
[46.054s] INFO:colcon.colcon_core.shell:Creating environment descriptor '/home/kishu/roboticslab-technical-project/ros2_ws/install/robotiq_85_msgs/share/robotiq_85_msgs/hook/ld_library_path_lib.dsv'
[46.057s] INFO:colcon.colcon_core.shell:Creating environment hook '/home/kishu/roboticslab-technical-project/ros2_ws/install/robotiq_85_msgs/share/robotiq_85_msgs/hook/ld_library_path_lib.sh'
[46.059s] Level 1:colcon.colcon_core.environment:checking '/home/kishu/roboticslab-technical-project/ros2_ws/install/robotiq_85_msgs/bin'
[46.059s] Level 1:colcon.colcon_core.environment:checking '/home/kishu/roboticslab-technical-project/ros2_ws/install/robotiq_85_msgs/lib/pkgconfig/robotiq_85_msgs.pc'
[46.060s] Level 1:colcon.colcon_core.environment:checking '/home/kishu/roboticslab-technical-project/ros2_ws/install/robotiq_85_msgs/lib/python3.10/site-packages'
[46.062s] Level 1:colcon.colcon_core.environment:checking '/home/kishu/roboticslab-technical-project/ros2_ws/install/robotiq_85_msgs/bin'
[46.065s] INFO:colcon.colcon_core.shell:Creating package script '/home/kishu/roboticslab-technical-project/ros2_ws/install/robotiq_85_msgs/share/robotiq_85_msgs/package.ps1'
[46.067s] INFO:colcon.colcon_core.shell:Creating package descriptor '/home/kishu/roboticslab-technical-project/ros2_ws/install/robotiq_85_msgs/share/robotiq_85_msgs/package.dsv'
[46.069s] INFO:colcon.colcon_core.shell:Creating package script '/home/kishu/roboticslab-technical-project/ros2_ws/install/robotiq_85_msgs/share/robotiq_85_msgs/package.sh'
[46.072s] INFO:colcon.colcon_core.shell:Creating package script '/home/kishu/roboticslab-technical-project/ros2_ws/install/robotiq_85_msgs/share/robotiq_85_msgs/package.bash'
[46.074s] INFO:colcon.colcon_core.shell:Creating package script '/home/kishu/roboticslab-technical-project/ros2_ws/install/robotiq_85_msgs/share/robotiq_85_msgs/package.zsh'
[46.076s] Level 1:colcon.colcon_core.environment:create_file_with_runtime_dependencies(/home/kishu/roboticslab-technical-project/ros2_ws/install/robotiq_85_msgs/share/colcon-core/packages/robotiq_85_msgs)
[46.078s] INFO:colcon.colcon_ros.task.ament_python.build:Building ROS package in '/home/kishu/roboticslab-technical-project/ros2_ws/src/robotiq_85_gripper/robotiq_85_driver' with build type 'ament_python'
[46.078s] Level 1:colcon.colcon_core.shell:create_environment_hook('robotiq_85_driver', 'ament_prefix_path')
[46.081s] INFO:colcon.colcon_core.shell:Creating environment hook '/home/kishu/roboticslab-technical-project/ros2_ws/install/robotiq_85_driver/share/robotiq_85_driver/hook/ament_prefix_path.ps1'
[46.088s] INFO:colcon.colcon_core.shell:Creating environment descriptor '/home/kishu/roboticslab-technical-project/ros2_ws/install/robotiq_85_driver/share/robotiq_85_driver/hook/ament_prefix_path.dsv'
[46.090s] INFO:colcon.colcon_core.shell:Creating environment hook '/home/kishu/roboticslab-technical-project/ros2_ws/install/robotiq_85_driver/share/robotiq_85_driver/hook/ament_prefix_path.sh'
[46.092s] INFO:colcon.colcon_core.shell:Skip shell extension 'powershell' for command environment: Not usable outside of PowerShell
[46.092s] DEBUG:colcon.colcon_core.shell:Skip shell extension 'dsv' for command environment
[47.426s] INFO:colcon.colcon_core.task.python.build:Building Python package in '/home/kishu/roboticslab-technical-project/ros2_ws/src/robotiq_85_gripper/robotiq_85_driver'
[47.427s] INFO:colcon.colcon_core.shell:Skip shell extension 'powershell' for command environment: Not usable outside of PowerShell
[47.427s] DEBUG:colcon.colcon_core.shell:Skip shell extension 'dsv' for command environment
[49.190s] DEBUG:colcon.colcon_core.event_handler.log_command:Invoking command in '/home/kishu/roboticslab-technical-project/ros2_ws/build/robotiq_85_driver': CMAKE_PREFIX_PATH=/home/kishu/roboticslab-technical-project/ros2_ws/install/robotiq_85_msgs:/home/kishu/roboticslab-technical-project/ros2_ws/install/robotiq_85_gripper:/home/kishu/roboticslab-technical-project/ros2_ws/install/robotiq_85_description:/home/kishu/roboticslab-technical-project/ros2_ws/install/gazebo_ros_link_attacher PYTHONPATH=/home/kishu/roboticslab-technical-project/ros2_ws/build/robotiq_85_driver/prefix_override:/usr/lib/python3/dist-packages/colcon_core/task/python/colcon_distutils_commands:/home/kishu/roboticslab-technical-project/ros2_ws/install/robotiq_85_driver/lib/python3.10/site-packages:${PYTHONPATH} /usr/bin/python3 -W ignore:setup.py install is deprecated -W ignore:easy_install command is deprecated setup.py develop --editable --build-directory /home/kishu/roboticslab-technical-project/ros2_ws/build/robotiq_85_driver/build --no-deps symlink_data
[51.321s] Level 1:colcon.colcon_core.shell:create_environment_hook('robotiq_85_driver', 'pythonpath_develop')
[51.322s] INFO:colcon.colcon_core.shell:Creating environment hook '/home/kishu/roboticslab-technical-project/ros2_ws/build/robotiq_85_driver/share/robotiq_85_driver/hook/pythonpath_develop.ps1'
[51.325s] DEBUG:colcon.colcon_core.event_handler.log_command:Invoked command in '/home/kishu/roboticslab-technical-project/ros2_ws/build/robotiq_85_driver' returned '0': CMAKE_PREFIX_PATH=/home/kishu/roboticslab-technical-project/ros2_ws/install/robotiq_85_msgs:/home/kishu/roboticslab-technical-project/ros2_ws/install/robotiq_85_gripper:/home/kishu/roboticslab-technical-project/ros2_ws/install/robotiq_85_description:/home/kishu/roboticslab-technical-project/ros2_ws/install/gazebo_ros_link_attacher PYTHONPATH=/home/kishu/roboticslab-technical-project/ros2_ws/build/robotiq_85_driver/prefix_override:/usr/lib/python3/dist-packages/colcon_core/task/python/colcon_distutils_commands:/home/kishu/roboticslab-technical-project/ros2_ws/install/robotiq_85_driver/lib/python3.10/site-packages:${PYTHONPATH} /usr/bin/python3 -W ignore:setup.py install is deprecated -W ignore:easy_install command is deprecated setup.py develop --editable --build-directory /home/kishu/roboticslab-technical-project/ros2_ws/build/robotiq_85_driver/build --no-deps symlink_data
[51.328s] INFO:colcon.colcon_core.shell:Creating environment descriptor '/home/kishu/roboticslab-technical-project/ros2_ws/build/robotiq_85_driver/share/robotiq_85_driver/hook/pythonpath_develop.dsv'
[51.330s] INFO:colcon.colcon_core.shell:Creating environment hook '/home/kishu/roboticslab-technical-project/ros2_ws/build/robotiq_85_driver/share/robotiq_85_driver/hook/pythonpath_develop.sh'
[51.331s] Level 1:colcon.colcon_core.environment:checking '/home/kishu/roboticslab-technical-project/ros2_ws/install/robotiq_85_driver' for CMake module files
[51.332s] Level 1:colcon.colcon_core.environment:checking '/home/kishu/roboticslab-technical-project/ros2_ws/install/robotiq_85_driver' for CMake config files
[51.334s] Level 1:colcon.colcon_core.environment:checking '/home/kishu/roboticslab-technical-project/ros2_ws/install/robotiq_85_driver/lib'
[51.334s] Level 1:colcon.colcon_core.environment:checking '/home/kishu/roboticslab-technical-project/ros2_ws/install/robotiq_85_driver/bin'
[51.334s] Level 1:colcon.colcon_core.environment:checking '/home/kishu/roboticslab-technical-project/ros2_ws/install/robotiq_85_driver/lib/pkgconfig/robotiq_85_driver.pc'
[51.335s] Level 1:colcon.colcon_core.environment:checking '/home/kishu/roboticslab-technical-project/ros2_ws/install/robotiq_85_driver/lib/python3.10/site-packages'
[51.335s] Level 1:colcon.colcon_core.shell:create_environment_hook('robotiq_85_driver', 'pythonpath')
[51.336s] INFO:colcon.colcon_core.shell:Creating environment hook '/home/kishu/roboticslab-technical-project/ros2_ws/install/robotiq_85_driver/share/robotiq_85_driver/hook/pythonpath.ps1'
[51.337s] INFO:colcon.colcon_core.shell:Creating environment descriptor '/home/kishu/roboticslab-technical-project/ros2_ws/install/robotiq_85_driver/share/robotiq_85_driver/hook/pythonpath.dsv'
[51.338s] INFO:colcon.colcon_core.shell:Creating environment hook '/home/kishu/roboticslab-technical-project/ros2_ws/install/robotiq_85_driver/share/robotiq_85_driver/hook/pythonpath.sh'
[51.339s] Level 1:colcon.colcon_core.environment:checking '/home/kishu/roboticslab-technical-project/ros2_ws/install/robotiq_85_driver/bin'
[51.339s] Level 1:colcon.colcon_core.environment:create_environment_scripts_only(robotiq_85_driver)
[51.340s] INFO:colcon.colcon_core.shell:Creating package script '/home/kishu/roboticslab-technical-project/ros2_ws/install/robotiq_85_driver/share/robotiq_85_driver/package.ps1'
[51.342s] INFO:colcon.colcon_core.shell:Creating package descriptor '/home/kishu/roboticslab-technical-project/ros2_ws/install/robotiq_85_driver/share/robotiq_85_driver/package.dsv'
[51.344s] INFO:colcon.colcon_core.shell:Creating package script '/home/kishu/roboticslab-technical-project/ros2_ws/install/robotiq_85_driver/share/robotiq_85_driver/package.sh'
[51.346s] INFO:colcon.colcon_core.shell:Creating package script '/home/kishu/roboticslab-technical-project/ros2_ws/install/robotiq_85_driver/share/robotiq_85_driver/package.bash'
[51.347s] INFO:colcon.colcon_core.shell:Creating package script '/home/kishu/roboticslab-technical-project/ros2_ws/install/robotiq_85_driver/share/robotiq_85_driver/package.zsh'
[51.348s] Level 1:colcon.colcon_core.environment:create_file_with_runtime_dependencies(/home/kishu/roboticslab-technical-project/ros2_ws/install/robotiq_85_driver/share/colcon-core/packages/robotiq_85_driver)
[51.349s] INFO:colcon.colcon_ros.task.ament_cmake.build:Building ROS package in '/home/kishu/roboticslab-technical-project/ros2_ws/src/robotiq_85_gripper/robotiq_85_gripper' with build type 'ament_cmake'
[51.352s] INFO:colcon.colcon_cmake.task.cmake.build:Building CMake package in '/home/kishu/roboticslab-technical-project/ros2_ws/src/robotiq_85_gripper/robotiq_85_gripper'
[51.352s] INFO:colcon.colcon_core.shell:Skip shell extension 'powershell' for command environment: Not usable outside of PowerShell
[51.352s] DEBUG:colcon.colcon_core.shell:Skip shell extension 'dsv' for command environment
[51.791s] DEBUG:colcon.colcon_core.event_handler.log_command:Invoking command in '/home/kishu/roboticslab-technical-project/ros2_ws/build/robotiq_85_gripper': AMENT_PREFIX_PATH=/home/kishu/roboticslab-technical-project/ros2_ws/install/robotiq_85_driver:/home/kishu/roboticslab-technical-project/ros2_ws/install/robotiq_85_gripper:/home/kishu/roboticslab-technical-project/ros2_ws/install/robotiq_85_msgs:/home/kishu/roboticslab-technical-project/ros2_ws/install/robotiq_85_description:/home/kishu/roboticslab-technical-project/ros2_ws/install/roboticslab_project:/home/kishu/roboticslab-technical-project/ros2_ws/install/multi_robot_coop:/home/kishu/roboticslab-technical-project/ros2_ws/install/gazebo_ros_link_attacher:/opt/ros/humble CMAKE_PREFIX_PATH=/home/kishu/roboticslab-technical-project/ros2_ws/install/robotiq_85_msgs:/home/kishu/roboticslab-technical-project/ros2_ws/install/robotiq_85_description:/home/kishu/roboticslab-technical-project/ros2_ws/install/robotiq_85_gripper:/home/kishu/roboticslab-technical-project/ros2_ws/install/gazebo_ros_link_attacher:/home/kishu/roboticslab-technical-project/ros2_ws/install/robotiq_85_driver:/home/kishu/roboticslab-technical-project/ros2_ws/install/roboticslab_project:/home/kishu/roboticslab-technical-project/ros2_ws/install/multi_robot_coop:/opt/ros/humble /usr/bin/cmake /home/kishu/roboticslab-technical-project/ros2_ws/src/robotiq_85_gripper/robotiq_85_gripper -DAMENT_CMAKE_SYMLINK_INSTALL=1 -DCMAKE_INSTALL_PREFIX=/home/kishu/roboticslab-technical-project/ros2_ws/install/robotiq_85_gripper
[55.731s] DEBUG:colcon.colcon_core.event_handler.log_command:Invoked command in '/home/kishu/roboticslab-technical-project/ros2_ws/build/robotiq_85_gripper' returned '0': AMENT_PREFIX_PATH=/home/kishu/roboticslab-technical-project/ros2_ws/install/robotiq_85_driver:/home/kishu/roboticslab-technical-project/ros2_ws/install/robotiq_85_gripper:/home/kishu/roboticslab-technical-project/ros2_ws/install/robotiq_85_msgs:/home/kishu/roboticslab-technical-project/ros2_ws/install/robotiq_85_description:/home/kishu/roboticslab-technical-project/ros2_ws/install/roboticslab_project:/home/kishu/roboticslab-technical-project/ros2_ws/install/multi_robot_coop:/home/kishu/roboticslab-technical-project/ros2_ws/install/gazebo_ros_link_attacher:/opt/ros/humble CMAKE_PREFIX_PATH=/home/kishu/roboticslab-technical-project/ros2_ws/install/robotiq_85_msgs:/home/kishu/roboticslab-technical-project/ros2_ws/install/robotiq_85_description:/home/kishu/roboticslab-technical-project/ros2_ws/install/robotiq_85_gripper:/home/kishu/roboticslab-technical-project/ros2_ws/install/gazebo_ros_link_attacher:/home/kishu/roboticslab-technical-project/ros2_ws/install/robotiq_85_driver:/home/kishu/roboticslab-technical-project/ros2_ws/install/roboticslab_project:/home/kishu/roboticslab-technical-project/ros2_ws/install/multi_robot_coop:/opt/ros/humble /usr/bin/cmake /home/kishu/roboticslab-technical-project/ros2_ws/src/robotiq_85_gripper/robotiq_85_gripper -DAMENT_CMAKE_SYMLINK_INSTALL=1 -DCMAKE_INSTALL_PREFIX=/home/kishu/roboticslab-technical-project/ros2_ws/install/robotiq_85_gripper
[55.733s] DEBUG:colcon.colcon_core.event_handler.log_command:Invoking command in '/home/kishu/roboticslab-technical-project/ros2_ws/build/robotiq_85_gripper': AMENT_PREFIX_PATH=/home/kishu/roboticslab-technical-project/ros2_ws/install/robotiq_85_driver:/home/kishu/roboticslab-technical-project/ros2_ws/install/robotiq_85_gripper:/home/kishu/roboticslab-technical-project/ros2_ws/install/robotiq_85_msgs:/home/kishu/roboticslab-technical-project/ros2_ws/install/robotiq_85_description:/home/kishu/roboticslab-technical-project/ros2_ws/install/roboticslab_project:/home/kishu/roboticslab-technical-project/ros2_ws/install/multi_robot_coop:/home/kishu/roboticslab-technical-project/ros2_ws/install/gazebo_ros_link_attacher:/opt/ros/humble CMAKE_PREFIX_PATH=/home/kishu/roboticslab-technical-project/ros2_ws/install/robotiq_85_msgs:/home/kishu/roboticslab-technical-project/ros2_ws/install/robotiq_85_description:/home/kishu/roboticslab-technical-project/ros2_ws/install/robotiq_85_gripper:/home/kishu/roboticslab-technical-project/ros2_ws/install/gazebo_ros_link_attacher:/home/kishu/roboticslab-technical-project/ros2_ws/install/robotiq_85_driver:/home/kishu/roboticslab-technical-project/ros2_ws/install/roboticslab_project:/home/kishu/roboticslab-technical-project/ros2_ws/install/multi_robot_coop:/opt/ros/humble /usr/bin/cmake --build /home/kishu/roboticslab-technical-project/ros2_ws/build/robotiq_85_gripper -- -j4 -l4
[55.881s] DEBUG:colcon.colcon_core.event_handler.log_command:Invoked command in '/home/kishu/roboticslab-technical-project/ros2_ws/build/robotiq_85_gripper' returned '0': AMENT_PREFIX_PATH=/home/kishu/roboticslab-technical-project/ros2_ws/install/robotiq_85_driver:/home/kishu/roboticslab-technical-project/ros2_ws/install/robotiq_85_gripper:/home/kishu/roboticslab-technical-project/ros2_ws/install/robotiq_85_msgs:/home/kishu/roboticslab-technical-project/ros2_ws/install/robotiq_85_description:/home/kishu/roboticslab-technical-project/ros2_ws/install/roboticslab_project:/home/kishu/roboticslab-technical-project/ros2_ws/install/multi_robot_coop:/home/kishu/roboticslab-technical-project/ros2_ws/install/gazebo_ros_link_attacher:/opt/ros/humble CMAKE_PREFIX_PATH=/home/kishu/roboticslab-technical-project/ros2_ws/install/robotiq_85_msgs:/home/kishu/roboticslab-technical-project/ros2_ws/install/robotiq_85_description:/home/kishu/roboticslab-technical-project/ros2_ws/install/robotiq_85_gripper:/home/kishu/roboticslab-technical-project/ros2_ws/install/gazebo_ros_link_attacher:/home/kishu/roboticslab-technical-project/ros2_ws/install/robotiq_85_driver:/home/kishu/roboticslab-technical-project/ros2_ws/install/roboticslab_project:/home/kishu/roboticslab-technical-project/ros2_ws/install/multi_robot_coop:/opt/ros/humble /usr/bin/cmake --build /home/kishu/roboticslab-technical-project/ros2_ws/build/robotiq_85_gripper -- -j4 -l4
[55.890s] DEBUG:colcon.colcon_core.event_handler.log_command:Invoking command in '/home/kishu/roboticslab-technical-project/ros2_ws/build/robotiq_85_gripper': AMENT_PREFIX_PATH=/home/kishu/roboticslab-technical-project/ros2_ws/install/robotiq_85_driver:/home/kishu/roboticslab-technical-project/ros2_ws/install/robotiq_85_gripper:/home/kishu/roboticslab-technical-project/ros2_ws/install/robotiq_85_msgs:/home/kishu/roboticslab-technical-project/ros2_ws/install/robotiq_85_description:/home/kishu/roboticslab-technical-project/ros2_ws/install/roboticslab_project:/home/kishu/roboticslab-technical-project/ros2_ws/install/multi_robot_coop:/home/kishu/roboticslab-technical-project/ros2_ws/install/gazebo_ros_link_attacher:/opt/ros/humble CMAKE_PREFIX_PATH=/home/kishu/roboticslab-technical-project/ros2_ws/install/robotiq_85_msgs:/home/kishu/roboticslab-technical-project/ros2_ws/install/robotiq_85_description:/home/kishu/roboticslab-technical-project/ros2_ws/install/robotiq_85_gripper:/home/kishu/roboticslab-technical-project/ros2_ws/install/gazebo_ros_link_attacher:/home/kishu/roboticslab-technical-project/ros2_ws/install/robotiq_85_driver:/home/kishu/roboticslab-technical-project/ros2_ws/install/roboticslab_project:/home/kishu/roboticslab-technical-project/ros2_ws/install/multi_robot_coop:/opt/ros/humble /usr/bin/cmake --install /home/kishu/roboticslab-technical-project/ros2_ws/build/robotiq_85_gripper
[56.364s] Level 1:colcon.colcon_core.environment:create_environment_scripts_only(robotiq_85_gripper)
[56.365s] Level 1:colcon.colcon_core.environment:checking '/home/kishu/roboticslab-technical-project/ros2_ws/install/robotiq_85_gripper' for CMake module files
[56.367s] Level 1:colcon.colcon_core.environment:checking '/home/kishu/roboticslab-technical-project/ros2_ws/install/robotiq_85_gripper' for CMake config files
[56.367s] Level 1:colcon.colcon_core.shell:create_environment_hook('robotiq_85_gripper', 'cmake_prefix_path')
[56.368s] INFO:colcon.colcon_core.shell:Creating environment hook '/home/kishu/roboticslab-technical-project/ros2_ws/install/robotiq_85_gripper/share/robotiq_85_gripper/hook/cmake_prefix_path.ps1'
[56.369s] DEBUG:colcon.colcon_core.event_handler.log_command:Invoked command in '/home/kishu/roboticslab-technical-project/ros2_ws/build/robotiq_85_gripper' returned '0': AMENT_PREFIX_PATH=/home/kishu/roboticslab-technical-project/ros2_ws/install/robotiq_85_driver:/home/kishu/roboticslab-technical-project/ros2_ws/install/robotiq_85_gripper:/home/kishu/roboticslab-technical-project/ros2_ws/install/robotiq_85_msgs:/home/kishu/roboticslab-technical-project/ros2_ws/install/robotiq_85_description:/home/kishu/roboticslab-technical-project/ros2_ws/install/roboticslab_project:/home/kishu/roboticslab-technical-project/ros2_ws/install/multi_robot_coop:/home/kishu/roboticslab-technical-project/ros2_ws/install/gazebo_ros_link_attacher:/opt/ros/humble CMAKE_PREFIX_PATH=/home/kishu/roboticslab-technical-project/ros2_ws/install/robotiq_85_msgs:/home/kishu/roboticslab-technical-project/ros2_ws/install/robotiq_85_description:/home/kishu/roboticslab-technical-project/ros2_ws/install/robotiq_85_gripper:/home/kishu/roboticslab-technical-project/ros2_ws/install/gazebo_ros_link_attacher:/home/kishu/roboticslab-technical-project/ros2_ws/install/robotiq_85_driver:/home/kishu/roboticslab-technical-project/ros2_ws/install/roboticslab_project:/home/kishu/roboticslab-technical-project/ros2_ws/install/multi_robot_coop:/opt/ros/humble /usr/bin/cmake --install /home/kishu/roboticslab-technical-project/ros2_ws/build/robotiq_85_gripper
[56.371s] INFO:colcon.colcon_core.shell:Creating environment descriptor '/home/kishu/roboticslab-technical-project/ros2_ws/install/robotiq_85_gripper/share/robotiq_85_gripper/hook/cmake_prefix_path.dsv'
[56.372s] INFO:colcon.colcon_core.shell:Creating environment hook '/home/kishu/roboticslab-technical-project/ros2_ws/install/robotiq_85_gripper/share/robotiq_85_gripper/hook/cmake_prefix_path.sh'
[56.373s] Level 1:colcon.colcon_core.environment:checking '/home/kishu/roboticslab-technical-project/ros2_ws/install/robotiq_85_gripper/bin'
[56.374s] Level 1:colcon.colcon_core.environment:checking '/home/kishu/roboticslab-technical-project/ros2_ws/install/robotiq_85_gripper/lib/pkgconfig/robotiq_85_gripper.pc'
[56.375s] Level 1:colcon.colcon_core.environment:checking '/home/kishu/roboticslab-technical-project/ros2_ws/install/robotiq_85_gripper/lib/python3.10/site-packages'
[56.376s] Level 1:colcon.colcon_core.environment:checking '/home/kishu/roboticslab-technical-project/ros2_ws/install/robotiq_85_gripper/bin'
[56.376s] INFO:colcon.colcon_core.shell:Creating package script '/home/kishu/roboticslab-technical-project/ros2_ws/install/robotiq_85_gripper/share/robotiq_85_gripper/package.ps1'
[56.382s] INFO:colcon.colcon_core.shell:Creating package descriptor '/home/kishu/roboticslab-technical-project/ros2_ws/install/robotiq_85_gripper/share/robotiq_85_gripper/package.dsv'
[56.383s] INFO:colcon.colcon_core.shell:Creating package script '/home/kishu/roboticslab-technical-project/ros2_ws/install/robotiq_85_gripper/share/robotiq_85_gripper/package.sh'
[56.397s] INFO:colcon.colcon_core.shell:Creating package script '/home/kishu/roboticslab-technical-project/ros2_ws/install/robotiq_85_gripper/share/robotiq_85_gripper/package.bash'
[56.399s] INFO:colcon.colcon_core.shell:Creating package script '/home/kishu/roboticslab-technical-project/ros2_ws/install/robotiq_85_gripper/share/robotiq_85_gripper/package.zsh'
[56.400s] Level 1:colcon.colcon_core.environment:create_file_with_runtime_dependencies(/home/kishu/roboticslab-technical-project/ros2_ws/install/robotiq_85_gripper/share/colcon-core/packages/robotiq_85_gripper)
[56.409s] Level 1:colcon.colcon_core.environment:create_environment_scripts_only(robotiq_85_gripper)
[56.410s] Level 1:colcon.colcon_core.environment:checking '/home/kishu/roboticslab-technical-project/ros2_ws/install/robotiq_85_gripper' for CMake module files
[56.411s] Level 1:colcon.colcon_core.environment:checking '/home/kishu/roboticslab-technical-project/ros2_ws/install/robotiq_85_gripper' for CMake config files
[56.411s] Level 1:colcon.colcon_core.shell:create_environment_hook('robotiq_85_gripper', 'cmake_prefix_path')
[56.412s] INFO:colcon.colcon_core.shell:Creating environment hook '/home/kishu/roboticslab-technical-project/ros2_ws/install/robotiq_85_gripper/share/robotiq_85_gripper/hook/cmake_prefix_path.ps1'
[56.417s] INFO:colcon.colcon_core.shell:Creating environment descriptor '/home/kishu/roboticslab-technical-project/ros2_ws/install/robotiq_85_gripper/share/robotiq_85_gripper/hook/cmake_prefix_path.dsv'
[56.419s] INFO:colcon.colcon_core.shell:Creating environment hook '/home/kishu/roboticslab-technical-project/ros2_ws/install/robotiq_85_gripper/share/robotiq_85_gripper/hook/cmake_prefix_path.sh'
[56.420s] Level 1:colcon.colcon_core.environment:checking '/home/kishu/roboticslab-technical-project/ros2_ws/install/robotiq_85_gripper/bin'
[56.420s] Level 1:colcon.colcon_core.environment:checking '/home/kishu/roboticslab-technical-project/ros2_ws/install/robotiq_85_gripper/lib/pkgconfig/robotiq_85_gripper.pc'
[56.422s] Level 1:colcon.colcon_core.environment:checking '/home/kishu/roboticslab-technical-project/ros2_ws/install/robotiq_85_gripper/lib/python3.10/site-packages'
[56.423s] Level 1:colcon.colcon_core.environment:checking '/home/kishu/roboticslab-technical-project/ros2_ws/install/robotiq_85_gripper/bin'
[56.424s] INFO:colcon.colcon_core.shell:Creating package script '/home/kishu/roboticslab-technical-project/ros2_ws/install/robotiq_85_gripper/share/robotiq_85_gripper/package.ps1'
[56.425s] INFO:colcon.colcon_core.shell:Creating package descriptor '/home/kishu/roboticslab-technical-project/ros2_ws/install/robotiq_85_gripper/share/robotiq_85_gripper/package.dsv'
[56.426s] INFO:colcon.colcon_core.shell:Creating package script '/home/kishu/roboticslab-technical-project/ros2_ws/install/robotiq_85_gripper/share/robotiq_85_gripper/package.sh'
[56.427s] INFO:colcon.colcon_core.shell:Creating package script '/home/kishu/roboticslab-technical-project/ros2_ws/install/robotiq_85_gripper/share/robotiq_85_gripper/package.bash'
[56.427s] INFO:colcon.colcon_core.shell:Creating package script '/home/kishu/roboticslab-technical-project/ros2_ws/install/robotiq_85_gripper/share/robotiq_85_gripper/package.zsh'
[56.428s] Level 1:colcon.colcon_core.environment:create_file_with_runtime_dependencies(/home/kishu/roboticslab-technical-project/ros2_ws/install/robotiq_85_gripper/share/colcon-core/packages/robotiq_85_gripper)
[77.009s] DEBUG:colcon.colcon_core.event_handler.log_command:Invoked command in '/home/kishu/roboticslab-technical-project/ros2_ws/build/gazebo_ros_link_attacher' returned '0': CMAKE_PREFIX_PATH=${CMAKE_PREFIX_PATH}:/home/kishu/roboticslab-technical-project/ros2_ws/install/robotiq_85_driver:/home/kishu/roboticslab-technical-project/ros2_ws/install/roboticslab_project:/home/kishu/roboticslab-technical-project/ros2_ws/install/multi_robot_coop:/opt/ros/humble /usr/bin/cmake /home/kishu/roboticslab-technical-project/ros2_ws/src/gazebo_ros_link_attacher -DAMENT_CMAKE_SYMLINK_INSTALL=1 -DCMAKE_INSTALL_PREFIX=/home/kishu/roboticslab-technical-project/ros2_ws/install/gazebo_ros_link_attacher
[77.010s] DEBUG:colcon.colcon_core.event_handler.log_command:Invoking command in '/home/kishu/roboticslab-technical-project/ros2_ws/build/gazebo_ros_link_attacher': CMAKE_PREFIX_PATH=${CMAKE_PREFIX_PATH}:/home/kishu/roboticslab-technical-project/ros2_ws/install/robotiq_85_driver:/home/kishu/roboticslab-technical-project/ros2_ws/install/roboticslab_project:/home/kishu/roboticslab-technical-project/ros2_ws/install/multi_robot_coop:/opt/ros/humble /usr/bin/cmake --build /home/kishu/roboticslab-technical-project/ros2_ws/build/gazebo_ros_link_attacher -- -j4 -l4
[157.289s] DEBUG:colcon.colcon_core.event_handler.log_command:Invoked command in '/home/kishu/roboticslab-technical-project/ros2_ws/build/gazebo_ros_link_attacher' returned '0': CMAKE_PREFIX_PATH=${CMAKE_PREFIX_PATH}:/home/kishu/roboticslab-technical-project/ros2_ws/install/robotiq_85_driver:/home/kishu/roboticslab-technical-project/ros2_ws/install/roboticslab_project:/home/kishu/roboticslab-technical-project/ros2_ws/install/multi_robot_coop:/opt/ros/humble /usr/bin/cmake --build /home/kishu/roboticslab-technical-project/ros2_ws/build/gazebo_ros_link_attacher -- -j4 -l4
[157.293s] DEBUG:colcon.colcon_core.event_handler.log_command:Invoking command in '/home/kishu/roboticslab-technical-project/ros2_ws/build/gazebo_ros_link_attacher': CMAKE_PREFIX_PATH=${CMAKE_PREFIX_PATH}:/home/kishu/roboticslab-technical-project/ros2_ws/install/robotiq_85_driver:/home/kishu/roboticslab-technical-project/ros2_ws/install/roboticslab_project:/home/kishu/roboticslab-technical-project/ros2_ws/install/multi_robot_coop:/opt/ros/humble /usr/bin/cmake --install /home/kishu/roboticslab-technical-project/ros2_ws/build/gazebo_ros_link_attacher
[159.272s] Level 1:colcon.colcon_core.environment:create_environment_scripts_only(gazebo_ros_link_attacher)
[159.272s] Level 1:colcon.colcon_core.environment:checking '/home/kishu/roboticslab-technical-project/ros2_ws/install/gazebo_ros_link_attacher' for CMake module files
[159.274s] Level 1:colcon.colcon_core.environment:checking '/home/kishu/roboticslab-technical-project/ros2_ws/install/gazebo_ros_link_attacher' for CMake config files
[159.285s] DEBUG:colcon.colcon_core.event_handler.log_command:Invoked command in '/home/kishu/roboticslab-technical-project/ros2_ws/build/gazebo_ros_link_attacher' returned '0': CMAKE_PREFIX_PATH=${CMAKE_PREFIX_PATH}:/home/kishu/roboticslab-technical-project/ros2_ws/install/robotiq_85_driver:/home/kishu/roboticslab-technical-project/ros2_ws/install/roboticslab_project:/home/kishu/roboticslab-technical-project/ros2_ws/install/multi_robot_coop:/opt/ros/humble /usr/bin/cmake --install /home/kishu/roboticslab-technical-project/ros2_ws/build/gazebo_ros_link_attacher
[159.287s] Level 1:colcon.colcon_core.shell:create_environment_hook('gazebo_ros_link_attacher', 'cmake_prefix_path')
[159.288s] INFO:colcon.colcon_core.shell:Creating environment hook '/home/kishu/roboticslab-technical-project/ros2_ws/install/gazebo_ros_link_attacher/share/gazebo_ros_link_attacher/hook/cmake_prefix_path.ps1'
[159.290s] INFO:colcon.colcon_core.shell:Creating environment descriptor '/home/kishu/roboticslab-technical-project/ros2_ws/install/gazebo_ros_link_attacher/share/gazebo_ros_link_attacher/hook/cmake_prefix_path.dsv'
[159.291s] INFO:colcon.colcon_core.shell:Creating environment hook '/home/kishu/roboticslab-technical-project/ros2_ws/install/gazebo_ros_link_attacher/share/gazebo_ros_link_attacher/hook/cmake_prefix_path.sh'
[159.292s] Level 1:colcon.colcon_core.environment:checking '/home/kishu/roboticslab-technical-project/ros2_ws/install/gazebo_ros_link_attacher/lib'
[159.293s] Level 1:colcon.colcon_core.shell:create_environment_hook('gazebo_ros_link_attacher', 'ld_library_path_lib')
[159.293s] INFO:colcon.colcon_core.shell:Creating environment hook '/home/kishu/roboticslab-technical-project/ros2_ws/install/gazebo_ros_link_attacher/share/gazebo_ros_link_attacher/hook/ld_library_path_lib.ps1'
[159.294s] INFO:colcon.colcon_core.shell:Creating environment descriptor '/home/kishu/roboticslab-technical-project/ros2_ws/install/gazebo_ros_link_attacher/share/gazebo_ros_link_attacher/hook/ld_library_path_lib.dsv'
[159.295s] INFO:colcon.colcon_core.shell:Creating environment hook '/home/kishu/roboticslab-technical-project/ros2_ws/install/gazebo_ros_link_attacher/share/gazebo_ros_link_attacher/hook/ld_library_path_lib.sh'
[159.295s] Level 1:colcon.colcon_core.environment:checking '/home/kishu/roboticslab-technical-project/ros2_ws/install/gazebo_ros_link_attacher/bin'
[159.295s] Level 1:colcon.colcon_core.environment:checking '/home/kishu/roboticslab-technical-project/ros2_ws/install/gazebo_ros_link_attacher/lib/pkgconfig/gazebo_ros_link_attacher.pc'
[159.296s] Level 1:colcon.colcon_core.environment:checking '/home/kishu/roboticslab-technical-project/ros2_ws/install/gazebo_ros_link_attacher/lib/python3.10/site-packages'
[159.297s] Level 1:colcon.colcon_core.environment:checking '/home/kishu/roboticslab-technical-project/ros2_ws/install/gazebo_ros_link_attacher/bin'
[159.298s] INFO:colcon.colcon_core.shell:Creating package script '/home/kishu/roboticslab-technical-project/ros2_ws/install/gazebo_ros_link_attacher/share/gazebo_ros_link_attacher/package.ps1'
[159.304s] INFO:colcon.colcon_core.shell:Creating package descriptor '/home/kishu/roboticslab-technical-project/ros2_ws/install/gazebo_ros_link_attacher/share/gazebo_ros_link_attacher/package.dsv'
[159.305s] INFO:colcon.colcon_core.shell:Creating package script '/home/kishu/roboticslab-technical-project/ros2_ws/install/gazebo_ros_link_attacher/share/gazebo_ros_link_attacher/package.sh'
[159.306s] INFO:colcon.colcon_core.shell:Creating package script '/home/kishu/roboticslab-technical-project/ros2_ws/install/gazebo_ros_link_attacher/share/gazebo_ros_link_attacher/package.bash'
[159.307s] INFO:colcon.colcon_core.shell:Creating package script '/home/kishu/roboticslab-technical-project/ros2_ws/install/gazebo_ros_link_attacher/share/gazebo_ros_link_attacher/package.zsh'
[159.308s] Level 1:colcon.colcon_core.environment:create_file_with_runtime_dependencies(/home/kishu/roboticslab-technical-project/ros2_ws/install/gazebo_ros_link_attacher/share/colcon-core/packages/gazebo_ros_link_attacher)
[159.323s] Level 1:colcon.colcon_core.environment:create_environment_scripts_only(gazebo_ros_link_attacher)
[159.324s] Level 1:colcon.colcon_core.environment:checking '/home/kishu/roboticslab-technical-project/ros2_ws/install/gazebo_ros_link_attacher' for CMake module files
[159.326s] Level 1:colcon.colcon_core.environment:checking '/home/kishu/roboticslab-technical-project/ros2_ws/install/gazebo_ros_link_attacher' for CMake config files
[159.328s] Level 1:colcon.colcon_core.shell:create_environment_hook('gazebo_ros_link_attacher', 'cmake_prefix_path')
[159.328s] INFO:colcon.colcon_core.shell:Creating environment hook '/home/kishu/roboticslab-technical-project/ros2_ws/install/gazebo_ros_link_attacher/share/gazebo_ros_link_attacher/hook/cmake_prefix_path.ps1'
[159.330s] INFO:colcon.colcon_core.shell:Creating environment descriptor '/home/kishu/roboticslab-technical-project/ros2_ws/install/gazebo_ros_link_attacher/share/gazebo_ros_link_attacher/hook/cmake_prefix_path.dsv'
[159.331s] INFO:colcon.colcon_core.shell:Creating environment hook '/home/kishu/roboticslab-technical-project/ros2_ws/install/gazebo_ros_link_attacher/share/gazebo_ros_link_attacher/hook/cmake_prefix_path.sh'
[159.334s] Level 1:colcon.colcon_core.environment:checking '/home/kishu/roboticslab-technical-project/ros2_ws/install/gazebo_ros_link_attacher/lib'
[159.334s] Level 1:colcon.colcon_core.shell:create_environment_hook('gazebo_ros_link_attacher', 'ld_library_path_lib')
[159.335s] INFO:colcon.colcon_core.shell:Creating environment hook '/home/kishu/roboticslab-technical-project/ros2_ws/install/gazebo_ros_link_attacher/share/gazebo_ros_link_attacher/hook/ld_library_path_lib.ps1'
[159.336s] INFO:colcon.colcon_core.shell:Creating environment descriptor '/home/kishu/roboticslab-technical-project/ros2_ws/install/gazebo_ros_link_attacher/share/gazebo_ros_link_attacher/hook/ld_library_path_lib.dsv'
[159.337s] INFO:colcon.colcon_core.shell:Creating environment hook '/home/kishu/roboticslab-technical-project/ros2_ws/install/gazebo_ros_link_attacher/share/gazebo_ros_link_attacher/hook/ld_library_path_lib.sh'
[159.338s] Level 1:colcon.colcon_core.environment:checking '/home/kishu/roboticslab-technical-project/ros2_ws/install/gazebo_ros_link_attacher/bin'
[159.338s] Level 1:colcon.colcon_core.environment:checking '/home/kishu/roboticslab-technical-project/ros2_ws/install/gazebo_ros_link_attacher/lib/pkgconfig/gazebo_ros_link_attacher.pc'
[159.339s] Level 1:colcon.colcon_core.environment:checking '/home/kishu/roboticslab-technical-project/ros2_ws/install/gazebo_ros_link_attacher/lib/python3.10/site-packages'
[159.340s] Level 1:colcon.colcon_core.environment:checking '/home/kishu/roboticslab-technical-project/ros2_ws/install/gazebo_ros_link_attacher/bin'
[159.341s] INFO:colcon.colcon_core.shell:Creating package script '/home/kishu/roboticslab-technical-project/ros2_ws/install/gazebo_ros_link_attacher/share/gazebo_ros_link_attacher/package.ps1'
[159.342s] INFO:colcon.colcon_core.shell:Creating package descriptor '/home/kishu/roboticslab-technical-project/ros2_ws/install/gazebo_ros_link_attacher/share/gazebo_ros_link_attacher/package.dsv'
[159.344s] INFO:colcon.colcon_core.shell:Creating package script '/home/kishu/roboticslab-technical-project/ros2_ws/install/gazebo_ros_link_attacher/share/gazebo_ros_link_attacher/package.sh'
[159.351s] INFO:colcon.colcon_core.shell:Creating package script '/home/kishu/roboticslab-technical-project/ros2_ws/install/gazebo_ros_link_attacher/share/gazebo_ros_link_attacher/package.bash'
[159.353s] INFO:colcon.colcon_core.shell:Creating package script '/home/kishu/roboticslab-technical-project/ros2_ws/install/gazebo_ros_link_attacher/share/gazebo_ros_link_attacher/package.zsh'
[159.358s] Level 1:colcon.colcon_core.environment:create_file_with_runtime_dependencies(/home/kishu/roboticslab-technical-project/ros2_ws/install/gazebo_ros_link_attacher/share/colcon-core/packages/gazebo_ros_link_attacher)
[159.361s] DEBUG:colcon.colcon_parallel_executor.executor.parallel:closing loop
[159.365s] DEBUG:colcon.colcon_parallel_executor.executor.parallel:loop closed
[159.366s] DEBUG:colcon.colcon_parallel_executor.executor.parallel:run_until_complete finished with '0'
[159.366s] DEBUG:colcon.colcon_core.event_reactor:joining thread
[159.449s] INFO:colcon.colcon_core.plugin_system:Skipping extension 'colcon_notification.desktop_notification.notify_send': Could not find 'notify-send'
[159.449s] INFO:colcon.colcon_core.plugin_system:Skipping extension 'colcon_notification.desktop_notification.terminal_notifier': Not used on non-Darwin systems
[159.449s] INFO:colcon.colcon_core.plugin_system:Skipping extension 'colcon_notification.desktop_notification.win32': Not used on non-Windows systems
[159.450s] INFO:colcon.colcon_notification.desktop_notification:Sending desktop notification using 'notify2'
[159.450s] DEBUG:colcon.colcon_notification.desktop_notification.notify2:Failed to initialize notify2: org.freedesktop.DBus.Error.FileNotFound: Failed to connect to socket /run/user/1000/bus: No such file or directory
[159.453s] DEBUG:colcon.colcon_core.event_reactor:joined thread
[159.453s] INFO:colcon.colcon_core.shell:Creating prefix script '/home/kishu/roboticslab-technical-project/ros2_ws/install/local_setup.ps1'
[159.456s] INFO:colcon.colcon_core.shell:Creating prefix util module '/home/kishu/roboticslab-technical-project/ros2_ws/install/_local_setup_util_ps1.py'
[159.464s] INFO:colcon.colcon_core.shell:Creating prefix chain script '/home/kishu/roboticslab-technical-project/ros2_ws/install/setup.ps1'
[159.469s] INFO:colcon.colcon_core.shell:Creating prefix script '/home/kishu/roboticslab-technical-project/ros2_ws/install/local_setup.sh'
[159.471s] INFO:colcon.colcon_core.shell:Creating prefix util module '/home/kishu/roboticslab-technical-project/ros2_ws/install/_local_setup_util_sh.py'
[159.472s] INFO:colcon.colcon_core.shell:Creating prefix chain script '/home/kishu/roboticslab-technical-project/ros2_ws/install/setup.sh'
[159.480s] INFO:colcon.colcon_core.shell:Creating prefix script '/home/kishu/roboticslab-technical-project/ros2_ws/install/local_setup.bash'
[159.493s] INFO:colcon.colcon_core.shell:Creating prefix chain script '/home/kishu/roboticslab-technical-project/ros2_ws/install/setup.bash'
[159.507s] INFO:colcon.colcon_core.shell:Creating prefix script '/home/kishu/roboticslab-technical-project/ros2_ws/install/local_setup.zsh'
[159.509s] INFO:colcon.colcon_core.shell:Creating prefix chain script '/home/kishu/roboticslab-technical-project/ros2_ws/install/setup.zsh'
