[0.072s] Invoking command in '/home/kishu/roboticslab-technical-project/build/BULLET_PHYSICS': /usr/bin/cmake /home/kishu/roboticslab-technical-project/models/bullet3 -DCMAKE_INSTALL_PREFIX=/home/kishu/roboticslab-technical-project/install/BULLET_PHYSICS
[0.905s] -- The C compiler identification is GNU 11.4.0
[1.207s] -- The CXX compiler identification is GNU 11.4.0
[1.404s] -- Detecting C compiler ABI info
[1.644s] -- Detecting C compiler ABI info - done
[1.660s] -- Check for working C compiler: /usr/bin/cc - skipped
[1.661s] -- Detecting C compile features
[1.666s] -- Detecting C compile features - done
[1.679s] -- Detecting CXX compiler ABI info
[1.960s] -- Detecting CXX compiler ABI info - done
[1.985s] -- Check for working CXX compiler: /usr/bin/c++ - skipped
[1.986s] -- Detecting CXX compile features
[1.989s] -- Detecting CXX compile features - done
[1.992s] [0mLinux[0m
[2.799s] [33mCMake Warning (dev) at /usr/share/cmake-3.22/Modules/FindOpenGL.cmake:315 (message):
[2.799s]   Policy CMP0072 is not set: FindOpenGL prefers GLVND by default when
[2.799s]   available.  Run "cmake --help-policy CMP0072" for policy details.  Use the
[2.800s]   cmake_policy command to set the policy and suppress this warning.
[2.800s] 
[2.800s]   FindOpenGL found both a legacy GL library:
[2.800s] 
[2.800s]     OPENGL_gl_LIBRARY: /usr/lib/x86_64-linux-gnu/libGL.so
[2.800s] 
[2.801s]   and GLVND libraries for OpenGL and GLX:
[2.801s] 
[2.801s]     OPENGL_opengl_LIBRARY: /usr/lib/x86_64-linux-gnu/libOpenGL.so
[2.801s]     OPENGL_glx_LIBRARY: /usr/lib/x86_64-linux-gnu/libGLX.so
[2.801s] 
[2.801s]   OpenGL_GL_PREFERENCE has not been set to "GLVND" or "LEGACY", so for
[2.802s]   compatibility with CMake 3.10 and below the legacy GL library will be used.
[2.802s] Call Stack (most recent call first):
[2.802s]   CMakeLists.txt:312 (FIND_PACKAGE)
[2.802s] This warning is for project developers.  Use -Wno-dev to suppress it.
[2.803s] [0m
[2.813s] -- Found OpenGL: /usr/lib/x86_64-linux-gnu/libOpenGL.so   
[2.815s] [0mOPENGL FOUND[0m
[2.816s] [0m/usr/lib/x86_64-linux-gnu/libGL.so/usr/lib/x86_64-linux-gnu/libGLU.so[0m
[2.854s] -- Looking for pthread.h
[3.184s] -- Looking for pthread.h - found
[3.185s] -- Performing Test CMAKE_HAVE_LIBC_PTHREAD
[3.500s] -- Performing Test CMAKE_HAVE_LIBC_PTHREAD - Success
[3.502s] -- Found Threads: TRUE  
[3.666s] -- Configuring done
[4.262s] -- Generating done
[4.329s] -- Build files have been written to: /home/kishu/roboticslab-technical-project/build/BULLET_PHYSICS
