running develop
running egg_info
creating multi_robot_coop.egg-info
writing multi_robot_coop.egg-info/PKG-INFO
writing dependency_links to multi_robot_coop.egg-info/dependency_links.txt
writing entry points to multi_robot_coop.egg-info/entry_points.txt
writing requirements to multi_robot_coop.egg-info/requires.txt
writing top-level names to multi_robot_coop.egg-info/top_level.txt
writing manifest file 'multi_robot_coop.egg-info/SOURCES.txt'
reading manifest file 'multi_robot_coop.egg-info/SOURCES.txt'
writing manifest file 'multi_robot_coop.egg-info/SOURCES.txt'
running build_ext
Creating /home/kishu/roboticslab-technical-project/ros2_ws/install/multi_robot_coop/lib/python3.10/site-packages/multi-robot-coop.egg-link (link to .)
Installing arm_controller script to /home/kishu/roboticslab-technical-project/ros2_ws/install/multi_robot_coop/lib/multi_robot_coop
Installing arm_coordinator script to /home/kishu/roboticslab-technical-project/ros2_ws/install/multi_robot_coop/lib/multi_robot_coop
Installing arm_real_controller script to /home/kishu/roboticslab-technical-project/ros2_ws/install/multi_robot_coop/lib/multi_robot_coop
Installing scenario_coordinator script to /home/kishu/roboticslab-technical-project/ros2_ws/install/multi_robot_coop/lib/multi_robot_coop
Installing tb3_controller script to /home/kishu/roboticslab-technical-project/ros2_ws/install/multi_robot_coop/lib/multi_robot_coop
Installing tb3_coordinator script to /home/kishu/roboticslab-technical-project/ros2_ws/install/multi_robot_coop/lib/multi_robot_coop

Installed /home/kishu/roboticslab-technical-project/ros2_ws/build/multi_robot_coop
running symlink_data
creating /home/kishu/roboticslab-technical-project/ros2_ws/install/multi_robot_coop/share/ament_index
creating /home/kishu/roboticslab-technical-project/ros2_ws/install/multi_robot_coop/share/ament_index/resource_index
creating /home/kishu/roboticslab-technical-project/ros2_ws/install/multi_robot_coop/share/ament_index/resource_index/packages
symbolically linking /home/kishu/roboticslab-technical-project/ros2_ws/build/multi_robot_coop/resource/multi_robot_coop -> /home/kishu/roboticslab-technical-project/ros2_ws/install/multi_robot_coop/share/ament_index/resource_index/packages
symbolically linking /home/kishu/roboticslab-technical-project/ros2_ws/build/multi_robot_coop/package.xml -> /home/kishu/roboticslab-technical-project/ros2_ws/install/multi_robot_coop/share/multi_robot_coop
creating /home/kishu/roboticslab-technical-project/ros2_ws/install/multi_robot_coop/share/multi_robot_coop/launch
symbolically linking /home/kishu/roboticslab-technical-project/ros2_ws/build/multi_robot_coop/launch/scenario.launch.py -> /home/kishu/roboticslab-technical-project/ros2_ws/install/multi_robot_coop/share/multi_robot_coop/launch
creating /home/kishu/roboticslab-technical-project/ros2_ws/install/multi_robot_coop/share/multi_robot_coop/config
symbolically linking /home/kishu/roboticslab-technical-project/ros2_ws/build/multi_robot_coop/config/iiwa_controllers.yaml -> /home/kishu/roboticslab-technical-project/ros2_ws/install/multi_robot_coop/share/multi_robot_coop/config
symbolically linking /home/kishu/roboticslab-technical-project/ros2_ws/build/multi_robot_coop/config/iiwa_rsp.yaml -> /home/kishu/roboticslab-technical-project/ros2_ws/install/multi_robot_coop/share/multi_robot_coop/config
