[4.822s] Invoking command in '/home/kishu/roboticslab-technical-project/ros2_ws/build/multi_robot_coop': PYTHONPATH=/home/kishu/roboticslab-technical-project/ros2_ws/build/multi_robot_coop/prefix_override:/usr/lib/python3/dist-packages/colcon_core/task/python/colcon_distutils_commands:/home/kishu/roboticslab-technical-project/ros2_ws/install/multi_robot_coop/lib/python3.10/site-packages:${PYTHONPATH} /usr/bin/python3 -W ignore:setup.py install is deprecated -W ignore:easy_install command is deprecated setup.py develop --editable --build-directory /home/kishu/roboticslab-technical-project/ros2_ws/build/multi_robot_coop/build --no-deps symlink_data
[6.495s] running develop
[8.401s] running egg_info
[8.401s] creating multi_robot_coop.egg-info
[8.410s] writing multi_robot_coop.egg-info/PKG-INFO
[8.415s] writing dependency_links to multi_robot_coop.egg-info/dependency_links.txt
[8.415s] writing entry points to multi_robot_coop.egg-info/entry_points.txt
[8.416s] writing requirements to multi_robot_coop.egg-info/requires.txt
[8.416s] writing top-level names to multi_robot_coop.egg-info/top_level.txt
[8.417s] writing manifest file 'multi_robot_coop.egg-info/SOURCES.txt'
[8.431s] reading manifest file 'multi_robot_coop.egg-info/SOURCES.txt'
[8.432s] writing manifest file 'multi_robot_coop.egg-info/SOURCES.txt'
[8.437s] running build_ext
[8.438s] Creating /home/kishu/roboticslab-technical-project/ros2_ws/install/multi_robot_coop/lib/python3.10/site-packages/multi-robot-coop.egg-link (link to .)
[8.441s] Installing arm_controller script to /home/kishu/roboticslab-technical-project/ros2_ws/install/multi_robot_coop/lib/multi_robot_coop
[8.445s] Installing arm_coordinator script to /home/kishu/roboticslab-technical-project/ros2_ws/install/multi_robot_coop/lib/multi_robot_coop
[8.450s] Installing arm_real_controller script to /home/kishu/roboticslab-technical-project/ros2_ws/install/multi_robot_coop/lib/multi_robot_coop
[8.453s] Installing scenario_coordinator script to /home/kishu/roboticslab-technical-project/ros2_ws/install/multi_robot_coop/lib/multi_robot_coop
[8.454s] Installing tb3_controller script to /home/kishu/roboticslab-technical-project/ros2_ws/install/multi_robot_coop/lib/multi_robot_coop
[8.459s] Installing tb3_coordinator script to /home/kishu/roboticslab-technical-project/ros2_ws/install/multi_robot_coop/lib/multi_robot_coop
[8.459s] 
[8.459s] Installed /home/kishu/roboticslab-technical-project/ros2_ws/build/multi_robot_coop
[8.459s] running symlink_data
[8.460s] creating /home/kishu/roboticslab-technical-project/ros2_ws/install/multi_robot_coop/share/ament_index
[8.460s] creating /home/kishu/roboticslab-technical-project/ros2_ws/install/multi_robot_coop/share/ament_index/resource_index
[8.460s] creating /home/kishu/roboticslab-technical-project/ros2_ws/install/multi_robot_coop/share/ament_index/resource_index/packages
[8.460s] symbolically linking /home/kishu/roboticslab-technical-project/ros2_ws/build/multi_robot_coop/resource/multi_robot_coop -> /home/kishu/roboticslab-technical-project/ros2_ws/install/multi_robot_coop/share/ament_index/resource_index/packages
[8.461s] symbolically linking /home/kishu/roboticslab-technical-project/ros2_ws/build/multi_robot_coop/package.xml -> /home/kishu/roboticslab-technical-project/ros2_ws/install/multi_robot_coop/share/multi_robot_coop
[8.463s] creating /home/kishu/roboticslab-technical-project/ros2_ws/install/multi_robot_coop/share/multi_robot_coop/launch
[8.464s] symbolically linking /home/kishu/roboticslab-technical-project/ros2_ws/build/multi_robot_coop/launch/scenario.launch.py -> /home/kishu/roboticslab-technical-project/ros2_ws/install/multi_robot_coop/share/multi_robot_coop/launch
[8.465s] creating /home/kishu/roboticslab-technical-project/ros2_ws/install/multi_robot_coop/share/multi_robot_coop/config
[8.469s] symbolically linking /home/kishu/roboticslab-technical-project/ros2_ws/build/multi_robot_coop/config/iiwa_controllers.yaml -> /home/kishu/roboticslab-technical-project/ros2_ws/install/multi_robot_coop/share/multi_robot_coop/config
[8.475s] symbolically linking /home/kishu/roboticslab-technical-project/ros2_ws/build/multi_robot_coop/config/iiwa_rsp.yaml -> /home/kishu/roboticslab-technical-project/ros2_ws/install/multi_robot_coop/share/multi_robot_coop/config
[8.695s] Invoked command in '/home/kishu/roboticslab-technical-project/ros2_ws/build/multi_robot_coop' returned '0': PYTHONPATH=/home/kishu/roboticslab-technical-project/ros2_ws/build/multi_robot_coop/prefix_override:/usr/lib/python3/dist-packages/colcon_core/task/python/colcon_distutils_commands:/home/kishu/roboticslab-technical-project/ros2_ws/install/multi_robot_coop/lib/python3.10/site-packages:${PYTHONPATH} /usr/bin/python3 -W ignore:setup.py install is deprecated -W ignore:easy_install command is deprecated setup.py develop --editable --build-directory /home/kishu/roboticslab-technical-project/ros2_ws/build/multi_robot_coop/build --no-deps symlink_data
