[0.946s] Invoking command in '/home/kishu/roboticslab-technical-project/ros2_ws/src/multi_robot_coop': PYTHONPATH=/home/kishu/roboticslab-technical-project/ros2_ws/build/multi_robot_coop/prefix_override:/usr/lib/python3/dist-packages/colcon_core/task/python/colcon_distutils_commands:/home/kishu/roboticslab-technical-project/ros2_ws/install/multi_robot_coop/lib/python3.10/site-packages:${PYTHONPATH} /usr/bin/python3 -W ignore:setup.py install is deprecated -W ignore:easy_install command is deprecated setup.py egg_info --egg-base ../../build/multi_robot_coop build --build-base /home/kishu/roboticslab-technical-project/ros2_ws/build/multi_robot_coop/build install --record /home/kishu/roboticslab-technical-project/ros2_ws/build/multi_robot_coop/install.log --single-version-externally-managed install_data
[1.306s] running egg_info
[1.308s] writing ../../build/multi_robot_coop/multi_robot_coop.egg-info/PKG-INFO
[1.308s] writing dependency_links to ../../build/multi_robot_coop/multi_robot_coop.egg-info/dependency_links.txt
[1.309s] writing entry points to ../../build/multi_robot_coop/multi_robot_coop.egg-info/entry_points.txt
[1.309s] writing requirements to ../../build/multi_robot_coop/multi_robot_coop.egg-info/requires.txt
[1.309s] writing top-level names to ../../build/multi_robot_coop/multi_robot_coop.egg-info/top_level.txt
[1.312s] reading manifest file '../../build/multi_robot_coop/multi_robot_coop.egg-info/SOURCES.txt'
[1.313s] writing manifest file '../../build/multi_robot_coop/multi_robot_coop.egg-info/SOURCES.txt'
[1.314s] running build
[1.314s] running build_py
[1.314s] copying multi_robot_coop/scenario_coordinator.py -> /home/kishu/roboticslab-technical-project/ros2_ws/build/multi_robot_coop/build/lib/multi_robot_coop
[1.315s] running install
[1.315s] running install_lib
[1.317s] copying /home/kishu/roboticslab-technical-project/ros2_ws/build/multi_robot_coop/build/lib/multi_robot_coop/scenario_coordinator.py -> /home/kishu/roboticslab-technical-project/ros2_ws/install/multi_robot_coop/lib/python3.10/site-packages/multi_robot_coop
[1.318s] byte-compiling /home/kishu/roboticslab-technical-project/ros2_ws/install/multi_robot_coop/lib/python3.10/site-packages/multi_robot_coop/scenario_coordinator.py to scenario_coordinator.cpython-310.pyc
[1.323s] running install_data
[1.324s] running install_egg_info
[1.326s] removing '/home/kishu/roboticslab-technical-project/ros2_ws/install/multi_robot_coop/lib/python3.10/site-packages/multi_robot_coop-0.0.0-py3.10.egg-info' (and everything under it)
[1.327s] Copying ../../build/multi_robot_coop/multi_robot_coop.egg-info to /home/kishu/roboticslab-technical-project/ros2_ws/install/multi_robot_coop/lib/python3.10/site-packages/multi_robot_coop-0.0.0-py3.10.egg-info
[1.329s] running install_scripts
[1.356s] Installing arm_controller script to /home/kishu/roboticslab-technical-project/ros2_ws/install/multi_robot_coop/lib/multi_robot_coop
[1.357s] Installing arm_coordinator script to /home/kishu/roboticslab-technical-project/ros2_ws/install/multi_robot_coop/lib/multi_robot_coop
[1.357s] Installing arm_real_controller script to /home/kishu/roboticslab-technical-project/ros2_ws/install/multi_robot_coop/lib/multi_robot_coop
[1.357s] Installing scenario_coordinator script to /home/kishu/roboticslab-technical-project/ros2_ws/install/multi_robot_coop/lib/multi_robot_coop
[1.358s] Installing tb3_controller script to /home/kishu/roboticslab-technical-project/ros2_ws/install/multi_robot_coop/lib/multi_robot_coop
[1.358s] Installing tb3_coordinator script to /home/kishu/roboticslab-technical-project/ros2_ws/install/multi_robot_coop/lib/multi_robot_coop
[1.359s] writing list of installed files to '/home/kishu/roboticslab-technical-project/ros2_ws/build/multi_robot_coop/install.log'
[1.395s] Invoked command in '/home/kishu/roboticslab-technical-project/ros2_ws/src/multi_robot_coop' returned '0': PYTHONPATH=/home/kishu/roboticslab-technical-project/ros2_ws/build/multi_robot_coop/prefix_override:/usr/lib/python3/dist-packages/colcon_core/task/python/colcon_distutils_commands:/home/kishu/roboticslab-technical-project/ros2_ws/install/multi_robot_coop/lib/python3.10/site-packages:${PYTHONPATH} /usr/bin/python3 -W ignore:setup.py install is deprecated -W ignore:easy_install command is deprecated setup.py egg_info --egg-base ../../build/multi_robot_coop build --build-base /home/kishu/roboticslab-technical-project/ros2_ws/build/multi_robot_coop/build install --record /home/kishu/roboticslab-technical-project/ros2_ws/build/multi_robot_coop/install.log --single-version-externally-managed install_data
