/usr/lib/python3/dist-packages/setuptools/dist.py:723: UserWarning: Usage of dash-separated 'script-dir' will not be supported in future versions. Please use the underscore name 'script_dir' instead
  warnings.warn(
running develop
running egg_info
creating robotiq_85_driver.egg-info
writing robotiq_85_driver.egg-info/PKG-INFO
writing dependency_links to robotiq_85_driver.egg-info/dependency_links.txt
writing entry points to robotiq_85_driver.egg-info/entry_points.txt
writing requirements to robotiq_85_driver.egg-info/requires.txt
writing top-level names to robotiq_85_driver.egg-info/top_level.txt
writing manifest file 'robotiq_85_driver.egg-info/SOURCES.txt'
reading manifest file 'robotiq_85_driver.egg-info/SOURCES.txt'
writing manifest file 'robotiq_85_driver.egg-info/SOURCES.txt'
running build_ext
Creating /home/kishu/roboticslab-technical-project/ros2_ws/install/robotiq_85_driver/lib/python3.10/site-packages/robotiq-85-driver.egg-link (link to .)
Installing robotiq_85_driver script to /home/kishu/roboticslab-technical-project/ros2_ws/install/robotiq_85_driver/lib/robotiq_85_driver
Installing robotiq_85_test script to /home/kishu/roboticslab-technical-project/ros2_ws/install/robotiq_85_driver/lib/robotiq_85_driver
Installing robotiq_85_test_close script to /home/kishu/roboticslab-technical-project/ros2_ws/install/robotiq_85_driver/lib/robotiq_85_driver
Installing single_robotiq_85_action_server script to /home/kishu/roboticslab-technical-project/ros2_ws/install/robotiq_85_driver/lib/robotiq_85_driver

Installed /home/kishu/roboticslab-technical-project/ros2_ws/build/robotiq_85_driver
running symlink_data
creating /home/kishu/roboticslab-technical-project/ros2_ws/install/robotiq_85_driver/share/ament_index
creating /home/kishu/roboticslab-technical-project/ros2_ws/install/robotiq_85_driver/share/ament_index/resource_index
creating /home/kishu/roboticslab-technical-project/ros2_ws/install/robotiq_85_driver/share/ament_index/resource_index/packages
symbolically linking /home/kishu/roboticslab-technical-project/ros2_ws/build/robotiq_85_driver/resource/robotiq_85_driver -> /home/kishu/roboticslab-technical-project/ros2_ws/install/robotiq_85_driver/share/ament_index/resource_index/packages
symbolically linking /home/kishu/roboticslab-technical-project/ros2_ws/build/robotiq_85_driver/package.xml -> /home/kishu/roboticslab-technical-project/ros2_ws/install/robotiq_85_driver/share/robotiq_85_driver
creating /home/kishu/roboticslab-technical-project/ros2_ws/install/robotiq_85_driver/share/robotiq_85_driver/launch
symbolically linking /home/kishu/roboticslab-technical-project/ros2_ws/build/robotiq_85_driver/launch/gripper_driver.launch.py -> /home/kishu/roboticslab-technical-project/ros2_ws/install/robotiq_85_driver/share/robotiq_85_driver/launch
