[3.107s] Invoking command in '/home/kishu/roboticslab-technical-project/ros2_ws/build/robotiq_85_driver': CMAKE_PREFIX_PATH=/home/kishu/roboticslab-technical-project/ros2_ws/install/robotiq_85_msgs:/home/kishu/roboticslab-technical-project/ros2_ws/install/robotiq_85_gripper:/home/kishu/roboticslab-technical-project/ros2_ws/install/robotiq_85_description:/home/kishu/roboticslab-technical-project/ros2_ws/install/gazebo_ros_link_attacher PYTHONPATH=/home/kishu/roboticslab-technical-project/ros2_ws/build/robotiq_85_driver/prefix_override:/usr/lib/python3/dist-packages/colcon_core/task/python/colcon_distutils_commands:/home/kishu/roboticslab-technical-project/ros2_ws/install/robotiq_85_driver/lib/python3.10/site-packages:${PYTHONPATH} /usr/bin/python3 -W ignore:setup.py install is deprecated -W ignore:easy_install command is deprecated setup.py develop --editable --build-directory /home/kishu/roboticslab-technical-project/ros2_ws/build/robotiq_85_driver/build --no-deps symlink_data
[4.194s] /usr/lib/python3/dist-packages/setuptools/dist.py:723: UserWarning: Usage of dash-separated 'script-dir' will not be supported in future versions. Please use the underscore name 'script_dir' instead
[4.197s]   warnings.warn(
[4.289s] running develop
[5.086s] running egg_info
[5.087s] creating robotiq_85_driver.egg-info
[5.088s] writing robotiq_85_driver.egg-info/PKG-INFO
[5.089s] writing dependency_links to robotiq_85_driver.egg-info/dependency_links.txt
[5.090s] writing entry points to robotiq_85_driver.egg-info/entry_points.txt
[5.091s] writing requirements to robotiq_85_driver.egg-info/requires.txt
[5.092s] writing top-level names to robotiq_85_driver.egg-info/top_level.txt
[5.094s] writing manifest file 'robotiq_85_driver.egg-info/SOURCES.txt'
[5.102s] reading manifest file 'robotiq_85_driver.egg-info/SOURCES.txt'
[5.103s] writing manifest file 'robotiq_85_driver.egg-info/SOURCES.txt'
[5.110s] running build_ext
[5.112s] Creating /home/kishu/roboticslab-technical-project/ros2_ws/install/robotiq_85_driver/lib/python3.10/site-packages/robotiq-85-driver.egg-link (link to .)
[5.121s] Installing robotiq_85_driver script to /home/kishu/roboticslab-technical-project/ros2_ws/install/robotiq_85_driver/lib/robotiq_85_driver
[5.121s] Installing robotiq_85_test script to /home/kishu/roboticslab-technical-project/ros2_ws/install/robotiq_85_driver/lib/robotiq_85_driver
[5.122s] Installing robotiq_85_test_close script to /home/kishu/roboticslab-technical-project/ros2_ws/install/robotiq_85_driver/lib/robotiq_85_driver
[5.123s] Installing single_robotiq_85_action_server script to /home/kishu/roboticslab-technical-project/ros2_ws/install/robotiq_85_driver/lib/robotiq_85_driver
[5.124s] 
[5.125s] Installed /home/kishu/roboticslab-technical-project/ros2_ws/build/robotiq_85_driver
[5.125s] running symlink_data
[5.126s] creating /home/kishu/roboticslab-technical-project/ros2_ws/install/robotiq_85_driver/share/ament_index
[5.129s] creating /home/kishu/roboticslab-technical-project/ros2_ws/install/robotiq_85_driver/share/ament_index/resource_index
[5.129s] creating /home/kishu/roboticslab-technical-project/ros2_ws/install/robotiq_85_driver/share/ament_index/resource_index/packages
[5.129s] symbolically linking /home/kishu/roboticslab-technical-project/ros2_ws/build/robotiq_85_driver/resource/robotiq_85_driver -> /home/kishu/roboticslab-technical-project/ros2_ws/install/robotiq_85_driver/share/ament_index/resource_index/packages
[5.132s] symbolically linking /home/kishu/roboticslab-technical-project/ros2_ws/build/robotiq_85_driver/package.xml -> /home/kishu/roboticslab-technical-project/ros2_ws/install/robotiq_85_driver/share/robotiq_85_driver
[5.133s] creating /home/kishu/roboticslab-technical-project/ros2_ws/install/robotiq_85_driver/share/robotiq_85_driver/launch
[5.135s] symbolically linking /home/kishu/roboticslab-technical-project/ros2_ws/build/robotiq_85_driver/launch/gripper_driver.launch.py -> /home/kishu/roboticslab-technical-project/ros2_ws/install/robotiq_85_driver/share/robotiq_85_driver/launch
[5.242s] Invoked command in '/home/kishu/roboticslab-technical-project/ros2_ws/build/robotiq_85_driver' returned '0': CMAKE_PREFIX_PATH=/home/kishu/roboticslab-technical-project/ros2_ws/install/robotiq_85_msgs:/home/kishu/roboticslab-technical-project/ros2_ws/install/robotiq_85_gripper:/home/kishu/roboticslab-technical-project/ros2_ws/install/robotiq_85_description:/home/kishu/roboticslab-technical-project/ros2_ws/install/gazebo_ros_link_attacher PYTHONPATH=/home/kishu/roboticslab-technical-project/ros2_ws/build/robotiq_85_driver/prefix_override:/usr/lib/python3/dist-packages/colcon_core/task/python/colcon_distutils_commands:/home/kishu/roboticslab-technical-project/ros2_ws/install/robotiq_85_driver/lib/python3.10/site-packages:${PYTHONPATH} /usr/bin/python3 -W ignore:setup.py install is deprecated -W ignore:easy_install command is deprecated setup.py develop --editable --build-directory /home/kishu/roboticslab-technical-project/ros2_ws/build/robotiq_85_driver/build --no-deps symlink_data
